Archive member included to satisfy reference by file (symbol)

c:/Users/thewo/AppData/Roaming/Code/User/globalStorage/bmd.stm32-for-vscode/@xpack-dev-tools/arm-none-eabi-gcc/14.2.1-1.1.1/.content/bin/../lib/gcc/arm-none-eabi/14.2.1/../../../../arm-none-eabi/lib/thumb/v7e-m+dp/hard\libc_nano.a(libc_a-atexit.o)
                              c:/Users/thewo/AppData/Roaming/Code/User/globalStorage/bmd.stm32-for-vscode/@xpack-dev-tools/arm-none-eabi-gcc/14.2.1-1.1.1/.content/bin/../lib/gcc/arm-none-eabi/14.2.1/../../../../arm-none-eabi/lib/thumb/v7e-m+dp/hard/crt0.o (atexit)
c:/Users/thewo/AppData/Roaming/Code/User/globalStorage/bmd.stm32-for-vscode/@xpack-dev-tools/arm-none-eabi-gcc/14.2.1-1.1.1/.content/bin/../lib/gcc/arm-none-eabi/14.2.1/../../../../arm-none-eabi/lib/thumb/v7e-m+dp/hard\libc_nano.a(libc_a-exit.o)
                              c:/Users/thewo/AppData/Roaming/Code/User/globalStorage/bmd.stm32-for-vscode/@xpack-dev-tools/arm-none-eabi-gcc/14.2.1-1.1.1/.content/bin/../lib/gcc/arm-none-eabi/14.2.1/../../../../arm-none-eabi/lib/thumb/v7e-m+dp/hard/crt0.o (exit)
c:/Users/thewo/AppData/Roaming/Code/User/globalStorage/bmd.stm32-for-vscode/@xpack-dev-tools/arm-none-eabi-gcc/14.2.1-1.1.1/.content/bin/../lib/gcc/arm-none-eabi/14.2.1/../../../../arm-none-eabi/lib/thumb/v7e-m+dp/hard\libc_nano.a(libc_a-findfp.o)
                              c:/Users/thewo/AppData/Roaming/Code/User/globalStorage/bmd.stm32-for-vscode/@xpack-dev-tools/arm-none-eabi-gcc/14.2.1-1.1.1/.content/bin/../lib/gcc/arm-none-eabi/14.2.1/../../../../arm-none-eabi/lib/thumb/v7e-m+dp/hard\libc_nano.a(libc_a-exit.o) (__stdio_exit_handler)
c:/Users/thewo/AppData/Roaming/Code/User/globalStorage/bmd.stm32-for-vscode/@xpack-dev-tools/arm-none-eabi-gcc/14.2.1-1.1.1/.content/bin/../lib/gcc/arm-none-eabi/14.2.1/../../../../arm-none-eabi/lib/thumb/v7e-m+dp/hard\libc_nano.a(libc_a-fwalk.o)
                              c:/Users/thewo/AppData/Roaming/Code/User/globalStorage/bmd.stm32-for-vscode/@xpack-dev-tools/arm-none-eabi-gcc/14.2.1-1.1.1/.content/bin/../lib/gcc/arm-none-eabi/14.2.1/../../../../arm-none-eabi/lib/thumb/v7e-m+dp/hard\libc_nano.a(libc_a-findfp.o) (_fwalk_sglue)
c:/Users/thewo/AppData/Roaming/Code/User/globalStorage/bmd.stm32-for-vscode/@xpack-dev-tools/arm-none-eabi-gcc/14.2.1-1.1.1/.content/bin/../lib/gcc/arm-none-eabi/14.2.1/../../../../arm-none-eabi/lib/thumb/v7e-m+dp/hard\libc_nano.a(libc_a-snprintf.o)
                              build/debug/main.o (snprintf)
c:/Users/thewo/AppData/Roaming/Code/User/globalStorage/bmd.stm32-for-vscode/@xpack-dev-tools/arm-none-eabi-gcc/14.2.1-1.1.1/.content/bin/../lib/gcc/arm-none-eabi/14.2.1/../../../../arm-none-eabi/lib/thumb/v7e-m+dp/hard\libc_nano.a(libc_a-stdio.o)
                              c:/Users/thewo/AppData/Roaming/Code/User/globalStorage/bmd.stm32-for-vscode/@xpack-dev-tools/arm-none-eabi-gcc/14.2.1-1.1.1/.content/bin/../lib/gcc/arm-none-eabi/14.2.1/../../../../arm-none-eabi/lib/thumb/v7e-m+dp/hard\libc_nano.a(libc_a-findfp.o) (__sread)
c:/Users/thewo/AppData/Roaming/Code/User/globalStorage/bmd.stm32-for-vscode/@xpack-dev-tools/arm-none-eabi-gcc/14.2.1-1.1.1/.content/bin/../lib/gcc/arm-none-eabi/14.2.1/../../../../arm-none-eabi/lib/thumb/v7e-m+dp/hard\libc_nano.a(libc_a-memset.o)
                              c:/Users/thewo/AppData/Roaming/Code/User/globalStorage/bmd.stm32-for-vscode/@xpack-dev-tools/arm-none-eabi-gcc/14.2.1-1.1.1/.content/bin/../lib/gcc/arm-none-eabi/14.2.1/../../../../arm-none-eabi/lib/thumb/v7e-m+dp/hard/crt0.o (memset)
c:/Users/thewo/AppData/Roaming/Code/User/globalStorage/bmd.stm32-for-vscode/@xpack-dev-tools/arm-none-eabi-gcc/14.2.1-1.1.1/.content/bin/../lib/gcc/arm-none-eabi/14.2.1/../../../../arm-none-eabi/lib/thumb/v7e-m+dp/hard\libc_nano.a(libc_a-closer.o)
                              c:/Users/thewo/AppData/Roaming/Code/User/globalStorage/bmd.stm32-for-vscode/@xpack-dev-tools/arm-none-eabi-gcc/14.2.1-1.1.1/.content/bin/../lib/gcc/arm-none-eabi/14.2.1/../../../../arm-none-eabi/lib/thumb/v7e-m+dp/hard\libc_nano.a(libc_a-stdio.o) (_close_r)
c:/Users/thewo/AppData/Roaming/Code/User/globalStorage/bmd.stm32-for-vscode/@xpack-dev-tools/arm-none-eabi-gcc/14.2.1-1.1.1/.content/bin/../lib/gcc/arm-none-eabi/14.2.1/../../../../arm-none-eabi/lib/thumb/v7e-m+dp/hard\libc_nano.a(libc_a-reent.o)
                              c:/Users/thewo/AppData/Roaming/Code/User/globalStorage/bmd.stm32-for-vscode/@xpack-dev-tools/arm-none-eabi-gcc/14.2.1-1.1.1/.content/bin/../lib/gcc/arm-none-eabi/14.2.1/../../../../arm-none-eabi/lib/thumb/v7e-m+dp/hard\libc_nano.a(libc_a-closer.o) (errno)
c:/Users/thewo/AppData/Roaming/Code/User/globalStorage/bmd.stm32-for-vscode/@xpack-dev-tools/arm-none-eabi-gcc/14.2.1-1.1.1/.content/bin/../lib/gcc/arm-none-eabi/14.2.1/../../../../arm-none-eabi/lib/thumb/v7e-m+dp/hard\libc_nano.a(libc_a-impure.o)
[...]
Memory Configuration

Name             Origin             Length             Attributes
DTCMRAM          0x20000000         0x00020000         xrw
RAM              0x24000000         0x00020000         xrw
RAM_D2           0x30000000         0x00008000         xrw
RAM_D3           0x38000000         0x00004000         xrw
ITCMRAM          0x00000000         0x00010000         xrw
FLASH            0x08000000         0x00100000         xr
*default*        0x00000000         0xffffffff

Linker script and memory map

LOAD c:/Users/thewo/AppData/Roaming/Code/User/globalStorage/bmd.stm32-for-vscode/@xpack-dev-tools/arm-none-eabi-gcc/14.2.1-1.1.1/.content/bin/../lib/gcc/arm-none-eabi/14.2.1/thumb/v7e-m+dp/hard/crti.o
LOAD c:/Users/thewo/AppData/Roaming/Code/User/globalStorage/bmd.stm32-for-vscode/@xpack-dev-tools/arm-none-eabi-gcc/14.2.1-1.1.1/.content/bin/../lib/gcc/arm-none-eabi/14.2.1/thumb/v7e-m+dp/hard/crtbegin.o
LOAD c:/Users/thewo/AppData/Roaming/Code/User/globalStorage/bmd.stm32-for-vscode/@xpack-dev-tools/arm-none-eabi-gcc/14.2.1-1.1.1/.content/bin/../lib/gcc/arm-none-eabi/14.2.1/../../../../arm-none-eabi/lib/thumb/v7e-m+dp/hard/crt0.o
LOAD build/debug/ADXL375.o
LOAD build/debug/abstract.o
LOAD build/debug/adc.o
LOAD build/debug/cordic.o
LOAD build/debug/fmac.o
LOAD build/debug/gpio.o
LOAD build/debug/i2c.o
LOAD build/debug/main.o
LOAD build/debug/memorymap.o
LOAD build/debug/spi.o
LOAD build/debug/stm32h7xx_hal.o
LOAD build/debug/stm32h7xx_hal_adc.o
LOAD build/debug/stm32h7xx_hal_adc_ex.o
LOAD build/debug/stm32h7xx_hal_cordic.o
LOAD build/debug/stm32h7xx_hal_cortex.o
LOAD build/debug/stm32h7xx_hal_dma.o
LOAD build/debug/stm32h7xx_hal_dma_ex.o
LOAD build/debug/stm32h7xx_hal_exti.o
LOAD build/debug/stm32h7xx_hal_flash.o
LOAD build/debug/stm32h7xx_hal_flash_ex.o
LOAD build/debug/stm32h7xx_hal_fmac.o
LOAD build/debug/stm32h7xx_hal_gpio.o
LOAD build/debug/stm32h7xx_hal_hsem.o
LOAD build/debug/stm32h7xx_hal_i2c.o
LOAD build/debug/stm32h7xx_hal_i2c_ex.o
LOAD build/debug/stm32h7xx_hal_mdma.o
LOAD build/debug/stm32h7xx_hal_msp.o
LOAD build/debug/stm32h7xx_hal_pcd.o
LOAD build/debug/stm32h7xx_hal_pcd_ex.o
LOAD build/debug/stm32h7xx_hal_pwr.o
LOAD build/debug/stm32h7xx_hal_pwr_ex.o
LOAD build/debug/stm32h7xx_hal_rcc.o
LOAD build/debug/stm32h7xx_hal_rcc_ex.o
LOAD build/debug/stm32h7xx_hal_spi.o
LOAD build/debug/stm32h7xx_hal_spi_ex.o
LOAD build/debug/stm32h7xx_hal_tim.o
LOAD build/debug/stm32h7xx_hal_tim_ex.o
LOAD build/debug/stm32h7xx_it.o
LOAD build/debug/stm32h7xx_ll_usb.o
LOAD build/debug/syscalls.o
LOAD build/debug/sysmem.o
LOAD build/debug/system_stm32h7xx.o
LOAD build/debug/tim.o
LOAD build/debug/usb_device.o
LOAD build/debug/usbd_cdc.o
LOAD build/debug/usbd_cdc_if.o
LOAD build/debug/usbd_conf.o
LOAD build/debug/usbd_core.o
LOAD build/debug/usbd_ctlreq.o
LOAD build/debug/usbd_desc.o
LOAD build/debug/usbd_ioreq.o
LOAD build/debug/startup_stm32h725xx.o
LOAD c:/Users/thewo/AppData/Roaming/Code/User/globalStorage/bmd.stm32-for-vscode/@xpack-dev-tools/arm-none-eabi-gcc/14.2.1-1.1.1/.content/bin/../lib/gcc/arm-none-eabi/14.2.1/../../../../arm-none-eabi/lib/thumb/v7e-m+dp/hard\libc_nano.a
LOAD c:/Users/thewo/AppData/Roaming/Code/User/globalStorage/bmd.stm32-for-vscode/@xpack-dev-tools/arm-none-eabi-gcc/14.2.1-1.1.1/.content/bin/../lib/gcc/arm-none-eabi/14.2.1/../../../../arm-none-eabi/lib/thumb/v7e-m+dp/hard\libm.a
LOAD c:/Users/thewo/AppData/Roaming/Code/User/globalStorage/bmd.stm32-for-vscode/@xpack-dev-tools/arm-none-eabi-gcc/14.2.1-1.1.1/.content/bin/../lib/gcc/arm-none-eabi/14.2.1/../../../../arm-none-eabi/lib/thumb/v7e-m+dp/hard\libnosys.a
START GROUP
LOAD c:/Users/thewo/AppData/Roaming/Code/User/globalStorage/bmd.stm32-for-vscode/@xpack-dev-tools/arm-none-eabi-gcc/14.2.1-1.1.1/.content/bin/../lib/gcc/arm-none-eabi/14.2.1/thumb/v7e-m+dp/hard\libgcc.a
LOAD c:/Users/thewo/AppData/Roaming/Code/User/globalStorage/bmd.stm32-for-vscode/@xpack-dev-tools/arm-none-eabi-gcc/14.2.1-1.1.1/.content/bin/../lib/gcc/arm-none-eabi/14.2.1/../../../../arm-none-eabi/lib/thumb/v7e-m+dp/hard\libc_nano.a
END GROUP
START GROUP
LOAD c:/Users/thewo/AppData/Roaming/Code/User/globalStorage/bmd.stm32-for-vscode/@xpack-dev-tools/arm-none-eabi-gcc/14.2.1-1.1.1/.content/bin/../lib/gcc/arm-none-eabi/14.2.1/thumb/v7e-m+dp/hard\libgcc.a
LOAD c:/Users/thewo/AppData/Roaming/Code/User/globalStorage/bmd.stm32-for-vscode/@xpack-dev-tools/arm-none-eabi-gcc/14.2.1-1.1.1/.content/bin/../lib/gcc/arm-none-eabi/14.2.1/../../../../arm-none-eabi/lib/thumb/v7e-m+dp/hard\libc_nano.a
END GROUP
LOAD c:/Users/thewo/AppData/Roaming/Code/User/globalStorage/bmd.stm32-for-vscode/@xpack-dev-tools/arm-none-eabi-gcc/14.2.1-1.1.1/.content/bin/../lib/gcc/arm-none-eabi/14.2.1/thumb/v7e-m+dp/hard/crtend.o
LOAD c:/Users/thewo/AppData/Roaming/Code/User/globalStorage/bmd.stm32-for-vscode/@xpack-dev-tools/arm-none-eabi-gcc/14.2.1-1.1.1/.content/bin/../lib/gcc/arm-none-eabi/14.2.1/thumb/v7e-m+dp/hard/crtn.o
                0x20020000                        _estack = (ORIGIN (DTCMRAM) + LENGTH (DTCMRAM))
                0x00000200                        _Min_Heap_Size = 0x200
                0x00000400                        _Min_Stack_Size = 0x400

.isr_vector     0x08000000      0x2cc
                0x08000000                        . = ALIGN (0x4)
 *(.isr_vector)
 .isr_vector    0x08000000      0x2cc build/debug/startup_stm32h725xx.o
                0x08000000                g_pfnVectors
                0x080002cc                        . = ALIGN (0x4)

.text           0x080002d0     0xaa90
                0x080002d0                        . = ALIGN (0x4)
 *(.text)
 .text          0x080002d0       0x10 c:/Users/thewo/AppData/Roaming/Code/User/globalStorage/bmd.stm32-for-vscode/@xpack-dev-tools/arm-none-eabi-gcc/14.2.1-1.1.1/.content/bin/../lib/gcc/arm-none-eabi/14.2.1/../../../../arm-none-eabi/lib/thumb/v7e-m+dp/hard\libc_nano.a(libc_a-strlen.o)
                0x080002d0                strlen
 .text          0x080002e0       0xa0 c:/Users/thewo/AppData/Roaming/Code/User/globalStorage/bmd.stm32-for-vscode/@xpack-dev-tools/arm-none-eabi-gcc/14.2.1-1.1.1/.content/bin/../lib/gcc/arm-none-eabi/14.2.1/../../../../arm-none-eabi/lib/thumb/v7e-m+dp/hard\libc_nano.a(libc_a-memchr.o)
                0x080002e0                memchr
 *(.text*)
 .text.__do_global_dtors_aux
                0x08000380       0x24 c:/Users/thewo/AppData/Roaming/Code/User/globalStorage/bmd.stm32-for-vscode/@xpack-dev-tools/arm-none-eabi-gcc/14.2.1-1.1.1/.content/bin/../lib/gcc/arm-none-eabi/14.2.1/thumb/v7e-m+dp/hard/crtbegin.o
 .text.frame_dummy
                0x080003a4       0x1c c:/Users/thewo/AppData/Roaming/Code/User/globalStorage/bmd.stm32-for-vscode/@xpack-dev-tools/arm-none-eabi-gcc/14.2.1-1.1.1/.content/bin/../lib/gcc/arm-none-eabi/14.2.1/thumb/v7e-m+dp/hard/crtbegin.o
 .text.ADXL375_ReadReg
                0x080003c0       0x1e build/debug/ADXL375.o
                0x080003c0                ADXL375_ReadReg
 .text.ADXL375_WriteReg
                0x080003de       0x20 build/debug/ADXL375.o
                0x080003de                ADXL375_WriteReg
 *fill*         0x080003fe        0x2 
 .text.ADXL375_Init
                0x08000400       0x8c build/debug/ADXL375.o
                0x08000400                ADXL375_Init
 .text.SerialPrintln
                0x0800048c       0x4c build/debug/abstract.o
                0x0800048c                SerialPrintln
 .text.MX_ADC1_Init
                0x080004d8       0xa0 build/debug/adc.o
                0x080004d8                MX_ADC1_Init
 .text.HAL_ADC_MspInit
                0x08000578      0x104 build/debug/adc.o
                0x08000578                HAL_ADC_MspInit
 .text.MX_CORDIC_Init
                0x0800067c       0x20 build/debug/cordic.o
                0x0800067c                MX_CORDIC_Init
 .text.HAL_CORDIC_MspInit
                0x0800069c       0x30 build/debug/cordic.o
                0x0800069c                HAL_CORDIC_MspInit
 .text.MX_FMAC_Init
                0x080006cc       0x20 build/debug/fmac.o
                0x080006cc                MX_FMAC_Init
 .text.HAL_FMAC_MspInit
                0x080006ec       0x34 build/debug/fmac.o
                0x080006ec                HAL_FMAC_MspInit
 .text.MX_GPIO_Init
                0x08000720      0x1b4 build/debug/gpio.o
                0x08000720                MX_GPIO_Init
 .text.MX_I2C3_Init
                0x080008d4       0x58 build/debug/i2c.o
                0x080008d4                MX_I2C3_Init
 .text.HAL_I2C_MspInit
                0x0800092c       0xa8 build/debug/i2c.o
                0x0800092c                HAL_I2C_MspInit
 .text.Error_Handler
                0x080009d4        0x4 build/debug/main.o
                0x080009d4                Error_Handler
 .text.SystemClock_Config
                0x080009d8       0xa8 build/debug/main.o
                0x080009d8                SystemClock_Config
 .text.PeriphCommonClock_Config
                0x08000a80       0x4a build/debug/main.o
                0x08000a80                PeriphCommonClock_Config
 *fill*         0x08000aca        0x2 
 .text.main     0x08000acc       0xbc build/debug/main.o
                0x08000acc                main
 .text.assert_failed
                0x08000b88        0x2 build/debug/main.o
                0x08000b88                assert_failed
 *fill*         0x08000b8a        0x2 
 .text.MX_SPI1_Init
                0x08000b8c       0x58 build/debug/spi.o
                0x08000b8c                MX_SPI1_Init
 .text.MX_SPI2_Init
                0x08000be4       0x58 build/debug/spi.o
                0x08000be4                MX_SPI2_Init
 .text.HAL_SPI_MspInit
                0x08000c3c       0xc8 build/debug/spi.o
                0x08000c3c                HAL_SPI_MspInit
 .text.HAL_InitTick
                0x08000d04       0x50 build/debug/stm32h7xx_hal.o
                0x08000d04                HAL_InitTick
 .text.HAL_Init
                0x08000d54       0x5c build/debug/stm32h7xx_hal.o
                0x08000d54                HAL_Init
 .text.HAL_IncTick
                0x08000db0       0x18 build/debug/stm32h7xx_hal.o
                0x08000db0                HAL_IncTick
 .text.HAL_GetTick
                0x08000dc8        0xc build/debug/stm32h7xx_hal.o
                0x08000dc8                HAL_GetTick
 .text.HAL_Delay
                0x08000dd4       0x28 build/debug/stm32h7xx_hal.o
                0x08000dd4                HAL_Delay
 .text.HAL_SYSCFG_AnalogSwitchConfig
                0x08000dfc       0x30 build/debug/stm32h7xx_hal.o
                0x08000dfc                HAL_SYSCFG_AnalogSwitchConfig
 .text.LL_ADC_SetOffset
                0x08000e2c       0x40 build/debug/stm32h7xx_hal_adc.o
 .text.LL_ADC_SetOffsetState
                0x08000e6c       0x30 build/debug/stm32h7xx_hal_adc.o
 .text.LL_ADC_REG_SetSequencerRanks
                0x08000e9c       0x30 build/debug/stm32h7xx_hal_adc.o
 .text.LL_ADC_SetChannelSamplingTime
                0x08000ecc       0x2c build/debug/stm32h7xx_hal_adc.o
 .text.LL_ADC_SetChannelSingleDiff
                0x08000ef8       0x58 build/debug/stm32h7xx_hal_adc.o
 .text.LL_ADC_SetChannelPreselection
                0x08000f50       0x38 build/debug/stm32h7xx_hal_adc.o
 .text.HAL_ADC_ConfigChannel
                0x08000f88      0xabc build/debug/stm32h7xx_hal_adc.o
                0x08000f88                HAL_ADC_ConfigChannel
 .text.ADC_ConfigureBoostMode
                0x08001a44      0x130 build/debug/stm32h7xx_hal_adc.o
                0x08001a44                ADC_ConfigureBoostMode
 .text.HAL_ADC_Init
                0x08001b74      0x644 build/debug/stm32h7xx_hal_adc.o
                0x08001b74                HAL_ADC_Init
 .text.HAL_ADCEx_MultiModeConfigChannel
                0x080021b8      0x1e4 build/debug/stm32h7xx_hal_adc_ex.o
                0x080021b8                HAL_ADCEx_MultiModeConfigChannel
 .text.HAL_CORDIC_Init
                0x0800239c       0x4c build/debug/stm32h7xx_hal_cordic.o
                0x0800239c                HAL_CORDIC_Init
 .text.__NVIC_EnableIRQ
                0x080023e8       0x1c build/debug/stm32h7xx_hal_cortex.o
 .text.__NVIC_SetPriority
                0x08002404       0x24 build/debug/stm32h7xx_hal_cortex.o
 .text.NVIC_EncodePriority
                0x08002428       0x3e build/debug/stm32h7xx_hal_cortex.o
 *fill*         0x08002466        0x2 
 .text.HAL_NVIC_SetPriorityGrouping
                0x08002468       0x3c build/debug/stm32h7xx_hal_cortex.o
                0x08002468                HAL_NVIC_SetPriorityGrouping
 .text.HAL_NVIC_SetPriority
                0x080024a4       0x48 build/debug/stm32h7xx_hal_cortex.o
                0x080024a4                HAL_NVIC_SetPriority
 .text.HAL_NVIC_EnableIRQ
                0x080024ec       0x1c build/debug/stm32h7xx_hal_cortex.o
                0x080024ec                HAL_NVIC_EnableIRQ
 .text.HAL_SYSTICK_Config
                0x08002508       0x28 build/debug/stm32h7xx_hal_cortex.o
                0x08002508                HAL_SYSTICK_Config
 .text.FMAC_ResetInputStateAndDataPointers
                0x08002530       0x10 build/debug/stm32h7xx_hal_fmac.o
 .text.FMAC_ResetOutputStateAndDataPointers
                0x08002540       0x10 build/debug/stm32h7xx_hal_fmac.o
 .text.FMAC_ResetDataPointers
                0x08002550       0x10 build/debug/stm32h7xx_hal_fmac.o
 .text.FMAC_Reset
                0x08002560       0x3c build/debug/stm32h7xx_hal_fmac.o
 .text.HAL_FMAC_Init
                0x0800259c       0x6c build/debug/stm32h7xx_hal_fmac.o
                0x0800259c                HAL_FMAC_Init
 .text.HAL_GPIO_Init
                0x08002608      0x37c build/debug/stm32h7xx_hal_gpio.o
                0x08002608                HAL_GPIO_Init
 .text.HAL_GPIO_WritePin
                0x08002984       0x38 build/debug/stm32h7xx_hal_gpio.o
                0x08002984                HAL_GPIO_WritePin
 .text.I2C_Flush_TXDR
                0x080029bc       0x22 build/debug/stm32h7xx_hal_i2c.o
 *fill*         0x080029de        0x2 
 .text.I2C_TransferConfig
                0x080029e0       0xd0 build/debug/stm32h7xx_hal_i2c.o
 .text.I2C_IsErrorOccurred
                0x08002ab0      0x118 build/debug/stm32h7xx_hal_i2c.o
 .text.I2C_WaitOnTXISFlagUntilTimeout
                0x08002bc8       0x60 build/debug/stm32h7xx_hal_i2c.o
 .text.I2C_WaitOnFlagUntilTimeout
                0x08002c28       0x7c build/debug/stm32h7xx_hal_i2c.o
 .text.I2C_RequestMemoryWrite
                0x08002ca4       0x7c build/debug/stm32h7xx_hal_i2c.o
 .text.I2C_RequestMemoryRead
                0x08002d20       0x78 build/debug/stm32h7xx_hal_i2c.o
 .text.I2C_WaitOnSTOPFlagUntilTimeout
                0x08002d98       0x5e build/debug/stm32h7xx_hal_i2c.o
 *fill*         0x08002df6        0x2 
 .text.HAL_I2C_Init
                0x08002df8      0x1a0 build/debug/stm32h7xx_hal_i2c.o
                0x08002df8                HAL_I2C_Init
 .text.HAL_I2C_Mem_Write
                0x08002f98      0x1c0 build/debug/stm32h7xx_hal_i2c.o
                0x08002f98                HAL_I2C_Mem_Write
 .text.HAL_I2C_Mem_Read
                0x08003158      0x1c8 build/debug/stm32h7xx_hal_i2c.o
                0x08003158                HAL_I2C_Mem_Read
 .text.HAL_I2CEx_ConfigAnalogFilter
                0x08003320       0xb0 build/debug/stm32h7xx_hal_i2c_ex.o
                0x08003320                HAL_I2CEx_ConfigAnalogFilter
 .text.HAL_I2CEx_ConfigDigitalFilter
                0x080033d0       0xa8 build/debug/stm32h7xx_hal_i2c_ex.o
                0x080033d0                HAL_I2CEx_ConfigDigitalFilter
 .text.HAL_MspInit
                0x08003478       0x24 build/debug/stm32h7xx_hal_msp.o
                0x08003478                HAL_MspInit
 .text.PCD_WriteEmptyTxFifo
                0x0800349c       0xd0 build/debug/stm32h7xx_hal_pcd.o
 .text.HAL_PCD_Init
                0x0800356c      0x120 build/debug/stm32h7xx_hal_pcd.o
                0x0800356c                HAL_PCD_Init
 .text.HAL_PCD_Start
                0x0800368c       0x44 build/debug/stm32h7xx_hal_pcd.o
                0x0800368c                HAL_PCD_Start
 .text.PCD_EP_OutXfrComplete_int
                0x080036d0      0x104 build/debug/stm32h7xx_hal_pcd.o
 .text.PCD_EP_OutSetupPacket_int
                0x080037d4       0x50 build/debug/stm32h7xx_hal_pcd.o
 .text.HAL_PCD_SetAddress
                0x08003824       0x26 build/debug/stm32h7xx_hal_pcd.o
                0x08003824                HAL_PCD_SetAddress
 .text.HAL_PCD_EP_Open
                0x0800384a       0x8c build/debug/stm32h7xx_hal_pcd.o
                0x0800384a                HAL_PCD_EP_Open
 .text.HAL_PCD_EP_Close
                0x080038d6       0x70 build/debug/stm32h7xx_hal_pcd.o
                0x080038d6                HAL_PCD_EP_Close
 .text.HAL_PCD_EP_Receive
                0x08003946       0x4a build/debug/stm32h7xx_hal_pcd.o
                0x08003946                HAL_PCD_EP_Receive
 .text.HAL_PCD_EP_GetRxCount
                0x08003990       0x12 build/debug/stm32h7xx_hal_pcd.o
                0x08003990                HAL_PCD_EP_GetRxCount
 .text.HAL_PCD_EP_Transmit
                0x080039a2       0x4a build/debug/stm32h7xx_hal_pcd.o
                0x080039a2                HAL_PCD_EP_Transmit
 .text.HAL_PCD_EP_SetStall
                0x080039ec       0x86 build/debug/stm32h7xx_hal_pcd.o
                0x080039ec                HAL_PCD_EP_SetStall
 .text.HAL_PCD_EP_ClrStall
                0x08003a72       0x74 build/debug/stm32h7xx_hal_pcd.o
                0x08003a72                HAL_PCD_EP_ClrStall
 .text.HAL_PCD_EP_Abort
                0x08003ae6       0x34 build/debug/stm32h7xx_hal_pcd.o
                0x08003ae6                HAL_PCD_EP_Abort
 .text.HAL_PCD_IRQHandler
                0x08003b1a      0x600 build/debug/stm32h7xx_hal_pcd.o
                0x08003b1a                HAL_PCD_IRQHandler
 .text.HAL_PCDEx_SetTxFiFo
                0x0800411a       0x4c build/debug/stm32h7xx_hal_pcd_ex.o
                0x0800411a                HAL_PCDEx_SetTxFiFo
 .text.HAL_PCDEx_SetRxFiFo
                0x08004166        0x8 build/debug/stm32h7xx_hal_pcd_ex.o
                0x08004166                HAL_PCDEx_SetRxFiFo
 *fill*         0x0800416e        0x2 
 .text.HAL_PCDEx_ActivateLPM
                0x08004170       0x28 build/debug/stm32h7xx_hal_pcd_ex.o
                0x08004170                HAL_PCDEx_ActivateLPM
 .text.HAL_PCDEx_LPM_Callback
                0x08004198        0x2 build/debug/stm32h7xx_hal_pcd_ex.o
                0x08004198                HAL_PCDEx_LPM_Callback
 *fill*         0x0800419a        0x2 
 .text.HAL_PWREx_ConfigSupply
                0x0800419c       0xdc build/debug/stm32h7xx_hal_pwr_ex.o
                0x0800419c                HAL_PWREx_ConfigSupply
 .text.HAL_PWREx_EnableUSBVoltageDetector
                0x08004278       0x10 build/debug/stm32h7xx_hal_pwr_ex.o
                0x08004278                HAL_PWREx_EnableUSBVoltageDetector
 .text.HAL_RCC_OscConfig
                0x08004288      0x7a4 build/debug/stm32h7xx_hal_rcc.o
                0x08004288                HAL_RCC_OscConfig
 .text.HAL_RCC_GetSysClockFreq
                0x08004a2c      0x1f8 build/debug/stm32h7xx_hal_rcc.o
                0x08004a2c                HAL_RCC_GetSysClockFreq
 .text.HAL_RCC_ClockConfig
                0x08004c24      0x488 build/debug/stm32h7xx_hal_rcc.o
                0x08004c24                HAL_RCC_ClockConfig
 .text.HAL_RCC_GetHCLKFreq
                0x080050ac       0x44 build/debug/stm32h7xx_hal_rcc.o
                0x080050ac                HAL_RCC_GetHCLKFreq
 .text.HAL_RCC_GetPCLK1Freq
                0x080050f0       0x24 build/debug/stm32h7xx_hal_rcc.o
                0x080050f0                HAL_RCC_GetPCLK1Freq
 .text.RCCEx_PLL2_Config
                0x08005114      0x1bc build/debug/stm32h7xx_hal_rcc_ex.o
 .text.RCCEx_PLL3_Config
                0x080052d0      0x1c4 build/debug/stm32h7xx_hal_rcc_ex.o
 .text.HAL_RCCEx_PeriphCLKConfig
                0x08005494      0xda4 build/debug/stm32h7xx_hal_rcc_ex.o
                0x08005494                HAL_RCCEx_PeriphCLKConfig
 .text.HAL_RCCEx_GetD3PCLK1Freq
                0x08006238       0x24 build/debug/stm32h7xx_hal_rcc_ex.o
                0x08006238                HAL_RCCEx_GetD3PCLK1Freq
 .text.HAL_RCCEx_GetPLL2ClockFreq
                0x0800625c      0x200 build/debug/stm32h7xx_hal_rcc_ex.o
                0x0800625c                HAL_RCCEx_GetPLL2ClockFreq
 .text.HAL_RCCEx_GetPLL3ClockFreq
                0x0800645c      0x200 build/debug/stm32h7xx_hal_rcc_ex.o
                0x0800645c                HAL_RCCEx_GetPLL3ClockFreq
 .text.HAL_RCCEx_GetPLL1ClockFreq
                0x0800665c      0x200 build/debug/stm32h7xx_hal_rcc_ex.o
                0x0800665c                HAL_RCCEx_GetPLL1ClockFreq
 .text.HAL_RCCEx_GetPeriphCLKFreq
                0x0800685c      0x608 build/debug/stm32h7xx_hal_rcc_ex.o
                0x0800685c                HAL_RCCEx_GetPeriphCLKFreq
 .text.SPI_GetPacketSize
                0x08006e64       0x10 build/debug/stm32h7xx_hal_spi.o
 .text.HAL_SPI_Init
                0x08006e74      0x368 build/debug/stm32h7xx_hal_spi.o
                0x08006e74                HAL_SPI_Init
 .text.TIM_OC5_SetConfig
                0x080071dc       0x74 build/debug/stm32h7xx_hal_tim.o
 .text.TIM_OC6_SetConfig
                0x08007250       0x74 build/debug/stm32h7xx_hal_tim.o
 .text.TIM_OC1_SetConfig
                0x080072c4      0x104 build/debug/stm32h7xx_hal_tim.o
 .text.TIM_OC3_SetConfig
                0x080073c8       0xf0 build/debug/stm32h7xx_hal_tim.o
 .text.TIM_OC4_SetConfig
                0x080074b8       0x9c build/debug/stm32h7xx_hal_tim.o
 .text.TIM_Base_SetConfig
                0x08007554      0x120 build/debug/stm32h7xx_hal_tim.o
                0x08007554                TIM_Base_SetConfig
 .text.HAL_TIM_PWM_Init
                0x08007674      0x198 build/debug/stm32h7xx_hal_tim.o
                0x08007674                HAL_TIM_PWM_Init
 .text.TIM_OC2_SetConfig
                0x0800780c       0xf0 build/debug/stm32h7xx_hal_tim.o
                0x0800780c                TIM_OC2_SetConfig
 .text.HAL_TIM_PWM_ConfigChannel
                0x080078fc      0x39c build/debug/stm32h7xx_hal_tim.o
                0x080078fc                HAL_TIM_PWM_ConfigChannel
 .text.HAL_TIMEx_MasterConfigSynchronization
                0x08007c98      0x1d4 build/debug/stm32h7xx_hal_tim_ex.o
                0x08007c98                HAL_TIMEx_MasterConfigSynchronization
 .text.NMI_Handler
                0x08007e6c        0x2 build/debug/stm32h7xx_it.o
                0x08007e6c                NMI_Handler
 .text.HardFault_Handler
                0x08007e6e        0x2 build/debug/stm32h7xx_it.o
                0x08007e6e                HardFault_Handler
 .text.MemManage_Handler
                0x08007e70        0x2 build/debug/stm32h7xx_it.o
                0x08007e70                MemManage_Handler
 .text.BusFault_Handler
                0x08007e72        0x2 build/debug/stm32h7xx_it.o
                0x08007e72                BusFault_Handler
 .text.UsageFault_Handler
                0x08007e74        0x2 build/debug/stm32h7xx_it.o
                0x08007e74                UsageFault_Handler
 .text.SVC_Handler
                0x08007e76        0x2 build/debug/stm32h7xx_it.o
                0x08007e76                SVC_Handler
 .text.DebugMon_Handler
                0x08007e78        0x2 build/debug/stm32h7xx_it.o
                0x08007e78                DebugMon_Handler
 .text.PendSV_Handler
                0x08007e7a        0x2 build/debug/stm32h7xx_it.o
                0x08007e7a                PendSV_Handler
 .text.SysTick_Handler
                0x08007e7c        0x8 build/debug/stm32h7xx_it.o
                0x08007e7c                SysTick_Handler
 .text.OTG_HS_EP1_OUT_IRQHandler
                0x08007e84       0x10 build/debug/stm32h7xx_it.o
                0x08007e84                OTG_HS_EP1_OUT_IRQHandler
 .text.OTG_HS_EP1_IN_IRQHandler
                0x08007e94       0x10 build/debug/stm32h7xx_it.o
                0x08007e94                OTG_HS_EP1_IN_IRQHandler
 .text.OTG_HS_IRQHandler
                0x08007ea4       0x10 build/debug/stm32h7xx_it.o
                0x08007ea4                OTG_HS_IRQHandler
 .text.USB_CoreReset
                0x08007eb4       0x4a build/debug/stm32h7xx_ll_usb.o
 *fill*         0x08007efe        0x2 
 .text.USB_CoreInit
                0x08007f00       0xa4 build/debug/stm32h7xx_ll_usb.o
                0x08007f00                USB_CoreInit
 .text.USB_SetTurnaroundTime
                0x08007fa4       0xe4 build/debug/stm32h7xx_ll_usb.o
                0x08007fa4                USB_SetTurnaroundTime
 .text.USB_EnableGlobalInt
                0x08008088        0xc build/debug/stm32h7xx_ll_usb.o
                0x08008088                USB_EnableGlobalInt
 .text.USB_DisableGlobalInt
                0x08008094        0xc build/debug/stm32h7xx_ll_usb.o
                0x08008094                USB_DisableGlobalInt
 .text.USB_FlushTxFifo
                0x080080a0       0x4a build/debug/stm32h7xx_ll_usb.o
                0x080080a0                USB_FlushTxFifo
 .text.USB_FlushRxFifo
                0x080080ea       0x46 build/debug/stm32h7xx_ll_usb.o
                0x080080ea                USB_FlushRxFifo
 .text.USB_SetDevSpeed
                0x08008130        0xe build/debug/stm32h7xx_ll_usb.o
                0x08008130                USB_SetDevSpeed
 *fill*         0x0800813e        0x2 
 .text.USB_DevInit
                0x08008140      0x190 build/debug/stm32h7xx_ll_usb.o
                0x08008140                USB_DevInit
 .text.USB_GetDevSpeed
                0x080082d0       0x22 build/debug/stm32h7xx_ll_usb.o
                0x080082d0                USB_GetDevSpeed
 *fill*         0x080082f2        0x2 
 .text.USB_ActivateEndpoint
                0x080082f4       0x98 build/debug/stm32h7xx_ll_usb.o
                0x080082f4                USB_ActivateEndpoint
 .text.USB_DeactivateEndpoint
                0x0800838c       0xe0 build/debug/stm32h7xx_ll_usb.o
                0x0800838c                USB_DeactivateEndpoint
 .text.USB_EPStopXfer
                0x0800846c       0xbe build/debug/stm32h7xx_ll_usb.o
                0x0800846c                USB_EPStopXfer
 .text.USB_WritePacket
                0x0800852a       0x2e build/debug/stm32h7xx_ll_usb.o
                0x0800852a                USB_WritePacket
 .text.USB_EPStartXfer
                0x08008558      0x244 build/debug/stm32h7xx_ll_usb.o
                0x08008558                USB_EPStartXfer
 .text.USB_ReadPacket
                0x0800879c       0x46 build/debug/stm32h7xx_ll_usb.o
                0x0800879c                USB_ReadPacket
 .text.USB_EPSetStall
                0x080087e2       0x5a build/debug/stm32h7xx_ll_usb.o
                0x080087e2                USB_EPSetStall
 .text.USB_EPClearStall
                0x0800883c       0x5c build/debug/stm32h7xx_ll_usb.o
                0x0800883c                USB_EPClearStall
 .text.USB_SetDevAddress
                0x08008898       0x20 build/debug/stm32h7xx_ll_usb.o
                0x08008898                USB_SetDevAddress
 .text.USB_DevConnect
                0x080088b8       0x1c build/debug/stm32h7xx_ll_usb.o
                0x080088b8                USB_DevConnect
 .text.USB_DevDisconnect
                0x080088d4       0x1c build/debug/stm32h7xx_ll_usb.o
                0x080088d4                USB_DevDisconnect
 .text.USB_ReadInterrupts
                0x080088f0        0x8 build/debug/stm32h7xx_ll_usb.o
                0x080088f0                USB_ReadInterrupts
 .text.USB_ReadDevAllOutEpInterrupt
                0x080088f8       0x10 build/debug/stm32h7xx_ll_usb.o
                0x080088f8                USB_ReadDevAllOutEpInterrupt
 .text.USB_ReadDevAllInEpInterrupt
                0x08008908       0x10 build/debug/stm32h7xx_ll_usb.o
                0x08008908                USB_ReadDevAllInEpInterrupt
 .text.USB_ReadDevOutEPInterrupt
                0x08008918       0x12 build/debug/stm32h7xx_ll_usb.o
                0x08008918                USB_ReadDevOutEPInterrupt
 .text.USB_ReadDevInEPInterrupt
                0x0800892a       0x24 build/debug/stm32h7xx_ll_usb.o
                0x0800892a                USB_ReadDevInEPInterrupt
 .text.USB_GetMode
                0x0800894e        0x8 build/debug/stm32h7xx_ll_usb.o
                0x0800894e                USB_GetMode
 .text.USB_SetCurrentMode
                0x08008956       0x62 build/debug/stm32h7xx_ll_usb.o
                0x08008956                USB_SetCurrentMode
 .text.USB_ActivateSetup
                0x080089b8       0x1c build/debug/stm32h7xx_ll_usb.o
                0x080089b8                USB_ActivateSetup
 .text.USB_EP0_OutStart
                0x080089d4       0x60 build/debug/stm32h7xx_ll_usb.o
                0x080089d4                USB_EP0_OutStart
 .text._sbrk    0x08008a34       0x48 build/debug/sysmem.o
                0x08008a34                _sbrk
 .text.SystemInit
                0x08008a7c       0xd0 build/debug/system_stm32h7xx.o
                0x08008a7c                SystemInit
 .text.ExitRun0Mode
                0x08008b4c       0x1c build/debug/system_stm32h7xx.o
                0x08008b4c                ExitRun0Mode
 .text.HAL_TIM_PWM_MspInit
                0x08008b68       0x54 build/debug/tim.o
                0x08008b68                HAL_TIM_PWM_MspInit
 .text.HAL_TIM_MspPostInit
                0x08008bbc       0x98 build/debug/tim.o
                0x08008bbc                HAL_TIM_MspPostInit
 .text.MX_TIM2_Init
                0x08008c54       0x80 build/debug/tim.o
                0x08008c54                MX_TIM2_Init
 .text.MX_TIM4_Init
                0x08008cd4       0xb8 build/debug/tim.o
                0x08008cd4                MX_TIM4_Init
 .text.MX_USB_DEVICE_Init
                0x08008d8c       0x58 build/debug/usb_device.o
                0x08008d8c                MX_USB_DEVICE_Init
 .text.USBD_CDC_EP0_RxReady
                0x08008de4       0x40 build/debug/usbd_cdc.o
 .text.USBD_CDC_GetDeviceQualifierDescriptor
                0x08008e24        0xc build/debug/usbd_cdc.o
                0x08008e24                USBD_CDC_GetDeviceQualifierDescriptor
 .text.USBD_CDC_GetOtherSpeedCfgDesc
                0x08008e30       0x48 build/debug/usbd_cdc.o
 .text.USBD_CDC_GetFSCfgDesc
                0x08008e78       0x48 build/debug/usbd_cdc.o
 .text.USBD_CDC_GetHSCfgDesc
                0x08008ec0       0x48 build/debug/usbd_cdc.o
 .text.USBD_CDC_DataOut
                0x08008f08       0x38 build/debug/usbd_cdc.o
 .text.USBD_CDC_DataIn
                0x08008f40       0x7c build/debug/usbd_cdc.o
 .text.USBD_CDC_Setup
                0x08008fbc      0x114 build/debug/usbd_cdc.o
 .text.USBD_CDC_DeInit
                0x080090d0       0x64 build/debug/usbd_cdc.o
 .text.USBD_CDC_Init
                0x08009134       0xee build/debug/usbd_cdc.o
 .text.USBD_CDC_RegisterInterface
                0x08009222       0x16 build/debug/usbd_cdc.o
                0x08009222                USBD_CDC_RegisterInterface
 .text.USBD_CDC_SetTxBuffer
                0x08009238       0x1c build/debug/usbd_cdc.o
                0x08009238                USBD_CDC_SetTxBuffer
 .text.USBD_CDC_SetRxBuffer
                0x08009254       0x18 build/debug/usbd_cdc.o
                0x08009254                USBD_CDC_SetRxBuffer
 .text.USBD_CDC_TransmitPacket
                0x0800926c       0x36 build/debug/usbd_cdc.o
                0x0800926c                USBD_CDC_TransmitPacket
 .text.USBD_CDC_ReceivePacket
                0x080092a2       0x38 build/debug/usbd_cdc.o
                0x080092a2                USBD_CDC_ReceivePacket
 .text.CDC_DeInit_HS
                0x080092da        0x4 build/debug/usbd_cdc_if.o
 *fill*         0x080092de        0x2 
 .text.CDC_Control_HS
                0x080092e0       0x54 build/debug/usbd_cdc_if.o
 .text.CDC_TransmitCplt_HS
                0x08009334        0x4 build/debug/usbd_cdc_if.o
 .text.CDC_Receive_HS
                0x08009338       0x1c build/debug/usbd_cdc_if.o
 .text.CDC_Init_HS
                0x08009354       0x28 build/debug/usbd_cdc_if.o
 .text.CDC_Transmit_HS
                0x0800937c       0x2c build/debug/usbd_cdc_if.o
                0x0800937c                CDC_Transmit_HS
 .text.HAL_PCD_MspInit
                0x080093a8       0x94 build/debug/usbd_conf.o
                0x080093a8                HAL_PCD_MspInit
 .text.HAL_PCD_SetupStageCallback
                0x0800943c       0x10 build/debug/usbd_conf.o
                0x0800943c                HAL_PCD_SetupStageCallback
 .text.HAL_PCD_DataOutStageCallback
                0x0800944c       0x18 build/debug/usbd_conf.o
                0x0800944c                HAL_PCD_DataOutStageCallback
 .text.HAL_PCD_DataInStageCallback
                0x08009464       0x16 build/debug/usbd_conf.o
                0x08009464                HAL_PCD_DataInStageCallback
 .text.HAL_PCD_SOFCallback
                0x0800947a        0xc build/debug/usbd_conf.o
                0x0800947a                HAL_PCD_SOFCallback
 .text.HAL_PCD_ResetCallback
                0x08009486       0x28 build/debug/usbd_conf.o
                0x08009486                HAL_PCD_ResetCallback
 *fill*         0x080094ae        0x2 
 .text.HAL_PCD_SuspendCallback
                0x080094b0       0x30 build/debug/usbd_conf.o
                0x080094b0                HAL_PCD_SuspendCallback
 .text.HAL_PCD_ResumeCallback
                0x080094e0        0xc build/debug/usbd_conf.o
                0x080094e0                HAL_PCD_ResumeCallback
 .text.HAL_PCD_ISOOUTIncompleteCallback
                0x080094ec        0xc build/debug/usbd_conf.o
                0x080094ec                HAL_PCD_ISOOUTIncompleteCallback
 .text.HAL_PCD_ISOINIncompleteCallback
                0x080094f8        0xc build/debug/usbd_conf.o
                0x080094f8                HAL_PCD_ISOINIncompleteCallback
 .text.HAL_PCD_ConnectCallback
                0x08009504        0xc build/debug/usbd_conf.o
                0x08009504                HAL_PCD_ConnectCallback
 .text.HAL_PCD_DisconnectCallback
                0x08009510        0xc build/debug/usbd_conf.o
                0x08009510                HAL_PCD_DisconnectCallback
 .text.USBD_LL_Init
                0x0800951c       0x70 build/debug/usbd_conf.o
                0x0800951c                USBD_LL_Init
 .text.USBD_LL_IsStallEP
                0x0800958c       0x2c build/debug/usbd_conf.o
                0x0800958c                USBD_LL_IsStallEP
 .text.USBD_LL_GetRxDataSize
                0x080095b8        0xc build/debug/usbd_conf.o
                0x080095b8                USBD_LL_GetRxDataSize
 .text.USBD_static_malloc
                0x080095c4        0x8 build/debug/usbd_conf.o
                0x080095c4                USBD_static_malloc
 .text.USBD_static_free
                0x080095cc        0x2 build/debug/usbd_conf.o
                0x080095cc                USBD_static_free
 .text.USBD_Get_USB_Status
                0x080095ce       0x14 build/debug/usbd_conf.o
                0x080095ce                USBD_Get_USB_Status
 .text.USBD_LL_Start
                0x080095e2       0x10 build/debug/usbd_conf.o
                0x080095e2                USBD_LL_Start
 .text.USBD_LL_OpenEP
                0x080095f2       0x16 build/debug/usbd_conf.o
                0x080095f2                USBD_LL_OpenEP
 .text.USBD_LL_CloseEP
                0x08009608       0x10 build/debug/usbd_conf.o
                0x08009608                USBD_LL_CloseEP
 .text.USBD_LL_StallEP
                0x08009618       0x10 build/debug/usbd_conf.o
                0x08009618                USBD_LL_StallEP
 .text.USBD_LL_ClearStallEP
                0x08009628       0x10 build/debug/usbd_conf.o
                0x08009628                USBD_LL_ClearStallEP
 .text.USBD_LL_SetUSBAddress
                0x08009638       0x10 build/debug/usbd_conf.o
                0x08009638                USBD_LL_SetUSBAddress
 .text.USBD_LL_Transmit
                0x08009648       0x10 build/debug/usbd_conf.o
                0x08009648                USBD_LL_Transmit
 .text.USBD_LL_PrepareReceive
                0x08009658       0x10 build/debug/usbd_conf.o
                0x08009658                USBD_LL_PrepareReceive
 .text.USBD_Init
                0x08009668       0x2e build/debug/usbd_core.o
                0x08009668                USBD_Init
 .text.USBD_RegisterClass
                0x08009696       0x40 build/debug/usbd_core.o
                0x08009696                USBD_RegisterClass
 .text.USBD_Start
                0x080096d6        0x8 build/debug/usbd_core.o
                0x080096d6                USBD_Start
 .text.USBD_SetClassConfig
                0x080096de       0x12 build/debug/usbd_core.o
                0x080096de                USBD_SetClassConfig
 .text.USBD_ClrClassConfig
                0x080096f0       0x12 build/debug/usbd_core.o
                0x080096f0                USBD_ClrClassConfig
 .text.USBD_LL_SetupStage
                0x08009702       0x58 build/debug/usbd_core.o
                0x08009702                USBD_LL_SetupStage
 .text.USBD_LL_Reset
                0x0800975a       0x64 build/debug/usbd_core.o
                0x0800975a                USBD_LL_Reset
 .text.USBD_LL_SetSpeed
                0x080097be        0x6 build/debug/usbd_core.o
                0x080097be                USBD_LL_SetSpeed
 .text.USBD_LL_Suspend
                0x080097c4       0x1c build/debug/usbd_core.o
                0x080097c4                USBD_LL_Suspend
 .text.USBD_LL_Resume
                0x080097e0       0x18 build/debug/usbd_core.o
                0x080097e0                USBD_LL_Resume
 .text.USBD_LL_SOF
                0x080097f8       0x20 build/debug/usbd_core.o
                0x080097f8                USBD_LL_SOF
 .text.USBD_LL_IsoINIncomplete
                0x08009818       0x2c build/debug/usbd_core.o
                0x08009818                USBD_LL_IsoINIncomplete
 .text.USBD_LL_IsoOUTIncomplete
                0x08009844       0x2c build/debug/usbd_core.o
                0x08009844                USBD_LL_IsoOUTIncomplete
 .text.USBD_LL_DevConnected
                0x08009870        0x4 build/debug/usbd_core.o
                0x08009870                USBD_LL_DevConnected
 .text.USBD_LL_DevDisconnected
                0x08009874       0x20 build/debug/usbd_core.o
                0x08009874                USBD_LL_DevDisconnected
 .text.USBD_CoreFindIF
                0x08009894        0x4 build/debug/usbd_core.o
                0x08009894                USBD_CoreFindIF
 .text.USBD_CoreFindEP
                0x08009898        0x4 build/debug/usbd_core.o
                0x08009898                USBD_CoreFindEP
 .text.USBD_LL_DataOutStage
                0x0800989c       0xc0 build/debug/usbd_core.o
                0x0800989c                USBD_LL_DataOutStage
 .text.USBD_LL_DataInStage
                0x0800995c       0xd2 build/debug/usbd_core.o
                0x0800995c                USBD_LL_DataInStage
 .text.USBD_GetNextDesc
                0x08009a2e        0xe build/debug/usbd_core.o
                0x08009a2e                USBD_GetNextDesc
 .text.USBD_GetEpDesc
                0x08009a3c       0x3e build/debug/usbd_core.o
                0x08009a3c                USBD_GetEpDesc
 .text.USBD_GetLen
                0x08009a7a       0x14 build/debug/usbd_ctlreq.o
 .text.USBD_ParseSetupRequest
                0x08009a8e       0x28 build/debug/usbd_ctlreq.o
                0x08009a8e                USBD_ParseSetupRequest
 .text.USBD_CtlError
                0x08009ab6       0x14 build/debug/usbd_ctlreq.o
                0x08009ab6                USBD_CtlError
 .text.USBD_GetDescriptor
                0x08009aca      0x18a build/debug/usbd_ctlreq.o
 .text.USBD_SetAddress
                0x08009c54       0x4e build/debug/usbd_ctlreq.o
 *fill*         0x08009ca2        0x2 
 .text.USBD_SetConfig
                0x08009ca4       0xcc build/debug/usbd_ctlreq.o
 .text.USBD_GetConfig
                0x08009d70       0x40 build/debug/usbd_ctlreq.o
 .text.USBD_GetStatus
                0x08009db0       0x38 build/debug/usbd_ctlreq.o
 .text.USBD_SetFeature
                0x08009de8       0x2a build/debug/usbd_ctlreq.o
 .text.USBD_ClrFeature
                0x08009e12       0x26 build/debug/usbd_ctlreq.o
 .text.USBD_StdDevReq
                0x08009e38       0x76 build/debug/usbd_ctlreq.o
                0x08009e38                USBD_StdDevReq
 .text.USBD_StdItfReq
                0x08009eae       0x84 build/debug/usbd_ctlreq.o
                0x08009eae                USBD_StdItfReq
 .text.USBD_StdEPReq
                0x08009f32      0x23a build/debug/usbd_ctlreq.o
                0x08009f32                USBD_StdEPReq
 .text.USBD_GetString
                0x0800a16c       0x46 build/debug/usbd_ctlreq.o
                0x0800a16c                USBD_GetString
 *fill*         0x0800a1b2        0x2 
 .text.USBD_HS_DeviceDescriptor
                0x0800a1b4        0xc build/debug/usbd_desc.o
                0x0800a1b4                USBD_HS_DeviceDescriptor
 .text.USBD_HS_LangIDStrDescriptor
                0x0800a1c0        0xc build/debug/usbd_desc.o
                0x0800a1c0                USBD_HS_LangIDStrDescriptor
 .text.IntToUnicode
                0x0800a1cc       0x46 build/debug/usbd_desc.o
 *fill*         0x0800a212        0x2 
 .text.Get_SerialNum
                0x0800a214       0x38 build/debug/usbd_desc.o
 .text.USBD_HS_SerialStrDescriptor
                0x0800a24c       0x14 build/debug/usbd_desc.o
                0x0800a24c                USBD_HS_SerialStrDescriptor
 .text.USBD_HS_ProductStrDescriptor
                0x0800a260       0x24 build/debug/usbd_desc.o
                0x0800a260                USBD_HS_ProductStrDescriptor
 .text.USBD_HS_ManufacturerStrDescriptor
                0x0800a284       0x1c build/debug/usbd_desc.o
                0x0800a284                USBD_HS_ManufacturerStrDescriptor
 .text.USBD_HS_ConfigStrDescriptor
                0x0800a2a0       0x24 build/debug/usbd_desc.o
                0x0800a2a0                USBD_HS_ConfigStrDescriptor
 .text.USBD_HS_InterfaceStrDescriptor
                0x0800a2c4       0x24 build/debug/usbd_desc.o
                0x0800a2c4                USBD_HS_InterfaceStrDescriptor
 .text.USBD_CtlSendData
                0x0800a2e8       0x1a build/debug/usbd_ioreq.o
                0x0800a2e8                USBD_CtlSendData
 .text.USBD_CtlContinueSendData
                0x0800a302       0x10 build/debug/usbd_ioreq.o
                0x0800a302                USBD_CtlContinueSendData
 .text.USBD_CtlPrepareRx
                0x0800a312       0x1e build/debug/usbd_ioreq.o
                0x0800a312                USBD_CtlPrepareRx
 .text.USBD_CtlContinueRx
                0x0800a330       0x10 build/debug/usbd_ioreq.o
                0x0800a330                USBD_CtlContinueRx
 .text.USBD_CtlSendStatus
                0x0800a340       0x16 build/debug/usbd_ioreq.o
                0x0800a340                USBD_CtlSendStatus
 .text.USBD_CtlReceiveStatus
                0x0800a356       0x16 build/debug/usbd_ioreq.o
                0x0800a356                USBD_CtlReceiveStatus
 .text.Reset_Handler
                0x0800a36c       0x54 build/debug/startup_stm32h725xx.o
                0x0800a36c                Reset_Handler
 .text.Default_Handler
                0x0800a3c0        0x2 build/debug/startup_stm32h725xx.o
                0x0800a3c0                RTC_Alarm_IRQHandler
                0x0800a3c0                EXTI2_IRQHandler
                0x0800a3c0                TIM8_CC_IRQHandler
                0x0800a3c0                UART8_IRQHandler
                0x0800a3c0                SPI4_IRQHandler
                0x0800a3c0                FDCAN3_IT0_IRQHandler
                0x0800a3c0                TIM1_CC_IRQHandler
                0x0800a3c0                BDMA_Channel6_IRQHandler
                0x0800a3c0                DMA2_Stream5_IRQHandler
                0x0800a3c0                DMA1_Stream5_IRQHandler
                0x0800a3c0                CORDIC_IRQHandler
                0x0800a3c0                BDMA_Channel1_IRQHandler
                0x0800a3c0                TAMP_STAMP_IRQHandler
                0x0800a3c0                EXTI3_IRQHandler
                0x0800a3c0                LPTIM4_IRQHandler
                0x0800a3c0                TIM8_TRG_COM_TIM14_IRQHandler
                0x0800a3c0                LPTIM2_IRQHandler
                0x0800a3c0                DFSDM1_FLT1_IRQHandler
                0x0800a3c0                DMAMUX2_OVR_IRQHandler
                0x0800a3c0                TIM8_UP_TIM13_IRQHandler
                0x0800a3c0                I2C3_ER_IRQHandler
                0x0800a3c0                DFSDM1_FLT2_IRQHandler
                0x0800a3c0                I2C5_EV_IRQHandler
                0x0800a3c0                USART10_IRQHandler
                0x0800a3c0                MDMA_IRQHandler
                0x0800a3c0                LPTIM3_IRQHandler
                0x0800a3c0                HSEM1_IRQHandler
                0x0800a3c0                EXTI0_IRQHandler
                0x0800a3c0                I2C2_EV_IRQHandler
                0x0800a3c0                DMA1_Stream2_IRQHandler
                0x0800a3c0                FPU_IRQHandler
                0x0800a3c0                OTG_HS_WKUP_IRQHandler
                0x0800a3c0                FDCAN1_IT1_IRQHandler
                0x0800a3c0                LTDC_ER_IRQHandler
                0x0800a3c0                DMA2_Stream2_IRQHandler
                0x0800a3c0                SPI1_IRQHandler
                0x0800a3c0                OCTOSPI1_IRQHandler
                0x0800a3c0                TIM6_DAC_IRQHandler
                0x0800a3c0                DMA2_Stream3_IRQHandler
                0x0800a3c0                OCTOSPI2_IRQHandler
                0x0800a3c0                DFSDM1_FLT3_IRQHandler
                0x0800a3c0                TIM23_IRQHandler
                0x0800a3c0                USART6_IRQHandler
                0x0800a3c0                TIM17_IRQHandler
                0x0800a3c0                USART3_IRQHandler
                0x0800a3c0                BDMA_Channel7_IRQHandler
                0x0800a3c0                LPTIM5_IRQHandler
                0x0800a3c0                UART5_IRQHandler
                0x0800a3c0                ADC3_IRQHandler
                0x0800a3c0                DMA2_Stream0_IRQHandler
                0x0800a3c0                TIM4_IRQHandler
                0x0800a3c0                BDMA_Channel2_IRQHandler
                0x0800a3c0                I2C1_EV_IRQHandler
                0x0800a3c0                DMA1_Stream6_IRQHandler
                0x0800a3c0                DMAMUX1_OVR_IRQHandler
                0x0800a3c0                DMA1_Stream1_IRQHandler
                0x0800a3c0                TIM16_IRQHandler
                0x0800a3c0                UART4_IRQHandler
                0x0800a3c0                BDMA_Channel5_IRQHandler
                0x0800a3c0                TIM3_IRQHandler
                0x0800a3c0                RCC_IRQHandler
                0x0800a3c0                UART9_IRQHandler
                0x0800a3c0                TIM8_BRK_TIM12_IRQHandler
                0x0800a3c0                TIM1_TRG_COM_IRQHandler
                0x0800a3c0                Default_Handler
                0x0800a3c0                ECC_IRQHandler
                0x0800a3c0                FMAC_IRQHandler
                0x0800a3c0                CEC_IRQHandler
                0x0800a3c0                EXTI15_10_IRQHandler
                0x0800a3c0                BDMA_Channel0_IRQHandler
                0x0800a3c0                ADC_IRQHandler
                0x0800a3c0                I2C5_ER_IRQHandler
                0x0800a3c0                DMA1_Stream7_IRQHandler
                0x0800a3c0                SPI5_IRQHandler
                0x0800a3c0                TIM7_IRQHandler
                0x0800a3c0                FDCAN3_IT1_IRQHandler
                0x0800a3c0                SDMMC1_IRQHandler
                0x0800a3c0                TIM5_IRQHandler
                0x0800a3c0                DMA2_Stream7_IRQHandler
                0x0800a3c0                TIM15_IRQHandler
                0x0800a3c0                PVD_AVD_IRQHandler
                0x0800a3c0                I2C3_EV_IRQHandler
                0x0800a3c0                EXTI9_5_IRQHandler
                0x0800a3c0                RTC_WKUP_IRQHandler
                0x0800a3c0                LTDC_IRQHandler
                0x0800a3c0                ETH_WKUP_IRQHandler
                0x0800a3c0                SPDIF_RX_IRQHandler
                0x0800a3c0                SPI2_IRQHandler
                0x0800a3c0                DMA1_Stream0_IRQHandler
                0x0800a3c0                TIM24_IRQHandler
                0x0800a3c0                CRS_IRQHandler
                0x0800a3c0                EXTI4_IRQHandler
                0x0800a3c0                RNG_IRQHandler
                0x0800a3c0                FDCAN2_IT1_IRQHandler
                0x0800a3c0                ETH_IRQHandler
                0x0800a3c0                TIM1_UP_IRQHandler
                0x0800a3c0                BDMA_Channel4_IRQHandler
                0x0800a3c0                WWDG_IRQHandler
                0x0800a3c0                SPI6_IRQHandler
                0x0800a3c0                MDIOS_IRQHandler
                0x0800a3c0                I2C4_EV_IRQHandler
                0x0800a3c0                FDCAN2_IT0_IRQHandler
                0x0800a3c0                LPUART1_IRQHandler
                0x0800a3c0                FDCAN1_IT0_IRQHandler
                0x0800a3c0                TIM2_IRQHandler
                0x0800a3c0                DMA2D_IRQHandler
                0x0800a3c0                TIM1_BRK_IRQHandler
                0x0800a3c0                EXTI1_IRQHandler
                0x0800a3c0                SDMMC2_IRQHandler
                0x0800a3c0                BDMA_Channel3_IRQHandler
                0x0800a3c0                DTS_IRQHandler
                0x0800a3c0                UART7_IRQHandler
                0x0800a3c0                MDIOS_WKUP_IRQHandler
                0x0800a3c0                USART2_IRQHandler
                0x0800a3c0                DFSDM1_FLT0_IRQHandler
                0x0800a3c0                SAI4_IRQHandler
                0x0800a3c0                I2C2_ER_IRQHandler
                0x0800a3c0                DMA2_Stream1_IRQHandler
                0x0800a3c0                FLASH_IRQHandler
                0x0800a3c0                DMA2_Stream4_IRQHandler
                0x0800a3c0                USART1_IRQHandler
                0x0800a3c0                SPI3_IRQHandler
                0x0800a3c0                WAKEUP_PIN_IRQHandler
                0x0800a3c0                DMA1_Stream4_IRQHandler
                0x0800a3c0                I2C1_ER_IRQHandler
                0x0800a3c0                FMC_IRQHandler
                0x0800a3c0                FDCAN_CAL_IRQHandler
                0x0800a3c0                SWPMI1_IRQHandler
                0x0800a3c0                COMP1_IRQHandler
                0x0800a3c0                LPTIM1_IRQHandler
                0x0800a3c0                DCMI_PSSI_IRQHandler
                0x0800a3c0                I2C4_ER_IRQHandler
                0x0800a3c0                DMA2_Stream6_IRQHandler
                0x0800a3c0                SAI1_IRQHandler
                0x0800a3c0                DMA1_Stream3_IRQHandler
 *fill*         0x0800a3c2        0x2 
 .text.snprintf
                0x0800a3c4       0x6c c:/Users/thewo/AppData/Roaming/Code/User/globalStorage/bmd.stm32-for-vscode/@xpack-dev-tools/arm-none-eabi-gcc/14.2.1-1.1.1/.content/bin/../lib/gcc/arm-none-eabi/14.2.1/../../../../arm-none-eabi/lib/thumb/v7e-m+dp/hard\libc_nano.a(libc_a-snprintf.o)
                0x0800a3c4                sniprintf
                0x0800a3c4                snprintf
 .text.memset   0x0800a430       0x10 c:/Users/thewo/AppData/Roaming/Code/User/globalStorage/bmd.stm32-for-vscode/@xpack-dev-tools/arm-none-eabi-gcc/14.2.1-1.1.1/.content/bin/../lib/gcc/arm-none-eabi/14.2.1/../../../../arm-none-eabi/lib/thumb/v7e-m+dp/hard\libc_nano.a(libc_a-memset.o)
                0x0800a430                memset
 .text.__errno  0x0800a440        0xc c:/Users/thewo/AppData/Roaming/Code/User/globalStorage/bmd.stm32-for-vscode/@xpack-dev-tools/arm-none-eabi-gcc/14.2.1-1.1.1/.content/bin/../lib/gcc/arm-none-eabi/14.2.1/../../../../arm-none-eabi/lib/thumb/v7e-m+dp/hard\libc_nano.a(libc_a-errno.o)
                0x0800a440                __errno
 .text.__libc_init_array
                0x0800a44c       0x48 c:/Users/thewo/AppData/Roaming/Code/User/globalStorage/bmd.stm32-for-vscode/@xpack-dev-tools/arm-none-eabi-gcc/14.2.1-1.1.1/.content/bin/../lib/gcc/arm-none-eabi/14.2.1/../../../../arm-none-eabi/lib/thumb/v7e-m+dp/hard\libc_nano.a(libc_a-init.o)
                0x0800a44c                __libc_init_array
 .text.__retarget_lock_acquire_recursive
                0x0800a494        0x2 c:/Users/thewo/AppData/Roaming/Code/User/globalStorage/bmd.stm32-for-vscode/@xpack-dev-tools/arm-none-eabi-gcc/14.2.1-1.1.1/.content/bin/../lib/gcc/arm-none-eabi/14.2.1/../../../../arm-none-eabi/lib/thumb/v7e-m+dp/hard\libc_nano.a(libc_a-lock.o)
                0x0800a494                __retarget_lock_acquire_recursive
 .text.__retarget_lock_release_recursive
                0x0800a496        0x2 c:/Users/thewo/AppData/Roaming/Code/User/globalStorage/bmd.stm32-for-vscode/@xpack-dev-tools/arm-none-eabi-gcc/14.2.1-1.1.1/.content/bin/../lib/gcc/arm-none-eabi/14.2.1/../../../../arm-none-eabi/lib/thumb/v7e-m+dp/hard\libc_nano.a(libc_a-lock.o)
                0x0800a496                __retarget_lock_release_recursive
 .text.strcpy   0x0800a498       0x10 c:/Users/thewo/AppData/Roaming/Code/User/globalStorage/bmd.stm32-for-vscode/@xpack-dev-tools/arm-none-eabi-gcc/14.2.1-1.1.1/.content/bin/../lib/gcc/arm-none-eabi/14.2.1/../../../../arm-none-eabi/lib/thumb/v7e-m+dp/hard\libc_nano.a(libc_a-strcpy.o)
                0x0800a498                strcpy
 .text._free_r  0x0800a4a8       0x94 c:/Users/thewo/AppData/Roaming/Code/User/globalStorage/bmd.stm32-for-vscode/@xpack-dev-tools/arm-none-eabi-gcc/14.2.1-1.1.1/.content/bin/../lib/gcc/arm-none-eabi/14.2.1/../../../../arm-none-eabi/lib/thumb/v7e-m+dp/hard\libc_nano.a(libc_a-freer.o)
                0x0800a4a8                _free_r
 .text.sbrk_aligned
                0x0800a53c       0x44 c:/Users/thewo/AppData/Roaming/Code/User/globalStorage/bmd.stm32-for-vscode/@xpack-dev-tools/arm-none-eabi-gcc/14.2.1-1.1.1/.content/bin/../lib/gcc/arm-none-eabi/14.2.1/../../../../arm-none-eabi/lib/thumb/v7e-m+dp/hard\libc_nano.a(libc_a-mallocr.o)
 .text._malloc_r
                0x0800a580      0x100 c:/Users/thewo/AppData/Roaming/Code/User/globalStorage/bmd.stm32-for-vscode/@xpack-dev-tools/arm-none-eabi-gcc/14.2.1-1.1.1/.content/bin/../lib/gcc/arm-none-eabi/14.2.1/../../../../arm-none-eabi/lib/thumb/v7e-m+dp/hard\libc_nano.a(libc_a-mallocr.o)
                0x0800a580                _malloc_r
 .text.__malloc_lock
                0x0800a680        0xc c:/Users/thewo/AppData/Roaming/Code/User/globalStorage/bmd.stm32-for-vscode/@xpack-dev-tools/arm-none-eabi-gcc/14.2.1-1.1.1/.content/bin/../lib/gcc/arm-none-eabi/14.2.1/../../../../arm-none-eabi/lib/thumb/v7e-m+dp/hard\libc_nano.a(libc_a-mlock.o)
                0x0800a680                __malloc_lock
 .text.__malloc_unlock
                0x0800a68c        0xc c:/Users/thewo/AppData/Roaming/Code/User/globalStorage/bmd.stm32-for-vscode/@xpack-dev-tools/arm-none-eabi-gcc/14.2.1-1.1.1/.content/bin/../lib/gcc/arm-none-eabi/14.2.1/../../../../arm-none-eabi/lib/thumb/v7e-m+dp/hard\libc_nano.a(libc_a-mlock.o)
                0x0800a68c                __malloc_unlock
 .text.__ssputs_r
                0x0800a698       0xc0 c:/Users/thewo/AppData/Roaming/Code/User/globalStorage/bmd.stm32-for-vscode/@xpack-dev-tools/arm-none-eabi-gcc/14.2.1-1.1.1/.content/bin/../lib/gcc/arm-none-eabi/14.2.1/../../../../arm-none-eabi/lib/thumb/v7e-m+dp/hard\libc_nano.a(libc_a-nano-svfprintf.o)
                0x0800a698                __ssputs_r
 .text._svfprintf_r
                0x0800a758      0x1f8 c:/Users/thewo/AppData/Roaming/Code/User/globalStorage/bmd.stm32-for-vscode/@xpack-dev-tools/arm-none-eabi-gcc/14.2.1-1.1.1/.content/bin/../lib/gcc/arm-none-eabi/14.2.1/../../../../arm-none-eabi/lib/thumb/v7e-m+dp/hard\libc_nano.a(libc_a-nano-svfprintf.o)
                0x0800a758                _svfiprintf_r
                0x0800a758                _svfprintf_r
 .text._printf_common
                0x0800a950       0xda c:/Users/thewo/AppData/Roaming/Code/User/globalStorage/bmd.stm32-for-vscode/@xpack-dev-tools/arm-none-eabi-gcc/14.2.1-1.1.1/.content/bin/../lib/gcc/arm-none-eabi/14.2.1/../../../../arm-none-eabi/lib/thumb/v7e-m+dp/hard\libc_nano.a(libc_a-nano-vfprintf_i.o)
                0x0800a950                _printf_common
 *fill*         0x0800aa2a        0x2 
 .text._printf_i
                0x0800aa2c      0x240 c:/Users/thewo/AppData/Roaming/Code/User/globalStorage/bmd.stm32-for-vscode/@xpack-dev-tools/arm-none-eabi-gcc/14.2.1-1.1.1/.content/bin/../lib/gcc/arm-none-eabi/14.2.1/../../../../arm-none-eabi/lib/thumb/v7e-m+dp/hard\libc_nano.a(libc_a-nano-vfprintf_i.o)
                0x0800aa2c                _printf_i
 .text.memmove  0x0800ac6c       0x32 c:/Users/thewo/AppData/Roaming/Code/User/globalStorage/bmd.stm32-for-vscode/@xpack-dev-tools/arm-none-eabi-gcc/14.2.1-1.1.1/.content/bin/../lib/gcc/arm-none-eabi/14.2.1/../../../../arm-none-eabi/lib/thumb/v7e-m+dp/hard\libc_nano.a(libc_a-memmove.o)
                0x0800ac6c                memmove
 *fill*         0x0800ac9e        0x2 
 .text._sbrk_r  0x0800aca0       0x20 c:/Users/thewo/AppData/Roaming/Code/User/globalStorage/bmd.stm32-for-vscode/@xpack-dev-tools/arm-none-eabi-gcc/14.2.1-1.1.1/.content/bin/../lib/gcc/arm-none-eabi/14.2.1/../../../../arm-none-eabi/lib/thumb/v7e-m+dp/hard\libc_nano.a(libc_a-sbrkr.o)
                0x0800aca0                _sbrk_r
 .text.memcpy   0x0800acc0       0x1c c:/Users/thewo/AppData/Roaming/Code/User/globalStorage/bmd.stm32-for-vscode/@xpack-dev-tools/arm-none-eabi-gcc/14.2.1-1.1.1/.content/bin/../lib/gcc/arm-none-eabi/14.2.1/../../../../arm-none-eabi/lib/thumb/v7e-m+dp/hard\libc_nano.a(libc_a-memcpy-stub.o)
                0x0800acc0                memcpy
 .text._realloc_r
                0x0800acdc       0x5c c:/Users/thewo/AppData/Roaming/Code/User/globalStorage/bmd.stm32-for-vscode/@xpack-dev-tools/arm-none-eabi-gcc/14.2.1-1.1.1/.content/bin/../lib/gcc/arm-none-eabi/14.2.1/../../../../arm-none-eabi/lib/thumb/v7e-m+dp/hard\libc_nano.a(libc_a-reallocr.o)
                0x0800acdc                _realloc_r
 .text._malloc_usable_size_r
                0x0800ad38       0x10 c:/Users/thewo/AppData/Roaming/Code/User/globalStorage/bmd.stm32-for-vscode/@xpack-dev-tools/arm-none-eabi-gcc/14.2.1-1.1.1/.content/bin/../lib/gcc/arm-none-eabi/14.2.1/../../../../arm-none-eabi/lib/thumb/v7e-m+dp/hard\libc_nano.a(libc_a-msizer.o)
                0x0800ad38                _malloc_usable_size_r
 *(.glue_7)
 .glue_7        0x0800ad48        0x0 linker stubs
 *(.glue_7t)
 .glue_7t       0x0800ad48        0x0 linker stubs
 *(.eh_frame)
 .eh_frame      0x0800ad48        0x0 c:/Users/thewo/AppData/Roaming/Code/User/globalStorage/bmd.stm32-for-vscode/@xpack-dev-tools/arm-none-eabi-gcc/14.2.1-1.1.1/.content/bin/../lib/gcc/arm-none-eabi/14.2.1/thumb/v7e-m+dp/hard/crtbegin.o
 *(.init)
 .init          0x0800ad48        0x4 c:/Users/thewo/AppData/Roaming/Code/User/globalStorage/bmd.stm32-for-vscode/@xpack-dev-tools/arm-none-eabi-gcc/14.2.1-1.1.1/.content/bin/../lib/gcc/arm-none-eabi/14.2.1/thumb/v7e-m+dp/hard/crti.o
                0x0800ad48                _init
 .init          0x0800ad4c        0x8 c:/Users/thewo/AppData/Roaming/Code/User/globalStorage/bmd.stm32-for-vscode/@xpack-dev-tools/arm-none-eabi-gcc/14.2.1-1.1.1/.content/bin/../lib/gcc/arm-none-eabi/14.2.1/thumb/v7e-m+dp/hard/crtn.o
 *(.fini)
 .fini          0x0800ad54        0x4 c:/Users/thewo/AppData/Roaming/Code/User/globalStorage/bmd.stm32-for-vscode/@xpack-dev-tools/arm-none-eabi-gcc/14.2.1-1.1.1/.content/bin/../lib/gcc/arm-none-eabi/14.2.1/thumb/v7e-m+dp/hard/crti.o
                0x0800ad54                _fini
 .fini          0x0800ad58        0x8 c:/Users/thewo/AppData/Roaming/Code/User/globalStorage/bmd.stm32-for-vscode/@xpack-dev-tools/arm-none-eabi-gcc/14.2.1-1.1.1/.content/bin/../lib/gcc/arm-none-eabi/14.2.1/thumb/v7e-m+dp/hard/crtn.o
                0x0800ad60                        . = ALIGN (0x4)
                0x0800ad60                        _etext = .

.vfp11_veneer   0x0800ad60        0x0
 .vfp11_veneer  0x0800ad60        0x0 linker stubs

.v4_bx          0x0800ad60        0x0
 .v4_bx         0x0800ad60        0x0 linker stubs

.iplt           0x0800ad60        0x0
 .iplt          0x0800ad60        0x0 c:/Users/thewo/AppData/Roaming/Code/User/globalStorage/bmd.stm32-for-vscode/@xpack-dev-tools/arm-none-eabi-gcc/14.2.1-1.1.1/.content/bin/../lib/gcc/arm-none-eabi/14.2.1/thumb/v7e-m+dp/hard/crtbegin.o

.rodata         0x0800ad60      0x428
                0x0800ad60                        . = ALIGN (0x4)
 *(.rodata)
 *(.rodata*)
 .rodata.SerialPrintln.str1.4
                0x0800ad60      0x3e2 build/debug/abstract.o
                                  0x3 (size before relaxing)
 .rodata.main.str1.4
                0x0800b142       0x1b build/debug/main.o
 .rodata.HAL_SetTickFreq.str1.4
                0x0800b142       0x31 build/debug/stm32h7xx_hal.o
 .rodata.HAL_ADC_PollForConversion.str1.4
                0x0800b142       0x35 build/debug/stm32h7xx_hal_adc.o
 .rodata.HAL_ADCEx_Calibration_Start.str1.4
                0x0800b142       0x38 build/debug/stm32h7xx_hal_adc_ex.o
 .rodata.HAL_CORDIC_Init.str1.4
                0x0800b142       0x38 build/debug/stm32h7xx_hal_cordic.o
 .rodata.HAL_NVIC_SetPriorityGrouping.str1.4
                0x0800b142       0x38 build/debug/stm32h7xx_hal_cortex.o
 .rodata.FMAC_FilterConfig.str1.4
                0x0800b142       0x36 build/debug/stm32h7xx_hal_fmac.o
 .rodata.HAL_GPIO_Init.str1.4
                0x0800b142       0x36 build/debug/stm32h7xx_hal_gpio.o
 .rodata.I2C_TransferConfig.str1.4
                0x0800b142       0x35 build/debug/stm32h7xx_hal_i2c.o
 .rodata.HAL_I2CEx_ConfigAnalogFilter.str1.4
                0x0800b142       0x38 build/debug/stm32h7xx_hal_i2c_ex.o
 .rodata.HAL_PCD_Init.str1.4
                0x0800b142       0x35 build/debug/stm32h7xx_hal_pcd.o
 .rodata.HAL_PWREx_ConfigSupply.str1.4
                0x0800b142       0x38 build/debug/stm32h7xx_hal_pwr_ex.o
 .rodata.HAL_RCC_OscConfig.str1.4
                0x0800b142       0x35 build/debug/stm32h7xx_hal_rcc.o
 .rodata.RCCEx_PLL2_Config.str1.4
                0x0800b142       0x38 build/debug/stm32h7xx_hal_rcc_ex.o
 .rodata.HAL_SPI_Init.str1.4
                0x0800b142       0x35 build/debug/stm32h7xx_hal_spi.o
 .rodata.TIM_OC1_SetConfig.str1.4
                0x0800b142       0x35 build/debug/stm32h7xx_hal_tim.o
 .rodata.HAL_TIMEx_HallSensor_Init.str1.4
                0x0800b142       0x38 build/debug/stm32h7xx_hal_tim_ex.o
 *fill*         0x0800b142        0x2 
 .rodata.D1CorePrescTable
                0x0800b144       0x10 build/debug/system_stm32h7xx.o
                0x0800b144                D1CorePrescTable
 .rodata.USBD_HS_ProductStrDescriptor.str1.4
                0x0800b154       0x16 build/debug/usbd_desc.o
 .rodata.USBD_HS_ManufacturerStrDescriptor.str1.4
                0x0800b154       0x13 build/debug/usbd_desc.o
 .rodata.USBD_HS_ConfigStrDescriptor.str1.4
                0x0800b154        0xb build/debug/usbd_desc.o
 .rodata.USBD_HS_InterfaceStrDescriptor.str1.4
                0x0800b154        0xe build/debug/usbd_desc.o
 .rodata._svfprintf_r.str1.1
                0x0800b154       0x33 c:/Users/thewo/AppData/Roaming/Code/User/globalStorage/bmd.stm32-for-vscode/@xpack-dev-tools/arm-none-eabi-gcc/14.2.1-1.1.1/.content/bin/../lib/gcc/arm-none-eabi/14.2.1/../../../../arm-none-eabi/lib/thumb/v7e-m+dp/hard\libc_nano.a(libc_a-nano-svfprintf.o)
                                 0x11 (size before relaxing)
 .rodata._printf_i.str1.1
                0x0800b187       0x22 c:/Users/thewo/AppData/Roaming/Code/User/globalStorage/bmd.stm32-for-vscode/@xpack-dev-tools/arm-none-eabi-gcc/14.2.1-1.1.1/.content/bin/../lib/gcc/arm-none-eabi/14.2.1/../../../../arm-none-eabi/lib/thumb/v7e-m+dp/hard\libc_nano.a(libc_a-nano-vfprintf_i.o)
                0x0800b1ac                        . = ALIGN (0x4)
 *fill*         0x0800b187        0x1 

.ARM.extab      0x0800b188        0x0
                0x0800b188                        . = ALIGN (0x4)
 *(.ARM.extab* .gnu.linkonce.armextab.*)
                0x0800b188                        . = ALIGN (0x4)

.ARM            0x0800b188        0x8
                0x0800b188                        . = ALIGN (0x4)
                0x0800b188                        __exidx_start = .
 *(.ARM.exidx*)
 .ARM.exidx     0x0800b188        0x8 c:/Users/thewo/AppData/Roaming/Code/User/globalStorage/bmd.stm32-for-vscode/@xpack-dev-tools/arm-none-eabi-gcc/14.2.1-1.1.1/.content/bin/../lib/gcc/arm-none-eabi/14.2.1/../../../../arm-none-eabi/lib/thumb/v7e-m+dp/hard\libc_nano.a(libc_a-strlen.o)
 .ARM.exidx     0x0800b190        0x0 c:/Users/thewo/AppData/Roaming/Code/User/globalStorage/bmd.stm32-for-vscode/@xpack-dev-tools/arm-none-eabi-gcc/14.2.1-1.1.1/.content/bin/../lib/gcc/arm-none-eabi/14.2.1/../../../../arm-none-eabi/lib/thumb/v7e-m+dp/hard\libc_nano.a(libc_a-memchr.o)
                                  0x8 (size before relaxing)
                0x0800b190                        __exidx_end = .
                0x0800b190                        . = ALIGN (0x4)

.preinit_array  0x0800b190        0x0
                0x0800b190                        . = ALIGN (0x4)
                0x0800b190                        PROVIDE (__preinit_array_start = .)
 *(.preinit_array*)
                0x0800b190                        PROVIDE (__preinit_array_end = .)
                0x0800b190                        . = ALIGN (0x4)

.init_array     0x0800b190        0x4
                0x0800b190                        . = ALIGN (0x4)
                0x0800b190                        PROVIDE (__init_array_start = .)
 *(SORT_BY_NAME(.init_array.*))
 *(.init_array*)
 .init_array    0x0800b190        0x4 c:/Users/thewo/AppData/Roaming/Code/User/globalStorage/bmd.stm32-for-vscode/@xpack-dev-tools/arm-none-eabi-gcc/14.2.1-1.1.1/.content/bin/../lib/gcc/arm-none-eabi/14.2.1/thumb/v7e-m+dp/hard/crtbegin.o
                0x0800b194                        PROVIDE (__init_array_end = .)
                0x0800b194                        . = ALIGN (0x4)

.fini_array     0x0800b194        0x4
                0x0800b194                        . = ALIGN (0x4)
                0x0800b194                        PROVIDE (__fini_array_start = .)
 *(SORT_BY_NAME(.fini_array.*))
 *(.fini_array*)
 .fini_array    0x0800b194        0x4 c:/Users/thewo/AppData/Roaming/Code/User/globalStorage/bmd.stm32-for-vscode/@xpack-dev-tools/arm-none-eabi-gcc/14.2.1-1.1.1/.content/bin/../lib/gcc/arm-none-eabi/14.2.1/thumb/v7e-m+dp/hard/crtbegin.o
                0x0800b198                        PROVIDE (__fini_array_end = .)
                0x0800b198                        . = ALIGN (0x4)
                0x0800b198                        _sidata = LOADADDR (.data)

.rel.dyn        0x0800b198        0x0
 .rel.iplt      0x0800b198        0x0 c:/Users/thewo/AppData/Roaming/Code/User/globalStorage/bmd.stm32-for-vscode/@xpack-dev-tools/arm-none-eabi-gcc/14.2.1-1.1.1/.content/bin/../lib/gcc/arm-none-eabi/14.2.1/thumb/v7e-m+dp/hard/crtbegin.o

.data           0x20000000      0x154 load address 0x0800b198
                0x20000000                        . = ALIGN (0x4)
                0x20000000                        _sdata = .
 *(.data)
 *(.data*)
 .data.uwTickFreq
                0x20000000        0x1 build/debug/stm32h7xx_hal.o
                0x20000000                uwTickFreq
 *fill*         0x20000001        0x3 
 .data.uwTickPrio
                0x20000004        0x4 build/debug/stm32h7xx_hal.o
                0x20000004                uwTickPrio
 .data.SystemD2Clock
                0x20000008        0x4 build/debug/system_stm32h7xx.o
                0x20000008                SystemD2Clock
 .data.SystemCoreClock
                0x2000000c        0x4 build/debug/system_stm32h7xx.o
                0x2000000c                SystemCoreClock
 .data.USBD_CDC_CfgDesc
                0x20000010       0x43 build/debug/usbd_cdc.o
 *fill*         0x20000053        0x1 
 .data.USBD_CDC
                0x20000054       0x38 build/debug/usbd_cdc.o
                0x20000054                USBD_CDC
 .data.USBD_CDC_DeviceQualifierDesc
                0x2000008c        0xa build/debug/usbd_cdc.o
 *fill*         0x20000096        0x2 
 .data.USBD_Interface_fops_HS
                0x20000098       0x14 build/debug/usbd_cdc_if.o
                0x20000098                USBD_Interface_fops_HS
 .data.LineCoding
                0x200000ac        0x8 build/debug/usbd_cdc_if.o
                0x200000ac                LineCoding
 .data.USBD_StringSerial
                0x200000b4       0x1a build/debug/usbd_desc.o
                0x200000b4                USBD_StringSerial
 *fill*         0x200000ce        0x2 
 .data.USBD_LangIDDesc
                0x200000d0        0x4 build/debug/usbd_desc.o
                0x200000d0                USBD_LangIDDesc
 .data.USBD_HS_DeviceDesc
                0x200000d4       0x12 build/debug/usbd_desc.o
                0x200000d4                USBD_HS_DeviceDesc
 *fill*         0x200000e6        0x2 
 .data.HS_Desc  0x200000e8       0x1c build/debug/usbd_desc.o
                0x200000e8                HS_Desc
 .data._impure_ptr
                0x20000104        0x4 c:/Users/thewo/AppData/Roaming/Code/User/globalStorage/bmd.stm32-for-vscode/@xpack-dev-tools/arm-none-eabi-gcc/14.2.1-1.1.1/.content/bin/../lib/gcc/arm-none-eabi/14.2.1/../../../../arm-none-eabi/lib/thumb/v7e-m+dp/hard\libc_nano.a(libc_a-impure.o)
                0x20000104                _impure_ptr
 .data._impure_data
                0x20000108       0x4c c:/Users/thewo/AppData/Roaming/Code/User/globalStorage/bmd.stm32-for-vscode/@xpack-dev-tools/arm-none-eabi-gcc/14.2.1-1.1.1/.content/bin/../lib/gcc/arm-none-eabi/14.2.1/../../../../arm-none-eabi/lib/thumb/v7e-m+dp/hard\libc_nano.a(libc_a-impure.o)
                0x20000108                _impure_data
 *(.RamFunc)
 *(.RamFunc*)
                0x20000154                        . = ALIGN (0x4)
                0x20000154                        _edata = .

.igot.plt       0x20000154        0x0 load address 0x0800b2ec
 .igot.plt      0x20000154        0x0 c:/Users/thewo/AppData/Roaming/Code/User/globalStorage/bmd.stm32-for-vscode/@xpack-dev-tools/arm-none-eabi-gcc/14.2.1-1.1.1/.content/bin/../lib/gcc/arm-none-eabi/14.2.1/thumb/v7e-m+dp/hard/crtbegin.o
                0x20000154                        . = ALIGN (0x4)

.bss            0x20000154     0x20bc load address 0x0800b2ec
                0x20000154                        _sbss = .
                0x20000154                        __bss_start__ = _sbss
 *(.bss)
 *(.bss*)
 .bss.completed.1
                0x20000154        0x1 c:/Users/thewo/AppData/Roaming/Code/User/globalStorage/bmd.stm32-for-vscode/@xpack-dev-tools/arm-none-eabi-gcc/14.2.1-1.1.1/.content/bin/../lib/gcc/arm-none-eabi/14.2.1/thumb/v7e-m+dp/hard/crtbegin.o
 *fill*         0x20000155        0x3 
 .bss.object.0  0x20000158       0x18 c:/Users/thewo/AppData/Roaming/Code/User/globalStorage/bmd.stm32-for-vscode/@xpack-dev-tools/arm-none-eabi-gcc/14.2.1-1.1.1/.content/bin/../lib/gcc/arm-none-eabi/14.2.1/thumb/v7e-m+dp/hard/crtbegin.o
 .bss.hadc1     0x20000170       0x70 build/debug/adc.o
                0x20000170                hadc1
 .bss.hcordic   0x200001e0       0x28 build/debug/cordic.o
                0x200001e0                hcordic
 .bss.hfmac     0x20000208       0x38 build/debug/fmac.o
                0x20000208                hfmac
 .bss.hi2c3     0x20000240       0x54 build/debug/i2c.o
                0x20000240                hi2c3
 .bss.highG     0x20000294       0x1c build/debug/main.o
                0x20000294                highG
 .bss.i2cBuf    0x200002b0        0x1 build/debug/main.o
                0x200002b0                i2cBuf
 *fill*         0x200002b1        0x3 
 .bss.usbTxBuf  0x200002b4       0x80 build/debug/main.o
                0x200002b4                usbTxBuf
 .bss.hspi2     0x20000334       0x88 build/debug/spi.o
                0x20000334                hspi2
 .bss.hspi1     0x200003bc       0x88 build/debug/spi.o
                0x200003bc                hspi1
 .bss.uwTick    0x20000444        0x4 build/debug/stm32h7xx_hal.o
                0x20000444                uwTick
 .bss.__sbrk_heap_end
                0x20000448        0x4 build/debug/sysmem.o
 .bss.htim4     0x2000044c       0x4c build/debug/tim.o
                0x2000044c                htim4
 .bss.htim2     0x20000498       0x4c build/debug/tim.o
                0x20000498                htim2
 .bss.hUsbDeviceHS
                0x200004e4      0x2dc build/debug/usb_device.o
                0x200004e4                hUsbDeviceHS
 .bss.UserTxBufferHS
                0x200007c0      0x800 build/debug/usbd_cdc_if.o
                0x200007c0                UserTxBufferHS
 .bss.UserRxBufferHS
                0x20000fc0      0x800 build/debug/usbd_cdc_if.o
                0x20000fc0                UserRxBufferHS
 .bss.mem.0     0x200017c0      0x220 build/debug/usbd_conf.o
 .bss.hpcd_USB_OTG_HS
                0x200019e0      0x4e4 build/debug/usbd_conf.o
                0x200019e0                hpcd_USB_OTG_HS
 .bss.cfgidx.0  0x20001ec4        0x1 build/debug/usbd_ctlreq.o
 *fill*         0x20001ec5        0x3 
 .bss.USBD_StrDesc
                0x20001ec8      0x200 build/debug/usbd_desc.o
                0x20001ec8                USBD_StrDesc
 .bss.__sf      0x200020c8      0x138 c:/Users/thewo/AppData/Roaming/Code/User/globalStorage/bmd.stm32-for-vscode/@xpack-dev-tools/arm-none-eabi-gcc/14.2.1-1.1.1/.content/bin/../lib/gcc/arm-none-eabi/14.2.1/../../../../arm-none-eabi/lib/thumb/v7e-m+dp/hard\libc_nano.a(libc_a-findfp.o)
                0x200020c8                __sf
 .bss.errno     0x20002200        0x4 c:/Users/thewo/AppData/Roaming/Code/User/globalStorage/bmd.stm32-for-vscode/@xpack-dev-tools/arm-none-eabi-gcc/14.2.1-1.1.1/.content/bin/../lib/gcc/arm-none-eabi/14.2.1/../../../../arm-none-eabi/lib/thumb/v7e-m+dp/hard\libc_nano.a(libc_a-reent.o)
                0x20002200                errno
 .bss.__lock___malloc_recursive_mutex
                0x20002204        0x1 c:/Users/thewo/AppData/Roaming/Code/User/globalStorage/bmd.stm32-for-vscode/@xpack-dev-tools/arm-none-eabi-gcc/14.2.1-1.1.1/.content/bin/../lib/gcc/arm-none-eabi/14.2.1/../../../../arm-none-eabi/lib/thumb/v7e-m+dp/hard\libc_nano.a(libc_a-lock.o)
                0x20002204                __lock___malloc_recursive_mutex
 *fill*         0x20002205        0x3 
 .bss.__malloc_sbrk_start
                0x20002208        0x4 c:/Users/thewo/AppData/Roaming/Code/User/globalStorage/bmd.stm32-for-vscode/@xpack-dev-tools/arm-none-eabi-gcc/14.2.1-1.1.1/.content/bin/../lib/gcc/arm-none-eabi/14.2.1/../../../../arm-none-eabi/lib/thumb/v7e-m+dp/hard\libc_nano.a(libc_a-mallocr.o)
                0x20002208                __malloc_sbrk_start
 .bss.__malloc_free_list
                0x2000220c        0x4 c:/Users/thewo/AppData/Roaming/Code/User/globalStorage/bmd.stm32-for-vscode/@xpack-dev-tools/arm-none-eabi-gcc/14.2.1-1.1.1/.content/bin/../lib/gcc/arm-none-eabi/14.2.1/../../../../arm-none-eabi/lib/thumb/v7e-m+dp/hard\libc_nano.a(libc_a-mallocr.o)
                0x2000220c                __malloc_free_list
 *(COMMON)
                0x20002210                        . = ALIGN (0x4)
                0x20002210                        _ebss = .
                0x20002210                        __bss_end__ = _ebss

._user_heap_stack
                0x20002210      0x600 load address 0x0800b2ec
                0x20002210                        . = ALIGN (0x8)
                [!provide]                        PROVIDE (end = .)
                0x20002210                        PROVIDE (_end = .)
                0x20002410                        . = (. + _Min_Heap_Size)
 *fill*         0x20002210      0x200 
                0x20002810                        . = (. + _Min_Stack_Size)
 *fill*         0x20002410      0x400 
                0x20002810                        . = ALIGN (0x8)

/DISCARD/
 libc.a(*)
 libm.a(*)
 libgcc.a(*)
OUTPUT(build/debug/WINTER3-3.elf elf32-littlearm)
LOAD linker stubs
LOAD c:/Users/thewo/AppData/Roaming/Code/User/globalStorage/bmd.stm32-for-vscode/@xpack-dev-tools/arm-none-eabi-gcc/14.2.1-1.1.1/.content/bin/../lib/gcc/arm-none-eabi/14.2.1/../../../../arm-none-eabi/lib/thumb/v7e-m+dp/hard\libc.a
LOAD c:/Users/thewo/AppData/Roaming/Code/User/globalStorage/bmd.stm32-for-vscode/@xpack-dev-tools/arm-none-eabi-gcc/14.2.1-1.1.1/.content/bin/../lib/gcc/arm-none-eabi/14.2.1/../../../../arm-none-eabi/lib/thumb/v7e-m+dp/hard\libm.a
LOAD c:/Users/thewo/AppData/Roaming/Code/User/globalStorage/bmd.stm32-for-vscode/@xpack-dev-tools/arm-none-eabi-gcc/14.2.1-1.1.1/.content/bin/../lib/gcc/arm-none-eabi/14.2.1/thumb/v7e-m+dp/hard\libgcc.a

.ARM.attributes
                0x00000000       0x2e
 .ARM.attributes
                0x00000000       0x20 c:/Users/thewo/AppData/Roaming/Code/User/globalStorage/bmd.stm32-for-vscode/@xpack-dev-tools/arm-none-eabi-gcc/14.2.1-1.1.1/.content/bin/../lib/gcc/arm-none-eabi/14.2.1/thumb/v7e-m+dp/hard/crti.o
 .ARM.attributes
                0x00000020       0x32 c:/Users/thewo/AppData/Roaming/Code/User/globalStorage/bmd.stm32-for-vscode/@xpack-dev-tools/arm-none-eabi-gcc/14.2.1-1.1.1/.content/bin/../lib/gcc/arm-none-eabi/14.2.1/thumb/v7e-m+dp/hard/crtbegin.o
 .ARM.attributes
                0x00000052       0x32 build/debug/ADXL375.o
 .ARM.attributes
                0x00000084       0x32 build/debug/abstract.o
 .ARM.attributes
                0x000000b6       0x32 build/debug/adc.o
 .ARM.attributes
                0x000000e8       0x32 build/debug/cordic.o
 .ARM.attributes
                0x0000011a       0x32 build/debug/fmac.o
 .ARM.attributes
                0x0000014c       0x32 build/debug/gpio.o
 .ARM.attributes
                0x0000017e       0x32 build/debug/i2c.o
 .ARM.attributes
                0x000001b0       0x32 build/debug/main.o
 .ARM.attributes
                0x000001e2       0x32 build/debug/spi.o
 .ARM.attributes
                0x00000214       0x32 build/debug/stm32h7xx_hal.o
 .ARM.attributes
                0x00000246       0x32 build/debug/stm32h7xx_hal_adc.o
 .ARM.attributes
                0x00000278       0x32 build/debug/stm32h7xx_hal_adc_ex.o
 .ARM.attributes
                0x000002aa       0x32 build/debug/stm32h7xx_hal_cordic.o
 .ARM.attributes
                0x000002dc       0x32 build/debug/stm32h7xx_hal_cortex.o
 .ARM.attributes
                0x0000030e       0x32 build/debug/stm32h7xx_hal_fmac.o
 .ARM.attributes
                0x00000340       0x32 build/debug/stm32h7xx_hal_gpio.o
 .ARM.attributes
                0x00000372       0x32 build/debug/stm32h7xx_hal_i2c.o
 .ARM.attributes
                0x000003a4       0x32 build/debug/stm32h7xx_hal_i2c_ex.o
 .ARM.attributes
                0x000003d6       0x32 build/debug/stm32h7xx_hal_msp.o
 .ARM.attributes
                0x00000408       0x32 build/debug/stm32h7xx_hal_pcd.o
 .ARM.attributes
                0x0000043a       0x32 build/debug/stm32h7xx_hal_pcd_ex.o
 .ARM.attributes
                0x0000046c       0x32 build/debug/stm32h7xx_hal_pwr_ex.o
 .ARM.attributes
                0x0000049e       0x32 build/debug/stm32h7xx_hal_rcc.o
 .ARM.attributes
                0x000004d0       0x32 build/debug/stm32h7xx_hal_rcc_ex.o
 .ARM.attributes
                0x00000502       0x32 build/debug/stm32h7xx_hal_spi.o
 .ARM.attributes
                0x00000534       0x32 build/debug/stm32h7xx_hal_tim.o
 .ARM.attributes
                0x00000566       0x32 build/debug/stm32h7xx_hal_tim_ex.o
 .ARM.attributes
                0x00000598       0x32 build/debug/stm32h7xx_it.o
 .ARM.attributes
                0x000005ca       0x32 build/debug/stm32h7xx_ll_usb.o
 .ARM.attributes
                0x000005fc       0x32 build/debug/sysmem.o
 .ARM.attributes
                0x0000062e       0x32 build/debug/system_stm32h7xx.o
 .ARM.attributes
                0x00000660       0x32 build/debug/tim.o
 .ARM.attributes
                0x00000692       0x32 build/debug/usb_device.o
 .ARM.attributes
                0x000006c4       0x32 build/debug/usbd_cdc.o
 .ARM.attributes
                0x000006f6       0x32 build/debug/usbd_cdc_if.o
 .ARM.attributes
                0x00000728       0x32 build/debug/usbd_conf.o
 .ARM.attributes
                0x0000075a       0x32 build/debug/usbd_core.o
 .ARM.attributes
                0x0000078c       0x32 build/debug/usbd_ctlreq.o
 .ARM.attributes
                0x000007be       0x32 build/debug/usbd_desc.o
 .ARM.attributes
                0x000007f0       0x32 build/debug/usbd_ioreq.o
 .ARM.attributes
                0x00000822       0x21 build/debug/startup_stm32h725xx.o
 .ARM.attributes
                0x00000843       0x32 c:/Users/thewo/AppData/Roaming/Code/User/globalStorage/bmd.stm32-for-vscode/@xpack-dev-tools/arm-none-eabi-gcc/14.2.1-1.1.1/.content/bin/../lib/gcc/arm-none-eabi/14.2.1/../../../../arm-none-eabi/lib/thumb/v7e-m+dp/hard\libc_nano.a(libc_a-findfp.o)
 .ARM.attributes
                0x00000875       0x32 c:/Users/thewo/AppData/Roaming/Code/User/globalStorage/bmd.stm32-for-vscode/@xpack-dev-tools/arm-none-eabi-gcc/14.2.1-1.1.1/.content/bin/../lib/gcc/arm-none-eabi/14.2.1/../../../../arm-none-eabi/lib/thumb/v7e-m+dp/hard\libc_nano.a(libc_a-snprintf.o)
 .ARM.attributes
                0x000008a7       0x32 c:/Users/thewo/AppData/Roaming/Code/User/globalStorage/bmd.stm32-for-vscode/@xpack-dev-tools/arm-none-eabi-gcc/14.2.1-1.1.1/.content/bin/../lib/gcc/arm-none-eabi/14.2.1/../../../../arm-none-eabi/lib/thumb/v7e-m+dp/hard\libc_nano.a(libc_a-memset.o)
 .ARM.attributes
                0x000008d9       0x32 c:/Users/thewo/AppData/Roaming/Code/User/globalStorage/bmd.stm32-for-vscode/@xpack-dev-tools/arm-none-eabi-gcc/14.2.1-1.1.1/.content/bin/../lib/gcc/arm-none-eabi/14.2.1/../../../../arm-none-eabi/lib/thumb/v7e-m+dp/hard\libc_nano.a(libc_a-reent.o)
 .ARM.attributes
                0x0000090b       0x32 c:/Users/thewo/AppData/Roaming/Code/User/globalStorage/bmd.stm32-for-vscode/@xpack-dev-tools/arm-none-eabi-gcc/14.2.1-1.1.1/.content/bin/../lib/gcc/arm-none-eabi/14.2.1/../../../../arm-none-eabi/lib/thumb/v7e-m+dp/hard\libc_nano.a(libc_a-impure.o)
 .ARM.attributes
                0x0000093d       0x32 c:/Users/thewo/AppData/Roaming/Code/User/globalStorage/bmd.stm32-for-vscode/@xpack-dev-tools/arm-none-eabi-gcc/14.2.1-1.1.1/.content/bin/../lib/gcc/arm-none-eabi/14.2.1/../../../../arm-none-eabi/lib/thumb/v7e-m+dp/hard\libc_nano.a(libc_a-errno.o)
 .ARM.attributes
                0x0000096f       0x32 c:/Users/thewo/AppData/Roaming/Code/User/globalStorage/bmd.stm32-for-vscode/@xpack-dev-tools/arm-none-eabi-gcc/14.2.1-1.1.1/.content/bin/../lib/gcc/arm-none-eabi/14.2.1/../../../../arm-none-eabi/lib/thumb/v7e-m+dp/hard\libc_nano.a(libc_a-init.o)
 .ARM.attributes
                0x000009a1       0x32 c:/Users/thewo/AppData/Roaming/Code/User/globalStorage/bmd.stm32-for-vscode/@xpack-dev-tools/arm-none-eabi-gcc/14.2.1-1.1.1/.content/bin/../lib/gcc/arm-none-eabi/14.2.1/../../../../arm-none-eabi/lib/thumb/v7e-m+dp/hard\libc_nano.a(libc_a-lock.o)
 .ARM.attributes
                0x000009d3       0x32 c:/Users/thewo/AppData/Roaming/Code/User/globalStorage/bmd.stm32-for-vscode/@xpack-dev-tools/arm-none-eabi-gcc/14.2.1-1.1.1/.content/bin/../lib/gcc/arm-none-eabi/14.2.1/../../../../arm-none-eabi/lib/thumb/v7e-m+dp/hard\libc_nano.a(libc_a-strcpy.o)
 .ARM.attributes
                0x00000a05       0x17 c:/Users/thewo/AppData/Roaming/Code/User/globalStorage/bmd.stm32-for-vscode/@xpack-dev-tools/arm-none-eabi-gcc/14.2.1-1.1.1/.content/bin/../lib/gcc/arm-none-eabi/14.2.1/../../../../arm-none-eabi/lib/thumb/v7e-m+dp/hard\libc_nano.a(libc_a-strlen.o)
 .ARM.attributes
                0x00000a1c       0x32 c:/Users/thewo/AppData/Roaming/Code/User/globalStorage/bmd.stm32-for-vscode/@xpack-dev-tools/arm-none-eabi-gcc/14.2.1-1.1.1/.content/bin/../lib/gcc/arm-none-eabi/14.2.1/../../../../arm-none-eabi/lib/thumb/v7e-m+dp/hard\libc_nano.a(libc_a-freer.o)
 .ARM.attributes
                0x00000a4e       0x32 c:/Users/thewo/AppData/Roaming/Code/User/globalStorage/bmd.stm32-for-vscode/@xpack-dev-tools/arm-none-eabi-gcc/14.2.1-1.1.1/.content/bin/../lib/gcc/arm-none-eabi/14.2.1/../../../../arm-none-eabi/lib/thumb/v7e-m+dp/hard\libc_nano.a(libc_a-mallocr.o)
 .ARM.attributes
                0x00000a80       0x32 c:/Users/thewo/AppData/Roaming/Code/User/globalStorage/bmd.stm32-for-vscode/@xpack-dev-tools/arm-none-eabi-gcc/14.2.1-1.1.1/.content/bin/../lib/gcc/arm-none-eabi/14.2.1/../../../../arm-none-eabi/lib/thumb/v7e-m+dp/hard\libc_nano.a(libc_a-mlock.o)
 .ARM.attributes
                0x00000ab2       0x32 c:/Users/thewo/AppData/Roaming/Code/User/globalStorage/bmd.stm32-for-vscode/@xpack-dev-tools/arm-none-eabi-gcc/14.2.1-1.1.1/.content/bin/../lib/gcc/arm-none-eabi/14.2.1/../../../../arm-none-eabi/lib/thumb/v7e-m+dp/hard\libc_nano.a(libc_a-nano-svfprintf.o)
 .ARM.attributes
                0x00000ae4       0x32 c:/Users/thewo/AppData/Roaming/Code/User/globalStorage/bmd.stm32-for-vscode/@xpack-dev-tools/arm-none-eabi-gcc/14.2.1-1.1.1/.content/bin/../lib/gcc/arm-none-eabi/14.2.1/../../../../arm-none-eabi/lib/thumb/v7e-m+dp/hard\libc_nano.a(libc_a-nano-vfprintf_i.o)
 .ARM.attributes
                0x00000b16       0x32 c:/Users/thewo/AppData/Roaming/Code/User/globalStorage/bmd.stm32-for-vscode/@xpack-dev-tools/arm-none-eabi-gcc/14.2.1-1.1.1/.content/bin/../lib/gcc/arm-none-eabi/14.2.1/../../../../arm-none-eabi/lib/thumb/v7e-m+dp/hard\libc_nano.a(libc_a-memmove.o)
 .ARM.attributes
                0x00000b48       0x32 c:/Users/thewo/AppData/Roaming/Code/User/globalStorage/bmd.stm32-for-vscode/@xpack-dev-tools/arm-none-eabi-gcc/14.2.1-1.1.1/.content/bin/../lib/gcc/arm-none-eabi/14.2.1/../../../../arm-none-eabi/lib/thumb/v7e-m+dp/hard\libc_nano.a(libc_a-sbrkr.o)
 .ARM.attributes
                0x00000b7a       0x1c c:/Users/thewo/AppData/Roaming/Code/User/globalStorage/bmd.stm32-for-vscode/@xpack-dev-tools/arm-none-eabi-gcc/14.2.1-1.1.1/.content/bin/../lib/gcc/arm-none-eabi/14.2.1/../../../../arm-none-eabi/lib/thumb/v7e-m+dp/hard\libc_nano.a(libc_a-memchr.o)
 .ARM.attributes
                0x00000b96       0x32 c:/Users/thewo/AppData/Roaming/Code/User/globalStorage/bmd.stm32-for-vscode/@xpack-dev-tools/arm-none-eabi-gcc/14.2.1-1.1.1/.content/bin/../lib/gcc/arm-none-eabi/14.2.1/../../../../arm-none-eabi/lib/thumb/v7e-m+dp/hard\libc_nano.a(libc_a-memcpy-stub.o)
 .ARM.attributes
                0x00000bc8       0x32 c:/Users/thewo/AppData/Roaming/Code/User/globalStorage/bmd.stm32-for-vscode/@xpack-dev-tools/arm-none-eabi-gcc/14.2.1-1.1.1/.content/bin/../lib/gcc/arm-none-eabi/14.2.1/../../../../arm-none-eabi/lib/thumb/v7e-m+dp/hard\libc_nano.a(libc_a-reallocr.o)
 .ARM.attributes
                0x00000bfa       0x32 c:/Users/thewo/AppData/Roaming/Code/User/globalStorage/bmd.stm32-for-vscode/@xpack-dev-tools/arm-none-eabi-gcc/14.2.1-1.1.1/.content/bin/../lib/gcc/arm-none-eabi/14.2.1/../../../../arm-none-eabi/lib/thumb/v7e-m+dp/hard\libc_nano.a(libc_a-msizer.o)
 .ARM.attributes
                0x00000c2c       0x20 c:/Users/thewo/AppData/Roaming/Code/User/globalStorage/bmd.stm32-for-vscode/@xpack-dev-tools/arm-none-eabi-gcc/14.2.1-1.1.1/.content/bin/../lib/gcc/arm-none-eabi/14.2.1/thumb/v7e-m+dp/hard/crtn.o

.comment        0x00000000       0x39
 .comment       0x00000000       0x39 c:/Users/thewo/AppData/Roaming/Code/User/globalStorage/bmd.stm32-for-vscode/@xpack-dev-tools/arm-none-eabi-gcc/14.2.1-1.1.1/.content/bin/../lib/gcc/arm-none-eabi/14.2.1/thumb/v7e-m+dp/hard/crtbegin.o
                                 0x3a (size before relaxing)
 .comment       0x00000039       0x3a build/debug/ADXL375.o
 .comment       0x00000039       0x3a build/debug/abstract.o
 .comment       0x00000039       0x3a build/debug/adc.o
 .comment       0x00000039       0x3a build/debug/cordic.o
 .comment       0x00000039       0x3a build/debug/fmac.o
 .comment       0x00000039       0x3a build/debug/gpio.o
 .comment       0x00000039       0x3a build/debug/i2c.o
 .comment       0x00000039       0x3a build/debug/main.o
 .comment       0x00000039       0x3a build/debug/spi.o
 .comment       0x00000039       0x3a build/debug/stm32h7xx_hal.o
 .comment       0x00000039       0x3a build/debug/stm32h7xx_hal_adc.o
 .comment       0x00000039       0x3a build/debug/stm32h7xx_hal_adc_ex.o
 .comment       0x00000039       0x3a build/debug/stm32h7xx_hal_cordic.o
 .comment       0x00000039       0x3a build/debug/stm32h7xx_hal_cortex.o
 .comment       0x00000039       0x3a build/debug/stm32h7xx_hal_fmac.o
 .comment       0x00000039       0x3a build/debug/stm32h7xx_hal_gpio.o
 .comment       0x00000039       0x3a build/debug/stm32h7xx_hal_i2c.o
 .comment       0x00000039       0x3a build/debug/stm32h7xx_hal_i2c_ex.o
 .comment       0x00000039       0x3a build/debug/stm32h7xx_hal_msp.o
 .comment       0x00000039       0x3a build/debug/stm32h7xx_hal_pcd.o
 .comment       0x00000039       0x3a build/debug/stm32h7xx_hal_pcd_ex.o
 .comment       0x00000039       0x3a build/debug/stm32h7xx_hal_pwr_ex.o
 .comment       0x00000039       0x3a build/debug/stm32h7xx_hal_rcc.o
 .comment       0x00000039       0x3a build/debug/stm32h7xx_hal_rcc_ex.o
 .comment       0x00000039       0x3a build/debug/stm32h7xx_hal_spi.o
 .comment       0x00000039       0x3a build/debug/stm32h7xx_hal_tim.o
 .comment       0x00000039       0x3a build/debug/stm32h7xx_hal_tim_ex.o
 .comment       0x00000039       0x3a build/debug/stm32h7xx_it.o
 .comment       0x00000039       0x3a build/debug/stm32h7xx_ll_usb.o
 .comment       0x00000039       0x3a build/debug/sysmem.o
 .comment       0x00000039       0x3a build/debug/system_stm32h7xx.o
 .comment       0x00000039       0x3a build/debug/tim.o
 .comment       0x00000039       0x3a build/debug/usb_device.o
 .comment       0x00000039       0x3a build/debug/usbd_cdc.o
 .comment       0x00000039       0x3a build/debug/usbd_cdc_if.o
 .comment       0x00000039       0x3a build/debug/usbd_conf.o
 .comment       0x00000039       0x3a build/debug/usbd_core.o
 .comment       0x00000039       0x3a build/debug/usbd_ctlreq.o
 .comment       0x00000039       0x3a build/debug/usbd_desc.o
 .comment       0x00000039       0x3a build/debug/usbd_ioreq.o
 .comment       0x00000039       0x3a c:/Users/thewo/AppData/Roaming/Code/User/globalStorage/bmd.stm32-for-vscode/@xpack-dev-tools/arm-none-eabi-gcc/14.2.1-1.1.1/.content/bin/../lib/gcc/arm-none-eabi/14.2.1/../../../../arm-none-eabi/lib/thumb/v7e-m+dp/hard\libc_nano.a(libc_a-findfp.o)
 .comment       0x00000039       0x3a c:/Users/thewo/AppData/Roaming/Code/User/globalStorage/bmd.stm32-for-vscode/@xpack-dev-tools/arm-none-eabi-gcc/14.2.1-1.1.1/.content/bin/../lib/gcc/arm-none-eabi/14.2.1/../../../../arm-none-eabi/lib/thumb/v7e-m+dp/hard\libc_nano.a(libc_a-snprintf.o)
 .comment       0x00000039       0x3a c:/Users/thewo/AppData/Roaming/Code/User/globalStorage/bmd.stm32-for-vscode/@xpack-dev-tools/arm-none-eabi-gcc/14.2.1-1.1.1/.content/bin/../lib/gcc/arm-none-eabi/14.2.1/../../../../arm-none-eabi/lib/thumb/v7e-m+dp/hard\libc_nano.a(libc_a-memset.o)
 .comment       0x00000039       0x3a c:/Users/thewo/AppData/Roaming/Code/User/globalStorage/bmd.stm32-for-vscode/@xpack-dev-tools/arm-none-eabi-gcc/14.2.1-1.1.1/.content/bin/../lib/gcc/arm-none-eabi/14.2.1/../../../../arm-none-eabi/lib/thumb/v7e-m+dp/hard\libc_nano.a(libc_a-reent.o)
 .comment       0x00000039       0x3a c:/Users/thewo/AppData/Roaming/Code/User/globalStorage/bmd.stm32-for-vscode/@xpack-dev-tools/arm-none-eabi-gcc/14.2.1-1.1.1/.content/bin/../lib/gcc/arm-none-eabi/14.2.1/../../../../arm-none-eabi/lib/thumb/v7e-m+dp/hard\libc_nano.a(libc_a-impure.o)
 .comment       0x00000039       0x3a c:/Users/thewo/AppData/Roaming/Code/User/globalStorage/bmd.stm32-for-vscode/@xpack-dev-tools/arm-none-eabi-gcc/14.2.1-1.1.1/.content/bin/../lib/gcc/arm-none-eabi/14.2.1/../../../../arm-none-eabi/lib/thumb/v7e-m+dp/hard\libc_nano.a(libc_a-errno.o)
 .comment       0x00000039       0x3a c:/Users/thewo/AppData/Roaming/Code/User/globalStorage/bmd.stm32-for-vscode/@xpack-dev-tools/arm-none-eabi-gcc/14.2.1-1.1.1/.content/bin/../lib/gcc/arm-none-eabi/14.2.1/../../../../arm-none-eabi/lib/thumb/v7e-m+dp/hard\libc_nano.a(libc_a-init.o)
 .comment       0x00000039       0x3a c:/Users/thewo/AppData/Roaming/Code/User/globalStorage/bmd.stm32-for-vscode/@xpack-dev-tools/arm-none-eabi-gcc/14.2.1-1.1.1/.content/bin/../lib/gcc/arm-none-eabi/14.2.1/../../../../arm-none-eabi/lib/thumb/v7e-m+dp/hard\libc_nano.a(libc_a-lock.o)
 .comment       0x00000039       0x3a c:/Users/thewo/AppData/Roaming/Code/User/globalStorage/bmd.stm32-for-vscode/@xpack-dev-tools/arm-none-eabi-gcc/14.2.1-1.1.1/.content/bin/../lib/gcc/arm-none-eabi/14.2.1/../../../../arm-none-eabi/lib/thumb/v7e-m+dp/hard\libc_nano.a(libc_a-strcpy.o)
 .comment       0x00000039       0x3a c:/Users/thewo/AppData/Roaming/Code/User/globalStorage/bmd.stm32-for-vscode/@xpack-dev-tools/arm-none-eabi-gcc/14.2.1-1.1.1/.content/bin/../lib/gcc/arm-none-eabi/14.2.1/../../../../arm-none-eabi/lib/thumb/v7e-m+dp/hard\libc_nano.a(libc_a-freer.o)