Archive member included to satisfy reference by file (symbol)

/usr/lib/gcc/arm-none-eabi/13.2.1/../../../arm-none-eabi/lib/thumb/v7e-m+dp/hard/libm.a(libm_a-pow.o)
                              build/debug/MS5607.o (pow)
/usr/lib/gcc/arm-none-eabi/13.2.1/../../../arm-none-eabi/lib/thumb/v7e-m+dp/hard/libm.a(libm_a-exp_data.o)
                              /usr/lib/gcc/arm-none-eabi/13.2.1/../../../arm-none-eabi/lib/thumb/v7e-m+dp/hard/libm.a(libm_a-pow.o) (__exp_data)
/usr/lib/gcc/arm-none-eabi/13.2.1/../../../arm-none-eabi/lib/thumb/v7e-m+dp/hard/libm.a(libm_a-pow_log_data.o)
                              /usr/lib/gcc/arm-none-eabi/13.2.1/../../../arm-none-eabi/lib/thumb/v7e-m+dp/hard/libm.a(libm_a-pow.o) (__pow_log_data)
/usr/lib/gcc/arm-none-eabi/13.2.1/../../../arm-none-eabi/lib/thumb/v7e-m+dp/hard/libm.a(libm_a-math_err.o)
                              /usr/lib/gcc/arm-none-eabi/13.2.1/../../../arm-none-eabi/lib/thumb/v7e-m+dp/hard/libm.a(libm_a-pow.o) (__math_uflow)
/usr/lib/gcc/arm-none-eabi/13.2.1/../../../arm-none-eabi/lib/thumb/v7e-m+dp/hard/libc_nano.a(libc_a-strcpy.o)
                              build/debug/abstract.o (strcpy)
/usr/lib/gcc/arm-none-eabi/13.2.1/../../../arm-none-eabi/lib/thumb/v7e-m+dp/hard/libc_nano.a(libc_a-init.o)
                              /usr/lib/gcc/arm-none-eabi/13.2.1/../../../arm-none-eabi/lib/thumb/v7e-m+dp/hard/crt0.o (__libc_init_array)
/usr/lib/gcc/arm-none-eabi/13.2.1/../../../arm-none-eabi/lib/thumb/v7e-m+dp/hard/libc_nano.a(libc_a-strlen.o)
                              build/debug/abstract.o (strlen)
/usr/lib/gcc/arm-none-eabi/13.2.1/../../../arm-none-eabi/lib/thumb/v7e-m+dp/hard/libc_nano.a(libc_a-memset.o)
                              /usr/lib/gcc/arm-none-eabi/13.2.1/../../../arm-none-eabi/lib/thumb/v7e-m+dp/hard/crt0.o (memset)
/usr/lib/gcc/arm-none-eabi/13.2.1/../../../arm-none-eabi/lib/thumb/v7e-m+dp/hard/libc_nano.a(libc_a-errno.o)
                              build/debug/syscalls.o (__errno)
/usr/lib/gcc/arm-none-eabi/13.2.1/../../../arm-none-eabi/lib/thumb/v7e-m+dp/hard/libc_nano.a(libc_a-nano-vfprintf_float.o)
                              (_printf_float)
/usr/lib/gcc/arm-none-eabi/13.2.1/../../../arm-none-eabi/lib/thumb/v7e-m+dp/hard/libc_nano.a(libc_a-dtoa.o)
                              /usr/lib/gcc/arm-none-eabi/13.2.1/../../../arm-none-eabi/lib/thumb/v7e-m+dp/hard/libc_nano.a(libc_a-nano-vfprintf_float.o) (_dtoa_r)
/usr/lib/gcc/arm-none-eabi/13.2.1/../../../arm-none-eabi/lib/thumb/v7e-m+dp/hard/libc_nano.a(libc_a-memcpy.o)
                              /usr/lib/gcc/arm-none-eabi/13.2.1/../../../arm-none-eabi/lib/thumb/v7e-m+dp/hard/libc_nano.a(libc_a-dtoa.o) (memcpy)
/usr/lib/gcc/arm-none-eabi/13.2.1/../../../arm-none-eabi/lib/thumb/v7e-m+dp/hard/libc_nano.a(libc_a-malloc.o)
                              /usr/lib/gcc/arm-none-eabi/13.2.1/../../../arm-none-eabi/lib/thumb/v7e-m+dp/hard/libc_nano.a(libc_a-dtoa.o) (malloc)
/usr/lib/gcc/arm-none-eabi/13.2.1/../../../arm-none-eabi/lib/thumb/v7e-m+dp/hard/libc_nano.a(libc_a-nano-vfprintf_i.o)
                              /usr/lib/gcc/arm-none-eabi/13.2.1/../../../arm-none-eabi/lib/thumb/v7e-m+dp/hard/libc_nano.a(libc_a-nano-vfprintf_float.o) (_printf_common)
/usr/lib/gcc/arm-none-eabi/13.2.1/../../../arm-none-eabi/lib/thumb/v7e-m+dp/hard/libc_nano.a(libc_a-exit.o)
                              /usr/lib/gcc/arm-none-eabi/13.2.1/../../../arm-none-eabi/lib/thumb/v7e-m+dp/hard/crt0.o (exit)
/usr/lib/gcc/arm-none-eabi/13.2.1/../../../arm-none-eabi/lib/thumb/v7e-m+dp/hard/libc_nano.a(libc_a-atexit.o)
                              /usr/lib/gcc/arm-none-eabi/13.2.1/../../../arm-none-eabi/lib/thumb/v7e-m+dp/hard/crt0.o (atexit)
/usr/lib/gcc/arm-none-eabi/13.2.1/../../../arm-none-eabi/lib/thumb/v7e-m+dp/hard/libc_nano.a(libc_a-fini.o)
                              /usr/lib/gcc/arm-none-eabi/13.2.1/../../../arm-none-eabi/lib/thumb/v7e-m+dp/hard/crt0.o (__libc_fini_array)
/usr/lib/gcc/arm-none-eabi/13.2.1/../../../arm-none-eabi/lib/thumb/v7e-m+dp/hard/libc_nano.a(libc_a-assert.o)
                              /usr/lib/gcc/arm-none-eabi/13.2.1/../../../arm-none-eabi/lib/thumb/v7e-m+dp/hard/libc_nano.a(libc_a-dtoa.o) (__assert_func)
/usr/lib/gcc/arm-none-eabi/13.2.1/../../../arm-none-eabi/lib/thumb/v7e-m+dp/hard/libc_nano.a(libc_a-mprec.o)
                              /usr/lib/gcc/arm-none-eabi/13.2.1/../../../arm-none-eabi/lib/thumb/v7e-m+dp/hard/libc_nano.a(libc_a-dtoa.o) (_Balloc)
/usr/lib/gcc/arm-none-eabi/13.2.1/../../../arm-none-eabi/lib/thumb/v7e-m+dp/hard/libc_nano.a(libc_a-impure.o)
                              /usr/lib/gcc/arm-none-eabi/13.2.1/../../../arm-none-eabi/lib/thumb/v7e-m+dp/hard/libc_nano.a(libc_a-errno.o) (_impure_ptr)
/usr/lib/gcc/arm-none-eabi/13.2.1/../../../arm-none-eabi/lib/thumb/v7e-m+dp/hard/libc_nano.a(libc_a-localeconv.o)
[...]
Memory Configuration

Name             Origin             Length             Attributes
DTCMRAM          0x20000000         0x00020000         xrw
RAM              0x24000000         0x00020000         xrw
RAM_D2           0x30000000         0x00008000         xrw
RAM_D3           0x38000000         0x00004000         xrw
ITCMRAM          0x00000000         0x00010000         xrw
FLASH            0x08000000         0x00100000         xr
*default*        0x00000000         0xffffffff

Linker script and memory map

LOAD /usr/lib/gcc/arm-none-eabi/13.2.1/thumb/v7e-m+dp/hard/crti.o
LOAD /usr/lib/gcc/arm-none-eabi/13.2.1/thumb/v7e-m+dp/hard/crtbegin.o
LOAD /usr/lib/gcc/arm-none-eabi/13.2.1/../../../arm-none-eabi/lib/thumb/v7e-m+dp/hard/crt0.o
LOAD build/debug/adc.o
LOAD build/debug/cordic.o
LOAD build/debug/fmac.o
LOAD build/debug/gpio.o
LOAD build/debug/i2c.o
LOAD build/debug/main.o
LOAD build/debug/memorymap.o
LOAD build/debug/spi.o
LOAD build/debug/stm32h7xx_hal.o
LOAD build/debug/stm32h7xx_hal_adc.o
LOAD build/debug/stm32h7xx_hal_adc_ex.o
LOAD build/debug/stm32h7xx_hal_cordic.o
LOAD build/debug/stm32h7xx_hal_cortex.o
LOAD build/debug/stm32h7xx_hal_dma.o
LOAD build/debug/stm32h7xx_hal_dma_ex.o
LOAD build/debug/stm32h7xx_hal_exti.o
LOAD build/debug/stm32h7xx_hal_flash.o
LOAD build/debug/stm32h7xx_hal_flash_ex.o
LOAD build/debug/stm32h7xx_hal_fmac.o
LOAD build/debug/stm32h7xx_hal_gpio.o
LOAD build/debug/stm32h7xx_hal_hsem.o
LOAD build/debug/stm32h7xx_hal_i2c.o
LOAD build/debug/stm32h7xx_hal_i2c_ex.o
LOAD build/debug/stm32h7xx_hal_mdma.o
LOAD build/debug/stm32h7xx_hal_msp.o
LOAD build/debug/stm32h7xx_hal_pcd.o
LOAD build/debug/stm32h7xx_hal_pcd_ex.o
LOAD build/debug/stm32h7xx_hal_pwr.o
LOAD build/debug/stm32h7xx_hal_pwr_ex.o
LOAD build/debug/stm32h7xx_hal_rcc.o
LOAD build/debug/stm32h7xx_hal_rcc_ex.o
LOAD build/debug/stm32h7xx_hal_spi.o
LOAD build/debug/stm32h7xx_hal_spi_ex.o
LOAD build/debug/stm32h7xx_hal_tim.o
LOAD build/debug/stm32h7xx_hal_tim_ex.o
LOAD build/debug/stm32h7xx_it.o
LOAD build/debug/stm32h7xx_ll_usb.o
LOAD build/debug/syscalls.o
LOAD build/debug/sysmem.o
LOAD build/debug/system_stm32h7xx.o
LOAD build/debug/tim.o
LOAD build/debug/usb_device.o
LOAD build/debug/usbd_cdc.o
LOAD build/debug/usbd_cdc_if.o
LOAD build/debug/usbd_conf.o
LOAD build/debug/usbd_core.o
LOAD build/debug/usbd_ctlreq.o
LOAD build/debug/usbd_desc.o
LOAD build/debug/usbd_ioreq.o
LOAD build/debug/ADXL375.o
LOAD build/debug/ICM42688.o
LOAD build/debug/MS5607.o
LOAD build/debug/abstract.o
LOAD build/debug/cpp_main.o
LOAD build/debug/startup_stm32h725xx.o
LOAD /usr/lib/gcc/arm-none-eabi/13.2.1/../../../arm-none-eabi/lib/thumb/v7e-m+dp/hard/libnosys.a
LOAD /usr/lib/gcc/arm-none-eabi/13.2.1/../../../arm-none-eabi/lib/thumb/v7e-m+dp/hard/libstdc++_nano.a
LOAD /usr/lib/gcc/arm-none-eabi/13.2.1/../../../arm-none-eabi/lib/thumb/v7e-m+dp/hard/libm.a
LOAD /usr/lib/gcc/arm-none-eabi/13.2.1/../../../arm-none-eabi/lib/thumb/v7e-m+dp/hard/libc_nano.a
START GROUP
LOAD /usr/lib/gcc/arm-none-eabi/13.2.1/thumb/v7e-m+dp/hard/libgcc.a
LOAD /usr/lib/gcc/arm-none-eabi/13.2.1/../../../arm-none-eabi/lib/thumb/v7e-m+dp/hard/libc_nano.a
END GROUP
START GROUP
LOAD /usr/lib/gcc/arm-none-eabi/13.2.1/thumb/v7e-m+dp/hard/libgcc.a
LOAD /usr/lib/gcc/arm-none-eabi/13.2.1/../../../arm-none-eabi/lib/thumb/v7e-m+dp/hard/libc_nano.a
END GROUP
LOAD /usr/lib/gcc/arm-none-eabi/13.2.1/thumb/v7e-m+dp/hard/crtend.o
LOAD /usr/lib/gcc/arm-none-eabi/13.2.1/thumb/v7e-m+dp/hard/crtn.o
                0x20020000                        _estack = (ORIGIN (DTCMRAM) + LENGTH (DTCMRAM))
                0x00000200                        _Min_Heap_Size = 0x200
                0x00000400                        _Min_Stack_Size = 0x400

.isr_vector     0x08000000      0x2cc
                0x08000000                        . = ALIGN (0x4)
 *(.isr_vector)
 .isr_vector    0x08000000      0x2cc build/debug/startup_stm32h725xx.o
                0x08000000                g_pfnVectors
                0x080002cc                        . = ALIGN (0x4)

.text           0x08000300     0xe9e4
                0x08000300                        . = ALIGN (0x4)
 *(.text)
 .text          0x08000300       0x88 /usr/lib/gcc/arm-none-eabi/13.2.1/thumb/v7e-m+dp/hard/crtbegin.o
 .text          0x08000388      0x198 build/debug/ADXL375.o
                0x08000388                ADXL375::ADXL375(__I2C_HandleTypeDef*, unsigned char, signed char*)
                0x08000388                ADXL375::ADXL375(__I2C_HandleTypeDef*, unsigned char, signed char*)
                0x080003b4                ADXL375::ReadReg(unsigned char, unsigned char*, unsigned char)
                0x080003d2                ADXL375::ReadAccel()
                0x08000464                ADXL375::WriteReg(unsigned char, unsigned char*)
                0x08000484                ADXL375::Init()
 .text          0x08000520      0x274 build/debug/MS5607.o
                0x08000520                MS5607::MS5607(__I2C_HandleTypeDef*, unsigned char)
                0x08000520                MS5607::MS5607(__I2C_HandleTypeDef*, unsigned char)
                0x08000532                MS5607::ReadRegs(unsigned char, unsigned char*, unsigned short)
                0x08000550                MS5607::Init()
                0x080005ba                MS5607::Convert()
                0x080006a4                MS5607::GetData()
 .text          0x08000794       0xa8 build/debug/abstract.o
                0x08000794                SerialPrint(unsigned char*)
                0x080007a6                SerialPrintln(unsigned char*)
                0x080007f4                i2cRead(unsigned char, unsigned char, unsigned char*, unsigned char)
                0x08000818                i2cWrite(unsigned char, unsigned char, unsigned char*, unsigned char)
 .text          0x0800083c       0x84 build/debug/cpp_main.o
                0x0800083c                cpp_main
 .text          0x080008c0      0x5d8 /usr/lib/gcc/arm-none-eabi/13.2.1/../../../arm-none-eabi/lib/thumb/v7e-m+dp/hard/libm.a(libm_a-pow.o)
                0x080008c0                pow
 .text          0x08000e98       0xf0 /usr/lib/gcc/arm-none-eabi/13.2.1/../../../arm-none-eabi/lib/thumb/v7e-m+dp/hard/libm.a(libm_a-math_err.o)
                0x08000ed4                __math_uflow
                0x08000ee8                __math_may_uflow
                0x08000ef8                __math_oflow
                0x08000f08                __math_divzero
                0x08000f38                __math_invalid
                0x08000f54                __math_check_uflow
                0x08000f64                __math_check_oflow
 .text          0x08000f88       0xbc /usr/lib/gcc/arm-none-eabi/13.2.1/../../../arm-none-eabi/lib/thumb/v7e-m+dp/hard/libc_nano.a(libc_a-strcpy.o)
                0x08000f88                strcpy
 .text          0x08001044       0x50 /usr/lib/gcc/arm-none-eabi/13.2.1/../../../arm-none-eabi/lib/thumb/v7e-m+dp/hard/libc_nano.a(libc_a-init.o)
                0x08001044                __libc_init_array
 *fill*         0x08001094       0x2c 
 .text          0x080010c0       0xd8 /usr/lib/gcc/arm-none-eabi/13.2.1/../../../arm-none-eabi/lib/thumb/v7e-m+dp/hard/libc_nano.a(libc_a-strlen.o)
                0x080010c0                strlen
 .text          0x08001198       0xa4 /usr/lib/gcc/arm-none-eabi/13.2.1/../../../arm-none-eabi/lib/thumb/v7e-m+dp/hard/libc_nano.a(libc_a-memset.o)
                0x08001198                memset
 .text          0x0800123c        0xc /usr/lib/gcc/arm-none-eabi/13.2.1/../../../arm-none-eabi/lib/thumb/v7e-m+dp/hard/libc_nano.a(libc_a-errno.o)
                0x0800123c                __errno
 .text          0x08001248      0x650 /usr/lib/gcc/arm-none-eabi/13.2.1/../../../arm-none-eabi/lib/thumb/v7e-m+dp/hard/libc_nano.a(libc_a-nano-vfprintf_float.o)
                0x08001248                __cvt
                0x08001340                __exponent
                0x080013c4                _printf_float
 .text          0x08001898      0xe00 /usr/lib/gcc/arm-none-eabi/13.2.1/../../../arm-none-eabi/lib/thumb/v7e-m+dp/hard/libc_nano.a(libc_a-dtoa.o)
                0x080019c4                _dtoa_r
 .text          0x08002698      0x134 /usr/lib/gcc/arm-none-eabi/13.2.1/../../../arm-none-eabi/lib/thumb/v7e-m+dp/hard/libc_nano.a(libc_a-memcpy.o)
                0x08002698                memcpy
 .text          0x080027cc       0x20 /usr/lib/gcc/arm-none-eabi/13.2.1/../../../arm-none-eabi/lib/thumb/v7e-m+dp/hard/libc_nano.a(libc_a-malloc.o)
                0x080027cc                malloc
                0x080027dc                free
 .text          0x080027ec      0x3a8 /usr/lib/gcc/arm-none-eabi/13.2.1/../../../arm-none-eabi/lib/thumb/v7e-m+dp/hard/libc_nano.a(libc_a-nano-vfprintf_i.o)
                0x080027ec                _printf_common
                0x08002910                _printf_i
 .text          0x08002b94       0x4c /usr/lib/gcc/arm-none-eabi/13.2.1/../../../arm-none-eabi/lib/thumb/v7e-m+dp/hard/libc_nano.a(libc_a-assert.o)
                0x08002b94                __assert_func
                0x08002bd4                __assert
 .text          0x08002be0      0xafc /usr/lib/gcc/arm-none-eabi/13.2.1/../../../arm-none-eabi/lib/thumb/v7e-m+dp/hard/libc_nano.a(libc_a-mprec.o)
                0x08002be0                _Balloc
                0x08002c60                _Bfree
                0x08002ca8                __multadd
                0x08002d44                __s2b
                0x08002df8                __hi0bits
                0x08002e3c                __lo0bits
                0x08002e9c                __i2b
                0x08002ec8                __multiply
                0x08003034                __pow5mult
                0x08003114                __lshift
                0x080031fc                __mcmp
                0x08003240                __mdiff
                0x080033b8                __ulp
                0x0800341c                __b2d
                0x080034d8                __d2b
                0x08003598                __ratio
                0x080035fc                _mprec_log10
                0x08003624                __copybits
                0x08003680                __any_on
 .text          0x080036dc       0x14 /usr/lib/gcc/arm-none-eabi/13.2.1/../../../arm-none-eabi/lib/thumb/v7e-m+dp/hard/libc_nano.a(libc_a-localeconv.o)
                0x080036dc                __localeconv_l
                0x080036e0                _localeconv_r
                0x080036e8                localeconv
 .text          0x080036f0      0x224 /usr/lib/gcc/arm-none-eabi/13.2.1/../../../arm-none-eabi/lib/thumb/v7e-m+dp/hard/libc_nano.a(libc_a-findfp.o)
                0x08003820                __sfp
                0x080038c4                __sinit
                0x080038e4                __sfp_lock_acquire
                0x080038e8                __sfp_lock_release
                0x080038ec                __fp_lock_all
                0x08003900                __fp_unlock_all
 .text          0x08003914       0x10 /usr/lib/gcc/arm-none-eabi/13.2.1/../../../arm-none-eabi/lib/thumb/v7e-m+dp/hard/libc_nano.a(libc_a-abort.o)
                0x08003914                abort
 .text          0x08003924      0x1a8 /usr/lib/gcc/arm-none-eabi/13.2.1/../../../arm-none-eabi/lib/thumb/v7e-m+dp/hard/libc_nano.a(libc_a-fflush.o)
                0x08003924                __sflush_r
                0x08003a48                _fflush_r
                0x08003a80                fflush
 .text          0x08003acc       0x28 /usr/lib/gcc/arm-none-eabi/13.2.1/../../../arm-none-eabi/lib/thumb/v7e-m+dp/hard/libc_nano.a(libc_a-callocr.o)
                0x08003acc                _calloc_r
 .text          0x08003af4      0x148 /usr/lib/gcc/arm-none-eabi/13.2.1/../../../arm-none-eabi/lib/thumb/v7e-m+dp/hard/libc_nano.a(libc_a-mallocr.o)
                0x08003b3c                _malloc_r
 .text          0x08003c3c       0xbc /usr/lib/gcc/arm-none-eabi/13.2.1/../../../arm-none-eabi/lib/thumb/v7e-m+dp/hard/libc_nano.a(libc_a-freer.o)
                0x08003c3c                _free_r
 .text          0x08003cf8       0x44 /usr/lib/gcc/arm-none-eabi/13.2.1/../../../arm-none-eabi/lib/thumb/v7e-m+dp/hard/libc_nano.a(libc_a-fwalk.o)
                0x08003cf8                _fwalk_sglue
 .text          0x08003d3c       0x30 /usr/lib/gcc/arm-none-eabi/13.2.1/../../../arm-none-eabi/lib/thumb/v7e-m+dp/hard/libc_nano.a(libc_a-wctomb_r.o)
                0x08003d3c                _wctomb_r
                0x08003d50                __ascii_wctomb
 *fill*         0x08003d6c        0x4 
 .text          0x08003d70       0xa0 /usr/lib/gcc/arm-none-eabi/13.2.1/../../../arm-none-eabi/lib/thumb/v7e-m+dp/hard/libc_nano.a(libc_a-memchr.o)
                0x08003d70                memchr
 .text          0x08003e10       0x44 /usr/lib/gcc/arm-none-eabi/13.2.1/../../../arm-none-eabi/lib/thumb/v7e-m+dp/hard/libc_nano.a(libc_a-fprintf.o)
                0x08003e10                _fprintf_r
                0x08003e10                _fiprintf_r
                0x08003e2c                fprintf
                0x08003e2c                fiprintf
 .text          0x08003e54        0x8 /usr/lib/gcc/arm-none-eabi/13.2.1/../../../arm-none-eabi/lib/thumb/v7e-m+dp/hard/libc_nano.a(libc_a-mlock.o)
                0x08003e54                __malloc_lock
                0x08003e58                __malloc_unlock
 .text          0x08003e5c      0x314 /usr/lib/gcc/arm-none-eabi/13.2.1/../../../arm-none-eabi/lib/thumb/v7e-m+dp/hard/libc_nano.a(libc_a-nano-vfprintf.o)
                0x08003e98                __sfputs_r
                0x08003ec8                __sprint_r
                0x08003ee8                _vfiprintf_r
                0x08003ee8                _vfprintf_r
                0x08004154                vfiprintf
                0x08004154                vfprintf
 .text          0x08004170       0xa0 /usr/lib/gcc/arm-none-eabi/13.2.1/../../../arm-none-eabi/lib/thumb/v7e-m+dp/hard/libc_nano.a(libc_a-wbuf.o)
                0x08004170                __swbuf_r
                0x080041f8                __swbuf
 .text          0x08004210       0x24 /usr/lib/gcc/arm-none-eabi/13.2.1/../../../arm-none-eabi/lib/thumb/v7e-m+dp/hard/libc_nano.a(libc_a-sbrkr.o)
                0x08004210                _sbrk_r
 .text          0x08004234       0x94 /usr/lib/gcc/arm-none-eabi/13.2.1/../../../arm-none-eabi/lib/thumb/v7e-m+dp/hard/libc_nano.a(libc_a-stdio.o)
                0x08004234                __sread
                0x08004258                __seofread
                0x0800425c                __swrite
                0x0800429c                __sseek
                0x080042c0                __sclose
 .text          0x080042c8      0x300 /usr/lib/gcc/arm-none-eabi/13.2.1/../../../arm-none-eabi/lib/thumb/v7e-m+dp/hard/libc_nano.a(libc_a-fvwrite.o)
                0x080042c8                __sfvwrite_r
 .text          0x080045c8       0x40 /usr/lib/gcc/arm-none-eabi/13.2.1/../../../arm-none-eabi/lib/thumb/v7e-m+dp/hard/libc_nano.a(libc_a-mbtowc_r.o)
                0x080045c8                _mbtowc_r
                0x080045dc                __ascii_mbtowc
 .text          0x08004608      0x260 /usr/lib/gcc/arm-none-eabi/13.2.1/../../../arm-none-eabi/lib/thumb/v7e-m+dp/hard/libc_nano.a(libc_a-signal.o)
                0x08004608                _init_signal_r
                0x08004634                _signal_r
                0x08004680                _raise_r
                0x080046d0                __sigtramp_r
                0x08004730                raise
                0x08004784                signal
                0x080047d0                _init_signal
                0x08004804                __sigtramp
 .text          0x08004868       0x24 /usr/lib/gcc/arm-none-eabi/13.2.1/../../../arm-none-eabi/lib/thumb/v7e-m+dp/hard/libc_nano.a(libc_a-closer.o)
                0x08004868                _close_r
 .text          0x0800488c      0x100 /usr/lib/gcc/arm-none-eabi/13.2.1/../../../arm-none-eabi/lib/thumb/v7e-m+dp/hard/libc_nano.a(libc_a-memmove.o)
                0x0800488c                memmove
 .text          0x0800498c       0xc4 /usr/lib/gcc/arm-none-eabi/13.2.1/../../../arm-none-eabi/lib/thumb/v7e-m+dp/hard/libc_nano.a(libc_a-wsetup.o)
                0x0800498c                __swsetup_r
 .text          0x08004a50       0x2c /usr/lib/gcc/arm-none-eabi/13.2.1/../../../arm-none-eabi/lib/thumb/v7e-m+dp/hard/libc_nano.a(libc_a-readr.o)
                0x08004a50                _read_r
 .text          0x08004a7c       0x64 /usr/lib/gcc/arm-none-eabi/13.2.1/../../../arm-none-eabi/lib/thumb/v7e-m+dp/hard/libc_nano.a(libc_a-reallocr.o)
                0x08004a7c                _realloc_r
 .text          0x08004ae0      0x114 /usr/lib/gcc/arm-none-eabi/13.2.1/../../../arm-none-eabi/lib/thumb/v7e-m+dp/hard/libc_nano.a(libc_a-makebuf.o)
                0x08004ae0                __smakebuf_r
                0x08004ba4                __swhatbuf_r
 .text          0x08004bf4       0x2c /usr/lib/gcc/arm-none-eabi/13.2.1/../../../arm-none-eabi/lib/thumb/v7e-m+dp/hard/libc_nano.a(libc_a-lseekr.o)
                0x08004bf4                _lseek_r
 .text          0x08004c20       0x2c /usr/lib/gcc/arm-none-eabi/13.2.1/../../../arm-none-eabi/lib/thumb/v7e-m+dp/hard/libc_nano.a(libc_a-writer.o)
                0x08004c20                _write_r
 .text          0x08004c4c       0x24 /usr/lib/gcc/arm-none-eabi/13.2.1/../../../arm-none-eabi/lib/thumb/v7e-m+dp/hard/libc_nano.a(libc_a-isattyr.o)
                0x08004c4c                _isatty_r
 .text          0x08004c70       0x10 /usr/lib/gcc/arm-none-eabi/13.2.1/../../../arm-none-eabi/lib/thumb/v7e-m+dp/hard/libc_nano.a(libc_a-msizer.o)
                0x08004c70                _malloc_usable_size_r
 .text          0x08004c80       0x30 /usr/lib/gcc/arm-none-eabi/13.2.1/../../../arm-none-eabi/lib/thumb/v7e-m+dp/hard/libc_nano.a(libc_a-signalr.o)
                0x08004c80                _kill_r
                0x08004cac                _getpid_r
 .text          0x08004cb0       0x2c /usr/lib/gcc/arm-none-eabi/13.2.1/../../../arm-none-eabi/lib/thumb/v7e-m+dp/hard/libc_nano.a(libc_a-fstatr.o)
                0x08004cb0                _fstat_r
 *(.text*)
 .text.MX_ADC1_Init
                0x08004cdc       0xa0 build/debug/adc.o
                0x08004cdc                MX_ADC1_Init
 .text.HAL_ADC_MspInit
                0x08004d7c      0x100 build/debug/adc.o
                0x08004d7c                HAL_ADC_MspInit
 .text.MX_CORDIC_Init
                0x08004e7c       0x20 build/debug/cordic.o
                0x08004e7c                MX_CORDIC_Init
 .text.HAL_CORDIC_MspInit
                0x08004e9c       0x30 build/debug/cordic.o
                0x08004e9c                HAL_CORDIC_MspInit
 .text.MX_FMAC_Init
                0x08004ecc       0x20 build/debug/fmac.o
                0x08004ecc                MX_FMAC_Init
 .text.HAL_FMAC_MspInit
                0x08004eec       0x34 build/debug/fmac.o
                0x08004eec                HAL_FMAC_MspInit
 .text.MX_GPIO_Init
                0x08004f20      0x1a8 build/debug/gpio.o
                0x08004f20                MX_GPIO_Init
 .text.MX_I2C3_Init
                0x080050c8       0x58 build/debug/i2c.o
                0x080050c8                MX_I2C3_Init
 .text.HAL_I2C_MspInit
                0x08005120       0xa8 build/debug/i2c.o
                0x08005120                HAL_I2C_MspInit
 .text.Error_Handler
                0x080051c8        0x4 build/debug/main.o
                0x080051c8                Error_Handler
 .text.SystemClock_Config
                0x080051cc       0xa8 build/debug/main.o
                0x080051cc                SystemClock_Config
 .text.PeriphCommonClock_Config
                0x08005274       0x4c build/debug/main.o
                0x08005274                PeriphCommonClock_Config
 .text.main     0x080052c0       0x3c build/debug/main.o
                0x080052c0                main
 .text.assert_failed
                0x080052fc        0x2 build/debug/main.o
                0x080052fc                assert_failed
 *fill*         0x080052fe        0x2 
 .text.MX_SPI1_Init
                0x08005300       0x58 build/debug/spi.o
                0x08005300                MX_SPI1_Init
 .text.MX_SPI2_Init
                0x08005358       0x58 build/debug/spi.o
                0x08005358                MX_SPI2_Init
 .text.HAL_SPI_MspInit
                0x080053b0       0xc8 build/debug/spi.o
                0x080053b0                HAL_SPI_MspInit
 .text.HAL_InitTick
                0x08005478       0x50 build/debug/stm32h7xx_hal.o
                0x08005478                HAL_InitTick
 .text.HAL_Init
                0x080054c8       0x5c build/debug/stm32h7xx_hal.o
                0x080054c8                HAL_Init
 .text.HAL_IncTick
                0x08005524       0x18 build/debug/stm32h7xx_hal.o
                0x08005524                HAL_IncTick
 .text.HAL_GetTick
                0x0800553c        0xc build/debug/stm32h7xx_hal.o
                0x0800553c                HAL_GetTick
 .text.HAL_Delay
                0x08005548       0x28 build/debug/stm32h7xx_hal.o
                0x08005548                HAL_Delay
 .text.HAL_SYSCFG_AnalogSwitchConfig
                0x08005570       0x30 build/debug/stm32h7xx_hal.o
                0x08005570                HAL_SYSCFG_AnalogSwitchConfig
 .text.LL_ADC_SetOffset
                0x080055a0       0x40 build/debug/stm32h7xx_hal_adc.o
 .text.LL_ADC_SetOffsetState
                0x080055e0       0x30 build/debug/stm32h7xx_hal_adc.o
 .text.LL_ADC_REG_SetSequencerRanks
                0x08005610       0x30 build/debug/stm32h7xx_hal_adc.o
 .text.LL_ADC_SetChannelSamplingTime
                0x08005640       0x2c build/debug/stm32h7xx_hal_adc.o
 .text.LL_ADC_SetChannelSingleDiff
                0x0800566c       0x58 build/debug/stm32h7xx_hal_adc.o
 .text.LL_ADC_SetChannelPreselection
                0x080056c4       0x38 build/debug/stm32h7xx_hal_adc.o
 .text.HAL_ADC_ConfigChannel
                0x080056fc      0xac0 build/debug/stm32h7xx_hal_adc.o
                0x080056fc                HAL_ADC_ConfigChannel
 .text.ADC_ConfigureBoostMode
                0x080061bc      0x130 build/debug/stm32h7xx_hal_adc.o
                0x080061bc                ADC_ConfigureBoostMode
 .text.HAL_ADC_Init
                0x080062ec      0x648 build/debug/stm32h7xx_hal_adc.o
                0x080062ec                HAL_ADC_Init
 .text.HAL_ADCEx_MultiModeConfigChannel
                0x08006934      0x1e4 build/debug/stm32h7xx_hal_adc_ex.o
                0x08006934                HAL_ADCEx_MultiModeConfigChannel
 .text.HAL_CORDIC_Init
                0x08006b18       0x4c build/debug/stm32h7xx_hal_cordic.o
                0x08006b18                HAL_CORDIC_Init
 .text.__NVIC_EnableIRQ
                0x08006b64       0x1c build/debug/stm32h7xx_hal_cortex.o
 .text.__NVIC_SetPriority
                0x08006b80       0x24 build/debug/stm32h7xx_hal_cortex.o
 .text.NVIC_EncodePriority
                0x08006ba4       0x3e build/debug/stm32h7xx_hal_cortex.o
 *fill*         0x08006be2        0x2 
 .text.HAL_NVIC_SetPriorityGrouping
                0x08006be4       0x3c build/debug/stm32h7xx_hal_cortex.o
                0x08006be4                HAL_NVIC_SetPriorityGrouping
 .text.HAL_NVIC_SetPriority
                0x08006c20       0x48 build/debug/stm32h7xx_hal_cortex.o
                0x08006c20                HAL_NVIC_SetPriority
 .text.HAL_NVIC_EnableIRQ
                0x08006c68       0x1c build/debug/stm32h7xx_hal_cortex.o
                0x08006c68                HAL_NVIC_EnableIRQ
 .text.HAL_SYSTICK_Config
                0x08006c84       0x28 build/debug/stm32h7xx_hal_cortex.o
                0x08006c84                HAL_SYSTICK_Config
 .text.FMAC_ResetInputStateAndDataPointers
                0x08006cac       0x10 build/debug/stm32h7xx_hal_fmac.o
 .text.FMAC_ResetOutputStateAndDataPointers
                0x08006cbc       0x10 build/debug/stm32h7xx_hal_fmac.o
 .text.FMAC_ResetDataPointers
                0x08006ccc       0x10 build/debug/stm32h7xx_hal_fmac.o
 .text.FMAC_Reset
                0x08006cdc       0x3c build/debug/stm32h7xx_hal_fmac.o
 .text.HAL_FMAC_Init
                0x08006d18       0x6c build/debug/stm32h7xx_hal_fmac.o
                0x08006d18                HAL_FMAC_Init
 .text.HAL_GPIO_Init
                0x08006d84      0x37c build/debug/stm32h7xx_hal_gpio.o
                0x08006d84                HAL_GPIO_Init
 .text.HAL_GPIO_WritePin
                0x08007100       0x38 build/debug/stm32h7xx_hal_gpio.o
                0x08007100                HAL_GPIO_WritePin
 .text.I2C_Flush_TXDR
                0x08007138       0x22 build/debug/stm32h7xx_hal_i2c.o
 *fill*         0x0800715a        0x2 
 .text.I2C_TransferConfig
                0x0800715c       0xd0 build/debug/stm32h7xx_hal_i2c.o
 .text.I2C_IsErrorOccurred
                0x0800722c      0x118 build/debug/stm32h7xx_hal_i2c.o
 .text.I2C_WaitOnTXISFlagUntilTimeout
                0x08007344       0x60 build/debug/stm32h7xx_hal_i2c.o
 .text.I2C_WaitOnFlagUntilTimeout
                0x080073a4       0x7c build/debug/stm32h7xx_hal_i2c.o
 .text.I2C_RequestMemoryWrite
                0x08007420       0x7c build/debug/stm32h7xx_hal_i2c.o
 .text.I2C_RequestMemoryRead
                0x0800749c       0x78 build/debug/stm32h7xx_hal_i2c.o
 .text.I2C_WaitOnSTOPFlagUntilTimeout
                0x08007514       0x5e build/debug/stm32h7xx_hal_i2c.o
 *fill*         0x08007572        0x2 
 .text.HAL_I2C_Init
                0x08007574      0x1a0 build/debug/stm32h7xx_hal_i2c.o
                0x08007574                HAL_I2C_Init
 .text.HAL_I2C_Master_Transmit
                0x08007714      0x1a4 build/debug/stm32h7xx_hal_i2c.o
                0x08007714                HAL_I2C_Master_Transmit
 .text.HAL_I2C_Mem_Write
                0x080078b8      0x1c4 build/debug/stm32h7xx_hal_i2c.o
                0x080078b8                HAL_I2C_Mem_Write
 .text.HAL_I2C_Mem_Read
                0x08007a7c      0x1c8 build/debug/stm32h7xx_hal_i2c.o
                0x08007a7c                HAL_I2C_Mem_Read
 .text.HAL_I2CEx_ConfigAnalogFilter
                0x08007c44       0xb4 build/debug/stm32h7xx_hal_i2c_ex.o
                0x08007c44                HAL_I2CEx_ConfigAnalogFilter
 .text.HAL_I2CEx_ConfigDigitalFilter
                0x08007cf8       0xa8 build/debug/stm32h7xx_hal_i2c_ex.o
                0x08007cf8                HAL_I2CEx_ConfigDigitalFilter
 .text.HAL_MspInit
                0x08007da0       0x24 build/debug/stm32h7xx_hal_msp.o
                0x08007da0                HAL_MspInit
 .text.PCD_WriteEmptyTxFifo
                0x08007dc4       0xd0 build/debug/stm32h7xx_hal_pcd.o
 .text.HAL_PCD_Init
                0x08007e94      0x120 build/debug/stm32h7xx_hal_pcd.o
                0x08007e94                HAL_PCD_Init
 .text.HAL_PCD_Start
                0x08007fb4       0x44 build/debug/stm32h7xx_hal_pcd.o
                0x08007fb4                HAL_PCD_Start
 .text.PCD_EP_OutXfrComplete_int
                0x08007ff8      0x104 build/debug/stm32h7xx_hal_pcd.o
 .text.PCD_EP_OutSetupPacket_int
                0x080080fc       0x50 build/debug/stm32h7xx_hal_pcd.o
 .text.HAL_PCD_SetAddress
                0x0800814c       0x26 build/debug/stm32h7xx_hal_pcd.o
                0x0800814c                HAL_PCD_SetAddress
 .text.HAL_PCD_EP_Open
                0x08008172       0x8c build/debug/stm32h7xx_hal_pcd.o
                0x08008172                HAL_PCD_EP_Open
 .text.HAL_PCD_EP_Close
                0x080081fe       0x70 build/debug/stm32h7xx_hal_pcd.o
                0x080081fe                HAL_PCD_EP_Close
 .text.HAL_PCD_EP_Receive
                0x0800826e       0x4a build/debug/stm32h7xx_hal_pcd.o
                0x0800826e                HAL_PCD_EP_Receive
 .text.HAL_PCD_EP_GetRxCount
                0x080082b8       0x12 build/debug/stm32h7xx_hal_pcd.o
                0x080082b8                HAL_PCD_EP_GetRxCount
 .text.HAL_PCD_EP_Transmit
                0x080082ca       0x4a build/debug/stm32h7xx_hal_pcd.o
                0x080082ca                HAL_PCD_EP_Transmit
 .text.HAL_PCD_EP_SetStall
                0x08008314       0x86 build/debug/stm32h7xx_hal_pcd.o
                0x08008314                HAL_PCD_EP_SetStall
 .text.HAL_PCD_EP_ClrStall
                0x0800839a       0x74 build/debug/stm32h7xx_hal_pcd.o
                0x0800839a                HAL_PCD_EP_ClrStall
 .text.HAL_PCD_EP_Abort
                0x0800840e       0x34 build/debug/stm32h7xx_hal_pcd.o
                0x0800840e                HAL_PCD_EP_Abort
 .text.HAL_PCD_IRQHandler
                0x08008442      0x600 build/debug/stm32h7xx_hal_pcd.o
                0x08008442                HAL_PCD_IRQHandler
 .text.HAL_PCDEx_SetTxFiFo
                0x08008a42       0x4c build/debug/stm32h7xx_hal_pcd_ex.o
                0x08008a42                HAL_PCDEx_SetTxFiFo
 .text.HAL_PCDEx_SetRxFiFo
                0x08008a8e        0x8 build/debug/stm32h7xx_hal_pcd_ex.o
                0x08008a8e                HAL_PCDEx_SetRxFiFo
 *fill*         0x08008a96        0x2 
 .text.HAL_PCDEx_ActivateLPM
                0x08008a98       0x28 build/debug/stm32h7xx_hal_pcd_ex.o
                0x08008a98                HAL_PCDEx_ActivateLPM
 .text.HAL_PCDEx_LPM_Callback
                0x08008ac0        0x2 build/debug/stm32h7xx_hal_pcd_ex.o
                0x08008ac0                HAL_PCDEx_LPM_Callback
 *fill*         0x08008ac2        0x2 
 .text.HAL_PWREx_ConfigSupply
                0x08008ac4       0xdc build/debug/stm32h7xx_hal_pwr_ex.o
                0x08008ac4                HAL_PWREx_ConfigSupply
 .text.HAL_PWREx_EnableUSBVoltageDetector
                0x08008ba0       0x10 build/debug/stm32h7xx_hal_pwr_ex.o
                0x08008ba0                HAL_PWREx_EnableUSBVoltageDetector
 .text.HAL_RCC_OscConfig
                0x08008bb0      0x7a4 build/debug/stm32h7xx_hal_rcc.o
                0x08008bb0                HAL_RCC_OscConfig
 .text.HAL_RCC_GetSysClockFreq
                0x08009354      0x1f8 build/debug/stm32h7xx_hal_rcc.o
                0x08009354                HAL_RCC_GetSysClockFreq
 .text.HAL_RCC_ClockConfig
                0x0800954c      0x488 build/debug/stm32h7xx_hal_rcc.o
                0x0800954c                HAL_RCC_ClockConfig
 .text.HAL_RCC_GetHCLKFreq
                0x080099d4       0x44 build/debug/stm32h7xx_hal_rcc.o
                0x080099d4                HAL_RCC_GetHCLKFreq
 .text.HAL_RCC_GetPCLK1Freq
                0x08009a18       0x24 build/debug/stm32h7xx_hal_rcc.o
                0x08009a18                HAL_RCC_GetPCLK1Freq
 .text.RCCEx_PLL2_Config
                0x08009a3c      0x1bc build/debug/stm32h7xx_hal_rcc_ex.o
 .text.RCCEx_PLL3_Config
                0x08009bf8      0x1c4 build/debug/stm32h7xx_hal_rcc_ex.o
 .text.HAL_RCCEx_PeriphCLKConfig
                0x08009dbc      0xd10 build/debug/stm32h7xx_hal_rcc_ex.o
                0x08009dbc                HAL_RCCEx_PeriphCLKConfig
 .text.HAL_RCCEx_GetD3PCLK1Freq
                0x0800aacc       0x24 build/debug/stm32h7xx_hal_rcc_ex.o
                0x0800aacc                HAL_RCCEx_GetD3PCLK1Freq
 .text.HAL_RCCEx_GetPLL2ClockFreq
                0x0800aaf0      0x200 build/debug/stm32h7xx_hal_rcc_ex.o
                0x0800aaf0                HAL_RCCEx_GetPLL2ClockFreq
 .text.HAL_RCCEx_GetPLL3ClockFreq
                0x0800acf0      0x200 build/debug/stm32h7xx_hal_rcc_ex.o
                0x0800acf0                HAL_RCCEx_GetPLL3ClockFreq
 .text.HAL_RCCEx_GetPLL1ClockFreq
                0x0800aef0      0x200 build/debug/stm32h7xx_hal_rcc_ex.o
                0x0800aef0                HAL_RCCEx_GetPLL1ClockFreq
 .text.HAL_RCCEx_GetPeriphCLKFreq
                0x0800b0f0      0x608 build/debug/stm32h7xx_hal_rcc_ex.o
                0x0800b0f0                HAL_RCCEx_GetPeriphCLKFreq
 .text.SPI_GetPacketSize
                0x0800b6f8       0x10 build/debug/stm32h7xx_hal_spi.o
 .text.HAL_SPI_Init
                0x0800b708      0x368 build/debug/stm32h7xx_hal_spi.o
                0x0800b708                HAL_SPI_Init
 .text.TIM_OC5_SetConfig
                0x0800ba70       0x74 build/debug/stm32h7xx_hal_tim.o
 .text.TIM_OC6_SetConfig
                0x0800bae4       0x74 build/debug/stm32h7xx_hal_tim.o
 .text.TIM_OC1_SetConfig
                0x0800bb58      0x104 build/debug/stm32h7xx_hal_tim.o
 .text.TIM_OC3_SetConfig
                0x0800bc5c       0xf0 build/debug/stm32h7xx_hal_tim.o
 .text.TIM_OC4_SetConfig
                0x0800bd4c       0x9c build/debug/stm32h7xx_hal_tim.o
 .text.TIM_Base_SetConfig
                0x0800bde8      0x120 build/debug/stm32h7xx_hal_tim.o
                0x0800bde8                TIM_Base_SetConfig
 .text.HAL_TIM_PWM_Init
                0x0800bf08      0x198 build/debug/stm32h7xx_hal_tim.o
                0x0800bf08                HAL_TIM_PWM_Init
 .text.TIM_OC2_SetConfig
                0x0800c0a0       0xf0 build/debug/stm32h7xx_hal_tim.o
                0x0800c0a0                TIM_OC2_SetConfig
 .text.HAL_TIM_PWM_ConfigChannel
                0x0800c190      0x39c build/debug/stm32h7xx_hal_tim.o
                0x0800c190                HAL_TIM_PWM_ConfigChannel
 .text.HAL_TIMEx_MasterConfigSynchronization
                0x0800c52c      0x1d4 build/debug/stm32h7xx_hal_tim_ex.o
                0x0800c52c                HAL_TIMEx_MasterConfigSynchronization
 .text.NMI_Handler
                0x0800c700        0x2 build/debug/stm32h7xx_it.o
                0x0800c700                NMI_Handler
 .text.HardFault_Handler
                0x0800c702        0x2 build/debug/stm32h7xx_it.o
                0x0800c702                HardFault_Handler
 .text.MemManage_Handler
                0x0800c704        0x2 build/debug/stm32h7xx_it.o
                0x0800c704                MemManage_Handler
 .text.BusFault_Handler
                0x0800c706        0x2 build/debug/stm32h7xx_it.o
                0x0800c706                BusFault_Handler
 .text.UsageFault_Handler
                0x0800c708        0x2 build/debug/stm32h7xx_it.o
                0x0800c708                UsageFault_Handler
 .text.SVC_Handler
                0x0800c70a        0x2 build/debug/stm32h7xx_it.o
                0x0800c70a                SVC_Handler
 .text.DebugMon_Handler
                0x0800c70c        0x2 build/debug/stm32h7xx_it.o
                0x0800c70c                DebugMon_Handler
 .text.PendSV_Handler
                0x0800c70e        0x2 build/debug/stm32h7xx_it.o
                0x0800c70e                PendSV_Handler
 .text.SysTick_Handler
                0x0800c710        0x8 build/debug/stm32h7xx_it.o
                0x0800c710                SysTick_Handler
 .text.OTG_HS_EP1_OUT_IRQHandler
                0x0800c718       0x10 build/debug/stm32h7xx_it.o
                0x0800c718                OTG_HS_EP1_OUT_IRQHandler
 .text.OTG_HS_EP1_IN_IRQHandler
                0x0800c728       0x10 build/debug/stm32h7xx_it.o
                0x0800c728                OTG_HS_EP1_IN_IRQHandler
 .text.OTG_HS_IRQHandler
                0x0800c738       0x10 build/debug/stm32h7xx_it.o
                0x0800c738                OTG_HS_IRQHandler
 .text.USB_CoreReset
                0x0800c748       0x4a build/debug/stm32h7xx_ll_usb.o
 *fill*         0x0800c792        0x2 
 .text.USB_CoreInit
                0x0800c794       0xa4 build/debug/stm32h7xx_ll_usb.o
                0x0800c794                USB_CoreInit
 .text.USB_SetTurnaroundTime
                0x0800c838       0xe4 build/debug/stm32h7xx_ll_usb.o
                0x0800c838                USB_SetTurnaroundTime
 .text.USB_EnableGlobalInt
                0x0800c91c        0xc build/debug/stm32h7xx_ll_usb.o
                0x0800c91c                USB_EnableGlobalInt
 .text.USB_DisableGlobalInt
                0x0800c928        0xc build/debug/stm32h7xx_ll_usb.o
                0x0800c928                USB_DisableGlobalInt
 .text.USB_FlushTxFifo
                0x0800c934       0x4a build/debug/stm32h7xx_ll_usb.o
                0x0800c934                USB_FlushTxFifo
 .text.USB_FlushRxFifo
                0x0800c97e       0x46 build/debug/stm32h7xx_ll_usb.o
                0x0800c97e                USB_FlushRxFifo
 .text.USB_SetDevSpeed
                0x0800c9c4        0xe build/debug/stm32h7xx_ll_usb.o
                0x0800c9c4                USB_SetDevSpeed
 *fill*         0x0800c9d2        0x2 
 .text.USB_DevInit
                0x0800c9d4      0x18c build/debug/stm32h7xx_ll_usb.o
                0x0800c9d4                USB_DevInit
 .text.USB_GetDevSpeed
                0x0800cb60       0x22 build/debug/stm32h7xx_ll_usb.o
                0x0800cb60                USB_GetDevSpeed
 *fill*         0x0800cb82        0x2 
 .text.USB_ActivateEndpoint
                0x0800cb84       0x98 build/debug/stm32h7xx_ll_usb.o
                0x0800cb84                USB_ActivateEndpoint
 .text.USB_DeactivateEndpoint
                0x0800cc1c       0xe0 build/debug/stm32h7xx_ll_usb.o
                0x0800cc1c                USB_DeactivateEndpoint
 .text.USB_EPStopXfer
                0x0800ccfc       0xbe build/debug/stm32h7xx_ll_usb.o
                0x0800ccfc                USB_EPStopXfer
 .text.USB_WritePacket
                0x0800cdba       0x2e build/debug/stm32h7xx_ll_usb.o
                0x0800cdba                USB_WritePacket
 .text.USB_EPStartXfer
                0x0800cde8      0x244 build/debug/stm32h7xx_ll_usb.o
                0x0800cde8                USB_EPStartXfer
 .text.USB_ReadPacket
                0x0800d02c       0x46 build/debug/stm32h7xx_ll_usb.o
                0x0800d02c                USB_ReadPacket
 .text.USB_EPSetStall
                0x0800d072       0x5a build/debug/stm32h7xx_ll_usb.o
                0x0800d072                USB_EPSetStall
 .text.USB_EPClearStall
                0x0800d0cc       0x5c build/debug/stm32h7xx_ll_usb.o
                0x0800d0cc                USB_EPClearStall
 .text.USB_SetDevAddress
                0x0800d128       0x20 build/debug/stm32h7xx_ll_usb.o
                0x0800d128                USB_SetDevAddress
 .text.USB_DevConnect
                0x0800d148       0x1c build/debug/stm32h7xx_ll_usb.o
                0x0800d148                USB_DevConnect
 .text.USB_DevDisconnect
                0x0800d164       0x1c build/debug/stm32h7xx_ll_usb.o
                0x0800d164                USB_DevDisconnect
 .text.USB_ReadInterrupts
                0x0800d180        0x8 build/debug/stm32h7xx_ll_usb.o
                0x0800d180                USB_ReadInterrupts
 .text.USB_ReadDevAllOutEpInterrupt
                0x0800d188       0x10 build/debug/stm32h7xx_ll_usb.o
                0x0800d188                USB_ReadDevAllOutEpInterrupt
 .text.USB_ReadDevAllInEpInterrupt
                0x0800d198       0x10 build/debug/stm32h7xx_ll_usb.o
                0x0800d198                USB_ReadDevAllInEpInterrupt
 .text.USB_ReadDevOutEPInterrupt
                0x0800d1a8       0x12 build/debug/stm32h7xx_ll_usb.o
                0x0800d1a8                USB_ReadDevOutEPInterrupt
 .text.USB_ReadDevInEPInterrupt
                0x0800d1ba       0x24 build/debug/stm32h7xx_ll_usb.o
                0x0800d1ba                USB_ReadDevInEPInterrupt
 .text.USB_GetMode
                0x0800d1de        0x8 build/debug/stm32h7xx_ll_usb.o
                0x0800d1de                USB_GetMode
 .text.USB_SetCurrentMode
                0x0800d1e6       0x62 build/debug/stm32h7xx_ll_usb.o
                0x0800d1e6                USB_SetCurrentMode
 .text.USB_ActivateSetup
                0x0800d248       0x1c build/debug/stm32h7xx_ll_usb.o
                0x0800d248                USB_ActivateSetup
 .text.USB_EP0_OutStart
                0x0800d264       0x60 build/debug/stm32h7xx_ll_usb.o
                0x0800d264                USB_EP0_OutStart
 .text._getpid  0x0800d2c4        0x4 build/debug/syscalls.o
                0x0800d2c4                _getpid
 .text._kill    0x0800d2c8       0x10 build/debug/syscalls.o
                0x0800d2c8                _kill
 .text._exit    0x0800d2d8        0xc build/debug/syscalls.o
                0x0800d2d8                _exit
 .text._read    0x0800d2e4       0x20 build/debug/syscalls.o
                0x0800d2e4                _read
 .text._write   0x0800d304       0x1c build/debug/syscalls.o
                0x0800d304                _write
 .text._close   0x0800d320        0x6 build/debug/syscalls.o
                0x0800d320                _close
 .text._fstat   0x0800d326        0xa build/debug/syscalls.o
                0x0800d326                _fstat
 .text._isatty  0x0800d330        0x4 build/debug/syscalls.o
                0x0800d330                _isatty
 .text._lseek   0x0800d334        0x4 build/debug/syscalls.o
                0x0800d334                _lseek
 .text._sbrk    0x0800d338       0x48 build/debug/sysmem.o
                0x0800d338                _sbrk
 .text.SystemInit
                0x0800d380       0xd0 build/debug/system_stm32h7xx.o
                0x0800d380                SystemInit
 .text.ExitRun0Mode
                0x0800d450       0x1c build/debug/system_stm32h7xx.o
                0x0800d450                ExitRun0Mode
 .text.HAL_TIM_PWM_MspInit
                0x0800d46c       0x54 build/debug/tim.o
                0x0800d46c                HAL_TIM_PWM_MspInit
 .text.HAL_TIM_MspPostInit
                0x0800d4c0       0x98 build/debug/tim.o
                0x0800d4c0                HAL_TIM_MspPostInit
 .text.MX_TIM2_Init
                0x0800d558       0x80 build/debug/tim.o
                0x0800d558                MX_TIM2_Init
 .text.MX_TIM4_Init
                0x0800d5d8       0xb8 build/debug/tim.o
                0x0800d5d8                MX_TIM4_Init
 .text.MX_USB_DEVICE_Init
                0x0800d690       0x58 build/debug/usb_device.o
                0x0800d690                MX_USB_DEVICE_Init
 .text.USBD_CDC_EP0_RxReady
                0x0800d6e8       0x40 build/debug/usbd_cdc.o
 .text.USBD_CDC_GetDeviceQualifierDescriptor
                0x0800d728        0xc build/debug/usbd_cdc.o
                0x0800d728                USBD_CDC_GetDeviceQualifierDescriptor
 .text.USBD_CDC_GetOtherSpeedCfgDesc
                0x0800d734       0x48 build/debug/usbd_cdc.o
 .text.USBD_CDC_GetFSCfgDesc
                0x0800d77c       0x48 build/debug/usbd_cdc.o
 .text.USBD_CDC_GetHSCfgDesc
                0x0800d7c4       0x48 build/debug/usbd_cdc.o
 .text.USBD_CDC_DataOut
                0x0800d80c       0x38 build/debug/usbd_cdc.o
 .text.USBD_CDC_DataIn
                0x0800d844       0x7c build/debug/usbd_cdc.o
 .text.USBD_CDC_Setup
                0x0800d8c0      0x11a build/debug/usbd_cdc.o
 .text.USBD_CDC_DeInit
                0x0800d9da       0x64 build/debug/usbd_cdc.o
 .text.USBD_CDC_Init
                0x0800da3e       0xee build/debug/usbd_cdc.o
 .text.USBD_CDC_RegisterInterface
                0x0800db2c       0x16 build/debug/usbd_cdc.o
                0x0800db2c                USBD_CDC_RegisterInterface
 .text.USBD_CDC_SetTxBuffer
                0x0800db42       0x1c build/debug/usbd_cdc.o
                0x0800db42                USBD_CDC_SetTxBuffer
 .text.USBD_CDC_SetRxBuffer
                0x0800db5e       0x18 build/debug/usbd_cdc.o
                0x0800db5e                USBD_CDC_SetRxBuffer
 .text.USBD_CDC_TransmitPacket
                0x0800db76       0x36 build/debug/usbd_cdc.o
                0x0800db76                USBD_CDC_TransmitPacket
 .text.USBD_CDC_ReceivePacket
                0x0800dbac       0x38 build/debug/usbd_cdc.o
                0x0800dbac                USBD_CDC_ReceivePacket
 .text.CDC_DeInit_HS
                0x0800dbe4        0x4 build/debug/usbd_cdc_if.o
 .text.CDC_Control_HS
                0x0800dbe8       0x54 build/debug/usbd_cdc_if.o
 .text.CDC_TransmitCplt_HS
                0x0800dc3c        0x4 build/debug/usbd_cdc_if.o
 .text.CDC_Receive_HS
                0x0800dc40       0x1c build/debug/usbd_cdc_if.o
 .text.CDC_Init_HS
                0x0800dc5c       0x28 build/debug/usbd_cdc_if.o
 .text.CDC_Transmit_HS
                0x0800dc84       0x2c build/debug/usbd_cdc_if.o
                0x0800dc84                CDC_Transmit_HS
 .text.HAL_PCD_MspInit
                0x0800dcb0       0x94 build/debug/usbd_conf.o
                0x0800dcb0                HAL_PCD_MspInit
 .text.HAL_PCD_SetupStageCallback
                0x0800dd44       0x10 build/debug/usbd_conf.o
                0x0800dd44                HAL_PCD_SetupStageCallback
 .text.HAL_PCD_DataOutStageCallback
                0x0800dd54       0x18 build/debug/usbd_conf.o
                0x0800dd54                HAL_PCD_DataOutStageCallback
 .text.HAL_PCD_DataInStageCallback
                0x0800dd6c       0x16 build/debug/usbd_conf.o
                0x0800dd6c                HAL_PCD_DataInStageCallback
 .text.HAL_PCD_SOFCallback
                0x0800dd82        0xc build/debug/usbd_conf.o
                0x0800dd82                HAL_PCD_SOFCallback
 .text.HAL_PCD_ResetCallback
                0x0800dd8e       0x28 build/debug/usbd_conf.o
                0x0800dd8e                HAL_PCD_ResetCallback
 *fill*         0x0800ddb6        0x2 
 .text.HAL_PCD_SuspendCallback
                0x0800ddb8       0x30 build/debug/usbd_conf.o
                0x0800ddb8                HAL_PCD_SuspendCallback
 .text.HAL_PCD_ResumeCallback
                0x0800dde8        0xc build/debug/usbd_conf.o
                0x0800dde8                HAL_PCD_ResumeCallback
 .text.HAL_PCD_ISOOUTIncompleteCallback
                0x0800ddf4        0xc build/debug/usbd_conf.o
                0x0800ddf4                HAL_PCD_ISOOUTIncompleteCallback
 .text.HAL_PCD_ISOINIncompleteCallback
                0x0800de00        0xc build/debug/usbd_conf.o
                0x0800de00                HAL_PCD_ISOINIncompleteCallback
 .text.HAL_PCD_ConnectCallback
                0x0800de0c        0xc build/debug/usbd_conf.o
                0x0800de0c                HAL_PCD_ConnectCallback
 .text.HAL_PCD_DisconnectCallback
                0x0800de18        0xc build/debug/usbd_conf.o
                0x0800de18                HAL_PCD_DisconnectCallback
 .text.USBD_LL_Init
                0x0800de24       0x70 build/debug/usbd_conf.o
                0x0800de24                USBD_LL_Init
 .text.USBD_LL_IsStallEP
                0x0800de94       0x2c build/debug/usbd_conf.o
                0x0800de94                USBD_LL_IsStallEP
 .text.USBD_LL_GetRxDataSize
                0x0800dec0        0xc build/debug/usbd_conf.o
                0x0800dec0                USBD_LL_GetRxDataSize
 .text.USBD_static_malloc
                0x0800decc        0x8 build/debug/usbd_conf.o
                0x0800decc                USBD_static_malloc
 .text.USBD_static_free
                0x0800ded4        0x2 build/debug/usbd_conf.o
                0x0800ded4                USBD_static_free
 .text.USBD_Get_USB_Status
                0x0800ded6       0x14 build/debug/usbd_conf.o
                0x0800ded6                USBD_Get_USB_Status
 .text.USBD_LL_Start
                0x0800deea       0x10 build/debug/usbd_conf.o
                0x0800deea                USBD_LL_Start
 .text.USBD_LL_OpenEP
                0x0800defa       0x16 build/debug/usbd_conf.o
                0x0800defa                USBD_LL_OpenEP
 .text.USBD_LL_CloseEP
                0x0800df10       0x10 build/debug/usbd_conf.o
                0x0800df10                USBD_LL_CloseEP
 .text.USBD_LL_StallEP
                0x0800df20       0x10 build/debug/usbd_conf.o
                0x0800df20                USBD_LL_StallEP
 .text.USBD_LL_ClearStallEP
                0x0800df30       0x10 build/debug/usbd_conf.o
                0x0800df30                USBD_LL_ClearStallEP
 .text.USBD_LL_SetUSBAddress
                0x0800df40       0x10 build/debug/usbd_conf.o
                0x0800df40                USBD_LL_SetUSBAddress
 .text.USBD_LL_Transmit
                0x0800df50       0x10 build/debug/usbd_conf.o
                0x0800df50                USBD_LL_Transmit
 .text.USBD_LL_PrepareReceive
                0x0800df60       0x10 build/debug/usbd_conf.o
                0x0800df60                USBD_LL_PrepareReceive
 .text.USBD_Init
                0x0800df70       0x2e build/debug/usbd_core.o
                0x0800df70                USBD_Init
 .text.USBD_RegisterClass
                0x0800df9e       0x34 build/debug/usbd_core.o
                0x0800df9e                USBD_RegisterClass
 .text.USBD_Start
                0x0800dfd2        0x8 build/debug/usbd_core.o
                0x0800dfd2                USBD_Start
 .text.USBD_SetClassConfig
                0x0800dfda       0x12 build/debug/usbd_core.o
                0x0800dfda                USBD_SetClassConfig
 .text.USBD_ClrClassConfig
                0x0800dfec       0x12 build/debug/usbd_core.o
                0x0800dfec                USBD_ClrClassConfig
 .text.USBD_LL_SetupStage
                0x0800dffe       0x58 build/debug/usbd_core.o
                0x0800dffe                USBD_LL_SetupStage
 .text.USBD_LL_Reset
                0x0800e056       0x64 build/debug/usbd_core.o
                0x0800e056                USBD_LL_Reset
 .text.USBD_LL_SetSpeed
                0x0800e0ba        0x6 build/debug/usbd_core.o
                0x0800e0ba                USBD_LL_SetSpeed
 .text.USBD_LL_Suspend
                0x0800e0c0       0x1e build/debug/usbd_core.o
                0x0800e0c0                USBD_LL_Suspend
 .text.USBD_LL_Resume
                0x0800e0de       0x1a build/debug/usbd_core.o
                0x0800e0de                USBD_LL_Resume
 .text.USBD_LL_SOF
                0x0800e0f8       0x22 build/debug/usbd_core.o
                0x0800e0f8                USBD_LL_SOF
 .text.USBD_LL_IsoINIncomplete
                0x0800e11a       0x2e build/debug/usbd_core.o
                0x0800e11a                USBD_LL_IsoINIncomplete
 .text.USBD_LL_IsoOUTIncomplete
                0x0800e148       0x2e build/debug/usbd_core.o
                0x0800e148                USBD_LL_IsoOUTIncomplete
 .text.USBD_LL_DevConnected
                0x0800e176        0x4 build/debug/usbd_core.o
                0x0800e176                USBD_LL_DevConnected
 .text.USBD_LL_DevDisconnected
                0x0800e17a       0x20 build/debug/usbd_core.o
                0x0800e17a                USBD_LL_DevDisconnected
 .text.USBD_CoreFindIF
                0x0800e19a        0x4 build/debug/usbd_core.o
                0x0800e19a                USBD_CoreFindIF
 .text.USBD_CoreFindEP
                0x0800e19e        0x4 build/debug/usbd_core.o
                0x0800e19e                USBD_CoreFindEP
 .text.USBD_LL_DataOutStage
                0x0800e1a2       0xc4 build/debug/usbd_core.o
                0x0800e1a2                USBD_LL_DataOutStage
 .text.USBD_LL_DataInStage
                0x0800e266       0xd6 build/debug/usbd_core.o
                0x0800e266                USBD_LL_DataInStage
 .text.USBD_GetNextDesc
                0x0800e33c        0xe build/debug/usbd_core.o
                0x0800e33c                USBD_GetNextDesc
 .text.USBD_GetEpDesc
                0x0800e34a       0x3e build/debug/usbd_core.o
                0x0800e34a                USBD_GetEpDesc
 .text.USBD_GetLen
                0x0800e388       0x14 build/debug/usbd_ctlreq.o
 .text.USBD_ParseSetupRequest
                0x0800e39c       0x28 build/debug/usbd_ctlreq.o
                0x0800e39c                USBD_ParseSetupRequest
 .text.USBD_CtlError
                0x0800e3c4       0x14 build/debug/usbd_ctlreq.o
                0x0800e3c4                USBD_CtlError
 .text.USBD_GetDescriptor
                0x0800e3d8      0x18a build/debug/usbd_ctlreq.o
 .text.USBD_SetAddress
                0x0800e562       0x50 build/debug/usbd_ctlreq.o
 *fill*         0x0800e5b2        0x2 
 .text.USBD_SetConfig
                0x0800e5b4       0xcc build/debug/usbd_ctlreq.o
 .text.USBD_GetConfig
                0x0800e680       0x40 build/debug/usbd_ctlreq.o
 .text.USBD_GetStatus
                0x0800e6c0       0x38 build/debug/usbd_ctlreq.o
 .text.USBD_SetFeature
                0x0800e6f8       0x2a build/debug/usbd_ctlreq.o
 .text.USBD_ClrFeature
                0x0800e722       0x26 build/debug/usbd_ctlreq.o
 .text.USBD_StdDevReq
                0x0800e748       0x76 build/debug/usbd_ctlreq.o
                0x0800e748                USBD_StdDevReq
 .text.USBD_StdItfReq
                0x0800e7be       0x84 build/debug/usbd_ctlreq.o
                0x0800e7be                USBD_StdItfReq
 .text.USBD_StdEPReq
                0x0800e842      0x232 build/debug/usbd_ctlreq.o
                0x0800e842                USBD_StdEPReq
 .text.USBD_GetString
                0x0800ea74       0x46 build/debug/usbd_ctlreq.o
                0x0800ea74                USBD_GetString
 *fill*         0x0800eaba        0x2 
 .text.USBD_HS_DeviceDescriptor
                0x0800eabc        0xc build/debug/usbd_desc.o
                0x0800eabc                USBD_HS_DeviceDescriptor
 .text.USBD_HS_LangIDStrDescriptor
                0x0800eac8        0xc build/debug/usbd_desc.o
                0x0800eac8                USBD_HS_LangIDStrDescriptor
 .text.IntToUnicode
                0x0800ead4       0x46 build/debug/usbd_desc.o
 *fill*         0x0800eb1a        0x2 
 .text.Get_SerialNum
                0x0800eb1c       0x38 build/debug/usbd_desc.o
 .text.USBD_HS_SerialStrDescriptor
                0x0800eb54       0x14 build/debug/usbd_desc.o
                0x0800eb54                USBD_HS_SerialStrDescriptor
 .text.USBD_HS_ProductStrDescriptor
                0x0800eb68       0x24 build/debug/usbd_desc.o
                0x0800eb68                USBD_HS_ProductStrDescriptor
 .text.USBD_HS_ManufacturerStrDescriptor
                0x0800eb8c       0x1c build/debug/usbd_desc.o
                0x0800eb8c                USBD_HS_ManufacturerStrDescriptor
 .text.USBD_HS_ConfigStrDescriptor
                0x0800eba8       0x24 build/debug/usbd_desc.o
                0x0800eba8                USBD_HS_ConfigStrDescriptor
 .text.USBD_HS_InterfaceStrDescriptor
                0x0800ebcc       0x24 build/debug/usbd_desc.o
                0x0800ebcc                USBD_HS_InterfaceStrDescriptor
 .text.USBD_CtlSendData
                0x0800ebf0       0x1a build/debug/usbd_ioreq.o
                0x0800ebf0                USBD_CtlSendData
 .text.USBD_CtlContinueSendData
                0x0800ec0a       0x10 build/debug/usbd_ioreq.o
                0x0800ec0a                USBD_CtlContinueSendData
 .text.USBD_CtlPrepareRx
                0x0800ec1a       0x1e build/debug/usbd_ioreq.o
                0x0800ec1a                USBD_CtlPrepareRx
 .text.USBD_CtlContinueRx
                0x0800ec38       0x10 build/debug/usbd_ioreq.o
                0x0800ec38                USBD_CtlContinueRx
 .text.USBD_CtlSendStatus
                0x0800ec48       0x16 build/debug/usbd_ioreq.o
                0x0800ec48                USBD_CtlSendStatus
 .text.USBD_CtlReceiveStatus
                0x0800ec5e       0x16 build/debug/usbd_ioreq.o
                0x0800ec5e                USBD_CtlReceiveStatus
 .text.Reset_Handler
                0x0800ec74       0x54 build/debug/startup_stm32h725xx.o
                0x0800ec74                Reset_Handler
 .text.Default_Handler
                0x0800ecc8        0x2 build/debug/startup_stm32h725xx.o
                0x0800ecc8                RTC_Alarm_IRQHandler
                0x0800ecc8                EXTI2_IRQHandler
                0x0800ecc8                TIM8_CC_IRQHandler
                0x0800ecc8                UART8_IRQHandler
                0x0800ecc8                SPI4_IRQHandler
                0x0800ecc8                FDCAN3_IT0_IRQHandler
                0x0800ecc8                TIM1_CC_IRQHandler
                0x0800ecc8                BDMA_Channel6_IRQHandler
                0x0800ecc8                DMA2_Stream5_IRQHandler
                0x0800ecc8                DMA1_Stream5_IRQHandler
                0x0800ecc8                CORDIC_IRQHandler
                0x0800ecc8                BDMA_Channel1_IRQHandler
                0x0800ecc8                TAMP_STAMP_IRQHandler
                0x0800ecc8                EXTI3_IRQHandler
                0x0800ecc8                LPTIM4_IRQHandler
                0x0800ecc8                TIM8_TRG_COM_TIM14_IRQHandler
                0x0800ecc8                LPTIM2_IRQHandler
                0x0800ecc8                DFSDM1_FLT1_IRQHandler
                0x0800ecc8                DMAMUX2_OVR_IRQHandler
                0x0800ecc8                TIM8_UP_TIM13_IRQHandler
                0x0800ecc8                I2C3_ER_IRQHandler
                0x0800ecc8                DFSDM1_FLT2_IRQHandler
                0x0800ecc8                I2C5_EV_IRQHandler
                0x0800ecc8                USART10_IRQHandler
                0x0800ecc8                MDMA_IRQHandler
                0x0800ecc8                LPTIM3_IRQHandler
                0x0800ecc8                HSEM1_IRQHandler
                0x0800ecc8                EXTI0_IRQHandler
                0x0800ecc8                I2C2_EV_IRQHandler
                0x0800ecc8                DMA1_Stream2_IRQHandler
                0x0800ecc8                FPU_IRQHandler
                0x0800ecc8                OTG_HS_WKUP_IRQHandler
                0x0800ecc8                FDCAN1_IT1_IRQHandler
                0x0800ecc8                LTDC_ER_IRQHandler
                0x0800ecc8                DMA2_Stream2_IRQHandler
                0x0800ecc8                SPI1_IRQHandler
                0x0800ecc8                OCTOSPI1_IRQHandler
                0x0800ecc8                TIM6_DAC_IRQHandler
                0x0800ecc8                DMA2_Stream3_IRQHandler
                0x0800ecc8                OCTOSPI2_IRQHandler
                0x0800ecc8                DFSDM1_FLT3_IRQHandler
                0x0800ecc8                TIM23_IRQHandler
                0x0800ecc8                USART6_IRQHandler
                0x0800ecc8                TIM17_IRQHandler
                0x0800ecc8                USART3_IRQHandler
                0x0800ecc8                BDMA_Channel7_IRQHandler
                0x0800ecc8                LPTIM5_IRQHandler
                0x0800ecc8                UART5_IRQHandler
                0x0800ecc8                ADC3_IRQHandler
                0x0800ecc8                DMA2_Stream0_IRQHandler
                0x0800ecc8                TIM4_IRQHandler
                0x0800ecc8                BDMA_Channel2_IRQHandler
                0x0800ecc8                I2C1_EV_IRQHandler
                0x0800ecc8                DMA1_Stream6_IRQHandler
                0x0800ecc8                DMAMUX1_OVR_IRQHandler
                0x0800ecc8                DMA1_Stream1_IRQHandler
                0x0800ecc8                TIM16_IRQHandler
                0x0800ecc8                UART4_IRQHandler
                0x0800ecc8                BDMA_Channel5_IRQHandler
                0x0800ecc8                TIM3_IRQHandler
                0x0800ecc8                RCC_IRQHandler
                0x0800ecc8                UART9_IRQHandler
                0x0800ecc8                TIM8_BRK_TIM12_IRQHandler
                0x0800ecc8                TIM1_TRG_COM_IRQHandler
                0x0800ecc8                Default_Handler
                0x0800ecc8                ECC_IRQHandler
                0x0800ecc8                FMAC_IRQHandler
                0x0800ecc8                CEC_IRQHandler
                0x0800ecc8                EXTI15_10_IRQHandler
                0x0800ecc8                BDMA_Channel0_IRQHandler
                0x0800ecc8                ADC_IRQHandler
                0x0800ecc8                I2C5_ER_IRQHandler
                0x0800ecc8                DMA1_Stream7_IRQHandler
                0x0800ecc8                SPI5_IRQHandler
                0x0800ecc8                TIM7_IRQHandler
                0x0800ecc8                FDCAN3_IT1_IRQHandler
                0x0800ecc8                SDMMC1_IRQHandler
                0x0800ecc8                TIM5_IRQHandler
                0x0800ecc8                DMA2_Stream7_IRQHandler
                0x0800ecc8                TIM15_IRQHandler
                0x0800ecc8                PVD_AVD_IRQHandler
                0x0800ecc8                I2C3_EV_IRQHandler
                0x0800ecc8                EXTI9_5_IRQHandler
                0x0800ecc8                RTC_WKUP_IRQHandler
                0x0800ecc8                LTDC_IRQHandler
                0x0800ecc8                ETH_WKUP_IRQHandler
                0x0800ecc8                SPDIF_RX_IRQHandler
                0x0800ecc8                SPI2_IRQHandler
                0x0800ecc8                DMA1_Stream0_IRQHandler
                0x0800ecc8                TIM24_IRQHandler
                0x0800ecc8                CRS_IRQHandler
                0x0800ecc8                EXTI4_IRQHandler
                0x0800ecc8                RNG_IRQHandler
                0x0800ecc8                FDCAN2_IT1_IRQHandler
                0x0800ecc8                ETH_IRQHandler
                0x0800ecc8                TIM1_UP_IRQHandler
                0x0800ecc8                BDMA_Channel4_IRQHandler
                0x0800ecc8                WWDG_IRQHandler
                0x0800ecc8                SPI6_IRQHandler
                0x0800ecc8                MDIOS_IRQHandler
                0x0800ecc8                I2C4_EV_IRQHandler
                0x0800ecc8                FDCAN2_IT0_IRQHandler
                0x0800ecc8                LPUART1_IRQHandler
                0x0800ecc8                FDCAN1_IT0_IRQHandler
                0x0800ecc8                TIM2_IRQHandler
                0x0800ecc8                DMA2D_IRQHandler
                0x0800ecc8                TIM1_BRK_IRQHandler
                0x0800ecc8                EXTI1_IRQHandler
                0x0800ecc8                SDMMC2_IRQHandler
                0x0800ecc8                BDMA_Channel3_IRQHandler
                0x0800ecc8                DTS_IRQHandler
                0x0800ecc8                UART7_IRQHandler
                0x0800ecc8                MDIOS_WKUP_IRQHandler
                0x0800ecc8                USART2_IRQHandler
                0x0800ecc8                DFSDM1_FLT0_IRQHandler
                0x0800ecc8                SAI4_IRQHandler
                0x0800ecc8                I2C2_ER_IRQHandler
                0x0800ecc8                DMA2_Stream1_IRQHandler
                0x0800ecc8                FLASH_IRQHandler
                0x0800ecc8                DMA2_Stream4_IRQHandler
                0x0800ecc8                USART1_IRQHandler
                0x0800ecc8                SPI3_IRQHandler
                0x0800ecc8                WAKEUP_PIN_IRQHandler
                0x0800ecc8                DMA1_Stream4_IRQHandler
                0x0800ecc8                I2C1_ER_IRQHandler
                0x0800ecc8                FMC_IRQHandler
                0x0800ecc8                FDCAN_CAL_IRQHandler
                0x0800ecc8                SWPMI1_IRQHandler
                0x0800ecc8                COMP1_IRQHandler
                0x0800ecc8                LPTIM1_IRQHandler
                0x0800ecc8                DCMI_PSSI_IRQHandler
                0x0800ecc8                I2C4_ER_IRQHandler
                0x0800ecc8                DMA2_Stream6_IRQHandler
                0x0800ecc8                SAI1_IRQHandler
                0x0800ecc8                DMA1_Stream3_IRQHandler
 *(.glue_7)
 .glue_7        0x0800ecca        0x0 linker stubs
 *(.glue_7t)
 .glue_7t       0x0800ecca        0x0 linker stubs
 *(.eh_frame)
 *fill*         0x0800ecca        0x2 
 .eh_frame      0x0800eccc        0x0 /usr/lib/gcc/arm-none-eabi/13.2.1/thumb/v7e-m+dp/hard/crtbegin.o
 *(.init)
 .init          0x0800eccc        0x4 /usr/lib/gcc/arm-none-eabi/13.2.1/thumb/v7e-m+dp/hard/crti.o
                0x0800eccc                _init
 .init          0x0800ecd0        0x8 /usr/lib/gcc/arm-none-eabi/13.2.1/thumb/v7e-m+dp/hard/crtn.o
 *(.fini)
 .fini          0x0800ecd8        0x4 /usr/lib/gcc/arm-none-eabi/13.2.1/thumb/v7e-m+dp/hard/crti.o
                0x0800ecd8                _fini
 .fini          0x0800ecdc        0x8 /usr/lib/gcc/arm-none-eabi/13.2.1/thumb/v7e-m+dp/hard/crtn.o
                0x0800ece4                        . = ALIGN (0x4)
                0x0800ece4                        _etext = .

.vfp11_veneer   0x0800ece4        0x0
 .vfp11_veneer  0x0800ece4        0x0 linker stubs

.v4_bx          0x0800ece4        0x0
 .v4_bx         0x0800ece4        0x0 linker stubs

.iplt           0x0800ece4        0x0
 .iplt          0x0800ece4        0x0 /usr/lib/gcc/arm-none-eabi/13.2.1/thumb/v7e-m+dp/hard/crtbegin.o

.rodata         0x0800ece8     0x2050
                0x0800ece8                        . = ALIGN (0x4)
 *(.rodata)
 .rodata        0x0800ece8      0x870 /usr/lib/gcc/arm-none-eabi/13.2.1/../../../arm-none-eabi/lib/thumb/v7e-m+dp/hard/libm.a(libm_a-exp_data.o)
                0x0800ece8                __exp_data
 .rodata        0x0800f558     0x1048 /usr/lib/gcc/arm-none-eabi/13.2.1/../../../arm-none-eabi/lib/thumb/v7e-m+dp/hard/libm.a(libm_a-pow_log_data.o)
                0x0800f558                __pow_log_data
 .rodata        0x080105a0      0x128 /usr/lib/gcc/arm-none-eabi/13.2.1/../../../arm-none-eabi/lib/thumb/v7e-m+dp/hard/libc_nano.a(libc_a-mprec.o)
                0x080105b0                __mprec_tens
                0x08010678                __mprec_tinytens
                0x080106a0                __mprec_bigtens
 .rodata        0x080106c8      0x101 /usr/lib/gcc/arm-none-eabi/13.2.1/../../../arm-none-eabi/lib/thumb/v7e-m+dp/hard/libc_nano.a(libc_a-ctype_.o)
                0x080106c8                _ctype_
 *(.rodata*)
 *fill*         0x080107c9        0x3 
 .rodata.HAL_SetTickFreq.str1.4
                0x080107cc      0x55b build/debug/stm32h7xx_hal.o
                                 0x31 (size before relaxing)
 .rodata.HAL_ADC_PollForConversion.str1.4
                0x08010d27       0x35 build/debug/stm32h7xx_hal_adc.o
 .rodata.HAL_ADCEx_Calibration_Start.str1.4
                0x08010d27       0x38 build/debug/stm32h7xx_hal_adc_ex.o
 .rodata.HAL_CORDIC_Init.str1.4
                0x08010d27       0x38 build/debug/stm32h7xx_hal_cordic.o
 .rodata.HAL_NVIC_SetPriorityGrouping.str1.4
                0x08010d27       0x38 build/debug/stm32h7xx_hal_cortex.o
 .rodata.FMAC_FilterConfig.str1.4
                0x08010d27       0x36 build/debug/stm32h7xx_hal_fmac.o
 .rodata.HAL_GPIO_Init.str1.4
                0x08010d27       0x36 build/debug/stm32h7xx_hal_gpio.o
 .rodata.I2C_TransferConfig.str1.4
                0x08010d27       0x35 build/debug/stm32h7xx_hal_i2c.o
 .rodata.HAL_I2CEx_ConfigAnalogFilter.str1.4
                0x08010d27       0x38 build/debug/stm32h7xx_hal_i2c_ex.o
 .rodata.HAL_PCD_Init.str1.4
                0x08010d27       0x35 build/debug/stm32h7xx_hal_pcd.o
 .rodata.HAL_PWREx_ConfigSupply.str1.4
                0x08010d27       0x38 build/debug/stm32h7xx_hal_pwr_ex.o
 .rodata.HAL_RCC_OscConfig.str1.4
                0x08010d27       0x35 build/debug/stm32h7xx_hal_rcc.o
 .rodata.RCCEx_PLL2_Config.str1.4
                0x08010d27       0x38 build/debug/stm32h7xx_hal_rcc_ex.o
 .rodata.HAL_SPI_Init.str1.4
                0x08010d27       0x35 build/debug/stm32h7xx_hal_spi.o
 .rodata.TIM_OC1_SetConfig.str1.4
                0x08010d27       0x35 build/debug/stm32h7xx_hal_tim.o
 .rodata.HAL_TIMEx_HallSensor_Init.str1.4
                0x08010d27       0x38 build/debug/stm32h7xx_hal_tim_ex.o
 *fill*         0x08010d27        0x1 
 .rodata.D1CorePrescTable
                0x08010d28       0x10 build/debug/system_stm32h7xx.o
                0x08010d28                D1CorePrescTable
 .rodata.USBD_HS_ProductStrDescriptor.str1.4
                0x08010d38       0x16 build/debug/usbd_desc.o
 .rodata.USBD_HS_ManufacturerStrDescriptor.str1.4
                0x08010d38       0x13 build/debug/usbd_desc.o
 .rodata.USBD_HS_ConfigStrDescriptor.str1.4
                0x08010d38        0xb build/debug/usbd_desc.o
 .rodata.USBD_HS_InterfaceStrDescriptor.str1.4
                0x08010d38        0xe build/debug/usbd_desc.o
 .rodata.str1.4
                0x08010d38        0x3 build/debug/abstract.o
 .rodata.str1.4
                0x08010d38       0x59 build/debug/cpp_main.o
 .rodata.str1.4
                0x08010d38       0x12 /usr/lib/gcc/arm-none-eabi/13.2.1/../../../arm-none-eabi/lib/thumb/v7e-m+dp/hard/libc_nano.a(libc_a-nano-vfprintf_float.o)
 .rodata.str1.4
                0x08010d38       0x69 /usr/lib/gcc/arm-none-eabi/13.2.1/../../../arm-none-eabi/lib/thumb/v7e-m+dp/hard/libc_nano.a(libc_a-dtoa.o)
 .rodata.str1.4
                0x08010d38       0x25 /usr/lib/gcc/arm-none-eabi/13.2.1/../../../arm-none-eabi/lib/thumb/v7e-m+dp/hard/libc_nano.a(libc_a-nano-vfprintf_i.o)
 .rodata.str1.4
                0x08010d38       0x43 /usr/lib/gcc/arm-none-eabi/13.2.1/../../../arm-none-eabi/lib/thumb/v7e-m+dp/hard/libc_nano.a(libc_a-assert.o)
 .rodata.str1.4
                0x08010d38       0x59 /usr/lib/gcc/arm-none-eabi/13.2.1/../../../arm-none-eabi/lib/thumb/v7e-m+dp/hard/libc_nano.a(libc_a-mprec.o)
 .rodata.str1.4
                0x08010d38       0x12 /usr/lib/gcc/arm-none-eabi/13.2.1/../../../arm-none-eabi/lib/thumb/v7e-m+dp/hard/libc_nano.a(libc_a-locale.o)
 .rodata.str1.4
                0x08010d38       0x13 /usr/lib/gcc/arm-none-eabi/13.2.1/../../../arm-none-eabi/lib/thumb/v7e-m+dp/hard/libc_nano.a(libc_a-nano-vfprintf.o)
                0x08010da4                        . = ALIGN (0x4)

.ARM.extab      0x08010d38        0x0
                0x08010d38                        . = ALIGN (0x4)
 *(.ARM.extab* .gnu.linkonce.armextab.*)
                0x08010d38                        . = ALIGN (0x4)

.ARM            0x08010d38        0x8
                0x08010d38                        . = ALIGN (0x4)
                0x08010d38                        __exidx_start = .
 *(.ARM.exidx*)
 .ARM.exidx     0x08010d38        0x8 /usr/lib/gcc/arm-none-eabi/13.2.1/../../../arm-none-eabi/lib/thumb/v7e-m+dp/hard/libc_nano.a(libc_a-strlen.o)
 .ARM.exidx     0x08010d40        0x0 /usr/lib/gcc/arm-none-eabi/13.2.1/../../../arm-none-eabi/lib/thumb/v7e-m+dp/hard/libc_nano.a(libc_a-memcpy.o)
                                  0x8 (size before relaxing)
 .ARM.exidx     0x08010d40        0x0 /usr/lib/gcc/arm-none-eabi/13.2.1/../../../arm-none-eabi/lib/thumb/v7e-m+dp/hard/libc_nano.a(libc_a-memchr.o)
                                  0x8 (size before relaxing)
                0x08010d40                        __exidx_end = .
                0x08010d40                        . = ALIGN (0x4)

.preinit_array  0x08010d40        0x0
                0x08010d40                        . = ALIGN (0x4)
                0x08010d40                        PROVIDE (__preinit_array_start = .)
 *(.preinit_array*)
                0x08010d40                        PROVIDE (__preinit_array_end = .)
                0x08010d40                        . = ALIGN (0x4)

.init_array     0x08010d40        0x4
                0x08010d40                        . = ALIGN (0x4)
                0x08010d40                        PROVIDE (__init_array_start = .)
 *(SORT_BY_NAME(.init_array.*))
 *(.init_array*)
 .init_array    0x08010d40        0x4 /usr/lib/gcc/arm-none-eabi/13.2.1/thumb/v7e-m+dp/hard/crtbegin.o
                0x08010d44                        PROVIDE (__init_array_end = .)
                0x08010d44                        . = ALIGN (0x4)

.fini_array     0x08010d44        0x4
                0x08010d44                        . = ALIGN (0x4)
                0x08010d44                        PROVIDE (__fini_array_start = .)
 *(SORT_BY_NAME(.fini_array.*))
 *(.fini_array*)
 .fini_array    0x08010d44        0x4 /usr/lib/gcc/arm-none-eabi/13.2.1/thumb/v7e-m+dp/hard/crtbegin.o
                0x08010d48                        PROVIDE (__fini_array_end = .)
                0x08010d48                        . = ALIGN (0x4)
                0x08010d48                        _sidata = LOADADDR (.data)

.rel.dyn        0x08010d48        0x0
 .rel.iplt      0x08010d48        0x0 /usr/lib/gcc/arm-none-eabi/13.2.1/thumb/v7e-m+dp/hard/crtbegin.o

.data           0x20000000      0x2cc load address 0x08010d48
                0x20000000                        . = ALIGN (0x4)
                0x20000000                        _sdata = .
 *(.data)
 .data          0x20000000       0x50 /usr/lib/gcc/arm-none-eabi/13.2.1/../../../arm-none-eabi/lib/thumb/v7e-m+dp/hard/libc_nano.a(libc_a-impure.o)
                0x20000000                _impure_ptr
                0x20000004                _impure_data
 .data          0x20000050        0xc /usr/lib/gcc/arm-none-eabi/13.2.1/../../../arm-none-eabi/lib/thumb/v7e-m+dp/hard/libc_nano.a(libc_a-findfp.o)
                0x20000050                __sglue
 .data          0x2000005c      0x16c /usr/lib/gcc/arm-none-eabi/13.2.1/../../../arm-none-eabi/lib/thumb/v7e-m+dp/hard/libc_nano.a(libc_a-locale.o)
                0x2000005c                __global_locale
 *(.data*)
 .data.uwTickFreq
                0x200001c8        0x1 build/debug/stm32h7xx_hal.o
                0x200001c8                uwTickFreq
 *fill*         0x200001c9        0x3 
 .data.uwTickPrio
                0x200001cc        0x4 build/debug/stm32h7xx_hal.o
                0x200001cc                uwTickPrio
 .data.SystemD2Clock
                0x200001d0        0x4 build/debug/system_stm32h7xx.o
                0x200001d0                SystemD2Clock
 .data.SystemCoreClock
                0x200001d4        0x4 build/debug/system_stm32h7xx.o
                0x200001d4                SystemCoreClock
 .data.USBD_CDC_CfgDesc
                0x200001d8       0x43 build/debug/usbd_cdc.o
 *fill*         0x2000021b        0x1 
 .data.USBD_CDC
                0x2000021c       0x38 build/debug/usbd_cdc.o
                0x2000021c                USBD_CDC
 .data.USBD_CDC_DeviceQualifierDesc
                0x20000254        0xa build/debug/usbd_cdc.o
 *fill*         0x2000025e        0x2 
 .data.USBD_Interface_fops_HS
                0x20000260       0x14 build/debug/usbd_cdc_if.o
                0x20000260                USBD_Interface_fops_HS
 .data.LineCoding
                0x20000274        0x8 build/debug/usbd_cdc_if.o
                0x20000274                LineCoding
 .data.USBD_StringSerial
                0x2000027c       0x1a build/debug/usbd_desc.o
                0x2000027c                USBD_StringSerial
 *fill*         0x20000296        0x2 
 .data.USBD_LangIDDesc
                0x20000298        0x4 build/debug/usbd_desc.o
                0x20000298                USBD_LangIDDesc
 .data.USBD_HS_DeviceDesc
                0x2000029c       0x12 build/debug/usbd_desc.o
                0x2000029c                USBD_HS_DeviceDesc
 *fill*         0x200002ae        0x2 
 .data.HS_Desc  0x200002b0       0x1c build/debug/usbd_desc.o
                0x200002b0                HS_Desc
 *(.RamFunc)
 *(.RamFunc*)
                0x200002cc                        . = ALIGN (0x4)
                0x200002cc                        _edata = .

.tm_clone_table
                0x200002cc        0x0 load address 0x08011014
 .tm_clone_table
                0x200002cc        0x0 /usr/lib/gcc/arm-none-eabi/13.2.1/thumb/v7e-m+dp/hard/crtbegin.o
 .tm_clone_table
                0x200002cc        0x0 /usr/lib/gcc/arm-none-eabi/13.2.1/thumb/v7e-m+dp/hard/crtend.o

.igot.plt       0x200002cc        0x0 load address 0x08011014
 .igot.plt      0x200002cc        0x0 /usr/lib/gcc/arm-none-eabi/13.2.1/thumb/v7e-m+dp/hard/crtbegin.o
                0x200002cc                        . = ALIGN (0x4)

.bss            0x200002cc     0x2124 load address 0x08011014
                0x200002cc                        _sbss = .
                0x200002cc                        __bss_start__ = _sbss
 *(.bss)
 .bss           0x200002cc       0x1c /usr/lib/gcc/arm-none-eabi/13.2.1/thumb/v7e-m+dp/hard/crtbegin.o
 .bss           0x200002e8      0x108 build/debug/cpp_main.o
                0x200002e8                highGOfst
                0x200002ec                usbTxBufLen
                0x200002ee                i2cBuf
                0x200002f0                usbTxBuf
 .bss           0x200003f0      0x13c /usr/lib/gcc/arm-none-eabi/13.2.1/../../../arm-none-eabi/lib/thumb/v7e-m+dp/hard/libc_nano.a(libc_a-findfp.o)
                0x200003f0                __sf
                0x20000528                __stdio_exit_handler
 .bss           0x2000052c        0x8 /usr/lib/gcc/arm-none-eabi/13.2.1/../../../arm-none-eabi/lib/thumb/v7e-m+dp/hard/libc_nano.a(libc_a-mallocr.o)
                0x2000052c                __malloc_sbrk_start
                0x20000530                __malloc_free_list
 .bss           0x20000534        0x4 /usr/lib/gcc/arm-none-eabi/13.2.1/../../../arm-none-eabi/lib/thumb/v7e-m+dp/hard/libc_nano.a(libc_a-reent.o)
                0x20000534                errno
 *(.bss*)
 .bss.hadc1     0x20000538       0x70 build/debug/adc.o
                0x20000538                hadc1
 .bss.hcordic   0x200005a8       0x28 build/debug/cordic.o
                0x200005a8                hcordic
 .bss.hfmac     0x200005d0       0x38 build/debug/fmac.o
                0x200005d0                hfmac
 .bss.hi2c3     0x20000608       0x54 build/debug/i2c.o
                0x20000608                hi2c3
 .bss.hspi2     0x2000065c       0x88 build/debug/spi.o
                0x2000065c                hspi2
 .bss.hspi1     0x200006e4       0x88 build/debug/spi.o
                0x200006e4                hspi1
 .bss.uwTick    0x2000076c        0x4 build/debug/stm32h7xx_hal.o
                0x2000076c                uwTick
 .bss.__sbrk_heap_end
                0x20000770        0x4 build/debug/sysmem.o
 .bss.htim4     0x20000774       0x4c build/debug/tim.o
                0x20000774                htim4
 .bss.htim2     0x200007c0       0x4c build/debug/tim.o
                0x200007c0                htim2
 .bss.hUsbDeviceHS
                0x2000080c      0x2dc build/debug/usb_device.o
                0x2000080c                hUsbDeviceHS
 .bss.UserTxBufferHS
                0x20000ae8      0x800 build/debug/usbd_cdc_if.o
                0x20000ae8                UserTxBufferHS
 .bss.UserRxBufferHS
                0x200012e8      0x800 build/debug/usbd_cdc_if.o
                0x200012e8                UserRxBufferHS
 .bss.mem.0     0x20001ae8      0x220 build/debug/usbd_conf.o
 .bss.hpcd_USB_OTG_HS
                0x20001d08      0x4e4 build/debug/usbd_conf.o
                0x20001d08                hpcd_USB_OTG_HS
 .bss.cfgidx.0  0x200021ec        0x1 build/debug/usbd_ctlreq.o
 *fill*         0x200021ed        0x3 
 .bss.USBD_StrDesc
                0x200021f0      0x200 build/debug/usbd_desc.o
                0x200021f0                USBD_StrDesc
 *(COMMON)
                0x200023f0                        . = ALIGN (0x4)
                0x200023f0                        _ebss = .
                0x200023f0                        __bss_end__ = _ebss

._user_heap_stack
                0x200023f0      0x600 load address 0x08011014
                0x200023f0                        . = ALIGN (0x8)
                [!provide]                        PROVIDE (end = .)
                0x200023f0                        PROVIDE (_end = .)
                0x200025f0                        . = (. + _Min_Heap_Size)
 *fill*         0x200023f0      0x200 
                0x200029f0                        . = (. + _Min_Stack_Size)
 *fill*         0x200025f0      0x400 
                0x200029f0                        . = ALIGN (0x8)

/DISCARD/
 libc.a(*)
 libm.a(*)
 libgcc.a(*)
OUTPUT(build/debug/WINTER3-3.elf elf32-littlearm)
LOAD linker stubs
LOAD /usr/lib/gcc/arm-none-eabi/13.2.1/../../../arm-none-eabi/lib/thumb/v7e-m+dp/hard/libc.a
LOAD /usr/lib/gcc/arm-none-eabi/13.2.1/../../../arm-none-eabi/lib/thumb/v7e-m+dp/hard/libm.a
LOAD /usr/lib/gcc/arm-none-eabi/13.2.1/thumb/v7e-m+dp/hard/libgcc.a

.ARM.attributes
                0x00000000       0x2e
 .ARM.attributes
                0x00000000       0x20 /usr/lib/gcc/arm-none-eabi/13.2.1/thumb/v7e-m+dp/hard/crti.o
 .ARM.attributes
                0x00000020       0x32 /usr/lib/gcc/arm-none-eabi/13.2.1/thumb/v7e-m+dp/hard/crtbegin.o
 .ARM.attributes
                0x00000052       0x32 build/debug/adc.o
 .ARM.attributes
                0x00000084       0x32 build/debug/cordic.o
 .ARM.attributes
                0x000000b6       0x32 build/debug/fmac.o
 .ARM.attributes
                0x000000e8       0x32 build/debug/gpio.o
 .ARM.attributes
                0x0000011a       0x32 build/debug/i2c.o
 .ARM.attributes
                0x0000014c       0x32 build/debug/main.o
 .ARM.attributes
                0x0000017e       0x32 build/debug/spi.o
 .ARM.attributes
                0x000001b0       0x32 build/debug/stm32h7xx_hal.o
 .ARM.attributes
                0x000001e2       0x32 build/debug/stm32h7xx_hal_adc.o
 .ARM.attributes
                0x00000214       0x32 build/debug/stm32h7xx_hal_adc_ex.o
 .ARM.attributes
                0x00000246       0x32 build/debug/stm32h7xx_hal_cordic.o
 .ARM.attributes
                0x00000278       0x32 build/debug/stm32h7xx_hal_cortex.o
 .ARM.attributes
                0x000002aa       0x32 build/debug/stm32h7xx_hal_fmac.o
 .ARM.attributes
                0x000002dc       0x32 build/debug/stm32h7xx_hal_gpio.o
 .ARM.attributes
                0x0000030e       0x32 build/debug/stm32h7xx_hal_i2c.o
 .ARM.attributes
                0x00000340       0x32 build/debug/stm32h7xx_hal_i2c_ex.o
 .ARM.attributes
                0x00000372       0x32 build/debug/stm32h7xx_hal_msp.o
 .ARM.attributes
                0x000003a4       0x32 build/debug/stm32h7xx_hal_pcd.o
 .ARM.attributes
                0x000003d6       0x32 build/debug/stm32h7xx_hal_pcd_ex.o
 .ARM.attributes
                0x00000408       0x32 build/debug/stm32h7xx_hal_pwr_ex.o
 .ARM.attributes
                0x0000043a       0x32 build/debug/stm32h7xx_hal_rcc.o
 .ARM.attributes
                0x0000046c       0x32 build/debug/stm32h7xx_hal_rcc_ex.o
 .ARM.attributes
                0x0000049e       0x32 build/debug/stm32h7xx_hal_spi.o
 .ARM.attributes
                0x000004d0       0x32 build/debug/stm32h7xx_hal_tim.o
 .ARM.attributes
                0x00000502       0x32 build/debug/stm32h7xx_hal_tim_ex.o
 .ARM.attributes
                0x00000534       0x32 build/debug/stm32h7xx_it.o
 .ARM.attributes
                0x00000566       0x32 build/debug/stm32h7xx_ll_usb.o
 .ARM.attributes
                0x00000598       0x32 build/debug/syscalls.o
 .ARM.attributes
                0x000005ca       0x32 build/debug/sysmem.o
 .ARM.attributes
                0x000005fc       0x32 build/debug/system_stm32h7xx.o
 .ARM.attributes
                0x0000062e       0x32 build/debug/tim.o
 .ARM.attributes
                0x00000660       0x32 build/debug/usb_device.o
 .ARM.attributes
                0x00000692       0x32 build/debug/usbd_cdc.o
 .ARM.attributes
                0x000006c4       0x32 build/debug/usbd_cdc_if.o
 .ARM.attributes
                0x000006f6       0x32 build/debug/usbd_conf.o
 .ARM.attributes
                0x00000728       0x32 build/debug/usbd_core.o
 .ARM.attributes
                0x0000075a       0x32 build/debug/usbd_ctlreq.o
 .ARM.attributes
                0x0000078c       0x32 build/debug/usbd_desc.o
 .ARM.attributes
                0x000007be       0x32 build/debug/usbd_ioreq.o
 .ARM.attributes
                0x000007f0       0x32 build/debug/ADXL375.o
 .ARM.attributes
                0x00000822       0x32 build/debug/MS5607.o
 .ARM.attributes
                0x00000854       0x32 build/debug/abstract.o
 .ARM.attributes
                0x00000886       0x32 build/debug/cpp_main.o
 .ARM.attributes
                0x000008b8       0x21 build/debug/startup_stm32h725xx.o
 .ARM.attributes
                0x000008d9       0x32 /usr/lib/gcc/arm-none-eabi/13.2.1/../../../arm-none-eabi/lib/thumb/v7e-m+dp/hard/libm.a(libm_a-pow.o)
 .ARM.attributes
                0x0000090b       0x32 /usr/lib/gcc/arm-none-eabi/13.2.1/../../../arm-none-eabi/lib/thumb/v7e-m+dp/hard/libm.a(libm_a-exp_data.o)
 .ARM.attributes
                0x0000093d       0x32 /usr/lib/gcc/arm-none-eabi/13.2.1/../../../arm-none-eabi/lib/thumb/v7e-m+dp/hard/libm.a(libm_a-pow_log_data.o)
 .ARM.attributes
                0x0000096f       0x32 /usr/lib/gcc/arm-none-eabi/13.2.1/../../../arm-none-eabi/lib/thumb/v7e-m+dp/hard/libm.a(libm_a-math_err.o)
 .ARM.attributes
                0x000009a1       0x32 /usr/lib/gcc/arm-none-eabi/13.2.1/../../../arm-none-eabi/lib/thumb/v7e-m+dp/hard/libc_nano.a(libc_a-strcpy.o)
 .ARM.attributes
                0x000009d3       0x32 /usr/lib/gcc/arm-none-eabi/13.2.1/../../../arm-none-eabi/lib/thumb/v7e-m+dp/hard/libc_nano.a(libc_a-init.o)
 .ARM.attributes
                0x00000a05       0x1c /usr/lib/gcc/arm-none-eabi/13.2.1/../../../arm-none-eabi/lib/thumb/v7e-m+dp/hard/libc_nano.a(libc_a-strlen.o)
 .ARM.attributes
                0x00000a21       0x32 /usr/lib/gcc/arm-none-eabi/13.2.1/../../../arm-none-eabi/lib/thumb/v7e-m+dp/hard/libc_nano.a(libc_a-memset.o)
 .ARM.attributes
                0x00000a53       0x32 /usr/lib/gcc/arm-none-eabi/13.2.1/../../../arm-none-eabi/lib/thumb/v7e-m+dp/hard/libc_nano.a(libc_a-errno.o)
 .ARM.attributes
                0x00000a85       0x32 /usr/lib/gcc/arm-none-eabi/13.2.1/../../../arm-none-eabi/lib/thumb/v7e-m+dp/hard/libc_nano.a(libc_a-nano-vfprintf_float.o)
 .ARM.attributes
                0x00000ab7       0x32 /usr/lib/gcc/arm-none-eabi/13.2.1/../../../arm-none-eabi/lib/thumb/v7e-m+dp/hard/libc_nano.a(libc_a-dtoa.o)
 .ARM.attributes
                0x00000ae9       0x1e /usr/lib/gcc/arm-none-eabi/13.2.1/../../../arm-none-eabi/lib/thumb/v7e-m+dp/hard/libc_nano.a(libc_a-memcpy.o)
 .ARM.attributes
                0x00000b07       0x32 /usr/lib/gcc/arm-none-eabi/13.2.1/../../../arm-none-eabi/lib/thumb/v7e-m+dp/hard/libc_nano.a(libc_a-malloc.o)
 .ARM.attributes
                0x00000b39       0x32 /usr/lib/gcc/arm-none-eabi/13.2.1/../../../arm-none-eabi/lib/thumb/v7e-m+dp/hard/libc_nano.a(libc_a-nano-vfprintf_i.o)
 .ARM.attributes
                0x00000b6b       0x32 /usr/lib/gcc/arm-none-eabi/13.2.1/../../../arm-none-eabi/lib/thumb/v7e-m+dp/hard/libc_nano.a(libc_a-assert.o)
 .ARM.attributes
                0x00000b9d       0x32 /usr/lib/gcc/arm-none-eabi/13.2.1/../../../arm-none-eabi/lib/thumb/v7e-m+dp/hard/libc_nano.a(libc_a-mprec.o)
 .ARM.attributes
                0x00000bcf       0x32 /usr/lib/gcc/arm-none-eabi/13.2.1/../../../arm-none-eabi/lib/thumb/v7e-m+dp/hard/libc_nano.a(libc_a-impure.o)
 .ARM.attributes
                0x00000c01       0x32 /usr/lib/gcc/arm-none-eabi/13.2.1/../../../arm-none-eabi/lib/thumb/v7e-m+dp/hard/libc_nano.a(libc_a-localeconv.o)
 .ARM.attributes
                0x00000c33       0x32 /usr/lib/gcc/arm-none-eabi/13.2.1/../../../arm-none-eabi/lib/thumb/v7e-m+dp/hard/libc_nano.a(libc_a-findfp.o)
 .ARM.attributes
                0x00000c65       0x32 /usr/lib/gcc/arm-none-eabi/13.2.1/../../../arm-none-eabi/lib/thumb/v7e-m+dp/hard/libc_nano.a(libc_a-abort.o)
 .ARM.attributes
                0x00000c97       0x32 /usr/lib/gcc/arm-none-eabi/13.2.1/../../../arm-none-eabi/lib/thumb/v7e-m+dp/hard/libc_nano.a(libc_a-fflush.o)
 .ARM.attributes
                0x00000cc9       0x32 /usr/lib/gcc/arm-none-eabi/13.2.1/../../../arm-none-eabi/lib/thumb/v7e-m+dp/hard/libc_nano.a(libc_a-callocr.o)
 .ARM.attributes
                0x00000cfb       0x32 /usr/lib/gcc/arm-none-eabi/13.2.1/../../../arm-none-eabi/lib/thumb/v7e-m+dp/hard/libc_nano.a(libc_a-locale.o)
 .ARM.attributes
                0x00000d2d       0x32 /usr/lib/gcc/arm-none-eabi/13.2.1/../../../arm-none-eabi/lib/thumb/v7e-m+dp/hard/libc_nano.a(libc_a-mallocr.o)
 .ARM.attributes
                0x00000d5f       0x32 /usr/lib/gcc/arm-none-eabi/13.2.1/../../../arm-none-eabi/lib/thumb/v7e-m+dp/hard/libc_nano.a(libc_a-freer.o)
 .ARM.attributes
                0x00000d91       0x32 /usr/lib/gcc/arm-none-eabi/13.2.1/../../../arm-none-eabi/lib/thumb/v7e-m+dp/hard/libc_nano.a(libc_a-fwalk.o)
 .ARM.attributes
                0x00000dc3       0x32 /usr/lib/gcc/arm-none-eabi/13.2.1/../../../arm-none-eabi/lib/thumb/v7e-m+dp/hard/libc_nano.a(libc_a-wctomb_r.o)
 .ARM.attributes
                0x00000df5       0x1c /usr/lib/gcc/arm-none-eabi/13.2.1/../../../arm-none-eabi/lib/thumb/v7e-m+dp/hard/libc_nano.a(libc_a-memchr.o)
 .ARM.attributes
                0x00000e11       0x32 /usr/lib/gcc/arm-none-eabi/13.2.1/../../../arm-none-eabi/lib/thumb/v7e-m+dp/hard/libc_nano.a(libc_a-fprintf.o)
 .ARM.attributes
                0x00000e43       0x32 /usr/lib/gcc/arm-none-eabi/13.2.1/../../../arm-none-eabi/lib/thumb/v7e-m+dp/hard/libc_nano.a(libc_a-mlock.o)
 .ARM.attributes
                0x00000e75       0x32 /usr/lib/gcc/arm-none-eabi/13.2.1/../../../arm-none-eabi/lib/thumb/v7e-m+dp/hard/libc_nano.a(libc_a-ctype_.o)
 .ARM.attributes
                0x00000ea7       0x32 /usr/lib/gcc/arm-none-eabi/13.2.1/../../../arm-none-eabi/lib/thumb/v7e-m+dp/hard/libc_nano.a(libc_a-nano-vfprintf.o)
 .ARM.attributes
                0x00000ed9       0x32 /usr/lib/gcc/arm-none-eabi/13.2.1/../../../arm-none-eabi/lib/thumb/v7e-m+dp/hard/libc_nano.a(libc_a-wbuf.o)
 .ARM.attributes
                0x00000f0b       0x32 /usr/lib/gcc/arm-none-eabi/13.2.1/../../../arm-none-eabi/lib/thumb/v7e-m+dp/hard/libc_nano.a(libc_a-sbrkr.o)
 .ARM.attributes
                0x00000f3d       0x32 /usr/lib/gcc/arm-none-eabi/13.2.1/../../../arm-none-eabi/lib/thumb/v7e-m+dp/hard/libc_nano.a(libc_a-stdio.o)
 .ARM.attributes
                0x00000f6f       0x32 /usr/lib/gcc/arm-none-eabi/13.2.1/../../../arm-none-eabi/lib/thumb/v7e-m+dp/hard/libc_nano.a(libc_a-fvwrite.o)
 .ARM.attributes
                0x00000fa1       0x32 /usr/lib/gcc/arm-none-eabi/13.2.1/../../../arm-none-eabi/lib/thumb/v7e-m+dp/hard/libc_nano.a(libc_a-mbtowc_r.o)
 .ARM.attributes
                0x00000fd3       0x32 /usr/lib/gcc/arm-none-eabi/13.2.1/../../../arm-none-eabi/lib/thumb/v7e-m+dp/hard/libc_nano.a(libc_a-signal.o)
 .ARM.attributes
                0x00001005       0x32 /usr/lib/gcc/arm-none-eabi/13.2.1/../../../arm-none-eabi/lib/thumb/v7e-m+dp/hard/libc_nano.a(libc_a-closer.o)
 .ARM.attributes
                0x00001037       0x32 /usr/lib/gcc/arm-none-eabi/13.2.1/../../../arm-none-eabi/lib/thumb/v7e-m+dp/hard/libc_nano.a(libc_a-memmove.o)
 .ARM.attributes
                0x00001069       0x32 /usr/lib/gcc/arm-none-eabi/13.2.1/../../../arm-none-eabi/lib/thumb/v7e-m+dp/hard/libc_nano.a(libc_a-wsetup.o)
 .ARM.attributes
                0x0000109b       0x32 /usr/lib/gcc/arm-none-eabi/13.2.1/../../../arm-none-eabi/lib/thumb/v7e-m+dp/hard/libc_nano.a(libc_a-readr.o)
 .ARM.attributes
                0x000010cd       0x32 /usr/lib/gcc/arm-none-eabi/13.2.1/../../../arm-none-eabi/lib/thumb/v7e-m+dp/hard/libc_nano.a(libc_a-reent.o)
 .ARM.attributes
                0x000010ff       0x32 /usr/lib/gcc/arm-none-eabi/13.2.1/../../../arm-none-eabi/lib/thumb/v7e-m+dp/hard/libc_nano.a(libc_a-reallocr.o)
 .ARM.attributes
                0x00001131       0x32 /usr/lib/gcc/arm-none-eabi/13.2.1/../../../arm-none-eabi/lib/thumb/v7e-m+dp/hard/libc_nano.a(libc_a-makebuf.o)
 .ARM.attributes
                0x00001163       0x32 /usr/lib/gcc/arm-none-eabi/13.2.1/../../../arm-none-eabi/lib/thumb/v7e-m+dp/hard/libc_nano.a(libc_a-lseekr.o)
 .ARM.attributes
                0x00001195       0x32 /usr/lib/gcc/arm-none-eabi/13.2.1/../../../arm-none-eabi/lib/thumb/v7e-m+dp/hard/libc_nano.a(libc_a-writer.o)
 .ARM.attributes
                0x000011c7       0x32 /usr/lib/gcc/arm-none-eabi/13.2.1/../../../arm-none-eabi/lib/thumb/v7e-m+dp/hard/libc_nano.a(libc_a-isattyr.o)
 .ARM.attributes
                0x000011f9       0x32 /usr/lib/gcc/arm-none-eabi/13.2.1/../../../arm-none-eabi/lib/thumb/v7e-m+dp/hard/libc_nano.a(libc_a-msizer.o)
 .ARM.attributes
                0x0000122b       0x32 /usr/lib/gcc/arm-none-eabi/13.2.1/../../../arm-none-eabi/lib/thumb/v7e-m+dp/hard/libc_nano.a(libc_a-signalr.o)
 .ARM.attributes
                0x0000125d       0x32 /usr/lib/gcc/arm-none-eabi/13.2.1/../../../arm-none-eabi/lib/thumb/v7e-m+dp/hard/libc_nano.a(libc_a-fstatr.o)
 .ARM.attributes
                0x0000128f       0x32 /usr/lib/gcc/arm-none-eabi/13.2.1/thumb/v7e-m+dp/hard/crtend.o
 .ARM.attributes
                0x000012c1       0x20 /usr/lib/gcc/arm-none-eabi/13.2.1/thumb/v7e-m+dp/hard/crtn.o

.comment        0x00000000       0x26
 .comment       0x00000000       0x26 /usr/lib/gcc/arm-none-eabi/13.2.1/thumb/v7e-m+dp/hard/crtbegin.o
                                 0x27 (size before relaxing)
 .comment       0x00000026       0x27 build/debug/adc.o
 .comment       0x00000026       0x27 build/debug/cordic.o
 .comment       0x00000026       0x27 build/debug/fmac.o
 .comment       0x00000026       0x27 build/debug/gpio.o
 .comment       0x00000026       0x27 build/debug/i2c.o
 .comment       0x00000026       0x27 build/debug/main.o
 .comment       0x00000026       0x27 build/debug/spi.o
 .comment       0x00000026       0x27 build/debug/stm32h7xx_hal.o
 .comment       0x00000026       0x27 build/debug/stm32h7xx_hal_adc.o
 .comment       0x00000026       0x27 build/debug/stm32h7xx_hal_adc_ex.o
 .comment       0x00000026       0x27 build/debug/stm32h7xx_hal_cordic.o
 .comment       0x00000026       0x27 build/debug/stm32h7xx_hal_cortex.o
 .comment       0x00000026       0x27 build/debug/stm32h7xx_hal_fmac.o
 .comment       0x00000026       0x27 build/debug/stm32h7xx_hal_gpio.o
 .comment       0x00000026       0x27 build/debug/stm32h7xx_hal_i2c.o
 .comment       0x00000026       0x27 build/debug/stm32h7xx_hal_i2c_ex.o
 .comment       0x00000026       0x27 build/debug/stm32h7xx_hal_msp.o
 .comment       0x00000026       0x27 build/debug/stm32h7xx_hal_pcd.o
 .comment       0x00000026       0x27 build/debug/stm32h7xx_hal_pcd_ex.o
 .comment       0x00000026       0x27 build/debug/stm32h7xx_hal_pwr_ex.o