Archive member included to satisfy reference by file (symbol)

C:/Program Files/Arm/GNU Toolchain mingw-w64-x86_64-arm-none-eabi/bin/../lib/gcc/arm-none-eabi/15.2.1/../../../../arm-none-eabi/lib/thumb/v7e-m+dp/hard\libstdc++_nano.a(atexit_arm.o)
                              build/debug/cpp_main.o (__aeabi_atexit)
C:/Program Files/Arm/GNU Toolchain mingw-w64-x86_64-arm-none-eabi/bin/../lib/gcc/arm-none-eabi/15.2.1/../../../../arm-none-eabi/lib/thumb/v7e-m+dp/hard\libstdc++_nano.a(del_ops.o)
                              build/debug/u-blox_GNSS.o (operator delete(void*, unsigned int))
C:/Program Files/Arm/GNU Toolchain mingw-w64-x86_64-arm-none-eabi/bin/../lib/gcc/arm-none-eabi/15.2.1/../../../../arm-none-eabi/lib/thumb/v7e-m+dp/hard\libstdc++_nano.a(del_opv.o)
                              build/debug/u-blox_GNSS.o (operator delete[](void*))
C:/Program Files/Arm/GNU Toolchain mingw-w64-x86_64-arm-none-eabi/bin/../lib/gcc/arm-none-eabi/15.2.1/../../../../arm-none-eabi/lib/thumb/v7e-m+dp/hard\libstdc++_nano.a(new_op.o)
                              build/debug/u-blox_GNSS.o (operator new(unsigned int))
C:/Program Files/Arm/GNU Toolchain mingw-w64-x86_64-arm-none-eabi/bin/../lib/gcc/arm-none-eabi/15.2.1/../../../../arm-none-eabi/lib/thumb/v7e-m+dp/hard\libstdc++_nano.a(new_opv.o)
                              build/debug/u-blox_GNSS.o (operator new[](unsigned int))
C:/Program Files/Arm/GNU Toolchain mingw-w64-x86_64-arm-none-eabi/bin/../lib/gcc/arm-none-eabi/15.2.1/../../../../arm-none-eabi/lib/thumb/v7e-m+dp/hard\libstdc++_nano.a(del_op.o)
                              C:/Program Files/Arm/GNU Toolchain mingw-w64-x86_64-arm-none-eabi/bin/../lib/gcc/arm-none-eabi/15.2.1/../../../../arm-none-eabi/lib/thumb/v7e-m+dp/hard\libstdc++_nano.a(del_ops.o) (operator delete(void*))
C:/Program Files/Arm/GNU Toolchain mingw-w64-x86_64-arm-none-eabi/bin/../lib/gcc/arm-none-eabi/15.2.1/../../../../arm-none-eabi/lib/thumb/v7e-m+dp/hard\libstdc++_nano.a(new_handler.o)
                              C:/Program Files/Arm/GNU Toolchain mingw-w64-x86_64-arm-none-eabi/bin/../lib/gcc/arm-none-eabi/15.2.1/../../../../arm-none-eabi/lib/thumb/v7e-m+dp/hard\libstdc++_nano.a(new_op.o) (std::get_new_handler())
C:/Program Files/Arm/GNU Toolchain mingw-w64-x86_64-arm-none-eabi/bin/../lib/gcc/arm-none-eabi/15.2.1/../../../../arm-none-eabi/lib/thumb/v7e-m+dp/hard\libm.a(libm_a-pow.o)
                              build/debug/MS5607.o (pow)
C:/Program Files/Arm/GNU Toolchain mingw-w64-x86_64-arm-none-eabi/bin/../lib/gcc/arm-none-eabi/15.2.1/../../../../arm-none-eabi/lib/thumb/v7e-m+dp/hard\libm.a(libm_a-pow_log_data.o)
                              C:/Program Files/Arm/GNU Toolchain mingw-w64-x86_64-arm-none-eabi/bin/../lib/gcc/arm-none-eabi/15.2.1/../../../../arm-none-eabi/lib/thumb/v7e-m+dp/hard\libm.a(libm_a-pow.o) (__pow_log_data)
C:/Program Files/Arm/GNU Toolchain mingw-w64-x86_64-arm-none-eabi/bin/../lib/gcc/arm-none-eabi/15.2.1/../../../../arm-none-eabi/lib/thumb/v7e-m+dp/hard\libm.a(libm_a-exp_data.o)
                              C:/Program Files/Arm/GNU Toolchain mingw-w64-x86_64-arm-none-eabi/bin/../lib/gcc/arm-none-eabi/15.2.1/../../../../arm-none-eabi/lib/thumb/v7e-m+dp/hard\libm.a(libm_a-pow.o) (__exp_data)
C:/Program Files/Arm/GNU Toolchain mingw-w64-x86_64-arm-none-eabi/bin/../lib/gcc/arm-none-eabi/15.2.1/../../../../arm-none-eabi/lib/thumb/v7e-m+dp/hard\libm.a(libm_a-math_err.o)
                              C:/Program Files/Arm/GNU Toolchain mingw-w64-x86_64-arm-none-eabi/bin/../lib/gcc/arm-none-eabi/15.2.1/../../../../arm-none-eabi/lib/thumb/v7e-m+dp/hard\libm.a(libm_a-pow.o) (__math_uflow)
C:/Program Files/Arm/GNU Toolchain mingw-w64-x86_64-arm-none-eabi/bin/../lib/gcc/arm-none-eabi/15.2.1/../../../../arm-none-eabi/lib/thumb/v7e-m+dp/hard\libc_nano.a(libc_a-abort.o)
                              C:/Program Files/Arm/GNU Toolchain mingw-w64-x86_64-arm-none-eabi/bin/../lib/gcc/arm-none-eabi/15.2.1/../../../../arm-none-eabi/lib/thumb/v7e-m+dp/hard\libstdc++_nano.a(new_op.o) (abort)
C:/Program Files/Arm/GNU Toolchain mingw-w64-x86_64-arm-none-eabi/bin/../lib/gcc/arm-none-eabi/15.2.1/../../../../arm-none-eabi/lib/thumb/v7e-m+dp/hard\libc_nano.a(libc_a-exit.o)
                              C:/Program Files/Arm/GNU Toolchain mingw-w64-x86_64-arm-none-eabi/bin/../lib/gcc/arm-none-eabi/15.2.1/../../../../arm-none-eabi/lib/thumb/v7e-m+dp/hard/crt0.o (exit)
C:/Program Files/Arm/GNU Toolchain mingw-w64-x86_64-arm-none-eabi/bin/../lib/gcc/arm-none-eabi/15.2.1/../../../../arm-none-eabi/lib/thumb/v7e-m+dp/hard\libc_nano.a(libc_a-malloc.o)
                              C:/Program Files/Arm/GNU Toolchain mingw-w64-x86_64-arm-none-eabi/bin/../lib/gcc/arm-none-eabi/15.2.1/../../../../arm-none-eabi/lib/thumb/v7e-m+dp/hard\libstdc++_nano.a(new_op.o) (malloc)
C:/Program Files/Arm/GNU Toolchain mingw-w64-x86_64-arm-none-eabi/bin/../lib/gcc/arm-none-eabi/15.2.1/../../../../arm-none-eabi/lib/thumb/v7e-m+dp/hard\libc_nano.a(libc_a-mallocr.o)
[...]
Memory Configuration

Name             Origin             Length             Attributes
DTCMRAM          0x20000000         0x00020000         xrw
RAM              0x24000000         0x00020000         xrw
RAM_D2           0x30000000         0x00008000         xrw
RAM_D3           0x38000000         0x00004000         xrw
ITCMRAM          0x00000000         0x00010000         xrw
FLASH            0x08000000         0x00100000         xr
*default*        0x00000000         0xffffffff

Linker script and memory map

LOAD C:/Program Files/Arm/GNU Toolchain mingw-w64-x86_64-arm-none-eabi/bin/../lib/gcc/arm-none-eabi/15.2.1/thumb/v7e-m+dp/hard/crti.o
LOAD C:/Program Files/Arm/GNU Toolchain mingw-w64-x86_64-arm-none-eabi/bin/../lib/gcc/arm-none-eabi/15.2.1/thumb/v7e-m+dp/hard/crtbegin.o
LOAD C:/Program Files/Arm/GNU Toolchain mingw-w64-x86_64-arm-none-eabi/bin/../lib/gcc/arm-none-eabi/15.2.1/../../../../arm-none-eabi/lib/thumb/v7e-m+dp/hard/crt0.o
LOAD build/debug/SX1262.o
LOAD build/debug/adc.o
LOAD build/debug/ccsbcs.o
LOAD build/debug/cordic.o
LOAD build/debug/diskio.o
LOAD build/debug/dma.o
LOAD build/debug/fatfs.o
LOAD build/debug/ff.o
LOAD build/debug/ff_gen_drv.o
LOAD build/debug/fmac.o
LOAD build/debug/gpio.o
LOAD build/debug/i2c.o
LOAD build/debug/main.o
LOAD build/debug/spi.o
LOAD build/debug/stm32h7xx_hal.o
LOAD build/debug/stm32h7xx_hal_adc.o
LOAD build/debug/stm32h7xx_hal_adc_ex.o
LOAD build/debug/stm32h7xx_hal_cordic.o
LOAD build/debug/stm32h7xx_hal_cortex.o
LOAD build/debug/stm32h7xx_hal_dma.o
LOAD build/debug/stm32h7xx_hal_dma_ex.o
LOAD build/debug/stm32h7xx_hal_exti.o
LOAD build/debug/stm32h7xx_hal_flash.o
LOAD build/debug/stm32h7xx_hal_flash_ex.o
LOAD build/debug/stm32h7xx_hal_fmac.o
LOAD build/debug/stm32h7xx_hal_gpio.o
LOAD build/debug/stm32h7xx_hal_hsem.o
LOAD build/debug/stm32h7xx_hal_i2c.o
LOAD build/debug/stm32h7xx_hal_i2c_ex.o
LOAD build/debug/stm32h7xx_hal_mdma.o
LOAD build/debug/stm32h7xx_hal_msp.o
LOAD build/debug/stm32h7xx_hal_pcd.o
LOAD build/debug/stm32h7xx_hal_pcd_ex.o
LOAD build/debug/stm32h7xx_hal_pwr.o
LOAD build/debug/stm32h7xx_hal_pwr_ex.o
LOAD build/debug/stm32h7xx_hal_rcc.o
LOAD build/debug/stm32h7xx_hal_rcc_ex.o
LOAD build/debug/stm32h7xx_hal_spi.o
LOAD build/debug/stm32h7xx_hal_spi_ex.o
LOAD build/debug/stm32h7xx_hal_tim.o
LOAD build/debug/stm32h7xx_hal_tim_ex.o
LOAD build/debug/stm32h7xx_it.o
LOAD build/debug/stm32h7xx_ll_usb.o
LOAD build/debug/syscall.o
LOAD build/debug/syscalls.o
LOAD build/debug/sysmem.o
LOAD build/debug/system_stm32h7xx.o
LOAD build/debug/tim.o
LOAD build/debug/usb_device.o
LOAD build/debug/usbd_cdc.o
LOAD build/debug/usbd_cdc_if.o
LOAD build/debug/usbd_conf.o
LOAD build/debug/usbd_core.o
LOAD build/debug/usbd_ctlreq.o
LOAD build/debug/usbd_desc.o
LOAD build/debug/usbd_ioreq.o
LOAD build/debug/user_diskio.o
LOAD build/debug/user_diskio_spi.o
LOAD build/debug/ADXL375.o
LOAD build/debug/ICM42688.o
LOAD build/debug/MMC5983.o
LOAD build/debug/MS5607.o
LOAD build/debug/SX1262-new.o
LOAD build/debug/abstract.o
LOAD build/debug/cpp_main.o
LOAD build/debug/sfe_bus.o
LOAD build/debug/u-blox_GNSS.o
LOAD build/debug/startup_stm32h725xx.o
LOAD C:/Program Files/Arm/GNU Toolchain mingw-w64-x86_64-arm-none-eabi/bin/../lib/gcc/arm-none-eabi/15.2.1/../../../../arm-none-eabi/lib/thumb/v7e-m+dp/hard\libnosys.a
LOAD C:/Program Files/Arm/GNU Toolchain mingw-w64-x86_64-arm-none-eabi/bin/../lib/gcc/arm-none-eabi/15.2.1/../../../../arm-none-eabi/lib/thumb/v7e-m+dp/hard\libstdc++_nano.a
LOAD C:/Program Files/Arm/GNU Toolchain mingw-w64-x86_64-arm-none-eabi/bin/../lib/gcc/arm-none-eabi/15.2.1/../../../../arm-none-eabi/lib/thumb/v7e-m+dp/hard\libm.a
LOAD C:/Program Files/Arm/GNU Toolchain mingw-w64-x86_64-arm-none-eabi/bin/../lib/gcc/arm-none-eabi/15.2.1/../../../../arm-none-eabi/lib/thumb/v7e-m+dp/hard\libc_nano.a
START GROUP
LOAD C:/Program Files/Arm/GNU Toolchain mingw-w64-x86_64-arm-none-eabi/bin/../lib/gcc/arm-none-eabi/15.2.1/thumb/v7e-m+dp/hard\libgcc.a
LOAD C:/Program Files/Arm/GNU Toolchain mingw-w64-x86_64-arm-none-eabi/bin/../lib/gcc/arm-none-eabi/15.2.1/../../../../arm-none-eabi/lib/thumb/v7e-m+dp/hard\libc_nano.a
END GROUP
START GROUP
LOAD C:/Program Files/Arm/GNU Toolchain mingw-w64-x86_64-arm-none-eabi/bin/../lib/gcc/arm-none-eabi/15.2.1/thumb/v7e-m+dp/hard\libgcc.a
LOAD C:/Program Files/Arm/GNU Toolchain mingw-w64-x86_64-arm-none-eabi/bin/../lib/gcc/arm-none-eabi/15.2.1/../../../../arm-none-eabi/lib/thumb/v7e-m+dp/hard\libc_nano.a
END GROUP
LOAD C:/Program Files/Arm/GNU Toolchain mingw-w64-x86_64-arm-none-eabi/bin/../lib/gcc/arm-none-eabi/15.2.1/thumb/v7e-m+dp/hard/crtend.o
LOAD C:/Program Files/Arm/GNU Toolchain mingw-w64-x86_64-arm-none-eabi/bin/../lib/gcc/arm-none-eabi/15.2.1/thumb/v7e-m+dp/hard/crtn.o
                0x20020000                        _estack = (ORIGIN (DTCMRAM) + LENGTH (DTCMRAM))
                0x00000200                        _Min_Heap_Size = 0x200
                0x00000400                        _Min_Stack_Size = 0x400

.isr_vector     0x08000000      0x2cc
                0x08000000                        . = ALIGN (0x4)
 *(.isr_vector)
 .isr_vector    0x08000000      0x2cc build/debug/startup_stm32h725xx.o
                0x08000000                g_pfnVectors
                0x080002cc                        . = ALIGN (0x4)

.text           0x080002d0    0x28358
                0x080002d0                        . = ALIGN (0x4)
 *(.text)
 .text          0x080002d0      0x198 build/debug/ADXL375.o
                0x080002d0                ADXL375::ADXL375(__I2C_HandleTypeDef*, unsigned char, signed char*)
                0x080002d0                ADXL375::ADXL375(__I2C_HandleTypeDef*, unsigned char, signed char*)
                0x080002fc                ADXL375::ReadReg(unsigned char, unsigned char*, unsigned char)
                0x0800031c                ADXL375::ReadAccel()
                0x080003ac                ADXL375::WriteReg(unsigned char, unsigned char*)
                0x080003ca                ADXL375::Init()
 .text          0x08000468      0x488 build/debug/ICM42688.o
                0x08000468                ICM42688::ICM42688(__I2C_HandleTypeDef*, float*, float*, unsigned char, unsigned char, unsigned char, unsigned char)
                0x08000468                ICM42688::ICM42688(__I2C_HandleTypeDef*, float*, float*, unsigned char, unsigned char, unsigned char, unsigned char)
                0x08000574                ICM42688::ReadRegs(unsigned char, unsigned char*, unsigned char)
                0x08000594                ICM42688::WriteReg(unsigned char, unsigned char*)
                0x080005b2                ICM42688::selectBank(unsigned char)
                0x080005c8                ICM42688::ReadIMU()
                0x08000690                ICM42688::setFS_ODR()
                0x080006d8                ICM42688::setAAF()
                0x0800076e                ICM42688::WriteRegs(unsigned char, unsigned char*, unsigned char)
                0x0800078e                ICM42688::setOfst()
                0x0800085c                ICM42688::Init()
 .text          0x080008f0      0x180 build/debug/MMC5983.o
                0x080008f0                MMC5983::MMC5983(__I2C_HandleTypeDef*, unsigned char, unsigned char, unsigned char)
                0x080008f0                MMC5983::MMC5983(__I2C_HandleTypeDef*, unsigned char, unsigned char, unsigned char)
                0x0800090c                MMC5983::ReadRegs(unsigned char, unsigned char*, unsigned char)
                0x0800092c                MMC5983::ReadMag()
                0x080009b4                MMC5983::WriteReg(unsigned char, unsigned char*)
                0x080009d2                MMC5983::Init()
                0x08000a4e                MMC5983::WriteRegs(unsigned char, unsigned char*, unsigned char)
 .text          0x08000a70       0xd8 build/debug/abstract.o
                0x08000a70                SerialPrint
                0x08000a82                SerialPrintln
                0x08000ad0                i2cRead
                0x08000af4                i2cWrite(unsigned char, unsigned char, unsigned char*, unsigned char)
                0x08000b18                delay_us
 .text          0x08000b48       0xec build/debug/cpp_main.o
                0x08000bb4                cpp_main
 .text          0x08000c34       0xd4 build/debug/sfe_bus.o
                0x08000c34                SparkFun_UBLOX_GNSS::SfeI2C::ping()
                0x08000c52                SparkFun_UBLOX_GNSS::SfeI2C::available()
                0x08000c8c                SparkFun_UBLOX_GNSS::SfeI2C::writeBytes(unsigned char*, unsigned char)
                0x08000cb6                SparkFun_UBLOX_GNSS::SfeI2C::readBytes(unsigned char*, unsigned char)
                0x08000ce0                SparkFun_UBLOX_GNSS::SfeI2C::SfeI2C()
                0x08000ce0                SparkFun_UBLOX_GNSS::SfeI2C::SfeI2C()
                0x08000cf8                SparkFun_UBLOX_GNSS::SfeI2C::init(__I2C_HandleTypeDef&, unsigned char)
 .text          0x08000d08    0x15d40 build/debug/u-blox_GNSS.o
                0x08000d08                DevUBLOXGNSS::DevUBLOXGNSS()
                0x08000d08                DevUBLOXGNSS::DevUBLOXGNSS()
                0x08000f84                DevUBLOXGNSS::end()
                0x0800179c                DevUBLOXGNSS::~DevUBLOXGNSS()
                0x0800179c                DevUBLOXGNSS::~DevUBLOXGNSS()
                0x080017e0                DevUBLOXGNSS::setPacketCfgPayloadSize(unsigned int)
                0x08001900                DevUBLOXGNSS::getPacketCfgSpaceRemaining()
                0x0800190c                DevUBLOXGNSS::setCommunicationBus(SparkFun_UBLOX_GNSS::GNSSDeviceBus&)
                0x08001912                DevUBLOXGNSS::available()
                0x08001920                DevUBLOXGNSS::ping()
                0x08001946                DevUBLOXGNSS::writeBytes(unsigned char*, unsigned char)
                0x08001954                DevUBLOXGNSS::writeReadBytes(unsigned char const*, unsigned char*, unsigned char)
                0x08001962                DevUBLOXGNSS::startWriteReadByte()
                0x08001970                DevUBLOXGNSS::writeReadByte(unsigned char const*, unsigned char*)
                0x0800197e                DevUBLOXGNSS::writeReadByte(unsigned char, unsigned char*)
                0x0800198c                DevUBLOXGNSS::endWriteReadByte()
                0x0800199a                DevUBLOXGNSS::readBytes(unsigned char*, unsigned char)
                0x080019a8                DevUBLOXGNSS::setI2CpollingWait(unsigned char)
                0x080019ae                DevUBLOXGNSS::setSPIpollingWait(unsigned char)
                0x080019b4                DevUBLOXGNSS::setI2CTransactionSize(unsigned char)
                0x080019c0                DevUBLOXGNSS::getI2CTransactionSize()
                0x080019c6                DevUBLOXGNSS::setSpiTransactionSize(unsigned char)
                0x08001a00                DevUBLOXGNSS::getSpiTransactionSize()
                0x08001a06                DevUBLOXGNSS::setSpiBufferSize(unsigned int)
                0x08001a34                DevUBLOXGNSS::getSpiBufferSize()
                0x08001a3a                DevUBLOXGNSS::setMaxNMEAByteCount(signed char)
                0x08001a40                DevUBLOXGNSS::getMaxNMEAByteCount()
                0x08001a46                DevUBLOXGNSS::enableDebugging()
                0x08001a4e                DevUBLOXGNSS::disableDebugging()
                0x08001a5a                DevUBLOXGNSS::debugPrint(char*)
                0x08001a6c                DevUBLOXGNSS::debugPrintln(char*)
                0x08001a7e                DevUBLOXGNSS::statusString(sfe_ublox_status_e)
                0x08001b40                DevUBLOXGNSS::autoLookup(unsigned char, unsigned char, unsigned short*)
                0x08001f66                DevUBLOXGNSS::isNMEAHeaderValid()
                0x08002160                DevUBLOXGNSS::processThisNMEA()
                0x08002436                DevUBLOXGNSS::processNMEA(char)
                0x08002438                DevUBLOXGNSS::isThisNMEAauto()
                0x080025c8                DevUBLOXGNSS::doesThisNMEAHaveCallback()
                0x080027d0                DevUBLOXGNSS::getNMEAWorkingLengthPtr()
                0x08002958                DevUBLOXGNSS::getNMEAWorkingNMEAPtr()
                0x08002ae0                DevUBLOXGNSS::getNMEACompleteLengthPtr()
                0x08002c68                DevUBLOXGNSS::getNMEACompleteNMEAPtr()
                0x08002df0                DevUBLOXGNSS::getNMEACallbackLengthPtr()
                0x08002f88                DevUBLOXGNSS::getNMEACallbackNMEAPtr()
                0x08003138                DevUBLOXGNSS::getNMEAMaxLength()
                0x08003294                DevUBLOXGNSS::getNMEAFlagsPtr()
                0x08003408                DevUBLOXGNSS::processRTCM(unsigned char)
                0x0800340a                DevUBLOXGNSS::processRTCMframe(unsigned char, unsigned short*)
                0x08003468                DevUBLOXGNSS::enableUBXlogging(unsigned char, unsigned char, bool, bool)
                0x080034ca                DevUBLOXGNSS::logOrProcessThisUBX(unsigned char, unsigned char, bool)
                0x080034f6                DevUBLOXGNSS::logThisUBX(unsigned char, unsigned char)
                0x08003500                DevUBLOXGNSS::processThisUBX(unsigned char, unsigned char)
                0x0800350a                DevUBLOXGNSS::calcChecksum(ubxPacket*)
                0x0800355e                DevUBLOXGNSS::addToChecksum(unsigned char)
                0x08003576                DevUBLOXGNSS::sendI2cCommand(ubxPacket*)
                0x080036b4                DevUBLOXGNSS::sendSerialCommand(ubxPacket*)
                0x0800370c                DevUBLOXGNSS::spiTransfer(unsigned char)
                0x080037a0                DevUBLOXGNSS::sendSpiCommand(ubxPacket*)
                0x08003898                DevUBLOXGNSS::printPacket(ubxPacket*, bool)
                0x080039c0                DevUBLOXGNSS::checkCallbacks()
                0x08004234                DevUBLOXGNSS::initPacketUBXMGAACK()
                0x0800426c                DevUBLOXGNSS::findMGAANOForDateInternal(unsigned char const*, unsigned int, unsigned short, unsigned char, unsigned char, unsigned char)
                0x08004478                DevUBLOXGNSS::findMGAANOForDate(unsigned char const*, unsigned int, unsigned short, unsigned char, unsigned char, unsigned char)
                0x0800449c                DevUBLOXGNSS::initPacketUBXMGADBD()
                0x080044d8                DevUBLOXGNSS::setFileBufferSize(unsigned short)
                0x080044de                DevUBLOXGNSS::getFileBufferSize()
                0x080044e4                DevUBLOXGNSS::getMaxFileBufferAvail()
                0x080044ea                DevUBLOXGNSS::clearFileBuffer()
                0x080044fa                DevUBLOXGNSS::clearMaxFileBufferAvail()
                0x08004502                DevUBLOXGNSS::createFileBuffer()
                0x08004598                DevUBLOXGNSS::fileBufferSpaceUsed()
                0x080045b8                DevUBLOXGNSS::extractFileBufferData(unsigned char*, unsigned short)
                0x08004618                DevUBLOXGNSS::fileBufferAvailable()
                0x08004620                DevUBLOXGNSS::fileBufferSpaceAvailable()
                0x08004630                DevUBLOXGNSS::writeToFileBuffer(unsigned char*, unsigned short)
                0x08004694                DevUBLOXGNSS::storePacket(ubxPacket*)
                0x0800474c                DevUBLOXGNSS::storeFileBytes(unsigned char*, unsigned short)
                0x080047a8                DevUBLOXGNSS::setRTCMBufferSize(unsigned short)
                0x080047ae                DevUBLOXGNSS::getRTCMBufferSize()
                0x080047b4                DevUBLOXGNSS::clearRTCMBuffer()
                0x080047c4                DevUBLOXGNSS::createRTCMBuffer()
                0x08004810                DevUBLOXGNSS::rtcmBufferSpaceUsed()
                0x08004830                DevUBLOXGNSS::extractRTCMBufferData(unsigned char*, unsigned short)
                0x08004890                DevUBLOXGNSS::rtcmBufferAvailable()
                0x08004898                DevUBLOXGNSS::rtcmBufferSpaceAvailable()
                0x080048a8                DevUBLOXGNSS::writeToRTCMBuffer(unsigned char*, unsigned short)
                0x080048fa                DevUBLOXGNSS::storeRTCMBytes(unsigned char*, unsigned short)
                0x08004930                DevUBLOXGNSS::initModuleSWVersion()
                0x08004988                DevUBLOXGNSS::initGeofenceParams()
                0x080049bc                DevUBLOXGNSS::getEnableGNSSConfigKey(sfe_ublox_gnss_ids_e)
                0x080049f4                DevUBLOXGNSS::uSpartnCrc4(unsigned char const*, unsigned int)
                0x08004a14                DevUBLOXGNSS::uSpartnCrc8(unsigned char const*, unsigned int)
                0x08004a38                DevUBLOXGNSS::uSpartnCrc16(unsigned char const*, unsigned int)
                0x08004a68                DevUBLOXGNSS::uSpartnCrc24(unsigned char const*, unsigned int)
                0x08004a98                DevUBLOXGNSS::uSpartnCrc32(unsigned char const*, unsigned int)
                0x08004ac8                DevUBLOXGNSS::parseSPARTN(unsigned char, bool&, unsigned short&, sfe_ublox_spartn_header_t*)
                0x08004f74                DevUBLOXGNSS::newCfgValset(unsigned char)
                0x08004fb8                DevUBLOXGNSS::getCfgValsetLen()
                0x08004fbe                DevUBLOXGNSS::getCfgValsetSpaceRemaining()
                0x08004fc6                DevUBLOXGNSS::newCfgValget(ubxPacket*, unsigned short, unsigned char)
                0x08005054                DevUBLOXGNSS::newCfgValget(unsigned char)
                0x08005066                DevUBLOXGNSS::getCfgValueSizeBytes(unsigned long)
                0x0800517c                DevUBLOXGNSS::addCfgValget(ubxPacket*, unsigned long)
                0x08005228                DevUBLOXGNSS::addCfgValget(unsigned long)
                0x08005236                DevUBLOXGNSS::initPacketUBXNAVPOSECEF()
                0x0800527c                DevUBLOXGNSS::assumeAutoNAVPOSECEF(bool, bool)
                0x080052ca                DevUBLOXGNSS::flushNAVPOSECEF()
                0x080052d6                DevUBLOXGNSS::logNAVPOSECEF(bool)
                0x080052e6                DevUBLOXGNSS::initPacketUBXNAVSTATUS()
                0x0800532c                DevUBLOXGNSS::assumeAutoNAVSTATUS(bool, bool)
                0x0800537a                DevUBLOXGNSS::flushNAVSTATUS()
                0x08005386                DevUBLOXGNSS::logNAVSTATUS(bool)
                0x08005396                DevUBLOXGNSS::initPacketUBXNAVDOP()
                0x080053dc                DevUBLOXGNSS::assumeAutoDOP(bool, bool)
                0x0800542a                DevUBLOXGNSS::flushDOP()
                0x08005436                DevUBLOXGNSS::logNAVDOP(bool)
                0x08005446                DevUBLOXGNSS::initPacketUBXNAVEOE()
                0x0800548c                DevUBLOXGNSS::assumeAutoNAVEOE(bool, bool)
                0x080054da                DevUBLOXGNSS::flushNAVEOE()
                0x080054e6                DevUBLOXGNSS::logNAVEOE(bool)
                0x080054f6                DevUBLOXGNSS::initPacketUBXNAVATT()
                0x0800553c                DevUBLOXGNSS::assumeAutoNAVATT(bool, bool)
                0x0800558a                DevUBLOXGNSS::flushNAVATT()
                0x08005596                DevUBLOXGNSS::logNAVATT(bool)
                0x080055a6                DevUBLOXGNSS::initPacketUBXNAVPVT()
                0x080055f0                DevUBLOXGNSS::assumeAutoPVT(bool, bool)
                0x0800563e                DevUBLOXGNSS::flushPVT()
                0x08005650                DevUBLOXGNSS::logNAVPVT(bool)
                0x08005660                DevUBLOXGNSS::initPacketUBXNAVODO()
                0x080056a4                DevUBLOXGNSS::assumeAutoNAVODO(bool, bool)
                0x080056f2                DevUBLOXGNSS::flushNAVODO()
                0x080056fe                DevUBLOXGNSS::logNAVODO(bool)
                0x0800570e                DevUBLOXGNSS::initPacketUBXNAVVELECEF()
                0x08005754                DevUBLOXGNSS::assumeAutoNAVVELECEF(bool, bool)
                0x080057a2                DevUBLOXGNSS::flushNAVVELECEF()
                0x080057ae                DevUBLOXGNSS::logNAVVELECEF(bool)
                0x080057be                DevUBLOXGNSS::initPacketUBXNAVVELNED()
                0x08005804                DevUBLOXGNSS::assumeAutoNAVVELNED(bool, bool)
                0x08005852                DevUBLOXGNSS::flushNAVVELNED()
                0x0800585e                DevUBLOXGNSS::logNAVVELNED(bool)
                0x0800586e                DevUBLOXGNSS::initPacketUBXNAVHPPOSECEF()
                0x080058b4                DevUBLOXGNSS::assumeAutoNAVHPPOSECEF(bool, bool)
                0x08005902                DevUBLOXGNSS::flushNAVHPPOSECEF()
                0x0800590e                DevUBLOXGNSS::logNAVHPPOSECEF(bool)
                0x0800591e                DevUBLOXGNSS::initPacketUBXNAVHPPOSLLH()
                0x08005964                DevUBLOXGNSS::assumeAutoHPPOSLLH(bool, bool)
                0x080059b2                DevUBLOXGNSS::flushHPPOSLLH()
                0x080059be                DevUBLOXGNSS::logNAVHPPOSLLH(bool)
                0x080059ce                DevUBLOXGNSS::initPacketUBXNAVPVAT()
                0x08005a1c                DevUBLOXGNSS::assumeAutoNAVPVAT(bool, bool)
                0x08005a6a                DevUBLOXGNSS::flushNAVPVAT()
                0x08005a7c                DevUBLOXGNSS::logNAVPVAT(bool)
                0x08005a8c                DevUBLOXGNSS::initPacketUBXNAVTIMEUTC()
                0x08005ad0                DevUBLOXGNSS::assumeAutoNAVTIMEUTC(bool, bool)
                0x08005b1e                DevUBLOXGNSS::flushNAVTIMEUTC()
                0x08005b2a                DevUBLOXGNSS::logNAVTIMEUTC(bool)
                0x08005b3a                DevUBLOXGNSS::initPacketUBXNAVCLOCK()
                0x08005b80                DevUBLOXGNSS::assumeAutoNAVCLOCK(bool, bool)
                0x08005bce                DevUBLOXGNSS::flushNAVCLOCK()
                0x08005bda                DevUBLOXGNSS::logNAVCLOCK(bool)
                0x08005bea                DevUBLOXGNSS::initPacketUBXNAVTIMELS()
                0x08005c30                DevUBLOXGNSS::initPacketUBXNAVSVIN()
                0x08005c74                DevUBLOXGNSS::assumeAutoNAVSVIN(bool, bool)
                0x08005cc2                DevUBLOXGNSS::flushNAVSVIN()
                0x08005cce                DevUBLOXGNSS::logNAVSVIN(bool)
                0x08005cde                DevUBLOXGNSS::initPacketUBXNAVSAT()
                0x08005d2c                DevUBLOXGNSS::assumeAutoNAVSAT(bool, bool)
                0x08005d7a                DevUBLOXGNSS::flushNAVSAT()
                0x08005d88                DevUBLOXGNSS::logNAVSAT(bool)
                0x08005d98                DevUBLOXGNSS::initPacketUBXNAVSIG()
                0x08005de4                DevUBLOXGNSS::assumeAutoNAVSIG(bool, bool)
                0x08005e32                DevUBLOXGNSS::flushNAVSIG()
                0x08005e40                DevUBLOXGNSS::logNAVSIG(bool)
                0x08005e50                DevUBLOXGNSS::initPacketUBXNAVRELPOSNED()
                0x08005e94                DevUBLOXGNSS::assumeAutoRELPOSNED(bool, bool)
                0x08005ee2                DevUBLOXGNSS::flushNAVRELPOSNED()
                0x08005eee                DevUBLOXGNSS::logNAVRELPOSNED(bool)
                0x08005efe                DevUBLOXGNSS::initPacketUBXNAVAOPSTATUS()
                0x08005f44                DevUBLOXGNSS::assumeAutoAOPSTATUS(bool, bool)
                0x08005f92                DevUBLOXGNSS::flushAOPSTATUS()
                0x08005f9e                DevUBLOXGNSS::logAOPSTATUS(bool)
                0x08005fae                DevUBLOXGNSS::initPacketUBXRXMPMP()
                0x08005fec                DevUBLOXGNSS::setRXMPMPcallbackPtr(void (*)(UBX_RXM_PMP_data_t*))
                0x08006040                DevUBLOXGNSS::initPacketUBXRXMPMPmessage()
                0x08006080                DevUBLOXGNSS::setRXMPMPmessageCallbackPtr(void (*)(UBX_RXM_PMP_message_data_t*))
                0x080060d4                DevUBLOXGNSS::initPacketUBXRXMQZSSL6message()
                0x08006114                DevUBLOXGNSS::setRXMQZSSL6messageCallbackPtr(void (*)(UBX_RXM_QZSSL6_message_data_t*))
                0x08006168                DevUBLOXGNSS::initPacketUBXRXMCOR()
                0x080061a8                DevUBLOXGNSS::setRXMCORcallbackPtr(void (*)(UBX_RXM_COR_data_t*))
                0x080061fc                DevUBLOXGNSS::initPacketUBXRXMSFRBX()
                0x08006250                DevUBLOXGNSS::assumeAutoRXMSFRBX(bool, bool)
                0x0800629e                DevUBLOXGNSS::flushRXMSFRBX()
                0x080062ac                DevUBLOXGNSS::logRXMSFRBX(bool)
                0x080062bc                DevUBLOXGNSS::initPacketUBXRXMRAWX()
                0x08006308                DevUBLOXGNSS::assumeAutoRXMRAWX(bool, bool)
                0x08006356                DevUBLOXGNSS::flushRXMRAWX()
                0x08006364                DevUBLOXGNSS::logRXMRAWX(bool)
                0x08006374                DevUBLOXGNSS::initPacketUBXRXMMEASX()
                0x080063c0                DevUBLOXGNSS::assumeAutoRXMMEASX(bool, bool)
                0x0800640e                DevUBLOXGNSS::flushRXMMEASX()
                0x0800641c                DevUBLOXGNSS::logRXMMEASX(bool)
                0x0800642c                DevUBLOXGNSS::initPacketUBXTIMTM2()
                0x08006470                DevUBLOXGNSS::assumeAutoTIMTM2(bool, bool)
                0x080064be                DevUBLOXGNSS::flushTIMTM2()
                0x080064ca                DevUBLOXGNSS::logTIMTM2(bool)
                0x080064da                DevUBLOXGNSS::initPacketUBXTIMTP()
                0x08006520                DevUBLOXGNSS::assumeAutoTIMTP(bool, bool)
                0x0800656e                DevUBLOXGNSS::flushTIMTP()
                0x0800657a                DevUBLOXGNSS::logTIMTP(bool)
                0x0800658a                DevUBLOXGNSS::initPacketUBXMONCOMMS()
                0x080065d8                DevUBLOXGNSS::assumeAutoMONCOMMS(bool, bool)
                0x08006626                DevUBLOXGNSS::flushMONCOMMS()
                0x08006634                DevUBLOXGNSS::logMONCOMMS(bool)
                0x08006644                DevUBLOXGNSS::initPacketUBXMONHW()
                0x08006688                DevUBLOXGNSS::assumeAutoMONHW(bool, bool)
                0x080066d6                DevUBLOXGNSS::flushMONHW()
                0x080066e2                DevUBLOXGNSS::logMONHW(bool)
                0x080066f2                DevUBLOXGNSS::initPacketUBXESFALG()
                0x08006738                DevUBLOXGNSS::assumeAutoESFALG(bool, bool)
                0x08006786                DevUBLOXGNSS::flushESFALG()
                0x08006792                DevUBLOXGNSS::logESFALG(bool)
                0x080067a2                DevUBLOXGNSS::initPacketUBXESFSTATUS()
                0x080067e8                DevUBLOXGNSS::assumeAutoESFSTATUS(bool, bool)
                0x08006836                DevUBLOXGNSS::flushESFSTATUS()
                0x08006842                DevUBLOXGNSS::logESFSTATUS(bool)
                0x08006852                DevUBLOXGNSS::initPacketUBXESFINS()
                0x08006898                DevUBLOXGNSS::assumeAutoESFINS(bool, bool)
                0x080068e6                DevUBLOXGNSS::flushESFINS()
                0x080068f2                DevUBLOXGNSS::logESFINS(bool)
                0x08006902                DevUBLOXGNSS::initPacketUBXESFMEAS()
                0x08006944                DevUBLOXGNSS::assumeAutoESFMEAS(bool, bool)
                0x08006992                DevUBLOXGNSS::logESFMEAS(bool)
                0x080069a2                DevUBLOXGNSS::initPacketUBXESFRAW()
                0x080069e8                DevUBLOXGNSS::assumeAutoESFRAW(bool, bool)
                0x08006a36                DevUBLOXGNSS::logESFRAW(bool)
                0x08006a46                DevUBLOXGNSS::initPacketUBXHNRATT()
                0x08006a8c                DevUBLOXGNSS::assumeAutoHNRATT(bool, bool)
                0x08006ada                DevUBLOXGNSS::flushHNRATT()
                0x08006ae6                DevUBLOXGNSS::logHNRATT(bool)
                0x08006af6                DevUBLOXGNSS::initPacketUBXHNRINS()
                0x08006b3c                DevUBLOXGNSS::assumeAutoHNRINS(bool, bool)
                0x08006b8a                DevUBLOXGNSS::flushHNRINS()
                0x08006b96                DevUBLOXGNSS::logHNRINS(bool)
                0x08006ba6                DevUBLOXGNSS::initPacketUBXHNRPVT()
                0x08006bec                DevUBLOXGNSS::assumeAutoHNRPVT(bool, bool)
                0x08006c3a                DevUBLOXGNSS::flushHNRPVT()
                0x08006c46                DevUBLOXGNSS::logHNRPVT(bool)
                0x08006c56                DevUBLOXGNSS::initPacketUBXSECSIG()
                0x08006c9c                DevUBLOXGNSS::assumeAutoSECSIG(bool, bool)
                0x08006cea                DevUBLOXGNSS::flushSECSIG()
                0x08006cf8                DevUBLOXGNSS::logSECSIG(bool)
                0x08006d08                DevUBLOXGNSS::setNMEALoggingMask(unsigned long)
                0x08006d0e                DevUBLOXGNSS::getNMEALoggingMask()
                0x08006d14                DevUBLOXGNSS::setProcessNMEAMask(unsigned long)
                0x08006d1a                DevUBLOXGNSS::getProcessNMEAMask()
                0x08006d20                DevUBLOXGNSS::initStorageNMEAGPGGA()
                0x08006d90                DevUBLOXGNSS::setNMEAGPGGAcallbackPtr(void (*)(NMEA_GGA_data_t*))
                0x08006dec                DevUBLOXGNSS::initStorageNMEAGNGGA()
                0x08006e5c                DevUBLOXGNSS::setNMEAGNGGAcallbackPtr(void (*)(NMEA_GGA_data_t*))
                0x08006eb8                DevUBLOXGNSS::initStorageNMEAGPVTG()
                0x08006f28                DevUBLOXGNSS::setNMEAGPVTGcallbackPtr(void (*)(NMEA_VTG_data_t*))
                0x08006f84                DevUBLOXGNSS::initStorageNMEAGNVTG()
                0x08006ff4                DevUBLOXGNSS::setNMEAGNVTGcallbackPtr(void (*)(NMEA_VTG_data_t*))
                0x08007050                DevUBLOXGNSS::initStorageNMEAGPRMC()
                0x080070c0                DevUBLOXGNSS::setNMEAGPRMCcallbackPtr(void (*)(NMEA_RMC_data_t*))
                0x0800711c                DevUBLOXGNSS::initStorageNMEAGNRMC()
                0x0800718c                DevUBLOXGNSS::setNMEAGNRMCcallbackPtr(void (*)(NMEA_RMC_data_t*))
                0x080071e8                DevUBLOXGNSS::initStorageNMEAGPZDA()
                0x08007254                DevUBLOXGNSS::setNMEAGPZDAcallbackPtr(void (*)(NMEA_ZDA_data_t*))
                0x080072a8                DevUBLOXGNSS::initStorageNMEAGNZDA()
                0x08007314                DevUBLOXGNSS::setNMEAGNZDAcallbackPtr(void (*)(NMEA_ZDA_data_t*))
                0x08007368                DevUBLOXGNSS::initStorageNMEAGPGST()
                0x080073d8                DevUBLOXGNSS::setNMEAGPGSTcallbackPtr(void (*)(NMEA_GST_data_t*))
                0x08007434                DevUBLOXGNSS::initStorageNMEAGNGST()
                0x080074a4                DevUBLOXGNSS::setNMEAGNGSTcallbackPtr(void (*)(NMEA_GST_data_t*))
                0x08007500                DevUBLOXGNSS::initStorageNMEA()
                0x0800756c                DevUBLOXGNSS::logThisNMEA()
                0x08007854                DevUBLOXGNSS::getRTCMLoggingMask()
                0x0800785a                DevUBLOXGNSS::initStorageRTCM()
                0x08007894                DevUBLOXGNSS::setRTCMLoggingMask(unsigned long)
                0x080078a0                DevUBLOXGNSS::crc24q(unsigned char, unsigned long*)
                0x080078d0                DevUBLOXGNSS::initStorageRTCM1005()
                0x08007918                DevUBLOXGNSS::setRTCM1005callbackPtr(void (*)(RTCM_1005_data_t*))
                0x08007974                DevUBLOXGNSS::getLatestRTCM1005Input(RTCM_1005_data_t*)
                0x080079c6                DevUBLOXGNSS::getLatestRTCM1006Input(RTCM_1006_data_t*)
                0x08007a12                DevUBLOXGNSS::setRTCM1005InputcallbackPtr(void (*)(RTCM_1005_data_t*))
                0x08007a18                DevUBLOXGNSS::setRTCM1006InputcallbackPtr(void (*)(RTCM_1006_data_t*))
                0x08007a1e                DevUBLOXGNSS::getGeoidSeparation(unsigned short)
                0x08007a22                DevUBLOXGNSS::getSensorFusionMeasurement(UBX_ESF_MEAS_sensorData_t*, UBX_ESF_MEAS_data_t, unsigned char)
                0x08007a3a                DevUBLOXGNSS::getRawSensorMeasurement(UBX_ESF_RAW_sensorData_t*, UBX_ESF_RAW_data_t, unsigned char)
                0x08007a56                DevUBLOXGNSS::getSensorFusionStatus(UBX_ESF_STATUS_sensorStatus_t*, UBX_ESF_STATUS_data_t, unsigned char)
                0x08007a7e                DevUBLOXGNSS::extractLongLong(ubxPacket*, unsigned short)
                0x08007ac2                DevUBLOXGNSS::extractSignedLongLong(ubxPacket*, unsigned short)
                0x08007aca                DevUBLOXGNSS::extractLong(ubxPacket*, unsigned short)
                0x08007af6                DevUBLOXGNSS::extractSignedLong(ubxPacket*, unsigned short)
                0x08007afe                DevUBLOXGNSS::extractInt(ubxPacket*, unsigned short)
                0x08007b0c                DevUBLOXGNSS::extractSignedInt(ubxPacket*, unsigned short)
                0x08007b16                DevUBLOXGNSS::extractByte(ubxPacket*, unsigned short)
                0x08007b1c                DevUBLOXGNSS::extractSignedChar(ubxPacket*, unsigned short)
                0x08007b26                DevUBLOXGNSS::processUBXpacket(ubxPacket*)
                0x0800b0b4                DevUBLOXGNSS::processUBX(unsigned char, ubxPacket*, unsigned char, unsigned char)
                0x0800b444                DevUBLOXGNSS::extractFloat(ubxPacket*, unsigned short)
                0x0800b450                DevUBLOXGNSS::extractDouble(ubxPacket*, unsigned short)
                0x0800b45c                DevUBLOXGNSS::extractUnsignedBits(unsigned char*, unsigned short, unsigned short)
                0x0800b4c4                DevUBLOXGNSS::extractSignedBits(unsigned char*, unsigned short, unsigned short)
                0x0800b542                DevUBLOXGNSS::extractRTCM1005(RTCM_1005_data_t*, unsigned char*)
                0x0800b638                DevUBLOXGNSS::process(unsigned char, ubxPacket*, unsigned char, unsigned char)
                0x0800c39e                DevUBLOXGNSS::checkUbloxI2C(ubxPacket*, unsigned char, unsigned char)
                0x0800c498                DevUBLOXGNSS::checkUbloxSerial(ubxPacket*, unsigned char, unsigned char)
                0x0800c4d8                DevUBLOXGNSS::processSpiBuffer(ubxPacket*, unsigned char, unsigned char)
                0x0800c52a                DevUBLOXGNSS::checkUbloxSpi(ubxPacket*, unsigned char, unsigned char)
                0x0800c5ac                DevUBLOXGNSS::checkUbloxInternal(ubxPacket*, unsigned char, unsigned char)
                0x0800c612                DevUBLOXGNSS::checkUblox(unsigned char, unsigned char)
                0x0800c622                DevUBLOXGNSS::waitForACKResponse(ubxPacket*, unsigned char, unsigned char, unsigned short)
                0x0800c898                DevUBLOXGNSS::waitForNoACKResponse(ubxPacket*, unsigned char, unsigned char, unsigned short)
                0x0800c9cc                DevUBLOXGNSS::sendCommand(ubxPacket*, unsigned short, bool)
                0x0800cadc                DevUBLOXGNSS::cfgRst(unsigned char*, unsigned char)
                0x0800cb18                DevUBLOXGNSS::hardReset()
                0x0800cb30                DevUBLOXGNSS::softwareResetGNSSOnly()
                0x0800cb48                DevUBLOXGNSS::softwareEnableGNSS(bool)
                0x0800cb6a                DevUBLOXGNSS::cfgCfg(unsigned char*, unsigned char, unsigned short)
                0x0800cbb6                DevUBLOXGNSS::factoryReset()
                0x0800cbe4                DevUBLOXGNSS::factoryDefault(unsigned short)
                0x0800cc10                DevUBLOXGNSS::saveConfiguration(unsigned short)
                0x0800cc34                DevUBLOXGNSS::saveConfigSelective(unsigned long, unsigned short)
                0x0800cc6c                DevUBLOXGNSS::getModuleInfo(unsigned short)
                0x0800ce44                DevUBLOXGNSS::prepareModuleInfo(unsigned short)
                0x0800ce76                DevUBLOXGNSS::getProtocolVersionHigh(unsigned short)
                0x0800ce88                DevUBLOXGNSS::getProtocolVersionLow(unsigned short)
                0x0800ce9a                DevUBLOXGNSS::getFirmwareVersionHigh(unsigned short)
                0x0800ceac                DevUBLOXGNSS::getFirmwareVersionLow(unsigned short)
                0x0800cebe                DevUBLOXGNSS::getFirmwareType(unsigned short)
                0x0800ced8                DevUBLOXGNSS::getModuleName(unsigned short)
                0x0800cef4                DevUBLOXGNSS::getProtocolVersion(unsigned short)
                0x0800cefc                DevUBLOXGNSS::getGeofenceState(geofenceState&, unsigned short)
                0x0800cf76                DevUBLOXGNSS::powerOff(unsigned long, unsigned short)
                0x0800d010                DevUBLOXGNSS::powerOffWithInterrupt(unsigned long, unsigned long, bool, unsigned short)
                0x0800d110                DevUBLOXGNSS::resetOdometer(unsigned short)
                0x0800d13e                DevUBLOXGNSS::resetIMUalignment(unsigned short)
                0x0800d16c                DevUBLOXGNSS::getRFinformation(UBX_MON_RF_data_t*, unsigned short)
                0x0800d2bc                DevUBLOXGNSS::getHW2status(UBX_MON_HW2_data_t*, unsigned short)
                0x0800d34a                DevUBLOXGNSS::setDynamicSPARTNKey(unsigned char, unsigned short, unsigned long, unsigned char const*)
                0x0800d402                DevUBLOXGNSS::setDynamicSPARTNKey(unsigned char, unsigned short, unsigned long, char const*)
                0x0800d50c                DevUBLOXGNSS::setDynamicSPARTNKeys(unsigned char, unsigned short, unsigned long, unsigned char const*, unsigned char, unsigned short, unsigned long, unsigned char const*)
                0x0800d62a                DevUBLOXGNSS::setDynamicSPARTNKeys(unsigned char, unsigned short, unsigned long, char const*, unsigned char, unsigned short, unsigned long, char const*)
                0x0800d80c                DevUBLOXGNSS::getUniqueChipId(UBX_SEC_UNIQID_data_t*, unsigned short)
                0x0800d892                DevUBLOXGNSS::getUniqueChipIdStr(UBX_SEC_UNIQID_data_t*, unsigned short)
                0x0800d938                DevUBLOXGNSS::getVal(unsigned long, unsigned char, unsigned short)
                0x0800d9fc                DevUBLOXGNSS::getVal8(unsigned long, unsigned char*, unsigned char, unsigned short)
                0x0800da2c                DevUBLOXGNSS::isConnected(unsigned short)
                0x0800dac4                DevUBLOXGNSS::init(unsigned short, bool)
                0x0800dc04                DevUBLOXGNSS::getDynamicModel(unsigned char, unsigned short)
                0x0800dc28                DevUBLOXGNSS::isGNSSenabled(sfe_ublox_gnss_ids_e, bool*, unsigned char, unsigned short)
                0x0800dc4c                DevUBLOXGNSS::isGNSSenabled(sfe_ublox_gnss_ids_e, unsigned char, unsigned short)
                0x0800dc78                DevUBLOXGNSS::getESFAutoAlignment(bool*, unsigned char, unsigned short)
                0x0800dc90                DevUBLOXGNSS::getESFAutoAlignment(unsigned char, unsigned short)
                0x0800dcbc                DevUBLOXGNSS::getAckAiding(unsigned char, unsigned short)
                0x0800dce0                DevUBLOXGNSS::getAopCfg(unsigned char, unsigned short)
                0x0800dd04                DevUBLOXGNSS::getVal8(unsigned long, unsigned char, unsigned short)
                0x0800dd24                DevUBLOXGNSS::getLNAMode(sfe_ublox_lna_mode_e*, unsigned char, unsigned short)
                0x0800dd3c                DevUBLOXGNSS::getGPSL5HealthOverride(bool*, unsigned char, unsigned short)
                0x0800dd54                DevUBLOXGNSS::getValSigned8(unsigned long, signed char*, unsigned char, unsigned short)
                0x0800dd84                DevUBLOXGNSS::getVal16(unsigned long, unsigned short*, unsigned char, unsigned short)
                0x0800ddb4                DevUBLOXGNSS::getVal16(unsigned long, unsigned char, unsigned short)
                0x0800ddd4                DevUBLOXGNSS::getNavigationFrequency(unsigned char*, unsigned char, unsigned short)
                0x0800de0c                DevUBLOXGNSS::getNavigationFrequency(unsigned char, unsigned short)
                0x0800de2a                DevUBLOXGNSS::getMeasurementRate(unsigned short*, unsigned char, unsigned short)
                0x0800de50                DevUBLOXGNSS::getMeasurementRate(unsigned char, unsigned short)
                0x0800de6e                DevUBLOXGNSS::getNavigationRate(unsigned short*, unsigned char, unsigned short)
                0x0800de94                DevUBLOXGNSS::getNavigationRate(unsigned char, unsigned short)
                0x0800deb2                DevUBLOXGNSS::getValSigned16(unsigned long, short*, unsigned char, unsigned short)
                0x0800dee2                DevUBLOXGNSS::getVal32(unsigned long, unsigned long*, unsigned char, unsigned short)
                0x0800df12                DevUBLOXGNSS::getVal32(unsigned long, unsigned char, unsigned short)
                0x0800df2e                DevUBLOXGNSS::getValSigned32(unsigned long, long*, unsigned char, unsigned short)
                0x0800df5e                DevUBLOXGNSS::getVal64(unsigned long, unsigned long long*, unsigned char, unsigned short)
                0x0800df8e                DevUBLOXGNSS::getVal64(unsigned long, unsigned char, unsigned short)
                0x0800dfb8                DevUBLOXGNSS::getValSigned64(unsigned long, long long*, unsigned char, unsigned short)
                0x0800dfe8                DevUBLOXGNSS::getValFloat(unsigned long, float*, unsigned char, unsigned short)
                0x0800e018                DevUBLOXGNSS::getValDouble(unsigned long, double*, unsigned char, unsigned short)
                0x0800e048                DevUBLOXGNSS::setValN(unsigned long, unsigned char*, unsigned char, unsigned char, unsigned short)
                0x0800e0ec                DevUBLOXGNSS::setVal8(unsigned long, unsigned char, unsigned char, unsigned short)
                0x0800e108                DevUBLOXGNSS::setI2CAddress(unsigned char, unsigned char, unsigned short)
                0x0800e124                DevUBLOXGNSS::setDGNSSConfiguration(sfe_ublox_dgnss_mode_e, unsigned char, unsigned short)
                0x0800e13c                DevUBLOXGNSS::setDynamicModel(dynModel, unsigned char, unsigned short)
                0x0800e154                DevUBLOXGNSS::enableOdometer(bool, unsigned char, unsigned short)
                0x0800e16c                DevUBLOXGNSS::enableGNSS(bool, sfe_ublox_gnss_ids_e, unsigned char, unsigned short)
                0x0800e198                DevUBLOXGNSS::setESFAutoAlignment(bool, unsigned char, unsigned short)
                0x0800e1b0                DevUBLOXGNSS::setAckAiding(unsigned char, unsigned char, unsigned short)
                0x0800e1c8                DevUBLOXGNSS::setValSigned8(unsigned long, signed char, unsigned char, unsigned short)
                0x0800e1de                DevUBLOXGNSS::setAutoNAVPOSECEFrate(unsigned char, bool, unsigned char, unsigned short)
                0x0800e27c                DevUBLOXGNSS::setAutoNAVPOSECEF(bool, unsigned char, unsigned short)
                0x0800e292                DevUBLOXGNSS::setAutoNAVPOSECEF(bool, bool, unsigned char, unsigned short)
                0x0800e2aa                DevUBLOXGNSS::setAutoNAVPOSECEFcallbackPtr(void (*)(UBX_NAV_POSECEF_data_t*), unsigned char, unsigned short)
                0x0800e304                DevUBLOXGNSS::setAutoNAVSTATUSrate(unsigned char, bool, unsigned char, unsigned short)
                0x0800e3a4                DevUBLOXGNSS::setAutoNAVSTATUS(bool, unsigned char, unsigned short)
                0x0800e3ba                DevUBLOXGNSS::setAutoNAVSTATUS(bool, bool, unsigned char, unsigned short)
                0x0800e3d2                DevUBLOXGNSS::setAutoNAVSTATUScallbackPtr(void (*)(UBX_NAV_STATUS_data_t*), unsigned char, unsigned short)
                0x0800e42c                DevUBLOXGNSS::setAutoDOPrate(unsigned char, bool, unsigned char, unsigned short)
                0x0800e4c0                DevUBLOXGNSS::setAutoDOP(bool, unsigned char, unsigned short)
                0x0800e4d6                DevUBLOXGNSS::setAutoDOP(bool, bool, unsigned char, unsigned short)
                0x0800e4ee                DevUBLOXGNSS::setAutoDOPcallbackPtr(void (*)(UBX_NAV_DOP_data_t*), unsigned char, unsigned short)
                0x0800e548                DevUBLOXGNSS::setAutoNAVEOErate(unsigned char, bool, unsigned char, unsigned short)
                0x0800e5dc                DevUBLOXGNSS::setAutoNAVEOE(bool, unsigned char, unsigned short)
                0x0800e5f2                DevUBLOXGNSS::setAutoNAVEOE(bool, bool, unsigned char, unsigned short)
                0x0800e60a                DevUBLOXGNSS::setAutoNAVEOEcallbackPtr(void (*)(UBX_NAV_EOE_data_t*), unsigned char, unsigned short)
                0x0800e664                DevUBLOXGNSS::setAutoNAVATTrate(unsigned char, bool, unsigned char, unsigned short)
                0x0800e708                DevUBLOXGNSS::setAutoNAVATT(bool, unsigned char, unsigned short)
                0x0800e71e                DevUBLOXGNSS::setAutoNAVATT(bool, bool, unsigned char, unsigned short)
                0x0800e736                DevUBLOXGNSS::setAutoNAVATTcallbackPtr(void (*)(UBX_NAV_ATT_data_t*), unsigned char, unsigned short)
                0x0800e790                DevUBLOXGNSS::setAutoPVTrate(unsigned char, bool, unsigned char, unsigned short)
                0x0800e834                DevUBLOXGNSS::setAutoPVT(bool, unsigned char, unsigned short)
                0x0800e84a                DevUBLOXGNSS::setAutoPVT(bool, bool, unsigned char, unsigned short)
                0x0800e862                DevUBLOXGNSS::setAutoPVTcallbackPtr(void (*)(UBX_NAV_PVT_data_t*), unsigned char, unsigned short)
                0x0800e8bc                DevUBLOXGNSS::setAutoNAVODOrate(unsigned char, bool, unsigned char, unsigned short)
                0x0800e95c                DevUBLOXGNSS::setAutoNAVODO(bool, unsigned char, unsigned short)
                0x0800e972                DevUBLOXGNSS::setAutoNAVODO(bool, bool, unsigned char, unsigned short)
                0x0800e98a                DevUBLOXGNSS::setAutoNAVODOcallbackPtr(void (*)(UBX_NAV_ODO_data_t*), unsigned char, unsigned short)
                0x0800e9e4                DevUBLOXGNSS::setAutoNAVVELECEFrate(unsigned char, bool, unsigned char, unsigned short)
                0x0800ea84                DevUBLOXGNSS::setAutoNAVVELECEF(bool, unsigned char, unsigned short)
                0x0800ea9a                DevUBLOXGNSS::setAutoNAVVELECEF(bool, bool, unsigned char, unsigned short)
                0x0800eab2                DevUBLOXGNSS::setAutoNAVVELECEFcallbackPtr(void (*)(UBX_NAV_VELECEF_data_t*), unsigned char, unsigned short)
                0x0800eb0c                DevUBLOXGNSS::setAutoNAVVELNEDrate(unsigned char, bool, unsigned char, unsigned short)
                0x0800eba4                DevUBLOXGNSS::setAutoNAVVELNED(bool, unsigned char, unsigned short)
                0x0800ebba                DevUBLOXGNSS::setAutoNAVVELNED(bool, bool, unsigned char, unsigned short)
                0x0800ebd2                DevUBLOXGNSS::setAutoNAVVELNEDcallbackPtr(void (*)(UBX_NAV_VELNED_data_t*), unsigned char, unsigned short)
                0x0800ec2c                DevUBLOXGNSS::setAutoNAVHPPOSECEFrate(unsigned char, bool, unsigned char, unsigned short)
                0x0800ecd0                DevUBLOXGNSS::setAutoNAVHPPOSECEF(bool, unsigned char, unsigned short)
                0x0800ece6                DevUBLOXGNSS::setAutoNAVHPPOSECEF(bool, bool, unsigned char, unsigned short)
                0x0800ecfe                DevUBLOXGNSS::setAutoNAVHPPOSECEFcallbackPtr(void (*)(UBX_NAV_HPPOSECEF_data_t*), unsigned char, unsigned short)
                0x0800ed58                DevUBLOXGNSS::setAutoHPPOSLLHrate(unsigned char, bool, unsigned char, unsigned short)
                0x0800edfc                DevUBLOXGNSS::setAutoHPPOSLLH(bool, unsigned char, unsigned short)
                0x0800ee12                DevUBLOXGNSS::setAutoHPPOSLLH(bool, bool, unsigned char, unsigned short)
                0x0800ee2a                DevUBLOXGNSS::setAutoHPPOSLLHcallbackPtr(void (*)(UBX_NAV_HPPOSLLH_data_t*), unsigned char, unsigned short)
                0x0800ee84                DevUBLOXGNSS::setAutoNAVPVATrate(unsigned char, bool, unsigned char, unsigned short)
                0x0800ef28                DevUBLOXGNSS::setAutoNAVPVAT(bool, unsigned char, unsigned short)
                0x0800ef3e                DevUBLOXGNSS::setAutoNAVPVAT(bool, bool, unsigned char, unsigned short)
                0x0800ef56                DevUBLOXGNSS::setAutoNAVPVATcallbackPtr(void (*)(UBX_NAV_PVAT_data_t*), unsigned char, unsigned short)
                0x0800efb8                DevUBLOXGNSS::setAutoNAVTIMEUTCrate(unsigned char, bool, unsigned char, unsigned short)
                0x0800f04c                DevUBLOXGNSS::setAutoNAVTIMEUTC(bool, unsigned char, unsigned short)
                0x0800f062                DevUBLOXGNSS::setAutoNAVTIMEUTC(bool, bool, unsigned char, unsigned short)
                0x0800f07a                DevUBLOXGNSS::setAutoNAVTIMEUTCcallbackPtr(void (*)(UBX_NAV_TIMEUTC_data_t*), unsigned char, unsigned short)
                0x0800f0d4                DevUBLOXGNSS::setAutoNAVCLOCKrate(unsigned char, bool, unsigned char, unsigned short)
                0x0800f174                DevUBLOXGNSS::setAutoNAVCLOCK(bool, unsigned char, unsigned short)
                0x0800f18a                DevUBLOXGNSS::setAutoNAVCLOCK(bool, bool, unsigned char, unsigned short)
                0x0800f1a2                DevUBLOXGNSS::setAutoNAVCLOCKcallbackPtr(void (*)(UBX_NAV_CLOCK_data_t*), unsigned char, unsigned short)
                0x0800f1fc                DevUBLOXGNSS::setAutoNAVSVINrate(unsigned char, bool, unsigned char, unsigned short)
                0x0800f2a0                DevUBLOXGNSS::setAutoNAVSVIN(bool, unsigned char, unsigned short)
                0x0800f2b6                DevUBLOXGNSS::setAutoNAVSVIN(bool, bool, unsigned char, unsigned short)
                0x0800f2ce                DevUBLOXGNSS::setAutoNAVSVINcallbackPtr(void (*)(UBX_NAV_SVIN_data_t*), unsigned char, unsigned short)
                0x0800f328                DevUBLOXGNSS::setAutoNAVSATrate(unsigned char, bool, unsigned char, unsigned short)
                0x0800f3c4                DevUBLOXGNSS::setAutoNAVSAT(bool, unsigned char, unsigned short)
                0x0800f3da                DevUBLOXGNSS::setAutoNAVSAT(bool, bool, unsigned char, unsigned short)
                0x0800f3f2                DevUBLOXGNSS::setAutoNAVSATcallbackPtr(void (*)(UBX_NAV_SAT_data_t*), unsigned char, unsigned short)
                0x0800f454                DevUBLOXGNSS::setAutoNAVSIGrate(unsigned char, bool, unsigned char, unsigned short)
                0x0800f4f0                DevUBLOXGNSS::setAutoNAVSIG(bool, unsigned char, unsigned short)
                0x0800f506                DevUBLOXGNSS::setAutoNAVSIG(bool, bool, unsigned char, unsigned short)
                0x0800f51e                DevUBLOXGNSS::setAutoNAVSIGcallbackPtr(void (*)(UBX_NAV_SIG_data_t*), unsigned char, unsigned short)
                0x0800f580                DevUBLOXGNSS::setAutoRELPOSNEDrate(unsigned char, bool, unsigned char, unsigned short)
                0x0800f624                DevUBLOXGNSS::setAutoRELPOSNED(bool, unsigned char, unsigned short)
                0x0800f63a                DevUBLOXGNSS::setAutoRELPOSNED(bool, bool, unsigned char, unsigned short)
                0x0800f652                DevUBLOXGNSS::setAutoRELPOSNEDcallbackPtr(void (*)(UBX_NAV_RELPOSNED_data_t*), unsigned char, unsigned short)
                0x0800f6ac                DevUBLOXGNSS::setAutoAOPSTATUSrate(unsigned char, bool, unsigned char, unsigned short)
                0x0800f730                DevUBLOXGNSS::setAutoAOPSTATUS(bool, unsigned char, unsigned short)
                0x0800f746                DevUBLOXGNSS::setAutoAOPSTATUS(bool, bool, unsigned char, unsigned short)
                0x0800f75e                DevUBLOXGNSS::setAutoAOPSTATUScallbackPtr(void (*)(UBX_NAV_AOPSTATUS_data_t*), unsigned char, unsigned short)
                0x0800f7b8                DevUBLOXGNSS::setAutoRXMSFRBXrate(unsigned char, bool, unsigned char, unsigned short)
                0x0800f854                DevUBLOXGNSS::setAutoRXMSFRBX(bool, unsigned char, unsigned short)
                0x0800f86a                DevUBLOXGNSS::setAutoRXMSFRBX(bool, bool, unsigned char, unsigned short)
                0x0800f882                DevUBLOXGNSS::setAutoRXMSFRBXcallbackPtr(void (*)(UBX_RXM_SFRBX_data_t*), unsigned char, unsigned short)
                0x0800f8dc                DevUBLOXGNSS::setAutoRXMSFRBXmessageCallbackPtr(void (*)(UBX_RXM_SFRBX_message_data_t*), unsigned char, unsigned short)
                0x0800f938                DevUBLOXGNSS::setAutoRXMRAWXrate(unsigned char, bool, unsigned char, unsigned short)
                0x0800f9d4                DevUBLOXGNSS::setAutoRXMRAWX(bool, unsigned char, unsigned short)
                0x0800f9ea                DevUBLOXGNSS::setAutoRXMRAWX(bool, bool, unsigned char, unsigned short)
                0x0800fa02                DevUBLOXGNSS::setAutoRXMRAWXcallbackPtr(void (*)(UBX_RXM_RAWX_data_t*), unsigned char, unsigned short)
                0x0800fa64                DevUBLOXGNSS::setAutoRXMMEASXrate(unsigned char, bool, unsigned char, unsigned short)
                0x0800fb00                DevUBLOXGNSS::setAutoRXMMEASX(bool, unsigned char, unsigned short)
                0x0800fb16                DevUBLOXGNSS::setAutoRXMMEASX(bool, bool, unsigned char, unsigned short)
                0x0800fb2e                DevUBLOXGNSS::setAutoRXMMEASXcallbackPtr(void (*)(UBX_RXM_MEASX_data_t*), unsigned char, unsigned short)
                0x0800fb90                DevUBLOXGNSS::setAutoTIMTM2rate(unsigned char, bool, unsigned char, unsigned short)
                0x0800fc34                DevUBLOXGNSS::setAutoTIMTM2(bool, unsigned char, unsigned short)
                0x0800fc4a                DevUBLOXGNSS::setAutoTIMTM2(bool, bool, unsigned char, unsigned short)
                0x0800fc62                DevUBLOXGNSS::setAutoTIMTM2callbackPtr(void (*)(UBX_TIM_TM2_data_t*), unsigned char, unsigned short)
                0x0800fcbc                DevUBLOXGNSS::setAutoTIMTPrate(unsigned char, bool, unsigned char, unsigned short)
                0x0800fd5c                DevUBLOXGNSS::setAutoTIMTP(bool, unsigned char, unsigned short)
                0x0800fd72                DevUBLOXGNSS::setAutoTIMTP(bool, bool, unsigned char, unsigned short)
                0x0800fd8a                DevUBLOXGNSS::setAutoTIMTPcallbackPtr(void (*)(UBX_TIM_TP_data_t*), unsigned char, unsigned short)
                0x0800fde4                DevUBLOXGNSS::setAutoMONCOMMSrate(unsigned char, bool, unsigned char, unsigned short)
                0x0800fe80                DevUBLOXGNSS::setAutoMONCOMMS(bool, unsigned char, unsigned short)
                0x0800fe96                DevUBLOXGNSS::setAutoMONCOMMS(bool, bool, unsigned char, unsigned short)
                0x0800feae                DevUBLOXGNSS::setAutoMONCOMMScallbackPtr(void (*)(UBX_MON_COMMS_data_t*), unsigned char, unsigned short)
                0x0800ff10                DevUBLOXGNSS::setAutoMONHWrate(unsigned char, bool, unsigned char, unsigned short)
                0x0800ffb4                DevUBLOXGNSS::setAutoMONHW(bool, unsigned char, unsigned short)
                0x0800ffca                DevUBLOXGNSS::setAutoMONHW(bool, bool, unsigned char, unsigned short)
                0x0800ffe2                DevUBLOXGNSS::setAutoMONHWcallbackPtr(void (*)(UBX_MON_HW_data_t*), unsigned char, unsigned short)
                0x0801003c                DevUBLOXGNSS::setAutoESFALGrate(unsigned char, bool, unsigned char, unsigned short)
                0x080100dc                DevUBLOXGNSS::setAutoESFALG(bool, unsigned char, unsigned short)
                0x080100f2                DevUBLOXGNSS::setAutoESFALG(bool, bool, unsigned char, unsigned short)
                0x0801010a                DevUBLOXGNSS::setAutoESFALGcallbackPtr(void (*)(UBX_ESF_ALG_data_t*), unsigned char, unsigned short)
                0x08010164                DevUBLOXGNSS::setAutoESFSTATUSrate(unsigned char, bool, unsigned char, unsigned short)
                0x08010208                DevUBLOXGNSS::setAutoESFSTATUS(bool, unsigned char, unsigned short)
                0x0801021e                DevUBLOXGNSS::setAutoESFSTATUS(bool, bool, unsigned char, unsigned short)
                0x08010236                DevUBLOXGNSS::setAutoESFSTATUScallbackPtr(void (*)(UBX_ESF_STATUS_data_t*), unsigned char, unsigned short)
                0x08010290                DevUBLOXGNSS::setAutoESFINSrate(unsigned char, bool, unsigned char, unsigned short)
                0x08010334                DevUBLOXGNSS::setAutoESFINS(bool, unsigned char, unsigned short)
                0x0801034a                DevUBLOXGNSS::setAutoESFINS(bool, bool, unsigned char, unsigned short)
                0x08010362                DevUBLOXGNSS::setAutoESFINScallbackPtr(void (*)(UBX_ESF_INS_data_t*), unsigned char, unsigned short)
                0x080103bc                DevUBLOXGNSS::setAutoESFMEASrate(unsigned char, bool, unsigned char, unsigned short)
                0x0801044c                DevUBLOXGNSS::setAutoESFMEAS(bool, unsigned char, unsigned short)
                0x08010462                DevUBLOXGNSS::setAutoESFMEAS(bool, bool, unsigned char, unsigned short)
                0x0801047a                DevUBLOXGNSS::setAutoESFMEAScallbackPtr(void (*)(UBX_ESF_MEAS_data_t*), unsigned char, unsigned short)
                0x080104dc                DevUBLOXGNSS::setAutoESFRAWrate(unsigned char, bool, unsigned char, unsigned short)
                0x0801056c                DevUBLOXGNSS::setAutoESFRAW(bool, unsigned char, unsigned short)
                0x08010582                DevUBLOXGNSS::setAutoESFRAW(bool, bool, unsigned char, unsigned short)
                0x0801059a                DevUBLOXGNSS::setAutoESFRAWcallbackPtr(void (*)(UBX_ESF_RAW_data_t*), unsigned char, unsigned short)
                0x080105fc                DevUBLOXGNSS::setAutoSECSIGrate(unsigned char, bool, unsigned char, unsigned short)
                0x08010698                DevUBLOXGNSS::setAutoSECSIG(bool, unsigned char, unsigned short)
                0x080106ae                DevUBLOXGNSS::setAutoSECSIG(bool, bool, unsigned char, unsigned short)
                0x080106c6                DevUBLOXGNSS::setAutoSECSIGcallbackPtr(void (*)(UBX_SEC_SIG_data_t*), unsigned char, unsigned short)
                0x08010720                DevUBLOXGNSS::setMainTalkerID(sfe_ublox_talker_ids_e, unsigned char, unsigned short)
                0x08010738                DevUBLOXGNSS::setHighPrecisionMode(bool, unsigned char, unsigned short)
                0x08010750                DevUBLOXGNSS::setLNAMode(sfe_ublox_lna_mode_e, unsigned char, unsigned short)
                0x08010768                DevUBLOXGNSS::setGPSL5HealthOverride(bool, unsigned char, unsigned short)
                0x08010780                DevUBLOXGNSS::setVal16(unsigned long, unsigned short, unsigned char, unsigned short)
                0x080107a2                DevUBLOXGNSS::setValSigned16(unsigned long, short, unsigned char, unsigned short)
                0x080107b8                DevUBLOXGNSS::setNavigationFrequency(unsigned char, unsigned char, unsigned short)
                0x0801080c                DevUBLOXGNSS::setMeasurementRate(unsigned short, unsigned char, unsigned short)
                0x08010854                DevUBLOXGNSS::setNavigationRate(unsigned short, unsigned char, unsigned short)
                0x0801086c                DevUBLOXGNSS::setVal32(unsigned long, unsigned long, unsigned char, unsigned short)
                0x0801089e                DevUBLOXGNSS::setSerialRate(unsigned long, unsigned char, unsigned char, unsigned short)
                0x080108d8                DevUBLOXGNSS::setValSigned32(unsigned long, long, unsigned char, unsigned short)
                0x080108ec                DevUBLOXGNSS::setValFloat(unsigned long, float, unsigned char, unsigned short)
                0x08010900                DevUBLOXGNSS::setVal64(unsigned long, unsigned long long, unsigned char, unsigned short)
                0x08010968                DevUBLOXGNSS::setValSigned64(unsigned long, long long, unsigned char, unsigned short)
                0x08010984                DevUBLOXGNSS::setValDouble(unsigned long, double, unsigned char, unsigned short)
                0x08010998                DevUBLOXGNSS::addCfgValsetN(unsigned long, unsigned char*, unsigned char)
                0x08010ac0                DevUBLOXGNSS::addCfgValset64(unsigned long, unsigned long long)
                0x08010b1a                DevUBLOXGNSS::addCfgValsetDouble(unsigned long, double)
                0x08010b26                DevUBLOXGNSS::newCfgValset64(unsigned long, unsigned long long, unsigned char)
                0x08010b52                DevUBLOXGNSS::addCfgValset32(unsigned long, unsigned long)
                0x08010b7a                DevUBLOXGNSS::addCfgValsetFloat(unsigned long, float)
                0x08010b86                DevUBLOXGNSS::newCfgValset32(unsigned long, unsigned long, unsigned char)
                0x08010ba8                DevUBLOXGNSS::addCfgValset16(unsigned long, unsigned short)
                0x08010bc2                DevUBLOXGNSS::newCfgValset16(unsigned long, unsigned short, unsigned char)
                0x08010be4                DevUBLOXGNSS::addCfgValset8(unsigned long, unsigned char)
                0x08010bf8                DevUBLOXGNSS::newCfgValset8(unsigned long, unsigned char, unsigned char)
                0x08010c1a                DevUBLOXGNSS::sendCfgValset(unsigned short)
                0x08010c48                DevUBLOXGNSS::setI2COutput(unsigned char, unsigned char, unsigned short)
                0x08010cac                DevUBLOXGNSS::setUART1Output(unsigned char, unsigned char, unsigned short)
                0x08010d10                DevUBLOXGNSS::setUART2Output(unsigned char, unsigned char, unsigned short)
                0x08010d74                DevUBLOXGNSS::setUSBOutput(unsigned char, unsigned char, unsigned short)
                0x08010dd8                DevUBLOXGNSS::setSPIOutput(unsigned char, unsigned char, unsigned short)
                0x08010e3c                DevUBLOXGNSS::setI2CInput(unsigned char, unsigned char, unsigned short)
                0x08010ebc                DevUBLOXGNSS::setUART1Input(unsigned char, unsigned char, unsigned short)
                0x08010f3c                DevUBLOXGNSS::setUART2Input(unsigned char, unsigned char, unsigned short)
                0x08010fbc                DevUBLOXGNSS::setUSBInput(unsigned char, unsigned char, unsigned short)
                0x0801103c                DevUBLOXGNSS::setSPIInput(unsigned char, unsigned char, unsigned short)
                0x080110bc                DevUBLOXGNSS::setSurveyModeFull(unsigned char, unsigned long, float, unsigned char, unsigned short)
                0x08011134                DevUBLOXGNSS::setSurveyMode(unsigned char, unsigned short, float, unsigned char, unsigned short)
                0x08011148                DevUBLOXGNSS::disableSurveyMode(unsigned char, unsigned short)
                0x08011164                DevUBLOXGNSS::enableSurveyMode(unsigned short, float, unsigned char, unsigned short)
                0x08011178                DevUBLOXGNSS::enableSurveyModeFull(unsigned long, float, unsigned char, unsigned short)
                0x0801118c                DevUBLOXGNSS::setStaticPosition(long, signed char, long, signed char, long, signed char, bool, unsigned char, unsigned short)
                0x0801127c                DevUBLOXGNSS::setStaticPosition(long, long, long, bool, unsigned char, unsigned short)
                0x080112a6                DevUBLOXGNSS::addGeofence(long, long, unsigned long, unsigned char, bool, unsigned char, unsigned char, unsigned short)
                0x08011518                DevUBLOXGNSS::clearGeofences(unsigned char, unsigned short)
                0x0801159c                DevUBLOXGNSS::setOdometerConfig(unsigned char, unsigned char, unsigned char, unsigned char, unsigned char, unsigned char, unsigned char, unsigned short)
                0x08011664                DevUBLOXGNSS::setAopCfg(unsigned char, unsigned short, unsigned char, unsigned short)
                0x080116b0                DevUBLOXGNSS::sendCfgValset8(unsigned long, unsigned char, unsigned short)
                0x080116cc                DevUBLOXGNSS::sendCfgValset16(unsigned long, unsigned short, unsigned short)
                0x080116e8                DevUBLOXGNSS::sendCfgValset32(unsigned long, unsigned long, unsigned short)
                0x08011704                DevUBLOXGNSS::sendCfgValset64(unsigned long, unsigned long long, unsigned short)
                0x08011720                DevUBLOXGNSS::sendCfgValget(ubxPacket*, unsigned short)
                0x08011748                DevUBLOXGNSS::sendCfgValget(unsigned short)
                0x08011756                DevUBLOXGNSS::getLeapSecondEvent(unsigned short)
                0x080117a8                DevUBLOXGNSS::getLeapIndicator(long&, unsigned short)
                0x08011832                DevUBLOXGNSS::getCurrentLeapSeconds(sfe_ublox_ls_src_e&, unsigned short)
                0x080118a4                DevUBLOXGNSS::setAutoHNRATTrate(unsigned char, bool, unsigned char, unsigned short)
                0x08011944                DevUBLOXGNSS::setAutoHNRATT(bool, unsigned char, unsigned short)
                0x0801195a                DevUBLOXGNSS::setAutoHNRATT(bool, bool, unsigned char, unsigned short)
                0x08011972                DevUBLOXGNSS::setAutoHNRATTcallbackPtr(void (*)(UBX_HNR_ATT_data_t*), unsigned char, unsigned short)
                0x080119cc                DevUBLOXGNSS::setAutoHNRINSrate(unsigned char, bool, unsigned char, unsigned short)
                0x08011a6e                DevUBLOXGNSS::setAutoHNRINS(bool, unsigned char, unsigned short)
                0x08011a84                DevUBLOXGNSS::setAutoHNRINS(bool, bool, unsigned char, unsigned short)
                0x08011a9c                DevUBLOXGNSS::setAutoHNRINScallbackPtr(void (*)(UBX_HNR_INS_data_t*), unsigned char, unsigned short)
                0x08011af4                DevUBLOXGNSS::setAutoHNRPVTrate(unsigned char, bool, unsigned char, unsigned short)
                0x08011b98                DevUBLOXGNSS::setAutoHNRPVT(bool, unsigned char, unsigned short)
                0x08011bae                DevUBLOXGNSS::setAutoHNRPVT(bool, bool, unsigned char, unsigned short)
                0x08011bc6                DevUBLOXGNSS::setAutoHNRPVTcallbackPtr(void (*)(UBX_HNR_PVT_data_t*), unsigned char, unsigned short)
                0x08011c20                DevUBLOXGNSS::setHNRNavigationRate(unsigned char, unsigned char, unsigned short)
                0x08011c9e                DevUBLOXGNSS::getHNRNavigationRate(unsigned char, unsigned short)
                0x08011cd0                DevUBLOXGNSS::getNAVPOSECEF(unsigned short)
                0x08011d54                DevUBLOXGNSS::getNAVSTATUS(unsigned short)
                0x08011dda                DevUBLOXGNSS::getDOP(unsigned short)
                0x08011e60                DevUBLOXGNSS::getGeometricDOP(unsigned short)
                0x08011eae                DevUBLOXGNSS::getPositionDOP(unsigned short)
                0x08011efc                DevUBLOXGNSS::getTimeDOP(unsigned short)
                0x08011f4a                DevUBLOXGNSS::getVerticalDOP(unsigned short)
                0x08011f98                DevUBLOXGNSS::getHorizontalDOP(unsigned short)
                0x08011fe6                DevUBLOXGNSS::getNorthingDOP(unsigned short)
                0x08012034                DevUBLOXGNSS::getEastingDOP(unsigned short)
                0x08012082                DevUBLOXGNSS::getNAVEOE(unsigned short)
                0x08012108                DevUBLOXGNSS::getNAVATT(unsigned short)
                0x08012190                DevUBLOXGNSS::getVehAtt(unsigned short)
                0x08012198                DevUBLOXGNSS::getATTroll(unsigned short)
                0x08012208                DevUBLOXGNSS::getATTpitch(unsigned short)
                0x08012278                DevUBLOXGNSS::getATTheading(unsigned short)
                0x080122e8                DevUBLOXGNSS::getPVT(unsigned short)
                0x08012370                DevUBLOXGNSS::getTimeOfWeek(unsigned short)
                0x080123c8                DevUBLOXGNSS::getYear(unsigned short)
                0x08012420                DevUBLOXGNSS::getMonth(unsigned short)
                0x08012478                DevUBLOXGNSS::getDay(unsigned short)
                0x080124d0                DevUBLOXGNSS::getHour(unsigned short)
                0x08012528                DevUBLOXGNSS::getMinute(unsigned short)
                0x08012580                DevUBLOXGNSS::getSecond(unsigned short)
                0x080125d6                DevUBLOXGNSS::getMillisecond(unsigned short)
                0x08012644                DevUBLOXGNSS::getNanosecond(unsigned short)
                0x0801269c                DevUBLOXGNSS::getUnixEpoch(unsigned short)
                0x080127a0                DevUBLOXGNSS::getUnixEpoch(unsigned long&, unsigned short)
                0x080128e4                DevUBLOXGNSS::getDateValid(unsigned short)
                0x08012940                DevUBLOXGNSS::getTimeValid(unsigned short)
                0x0801299c                DevUBLOXGNSS::getTimeFullyResolved(unsigned short)
                0x080129f8                DevUBLOXGNSS::getConfirmedDate(unsigned short)
                0x08012a54                DevUBLOXGNSS::getConfirmedTime(unsigned short)
                0x08012aae                DevUBLOXGNSS::getFixType(unsigned short)
                0x08012b06                DevUBLOXGNSS::getGnssFixOk(unsigned short)
                0x08012b60                DevUBLOXGNSS::getDiffSoln(unsigned short)
                0x08012bbc                DevUBLOXGNSS::getHeadVehValid(unsigned short)
                0x08012c18                DevUBLOXGNSS::getCarrierSolutionType(unsigned short)
                0x08012c72                DevUBLOXGNSS::getSIV(unsigned short)
                0x08012cc8                DevUBLOXGNSS::getLongitude(unsigned short)
                0x08012d20                DevUBLOXGNSS::getLatitude(unsigned short)
                0x08012d78                DevUBLOXGNSS::getAltitude(unsigned short)
                0x08012dd0                DevUBLOXGNSS::getAltitudeMSL(unsigned short)
                0x08012e28                DevUBLOXGNSS::getHorizontalAccEst(unsigned short)
                0x08012e80                DevUBLOXGNSS::getVerticalAccEst(unsigned short)
                0x08012ed8                DevUBLOXGNSS::getNedNorthVel(unsigned short)
                0x08012f30                DevUBLOXGNSS::getNedEastVel(unsigned short)
                0x08012f86                DevUBLOXGNSS::getNedDownVel(unsigned short)
                0x08012fde                DevUBLOXGNSS::getGroundSpeed(unsigned short)
                0x08013036                DevUBLOXGNSS::getHeading(unsigned short)
                0x0801308e                DevUBLOXGNSS::getSpeedAccEst(unsigned short)
                0x080130e6                DevUBLOXGNSS::getHeadingAccEst(unsigned short)
                0x0801313e                DevUBLOXGNSS::getPDOP(unsigned short)
                0x08013198                DevUBLOXGNSS::getInvalidLlh(unsigned short)
                0x080131f6                DevUBLOXGNSS::getHeadVeh(unsigned short)
                0x0801324e                DevUBLOXGNSS::getMagDec(unsigned short)
                0x080132a8                DevUBLOXGNSS::getMagAcc(unsigned short)
                0x08013302                DevUBLOXGNSS::getNAVODO(unsigned short)
                0x08013388                DevUBLOXGNSS::getNAVVELECEF(unsigned short)
                0x0801340e                DevUBLOXGNSS::getNAVVELNED(unsigned short)
                0x08013496                DevUBLOXGNSS::getNAVHPPOSECEF(unsigned short)
                0x0801351e                DevUBLOXGNSS::getPositionAccuracy(unsigned short)
                0x08013598                DevUBLOXGNSS::getHighResECEFX(unsigned short)
                0x080135f0                DevUBLOXGNSS::getHighResECEFY(unsigned short)
                0x08013648                DevUBLOXGNSS::getHighResECEFZ(unsigned short)
                0x080136a0                DevUBLOXGNSS::getHighResECEFXHp(unsigned short)
                0x080136fa                DevUBLOXGNSS::getHighResECEFYHp(unsigned short)
                0x08013752                DevUBLOXGNSS::getHighResECEFZHp(unsigned short)
                0x080137ac                DevUBLOXGNSS::getHPPOSLLH(unsigned short)
                0x08013834                DevUBLOXGNSS::getTimeOfWeekFromHPPOSLLH(unsigned short)
                0x0801388c                DevUBLOXGNSS::getHighResLongitude(unsigned short)
                0x080138e4                DevUBLOXGNSS::getHighResLatitude(unsigned short)
                0x0801393c                DevUBLOXGNSS::getElipsoid(unsigned short)
                0x08013994                DevUBLOXGNSS::getMeanSeaLevel(unsigned short)
                0x080139ea                DevUBLOXGNSS::getHighResLongitudeHp(unsigned short)
                0x08013a44                DevUBLOXGNSS::getHighResLatitudeHp(unsigned short)
                0x08013a9e                DevUBLOXGNSS::getElipsoidHp(unsigned short)
                0x08013af8                DevUBLOXGNSS::getMeanSeaLevelHp(unsigned short)
                0x08013b52                DevUBLOXGNSS::getHorizontalAccuracy(unsigned short)
                0x08013baa                DevUBLOXGNSS::getVerticalAccuracy(unsigned short)
                0x08013c02                DevUBLOXGNSS::getNAVPVAT(unsigned short)
                0x08013c8a                DevUBLOXGNSS::getVehicleRoll(unsigned short)
                0x08013ce2                DevUBLOXGNSS::getVehiclePitch(unsigned short)
                0x08013d3a                DevUBLOXGNSS::getVehicleHeading(unsigned short)
                0x08013d90                DevUBLOXGNSS::getMotionHeading(unsigned short)
                0x08013de8                DevUBLOXGNSS::getNAVTIMEUTC(unsigned short)
                0x08013e6e                DevUBLOXGNSS::getNAVCLOCK(unsigned short)
                0x08013ef4                DevUBLOXGNSS::getSurveyStatus(unsigned short)
                0x08013f7c                DevUBLOXGNSS::getSurveyInActive(unsigned short)
                0x08013fdc                DevUBLOXGNSS::getSurveyInValid(unsigned short)
                0x0801403c                DevUBLOXGNSS::getSurveyInObservationTimeFull(unsigned short)
                0x08014094                DevUBLOXGNSS::getSurveyInObservationTime(unsigned short)
                0x080140aa                DevUBLOXGNSS::getSurveyInMeanAccuracy(unsigned short)
                0x0801411c                DevUBLOXGNSS::getNAVSAT(unsigned short)
                0x080141a0                DevUBLOXGNSS::getNAVSIG(unsigned short)
                0x08014224                DevUBLOXGNSS::getRELPOSNED(unsigned short)
                0x080142ac                DevUBLOXGNSS::getRelPosN(unsigned short)
                0x0801431c                DevUBLOXGNSS::getRelPosE(unsigned short)
                0x0801438c                DevUBLOXGNSS::getRelPosD(unsigned short)
                0x080143fc                DevUBLOXGNSS::getRelPosAccN(unsigned short)
                0x0801446c                DevUBLOXGNSS::getRelPosAccE(unsigned short)
                0x080144dc                DevUBLOXGNSS::getRelPosAccD(unsigned short)
                0x0801454c                DevUBLOXGNSS::getAOPSTATUS(unsigned short)
                0x080145d2                DevUBLOXGNSS::getAOPSTATUSuseAOP(unsigned short)
                0x08014624                DevUBLOXGNSS::getAOPSTATUSstatus(unsigned short)
                0x08014672                DevUBLOXGNSS::getRXMSFRBX(unsigned short)
                0x080146ba                DevUBLOXGNSS::getRXMRAWX(unsigned short)
                0x0801473e                DevUBLOXGNSS::getRXMMEASX(unsigned short)
                0x080147c2                DevUBLOXGNSS::getTIMTM2(unsigned short)
                0x0801484a                DevUBLOXGNSS::getTIMTP(unsigned short)
                0x080148d0                DevUBLOXGNSS::getTIMTPtowMS(unsigned short)
                0x0801491e                DevUBLOXGNSS::getTIMTPtowSubMS(unsigned short)
                0x0801496c                DevUBLOXGNSS::getTIMTPweek(unsigned short)
                0x080149ba                DevUBLOXGNSS::getTIMTPAsEpoch(unsigned long&, unsigned short)
                0x08014a8c                DevUBLOXGNSS::getMONCOMMS(unsigned short)
                0x08014b10                DevUBLOXGNSS::getCommsPortInfo(UBX_MON_COMMS_data_t*, unsigned short)
                0x08014b46                DevUBLOXGNSS::getMONHW(unsigned short)
                0x08014bce                DevUBLOXGNSS::getHWstatus(UBX_MON_HW_data_t*, unsigned short)
                0x08014c2a                DevUBLOXGNSS::getAntennaStatus(unsigned short)
                0x08014c80                DevUBLOXGNSS::getESFALG(unsigned short)
                0x08014d06                DevUBLOXGNSS::getEsfAlignment(unsigned short)
                0x08014d0e                DevUBLOXGNSS::getESFroll(unsigned short)
                0x08014d78                DevUBLOXGNSS::getESFpitch(unsigned short)
                0x08014de4                DevUBLOXGNSS::getESFyaw(unsigned short)
                0x08014e4c                DevUBLOXGNSS::getESFSTATUS(unsigned short)
                0x08014ed2                DevUBLOXGNSS::getEsfInfo(unsigned short)
                0x08014eda                DevUBLOXGNSS::getSensorFusionStatus(UBX_ESF_STATUS_sensorStatus_t*, unsigned char, unsigned short)
                0x08014f74                DevUBLOXGNSS::getESFINS(unsigned short)
                0x08014ffc                DevUBLOXGNSS::getEsfIns(unsigned short)
                0x08015004                DevUBLOXGNSS::getHNRATT(unsigned short)
                0x0801508c                DevUBLOXGNSS::getHNRAtt(unsigned short)
                0x08015094                DevUBLOXGNSS::getHNRroll(unsigned short)
                0x08015104                DevUBLOXGNSS::getHNRpitch(unsigned short)
                0x08015174                DevUBLOXGNSS::getHNRheading(unsigned short)
                0x080151e4                DevUBLOXGNSS::getHNRINS(unsigned short)
                0x0801526c                DevUBLOXGNSS::getHNRDyn(unsigned short)
                0x08015274                DevUBLOXGNSS::getHNRPVT(unsigned short)
                0x080152fa                DevUBLOXGNSS::getSECSIG(unsigned short)
                0x0801537e                DevUBLOXGNSS::getSECSIG(UBX_SEC_SIG_data_t*, unsigned short)
                0x080153d8                DevUBLOXGNSS::getLatestNMEAGPGGA(NMEA_GGA_data_t*)
                0x0801542c                DevUBLOXGNSS::getLatestNMEAGNGGA(NMEA_GGA_data_t*)
                0x08015480                DevUBLOXGNSS::getLatestNMEAGPVTG(NMEA_VTG_data_t*)
                0x080154d4                DevUBLOXGNSS::getLatestNMEAGNVTG(NMEA_VTG_data_t*)
                0x08015528                DevUBLOXGNSS::getLatestNMEAGPRMC(NMEA_RMC_data_t*)
                0x0801557c                DevUBLOXGNSS::getLatestNMEAGNRMC(NMEA_RMC_data_t*)
                0x080155d0                DevUBLOXGNSS::getLatestNMEAGPZDA(NMEA_ZDA_data_t*)
                0x0801564c                DevUBLOXGNSS::getLatestNMEAGNZDA(NMEA_ZDA_data_t*)
                0x080156c8                DevUBLOXGNSS::getLatestNMEAGPGST(NMEA_GST_data_t*)
                0x0801571c                DevUBLOXGNSS::getLatestNMEAGNGST(NMEA_GST_data_t*)
                0x08015770                DevUBLOXGNSS::getLatestRTCM1005(RTCM_1005_data_t*)
                0x080157ea                DevUBLOXGNSS::parseRTCM1005(unsigned char*, unsigned int)
                0x08015954                DevUBLOXGNSS::extractRTCM1006(RTCM_1006_data_t*, unsigned char*)
                0x08015a58                DevUBLOXGNSS::parseRTCM1006(unsigned char*, unsigned int)
                0x08015bc4                DevUBLOXGNSS::pushRawData(unsigned char*, unsigned int, bool)
                0x08015d78                DevUBLOXGNSS::pushAssistNowDataInternal(unsigned int, bool, unsigned char const*, unsigned int, sfe_ublox_mga_assist_ack_e, unsigned short)
                0x08016110                DevUBLOXGNSS::pushAssistNowData(unsigned char const*, unsigned int, sfe_ublox_mga_assist_ack_e, unsigned short)
                0x0801612e                DevUBLOXGNSS::pushAssistNowData(bool, unsigned char const*, unsigned int, sfe_ublox_mga_assist_ack_e, unsigned short)
                0x08016152                DevUBLOXGNSS::pushAssistNowData(unsigned int, bool, unsigned char const*, unsigned int, sfe_ublox_mga_assist_ack_e, unsigned short)
                0x08016172                DevUBLOXGNSS::setUTCTimeAssistance(unsigned short, unsigned char, unsigned char, unsigned char, unsigned char, unsigned char, unsigned long, unsigned short, unsigned long, unsigned char, sfe_ublox_mga_assist_ack_e, unsigned short)
                0x0801627a                DevUBLOXGNSS::setPositionAssistanceXYZ(long, long, long, unsigned long, sfe_ublox_mga_assist_ack_e, unsigned short)
                0x08016370                DevUBLOXGNSS::setPositionAssistanceLLH(long, long, long, unsigned long, sfe_ublox_mga_assist_ack_e, unsigned short)
                0x0801646c                DevUBLOXGNSS::readNavigationDatabase(unsigned char*, unsigned int, unsigned short)
                0x080168a8                DevUBLOXGNSS::getOdometerConfig(unsigned char*, unsigned char*, unsigned char*, unsigned char*, unsigned char*, unsigned char*, unsigned char, unsigned short)
 *fill*         0x08016a48        0x8 
 .text          0x08016a50       0xa0 C:/Program Files/Arm/GNU Toolchain mingw-w64-x86_64-arm-none-eabi/bin/../lib/gcc/arm-none-eabi/15.2.1/../../../../arm-none-eabi/lib/thumb/v7e-m+dp/hard\libc_nano.a(libc_a-memchr.o)
                0x08016a50                memchr
 .text          0x08016af0       0x10 C:/Program Files/Arm/GNU Toolchain mingw-w64-x86_64-arm-none-eabi/bin/../lib/gcc/arm-none-eabi/15.2.1/../../../../arm-none-eabi/lib/thumb/v7e-m+dp/hard\libc_nano.a(libc_a-strlen.o)
                0x08016af0                strlen
 *(.text*)
 .text.deregister_tm_clones
                0x08016b00       0x1c C:/Program Files/Arm/GNU Toolchain mingw-w64-x86_64-arm-none-eabi/bin/../lib/gcc/arm-none-eabi/15.2.1/thumb/v7e-m+dp/hard/crtbegin.o
 .text.register_tm_clones
                0x08016b1c       0x24 C:/Program Files/Arm/GNU Toolchain mingw-w64-x86_64-arm-none-eabi/bin/../lib/gcc/arm-none-eabi/15.2.1/thumb/v7e-m+dp/hard/crtbegin.o
 .text.__do_global_dtors_aux
                0x08016b40       0x28 C:/Program Files/Arm/GNU Toolchain mingw-w64-x86_64-arm-none-eabi/bin/../lib/gcc/arm-none-eabi/15.2.1/thumb/v7e-m+dp/hard/crtbegin.o
 .text.frame_dummy
                0x08016b68       0x24 C:/Program Files/Arm/GNU Toolchain mingw-w64-x86_64-arm-none-eabi/bin/../lib/gcc/arm-none-eabi/15.2.1/thumb/v7e-m+dp/hard/crtbegin.o
 .text.MX_ADC1_Init
                0x08016b8c       0xa0 build/debug/adc.o
                0x08016b8c                MX_ADC1_Init
 .text.HAL_ADC_MspInit
                0x08016c2c      0x100 build/debug/adc.o
                0x08016c2c                HAL_ADC_MspInit
 .text.MX_CORDIC_Init
                0x08016d2c       0x20 build/debug/cordic.o
                0x08016d2c                MX_CORDIC_Init
 .text.HAL_CORDIC_MspInit
                0x08016d4c       0x30 build/debug/cordic.o
                0x08016d4c                HAL_CORDIC_MspInit
 .text.MX_DMA_Init
                0x08016d7c       0x48 build/debug/dma.o
                0x08016d7c                MX_DMA_Init
 .text.MX_FATFS_Init
                0x08016dc4       0x1c build/debug/fatfs.o
                0x08016dc4                MX_FATFS_Init
 .text.FATFS_LinkDriverEx
                0x08016de0       0x5c build/debug/ff_gen_drv.o
                0x08016de0                FATFS_LinkDriverEx
 .text.FATFS_LinkDriver
                0x08016e3c        0xa build/debug/ff_gen_drv.o
                0x08016e3c                FATFS_LinkDriver
 *fill*         0x08016e46        0x2 
 .text.MX_FMAC_Init
                0x08016e48       0x20 build/debug/fmac.o
                0x08016e48                MX_FMAC_Init
 .text.HAL_FMAC_MspInit
                0x08016e68       0x34 build/debug/fmac.o
                0x08016e68                HAL_FMAC_MspInit
 .text.MX_GPIO_Init
                0x08016e9c      0x1c8 build/debug/gpio.o
                0x08016e9c                MX_GPIO_Init
 .text.MX_I2C3_Init
                0x08017064       0x58 build/debug/i2c.o
                0x08017064                MX_I2C3_Init
 .text.HAL_I2C_MspInit
                0x080170bc       0xa8 build/debug/i2c.o
                0x080170bc                HAL_I2C_MspInit
 .text.MPU_Config
                0x08017164       0x56 build/debug/main.o
 .text.Error_Handler
                0x080171ba        0x4 build/debug/main.o
                0x080171ba                Error_Handler
 *fill*         0x080171be        0x2 
 .text.SystemClock_Config
                0x080171c0       0xa4 build/debug/main.o
                0x080171c0                SystemClock_Config
 .text.PeriphCommonClock_Config
                0x08017264       0x4c build/debug/main.o
                0x08017264                PeriphCommonClock_Config
 .text.main     0x080172b0       0xdc build/debug/main.o
                0x080172b0                main
 .text.assert_failed
                0x0801738c        0x2 build/debug/main.o
                0x0801738c                assert_failed
 *fill*         0x0801738e        0x2 
 .text.MX_SPI1_Init
                0x08017390       0x58 build/debug/spi.o
                0x08017390                MX_SPI1_Init
 .text.MX_SPI2_Init
                0x080173e8       0x5c build/debug/spi.o
                0x080173e8                MX_SPI2_Init
 .text.HAL_SPI_MspInit
                0x08017444      0x158 build/debug/spi.o
                0x08017444                HAL_SPI_MspInit
 .text.HAL_InitTick
                0x0801759c       0x50 build/debug/stm32h7xx_hal.o
                0x0801759c                HAL_InitTick
 .text.HAL_Init
                0x080175ec       0x60 build/debug/stm32h7xx_hal.o
                0x080175ec                HAL_Init
 .text.HAL_IncTick
                0x0801764c       0x18 build/debug/stm32h7xx_hal.o
                0x0801764c                HAL_IncTick
 .text.HAL_GetTick
                0x08017664        0xc build/debug/stm32h7xx_hal.o
                0x08017664                HAL_GetTick
 .text.HAL_Delay
                0x08017670       0x28 build/debug/stm32h7xx_hal.o
                0x08017670                HAL_Delay
 .text.HAL_SYSCFG_AnalogSwitchConfig
                0x08017698       0x40 build/debug/stm32h7xx_hal.o
                0x08017698                HAL_SYSCFG_AnalogSwitchConfig
 .text.LL_ADC_SetOffset
                0x080176d8       0x3c build/debug/stm32h7xx_hal_adc.o
 .text.LL_ADC_SetOffsetState
                0x08017714       0x30 build/debug/stm32h7xx_hal_adc.o
 .text.LL_ADC_REG_SetSequencerRanks
                0x08017744       0x32 build/debug/stm32h7xx_hal_adc.o
 .text.LL_ADC_SetChannelSamplingTime
                0x08017776       0x2e build/debug/stm32h7xx_hal_adc.o
 .text.LL_ADC_SetChannelSingleDiff
                0x080177a4       0x58 build/debug/stm32h7xx_hal_adc.o
 .text.LL_ADC_SetChannelPreselection
                0x080177fc       0x38 build/debug/stm32h7xx_hal_adc.o
 .text.HAL_ADC_ConfigChannel
                0x08017834      0xb00 build/debug/stm32h7xx_hal_adc.o
                0x08017834                HAL_ADC_ConfigChannel
 .text.ADC_ConfigureBoostMode
                0x08018334      0x134 build/debug/stm32h7xx_hal_adc.o
                0x08018334                ADC_ConfigureBoostMode
 .text.HAL_ADC_Init
                0x08018468      0x64c build/debug/stm32h7xx_hal_adc.o
                0x08018468                HAL_ADC_Init
 .text.HAL_ADCEx_MultiModeConfigChannel
                0x08018ab4      0x1d8 build/debug/stm32h7xx_hal_adc_ex.o
                0x08018ab4                HAL_ADCEx_MultiModeConfigChannel
 .text.HAL_CORDIC_Init
                0x08018c8c       0x4c build/debug/stm32h7xx_hal_cordic.o
                0x08018c8c                HAL_CORDIC_Init
 .text.__NVIC_EnableIRQ
                0x08018cd8       0x1c build/debug/stm32h7xx_hal_cortex.o
 .text.__NVIC_SetPriority
                0x08018cf4       0x24 build/debug/stm32h7xx_hal_cortex.o
 .text.NVIC_EncodePriority
                0x08018d18       0x46 build/debug/stm32h7xx_hal_cortex.o
 *fill*         0x08018d5e        0x2 
 .text.HAL_NVIC_SetPriorityGrouping
                0x08018d60       0x3c build/debug/stm32h7xx_hal_cortex.o
                0x08018d60                HAL_NVIC_SetPriorityGrouping
 .text.HAL_NVIC_SetPriority
                0x08018d9c       0x48 build/debug/stm32h7xx_hal_cortex.o
                0x08018d9c                HAL_NVIC_SetPriority
 .text.HAL_NVIC_EnableIRQ
                0x08018de4       0x20 build/debug/stm32h7xx_hal_cortex.o
                0x08018de4                HAL_NVIC_EnableIRQ
 .text.HAL_SYSTICK_Config
                0x08018e04       0x28 build/debug/stm32h7xx_hal_cortex.o
                0x08018e04                HAL_SYSTICK_Config
 .text.HAL_MPU_Disable
                0x08018e2c       0x1c build/debug/stm32h7xx_hal_cortex.o
                0x08018e2c                HAL_MPU_Disable
 .text.HAL_MPU_Enable
                0x08018e48       0x20 build/debug/stm32h7xx_hal_cortex.o
                0x08018e48                HAL_MPU_Enable
 .text.HAL_MPU_ConfigRegion
                0x08018e68      0x120 build/debug/stm32h7xx_hal_cortex.o
                0x08018e68                HAL_MPU_ConfigRegion
 .text.DMA_SetConfig
                0x08018f88      0x1ec build/debug/stm32h7xx_hal_dma.o
 .text.DMA_CalcBaseAndBitshift
                0x08019174       0xac build/debug/stm32h7xx_hal_dma.o
 .text.DMA_CheckFifoParam
                0x08019220       0x9e build/debug/stm32h7xx_hal_dma.o
 *fill*         0x080192be        0x2 
 .text.DMA_CalcDMAMUXChannelBaseAndMask
                0x080192c0       0xac build/debug/stm32h7xx_hal_dma.o
 .text.DMA_CalcDMAMUXRequestGenBaseAndMask
                0x0801936c       0x88 build/debug/stm32h7xx_hal_dma.o
 .text.HAL_DMA_Init
                0x080193f4      0x5d0 build/debug/stm32h7xx_hal_dma.o
                0x080193f4                HAL_DMA_Init
 .text.HAL_DMA_Start_IT
                0x080199c4      0x2bc build/debug/stm32h7xx_hal_dma.o
                0x080199c4                HAL_DMA_Start_IT
 .text.HAL_DMA_Abort
                0x08019c80      0x33c build/debug/stm32h7xx_hal_dma.o
                0x08019c80                HAL_DMA_Abort
 .text.HAL_DMA_Abort_IT
                0x08019fbc      0x26c build/debug/stm32h7xx_hal_dma.o
                0x08019fbc                HAL_DMA_Abort_IT
 .text.HAL_DMA_IRQHandler
                0x0801a228      0x734 build/debug/stm32h7xx_hal_dma.o
                0x0801a228                HAL_DMA_IRQHandler
 .text.HAL_DMA_GetError
                0x0801a95c        0x4 build/debug/stm32h7xx_hal_dma.o
                0x0801a95c                HAL_DMA_GetError
 .text.FMAC_ResetInputStateAndDataPointers
                0x0801a960       0x10 build/debug/stm32h7xx_hal_fmac.o
 .text.FMAC_ResetOutputStateAndDataPointers
                0x0801a970       0x10 build/debug/stm32h7xx_hal_fmac.o
 .text.FMAC_ResetDataPointers
                0x0801a980       0x10 build/debug/stm32h7xx_hal_fmac.o
 .text.FMAC_Reset
                0x0801a990       0x3c build/debug/stm32h7xx_hal_fmac.o
 .text.HAL_FMAC_Init
                0x0801a9cc       0x6c build/debug/stm32h7xx_hal_fmac.o
                0x0801a9cc                HAL_FMAC_Init
 .text.HAL_GPIO_Init
                0x0801aa38      0x374 build/debug/stm32h7xx_hal_gpio.o
                0x0801aa38                HAL_GPIO_Init
 .text.HAL_GPIO_WritePin
                0x0801adac       0x38 build/debug/stm32h7xx_hal_gpio.o
                0x0801adac                HAL_GPIO_WritePin
 .text.HAL_GPIO_EXTI_Callback
                0x0801ade4        0x2 build/debug/stm32h7xx_hal_gpio.o