Archive member included to satisfy reference by file (symbol)

/usr/lib/gcc/arm-none-eabi/13.2.1/../../../arm-none-eabi/lib/thumb/v7e-m+dp/hard/libm.a(libm_a-pow.o)
                              build/debug/MS5607.o (pow)
/usr/lib/gcc/arm-none-eabi/13.2.1/../../../arm-none-eabi/lib/thumb/v7e-m+dp/hard/libm.a(libm_a-exp_data.o)
                              /usr/lib/gcc/arm-none-eabi/13.2.1/../../../arm-none-eabi/lib/thumb/v7e-m+dp/hard/libm.a(libm_a-pow.o) (__exp_data)
/usr/lib/gcc/arm-none-eabi/13.2.1/../../../arm-none-eabi/lib/thumb/v7e-m+dp/hard/libm.a(libm_a-pow_log_data.o)
                              /usr/lib/gcc/arm-none-eabi/13.2.1/../../../arm-none-eabi/lib/thumb/v7e-m+dp/hard/libm.a(libm_a-pow.o) (__pow_log_data)
/usr/lib/gcc/arm-none-eabi/13.2.1/../../../arm-none-eabi/lib/thumb/v7e-m+dp/hard/libm.a(libm_a-math_err.o)
                              /usr/lib/gcc/arm-none-eabi/13.2.1/../../../arm-none-eabi/lib/thumb/v7e-m+dp/hard/libm.a(libm_a-pow.o) (__math_uflow)
/usr/lib/gcc/arm-none-eabi/13.2.1/../../../arm-none-eabi/lib/thumb/v7e-m+dp/hard/libc_nano.a(libc_a-sprintf.o)
                              build/debug/cpp_main.o (sprintf)
/usr/lib/gcc/arm-none-eabi/13.2.1/../../../arm-none-eabi/lib/thumb/v7e-m+dp/hard/libc_nano.a(libc_a-strcpy.o)
                              build/debug/abstract.o (strcpy)
/usr/lib/gcc/arm-none-eabi/13.2.1/../../../arm-none-eabi/lib/thumb/v7e-m+dp/hard/libc_nano.a(libc_a-impure.o)
                              /usr/lib/gcc/arm-none-eabi/13.2.1/../../../arm-none-eabi/lib/thumb/v7e-m+dp/hard/libc_nano.a(libc_a-sprintf.o) (_impure_ptr)
/usr/lib/gcc/arm-none-eabi/13.2.1/../../../arm-none-eabi/lib/thumb/v7e-m+dp/hard/libc_nano.a(libc_a-nano-svfprintf.o)
                              /usr/lib/gcc/arm-none-eabi/13.2.1/../../../arm-none-eabi/lib/thumb/v7e-m+dp/hard/libc_nano.a(libc_a-sprintf.o) (_svfprintf_r)
/usr/lib/gcc/arm-none-eabi/13.2.1/../../../arm-none-eabi/lib/thumb/v7e-m+dp/hard/libc_nano.a(libc_a-init.o)
                              /usr/lib/gcc/arm-none-eabi/13.2.1/../../../arm-none-eabi/lib/thumb/v7e-m+dp/hard/crt0.o (__libc_init_array)
/usr/lib/gcc/arm-none-eabi/13.2.1/../../../arm-none-eabi/lib/thumb/v7e-m+dp/hard/libc_nano.a(libc_a-strlen.o)
                              build/debug/abstract.o (strlen)
/usr/lib/gcc/arm-none-eabi/13.2.1/../../../arm-none-eabi/lib/thumb/v7e-m+dp/hard/libc_nano.a(libc_a-memset.o)
                              /usr/lib/gcc/arm-none-eabi/13.2.1/../../../arm-none-eabi/lib/thumb/v7e-m+dp/hard/crt0.o (memset)
/usr/lib/gcc/arm-none-eabi/13.2.1/../../../arm-none-eabi/lib/thumb/v7e-m+dp/hard/libc_nano.a(libc_a-errno.o)
                              build/debug/syscalls.o (__errno)
/usr/lib/gcc/arm-none-eabi/13.2.1/../../../arm-none-eabi/lib/thumb/v7e-m+dp/hard/libc_nano.a(libc_a-nano-vfprintf_float.o)
                              /usr/lib/gcc/arm-none-eabi/13.2.1/../../../arm-none-eabi/lib/thumb/v7e-m+dp/hard/libc_nano.a(libc_a-nano-svfprintf.o) (_printf_float)
/usr/lib/gcc/arm-none-eabi/13.2.1/../../../arm-none-eabi/lib/thumb/v7e-m+dp/hard/libc_nano.a(libc_a-mallocr.o)
                              /usr/lib/gcc/arm-none-eabi/13.2.1/../../../arm-none-eabi/lib/thumb/v7e-m+dp/hard/libc_nano.a(libc_a-nano-svfprintf.o) (_malloc_r)
/usr/lib/gcc/arm-none-eabi/13.2.1/../../../arm-none-eabi/lib/thumb/v7e-m+dp/hard/libc_nano.a(libc_a-dtoa.o)
                              /usr/lib/gcc/arm-none-eabi/13.2.1/../../../arm-none-eabi/lib/thumb/v7e-m+dp/hard/libc_nano.a(libc_a-nano-vfprintf_float.o) (_dtoa_r)
/usr/lib/gcc/arm-none-eabi/13.2.1/../../../arm-none-eabi/lib/thumb/v7e-m+dp/hard/libc_nano.a(libc_a-freer.o)
                              /usr/lib/gcc/arm-none-eabi/13.2.1/../../../arm-none-eabi/lib/thumb/v7e-m+dp/hard/libc_nano.a(libc_a-nano-svfprintf.o) (_free_r)
/usr/lib/gcc/arm-none-eabi/13.2.1/../../../arm-none-eabi/lib/thumb/v7e-m+dp/hard/libc_nano.a(libc_a-memmove.o)
                              /usr/lib/gcc/arm-none-eabi/13.2.1/../../../arm-none-eabi/lib/thumb/v7e-m+dp/hard/libc_nano.a(libc_a-nano-svfprintf.o) (memmove)
/usr/lib/gcc/arm-none-eabi/13.2.1/../../../arm-none-eabi/lib/thumb/v7e-m+dp/hard/libc_nano.a(libc_a-memchr.o)
                              /usr/lib/gcc/arm-none-eabi/13.2.1/../../../arm-none-eabi/lib/thumb/v7e-m+dp/hard/libc_nano.a(libc_a-nano-svfprintf.o) (memchr)
/usr/lib/gcc/arm-none-eabi/13.2.1/../../../arm-none-eabi/lib/thumb/v7e-m+dp/hard/libc_nano.a(libc_a-memcpy.o)
                              /usr/lib/gcc/arm-none-eabi/13.2.1/../../../arm-none-eabi/lib/thumb/v7e-m+dp/hard/libc_nano.a(libc_a-nano-svfprintf.o) (memcpy)
/usr/lib/gcc/arm-none-eabi/13.2.1/../../../arm-none-eabi/lib/thumb/v7e-m+dp/hard/libc_nano.a(libc_a-malloc.o)
                              /usr/lib/gcc/arm-none-eabi/13.2.1/../../../arm-none-eabi/lib/thumb/v7e-m+dp/hard/libc_nano.a(libc_a-dtoa.o) (malloc)
/usr/lib/gcc/arm-none-eabi/13.2.1/../../../arm-none-eabi/lib/thumb/v7e-m+dp/hard/libc_nano.a(libc_a-reallocr.o)
[...]
Memory Configuration

Name             Origin             Length             Attributes
DTCMRAM          0x20000000         0x00020000         xrw
RAM              0x24000000         0x00020000         xrw
RAM_D2           0x30000000         0x00008000         xrw
RAM_D3           0x38000000         0x00004000         xrw
ITCMRAM          0x00000000         0x00010000         xrw
FLASH            0x08000000         0x00100000         xr
*default*        0x00000000         0xffffffff

Linker script and memory map

LOAD /usr/lib/gcc/arm-none-eabi/13.2.1/thumb/v7e-m+dp/hard/crti.o
LOAD /usr/lib/gcc/arm-none-eabi/13.2.1/thumb/v7e-m+dp/hard/crtbegin.o
LOAD /usr/lib/gcc/arm-none-eabi/13.2.1/../../../arm-none-eabi/lib/thumb/v7e-m+dp/hard/crt0.o
LOAD build/debug/adc.o
LOAD build/debug/ccsbcs.o
LOAD build/debug/cordic.o
LOAD build/debug/diskio.o
LOAD build/debug/dma.o
LOAD build/debug/fatfs.o
LOAD build/debug/ff.o
LOAD build/debug/ff_gen_drv.o
LOAD build/debug/fmac.o
LOAD build/debug/gpio.o
LOAD build/debug/i2c.o
LOAD build/debug/main.o
LOAD build/debug/memorymap.o
LOAD build/debug/spi.o
LOAD build/debug/stm32h7xx_hal.o
LOAD build/debug/stm32h7xx_hal_adc.o
LOAD build/debug/stm32h7xx_hal_adc_ex.o
LOAD build/debug/stm32h7xx_hal_cordic.o
LOAD build/debug/stm32h7xx_hal_cortex.o
LOAD build/debug/stm32h7xx_hal_dma.o
LOAD build/debug/stm32h7xx_hal_dma_ex.o
LOAD build/debug/stm32h7xx_hal_exti.o
LOAD build/debug/stm32h7xx_hal_flash.o
LOAD build/debug/stm32h7xx_hal_flash_ex.o
LOAD build/debug/stm32h7xx_hal_fmac.o
LOAD build/debug/stm32h7xx_hal_gpio.o
LOAD build/debug/stm32h7xx_hal_hsem.o
LOAD build/debug/stm32h7xx_hal_i2c.o
LOAD build/debug/stm32h7xx_hal_i2c_ex.o
LOAD build/debug/stm32h7xx_hal_mdma.o
LOAD build/debug/stm32h7xx_hal_msp.o
LOAD build/debug/stm32h7xx_hal_pcd.o
LOAD build/debug/stm32h7xx_hal_pcd_ex.o
LOAD build/debug/stm32h7xx_hal_pwr.o
LOAD build/debug/stm32h7xx_hal_pwr_ex.o
LOAD build/debug/stm32h7xx_hal_rcc.o
LOAD build/debug/stm32h7xx_hal_rcc_ex.o
LOAD build/debug/stm32h7xx_hal_spi.o
LOAD build/debug/stm32h7xx_hal_spi_ex.o
LOAD build/debug/stm32h7xx_hal_tim.o
LOAD build/debug/stm32h7xx_hal_tim_ex.o
LOAD build/debug/stm32h7xx_it.o
LOAD build/debug/stm32h7xx_ll_usb.o
LOAD build/debug/syscall.o
LOAD build/debug/syscalls.o
LOAD build/debug/sysmem.o
LOAD build/debug/system_stm32h7xx.o
LOAD build/debug/tim.o
LOAD build/debug/usb_device.o
LOAD build/debug/usbd_cdc.o
LOAD build/debug/usbd_cdc_if.o
LOAD build/debug/usbd_conf.o
LOAD build/debug/usbd_core.o
LOAD build/debug/usbd_ctlreq.o
LOAD build/debug/usbd_desc.o
LOAD build/debug/usbd_ioreq.o
LOAD build/debug/user_diskio.o
LOAD build/debug/user_diskio_spi.o
LOAD build/debug/ADXL375.o
LOAD build/debug/ICM42688.o
LOAD build/debug/MS5607.o
LOAD build/debug/abstract.o
LOAD build/debug/cpp_main.o
LOAD build/debug/startup_stm32h725xx.o
LOAD /usr/lib/gcc/arm-none-eabi/13.2.1/../../../arm-none-eabi/lib/thumb/v7e-m+dp/hard/libnosys.a
LOAD /usr/lib/gcc/arm-none-eabi/13.2.1/../../../arm-none-eabi/lib/thumb/v7e-m+dp/hard/libstdc++_nano.a
LOAD /usr/lib/gcc/arm-none-eabi/13.2.1/../../../arm-none-eabi/lib/thumb/v7e-m+dp/hard/libm.a
LOAD /usr/lib/gcc/arm-none-eabi/13.2.1/../../../arm-none-eabi/lib/thumb/v7e-m+dp/hard/libc_nano.a
START GROUP
LOAD /usr/lib/gcc/arm-none-eabi/13.2.1/thumb/v7e-m+dp/hard/libgcc.a
LOAD /usr/lib/gcc/arm-none-eabi/13.2.1/../../../arm-none-eabi/lib/thumb/v7e-m+dp/hard/libc_nano.a
END GROUP
START GROUP
LOAD /usr/lib/gcc/arm-none-eabi/13.2.1/thumb/v7e-m+dp/hard/libgcc.a
LOAD /usr/lib/gcc/arm-none-eabi/13.2.1/../../../arm-none-eabi/lib/thumb/v7e-m+dp/hard/libc_nano.a
END GROUP
LOAD /usr/lib/gcc/arm-none-eabi/13.2.1/thumb/v7e-m+dp/hard/crtend.o
LOAD /usr/lib/gcc/arm-none-eabi/13.2.1/thumb/v7e-m+dp/hard/crtn.o
                0x20020000                        _estack = (ORIGIN (DTCMRAM) + LENGTH (DTCMRAM))
                0x00000200                        _Min_Heap_Size = 0x200
                0x00000400                        _Min_Stack_Size = 0x400

.isr_vector     0x08000000      0x2cc
                0x08000000                        . = ALIGN (0x4)
 *(.isr_vector)
 .isr_vector    0x08000000      0x2cc build/debug/startup_stm32h725xx.o
                0x08000000                g_pfnVectors
                0x080002cc                        . = ALIGN (0x4)

.text           0x08000300    0x1207c
                0x08000300                        . = ALIGN (0x4)
 *(.text)
 .text          0x08000300       0x88 /usr/lib/gcc/arm-none-eabi/13.2.1/thumb/v7e-m+dp/hard/crtbegin.o
 .text          0x08000388       0xd4 build/debug/abstract.o
                0x08000388                SerialPrint(unsigned char*)
                0x0800039a                SerialPrintln(unsigned char*)
                0x080003e8                i2cRead(unsigned char, unsigned char, unsigned char*, unsigned char)
                0x0800040c                i2cWrite(unsigned char, unsigned char, unsigned char*, unsigned char)
                0x08000430                delay_us
 .text          0x0800045c       0xd0 build/debug/cpp_main.o
                0x0800045c                fillBuffer(unsigned char*, unsigned int, unsigned char)
                0x080004c8                buffersMatch(unsigned char const*, unsigned char const*, unsigned int)
                0x080004d6                cpp_main
 .text          0x0800052c       0x80 /usr/lib/gcc/arm-none-eabi/13.2.1/../../../arm-none-eabi/lib/thumb/v7e-m+dp/hard/libc_nano.a(libc_a-sprintf.o)
                0x0800052c                _siprintf_r
                0x0800052c                _sprintf_r
                0x08000568                sprintf
                0x08000568                siprintf
 .text          0x080005ac       0xbc /usr/lib/gcc/arm-none-eabi/13.2.1/../../../arm-none-eabi/lib/thumb/v7e-m+dp/hard/libc_nano.a(libc_a-strcpy.o)
                0x080005ac                strcpy
 .text          0x08000668      0x400 /usr/lib/gcc/arm-none-eabi/13.2.1/../../../arm-none-eabi/lib/thumb/v7e-m+dp/hard/libc_nano.a(libc_a-nano-svfprintf.o)
                0x08000668                __ssputs_r
                0x08000728                __ssprint_r
                0x08000830                _svfprintf_r
                0x08000830                _svfiprintf_r
 .text          0x08000a68       0x50 /usr/lib/gcc/arm-none-eabi/13.2.1/../../../arm-none-eabi/lib/thumb/v7e-m+dp/hard/libc_nano.a(libc_a-init.o)
                0x08000a68                __libc_init_array
 *fill*         0x08000ab8        0x8 
 .text          0x08000ac0       0xd8 /usr/lib/gcc/arm-none-eabi/13.2.1/../../../arm-none-eabi/lib/thumb/v7e-m+dp/hard/libc_nano.a(libc_a-strlen.o)
                0x08000ac0                strlen
 .text          0x08000b98       0xa4 /usr/lib/gcc/arm-none-eabi/13.2.1/../../../arm-none-eabi/lib/thumb/v7e-m+dp/hard/libc_nano.a(libc_a-memset.o)
                0x08000b98                memset
 .text          0x08000c3c        0xc /usr/lib/gcc/arm-none-eabi/13.2.1/../../../arm-none-eabi/lib/thumb/v7e-m+dp/hard/libc_nano.a(libc_a-errno.o)
                0x08000c3c                __errno
 .text          0x08000c48      0x650 /usr/lib/gcc/arm-none-eabi/13.2.1/../../../arm-none-eabi/lib/thumb/v7e-m+dp/hard/libc_nano.a(libc_a-nano-vfprintf_float.o)
                0x08000c48                __cvt
                0x08000d40                __exponent
                0x08000dc4                _printf_float
 .text          0x08001298      0x148 /usr/lib/gcc/arm-none-eabi/13.2.1/../../../arm-none-eabi/lib/thumb/v7e-m+dp/hard/libc_nano.a(libc_a-mallocr.o)
                0x080012e0                _malloc_r
 .text          0x080013e0      0xe00 /usr/lib/gcc/arm-none-eabi/13.2.1/../../../arm-none-eabi/lib/thumb/v7e-m+dp/hard/libc_nano.a(libc_a-dtoa.o)
                0x0800150c                _dtoa_r
 .text          0x080021e0       0xbc /usr/lib/gcc/arm-none-eabi/13.2.1/../../../arm-none-eabi/lib/thumb/v7e-m+dp/hard/libc_nano.a(libc_a-freer.o)
                0x080021e0                _free_r
 .text          0x0800229c      0x100 /usr/lib/gcc/arm-none-eabi/13.2.1/../../../arm-none-eabi/lib/thumb/v7e-m+dp/hard/libc_nano.a(libc_a-memmove.o)
                0x0800229c                memmove
 *fill*         0x0800239c        0x4 
 .text          0x080023a0       0xa0 /usr/lib/gcc/arm-none-eabi/13.2.1/../../../arm-none-eabi/lib/thumb/v7e-m+dp/hard/libc_nano.a(libc_a-memchr.o)
                0x080023a0                memchr
 .text          0x08002440      0x134 /usr/lib/gcc/arm-none-eabi/13.2.1/../../../arm-none-eabi/lib/thumb/v7e-m+dp/hard/libc_nano.a(libc_a-memcpy.o)
                0x08002440                memcpy
 .text          0x08002574       0x20 /usr/lib/gcc/arm-none-eabi/13.2.1/../../../arm-none-eabi/lib/thumb/v7e-m+dp/hard/libc_nano.a(libc_a-malloc.o)
                0x08002574                malloc
                0x08002584                free
 .text          0x08002594       0x64 /usr/lib/gcc/arm-none-eabi/13.2.1/../../../arm-none-eabi/lib/thumb/v7e-m+dp/hard/libc_nano.a(libc_a-reallocr.o)
                0x08002594                _realloc_r
 .text          0x080025f8      0x3a8 /usr/lib/gcc/arm-none-eabi/13.2.1/../../../arm-none-eabi/lib/thumb/v7e-m+dp/hard/libc_nano.a(libc_a-nano-vfprintf_i.o)
                0x080025f8                _printf_common
                0x0800271c                _printf_i
 .text          0x080029a0        0x8 /usr/lib/gcc/arm-none-eabi/13.2.1/../../../arm-none-eabi/lib/thumb/v7e-m+dp/hard/libc_nano.a(libc_a-mlock.o)
                0x080029a0                __malloc_lock
                0x080029a4                __malloc_unlock
 .text          0x080029a8       0x5c /usr/lib/gcc/arm-none-eabi/13.2.1/../../../arm-none-eabi/lib/thumb/v7e-m+dp/hard/libc_nano.a(libc_a-memcmp.o)
                0x080029a8                memcmp
 .text          0x08002a04       0x4c /usr/lib/gcc/arm-none-eabi/13.2.1/../../../arm-none-eabi/lib/thumb/v7e-m+dp/hard/libc_nano.a(libc_a-assert.o)
                0x08002a04                __assert_func
                0x08002a44                __assert
 .text          0x08002a50      0xafc /usr/lib/gcc/arm-none-eabi/13.2.1/../../../arm-none-eabi/lib/thumb/v7e-m+dp/hard/libc_nano.a(libc_a-mprec.o)
                0x08002a50                _Balloc
                0x08002ad0                _Bfree
                0x08002b18                __multadd
                0x08002bb4                __s2b
                0x08002c68                __hi0bits
                0x08002cac                __lo0bits
                0x08002d0c                __i2b
                0x08002d38                __multiply
                0x08002ea4                __pow5mult
                0x08002f84                __lshift
                0x0800306c                __mcmp
                0x080030b0                __mdiff
                0x08003228                __ulp
                0x0800328c                __b2d
                0x08003348                __d2b
                0x08003408                __ratio
                0x0800346c                _mprec_log10
                0x08003494                __copybits
                0x080034f0                __any_on
 .text          0x0800354c       0x24 /usr/lib/gcc/arm-none-eabi/13.2.1/../../../arm-none-eabi/lib/thumb/v7e-m+dp/hard/libc_nano.a(libc_a-sbrkr.o)
                0x0800354c                _sbrk_r
 .text          0x08003570       0x10 /usr/lib/gcc/arm-none-eabi/13.2.1/../../../arm-none-eabi/lib/thumb/v7e-m+dp/hard/libc_nano.a(libc_a-msizer.o)
                0x08003570                _malloc_usable_size_r
 .text          0x08003580       0x14 /usr/lib/gcc/arm-none-eabi/13.2.1/../../../arm-none-eabi/lib/thumb/v7e-m+dp/hard/libc_nano.a(libc_a-localeconv.o)
                0x08003580                __localeconv_l
                0x08003584                _localeconv_r
                0x0800358c                localeconv
 .text          0x08003594      0x224 /usr/lib/gcc/arm-none-eabi/13.2.1/../../../arm-none-eabi/lib/thumb/v7e-m+dp/hard/libc_nano.a(libc_a-findfp.o)
                0x080036c4                __sfp
                0x08003768                __sinit
                0x08003788                __sfp_lock_acquire
                0x0800378c                __sfp_lock_release
                0x08003790                __fp_lock_all
                0x080037a4                __fp_unlock_all
 .text          0x080037b8       0x10 /usr/lib/gcc/arm-none-eabi/13.2.1/../../../arm-none-eabi/lib/thumb/v7e-m+dp/hard/libc_nano.a(libc_a-abort.o)
                0x080037b8                abort
 .text          0x080037c8      0x1a8 /usr/lib/gcc/arm-none-eabi/13.2.1/../../../arm-none-eabi/lib/thumb/v7e-m+dp/hard/libc_nano.a(libc_a-fflush.o)
                0x080037c8                __sflush_r
                0x080038ec                _fflush_r
                0x08003924                fflush
 .text          0x08003970       0x28 /usr/lib/gcc/arm-none-eabi/13.2.1/../../../arm-none-eabi/lib/thumb/v7e-m+dp/hard/libc_nano.a(libc_a-callocr.o)
                0x08003970                _calloc_r
 .text          0x08003998       0x44 /usr/lib/gcc/arm-none-eabi/13.2.1/../../../arm-none-eabi/lib/thumb/v7e-m+dp/hard/libc_nano.a(libc_a-fwalk.o)
                0x08003998                _fwalk_sglue
 .text          0x080039dc       0x30 /usr/lib/gcc/arm-none-eabi/13.2.1/../../../arm-none-eabi/lib/thumb/v7e-m+dp/hard/libc_nano.a(libc_a-wctomb_r.o)
                0x080039dc                _wctomb_r
                0x080039f0                __ascii_wctomb
 .text          0x08003a0c       0x44 /usr/lib/gcc/arm-none-eabi/13.2.1/../../../arm-none-eabi/lib/thumb/v7e-m+dp/hard/libc_nano.a(libc_a-fprintf.o)
                0x08003a0c                _fprintf_r
                0x08003a0c                _fiprintf_r
                0x08003a28                fprintf
                0x08003a28                fiprintf
 .text          0x08003a50      0x314 /usr/lib/gcc/arm-none-eabi/13.2.1/../../../arm-none-eabi/lib/thumb/v7e-m+dp/hard/libc_nano.a(libc_a-nano-vfprintf.o)
                0x08003a8c                __sfputs_r
                0x08003abc                __sprint_r
                0x08003adc                _vfiprintf_r
                0x08003adc                _vfprintf_r
                0x08003d48                vfiprintf
                0x08003d48                vfprintf
 .text          0x08003d64       0xa0 /usr/lib/gcc/arm-none-eabi/13.2.1/../../../arm-none-eabi/lib/thumb/v7e-m+dp/hard/libc_nano.a(libc_a-wbuf.o)
                0x08003d64                __swbuf_r
                0x08003dec                __swbuf
 .text          0x08003e04       0x94 /usr/lib/gcc/arm-none-eabi/13.2.1/../../../arm-none-eabi/lib/thumb/v7e-m+dp/hard/libc_nano.a(libc_a-stdio.o)
                0x08003e04                __sread
                0x08003e28                __seofread
                0x08003e2c                __swrite
                0x08003e6c                __sseek
                0x08003e90                __sclose
 .text          0x08003e98      0x300 /usr/lib/gcc/arm-none-eabi/13.2.1/../../../arm-none-eabi/lib/thumb/v7e-m+dp/hard/libc_nano.a(libc_a-fvwrite.o)
                0x08003e98                __sfvwrite_r
 .text          0x08004198       0x40 /usr/lib/gcc/arm-none-eabi/13.2.1/../../../arm-none-eabi/lib/thumb/v7e-m+dp/hard/libc_nano.a(libc_a-mbtowc_r.o)
                0x08004198                _mbtowc_r
                0x080041ac                __ascii_mbtowc
 .text          0x080041d8      0x260 /usr/lib/gcc/arm-none-eabi/13.2.1/../../../arm-none-eabi/lib/thumb/v7e-m+dp/hard/libc_nano.a(libc_a-signal.o)
                0x080041d8                _init_signal_r
                0x08004204                _signal_r
                0x08004250                _raise_r
                0x080042a0                __sigtramp_r
                0x08004300                raise
                0x08004354                signal
                0x080043a0                _init_signal
                0x080043d4                __sigtramp
 .text          0x08004438       0x24 /usr/lib/gcc/arm-none-eabi/13.2.1/../../../arm-none-eabi/lib/thumb/v7e-m+dp/hard/libc_nano.a(libc_a-closer.o)
                0x08004438                _close_r
 .text          0x0800445c       0xc4 /usr/lib/gcc/arm-none-eabi/13.2.1/../../../arm-none-eabi/lib/thumb/v7e-m+dp/hard/libc_nano.a(libc_a-wsetup.o)
                0x0800445c                __swsetup_r
 .text          0x08004520       0x2c /usr/lib/gcc/arm-none-eabi/13.2.1/../../../arm-none-eabi/lib/thumb/v7e-m+dp/hard/libc_nano.a(libc_a-readr.o)
                0x08004520                _read_r
 .text          0x0800454c      0x114 /usr/lib/gcc/arm-none-eabi/13.2.1/../../../arm-none-eabi/lib/thumb/v7e-m+dp/hard/libc_nano.a(libc_a-makebuf.o)
                0x0800454c                __smakebuf_r
                0x08004610                __swhatbuf_r
 .text          0x08004660       0x2c /usr/lib/gcc/arm-none-eabi/13.2.1/../../../arm-none-eabi/lib/thumb/v7e-m+dp/hard/libc_nano.a(libc_a-lseekr.o)
                0x08004660                _lseek_r
 .text          0x0800468c       0x2c /usr/lib/gcc/arm-none-eabi/13.2.1/../../../arm-none-eabi/lib/thumb/v7e-m+dp/hard/libc_nano.a(libc_a-writer.o)
                0x0800468c                _write_r
 .text          0x080046b8       0x24 /usr/lib/gcc/arm-none-eabi/13.2.1/../../../arm-none-eabi/lib/thumb/v7e-m+dp/hard/libc_nano.a(libc_a-isattyr.o)
                0x080046b8                _isatty_r
 .text          0x080046dc       0x30 /usr/lib/gcc/arm-none-eabi/13.2.1/../../../arm-none-eabi/lib/thumb/v7e-m+dp/hard/libc_nano.a(libc_a-signalr.o)
                0x080046dc                _kill_r
                0x08004708                _getpid_r
 .text          0x0800470c       0x2c /usr/lib/gcc/arm-none-eabi/13.2.1/../../../arm-none-eabi/lib/thumb/v7e-m+dp/hard/libc_nano.a(libc_a-fstatr.o)
                0x0800470c                _fstat_r
 *(.text*)
 .text.MX_ADC1_Init
                0x08004738       0xa0 build/debug/adc.o
                0x08004738                MX_ADC1_Init
 .text.HAL_ADC_MspInit
                0x080047d8      0x100 build/debug/adc.o
                0x080047d8                HAL_ADC_MspInit
 .text.MX_CORDIC_Init
                0x080048d8       0x20 build/debug/cordic.o
                0x080048d8                MX_CORDIC_Init
 .text.HAL_CORDIC_MspInit
                0x080048f8       0x30 build/debug/cordic.o
                0x080048f8                HAL_CORDIC_MspInit
 .text.MX_DMA_Init
                0x08004928       0x48 build/debug/dma.o
                0x08004928                MX_DMA_Init
 .text.MX_FATFS_Init
                0x08004970       0x1c build/debug/fatfs.o
                0x08004970                MX_FATFS_Init
 .text.FATFS_LinkDriverEx
                0x0800498c       0x54 build/debug/ff_gen_drv.o
                0x0800498c                FATFS_LinkDriverEx
 .text.FATFS_LinkDriver
                0x080049e0        0xa build/debug/ff_gen_drv.o
                0x080049e0                FATFS_LinkDriver
 *fill*         0x080049ea        0x2 
 .text.MX_FMAC_Init
                0x080049ec       0x20 build/debug/fmac.o
                0x080049ec                MX_FMAC_Init
 .text.HAL_FMAC_MspInit
                0x08004a0c       0x34 build/debug/fmac.o
                0x08004a0c                HAL_FMAC_MspInit
 .text.MX_GPIO_Init
                0x08004a40      0x1ac build/debug/gpio.o
                0x08004a40                MX_GPIO_Init
 .text.MX_I2C3_Init
                0x08004bec       0x58 build/debug/i2c.o
                0x08004bec                MX_I2C3_Init
 .text.HAL_I2C_MspInit
                0x08004c44       0xa8 build/debug/i2c.o
                0x08004c44                HAL_I2C_MspInit
 .text.MPU_Config
                0x08004cec       0x56 build/debug/main.o
 .text.Error_Handler
                0x08004d42        0x4 build/debug/main.o
                0x08004d42                Error_Handler
 *fill*         0x08004d46        0x2 
 .text.SystemClock_Config
                0x08004d48       0xa8 build/debug/main.o
                0x08004d48                SystemClock_Config
 .text.PeriphCommonClock_Config
                0x08004df0       0x4e build/debug/main.o
                0x08004df0                PeriphCommonClock_Config
 *fill*         0x08004e3e        0x2 
 .text.main     0x08004e40       0xdc build/debug/main.o
                0x08004e40                main
 .text.assert_failed
                0x08004f1c        0x2 build/debug/main.o
                0x08004f1c                assert_failed
 *fill*         0x08004f1e        0x2 
 .text.MX_SPI1_Init
                0x08004f20       0x58 build/debug/spi.o
                0x08004f20                MX_SPI1_Init
 .text.MX_SPI2_Init
                0x08004f78       0x58 build/debug/spi.o
                0x08004f78                MX_SPI2_Init
 .text.HAL_SPI_MspInit
                0x08004fd0      0x158 build/debug/spi.o
                0x08004fd0                HAL_SPI_MspInit
 .text.HAL_InitTick
                0x08005128       0x50 build/debug/stm32h7xx_hal.o
                0x08005128                HAL_InitTick
 .text.HAL_Init
                0x08005178       0x5c build/debug/stm32h7xx_hal.o
                0x08005178                HAL_Init
 .text.HAL_IncTick
                0x080051d4       0x18 build/debug/stm32h7xx_hal.o
                0x080051d4                HAL_IncTick
 .text.HAL_GetTick
                0x080051ec        0xc build/debug/stm32h7xx_hal.o
                0x080051ec                HAL_GetTick
 .text.HAL_Delay
                0x080051f8       0x28 build/debug/stm32h7xx_hal.o
                0x080051f8                HAL_Delay
 .text.HAL_SYSCFG_AnalogSwitchConfig
                0x08005220       0x30 build/debug/stm32h7xx_hal.o
                0x08005220                HAL_SYSCFG_AnalogSwitchConfig
 .text.LL_ADC_SetOffset
                0x08005250       0x40 build/debug/stm32h7xx_hal_adc.o
 .text.LL_ADC_SetOffsetState
                0x08005290       0x30 build/debug/stm32h7xx_hal_adc.o
 .text.LL_ADC_REG_SetSequencerRanks
                0x080052c0       0x30 build/debug/stm32h7xx_hal_adc.o
 .text.LL_ADC_SetChannelSamplingTime
                0x080052f0       0x2c build/debug/stm32h7xx_hal_adc.o
 .text.LL_ADC_SetChannelSingleDiff
                0x0800531c       0x58 build/debug/stm32h7xx_hal_adc.o
 .text.LL_ADC_SetChannelPreselection
                0x08005374       0x38 build/debug/stm32h7xx_hal_adc.o
 .text.HAL_ADC_ConfigChannel
                0x080053ac      0xac0 build/debug/stm32h7xx_hal_adc.o
                0x080053ac                HAL_ADC_ConfigChannel
 .text.ADC_ConfigureBoostMode
                0x08005e6c      0x130 build/debug/stm32h7xx_hal_adc.o
                0x08005e6c                ADC_ConfigureBoostMode
 .text.HAL_ADC_Init
                0x08005f9c      0x648 build/debug/stm32h7xx_hal_adc.o
                0x08005f9c                HAL_ADC_Init
 .text.HAL_ADCEx_MultiModeConfigChannel
                0x080065e4      0x1e4 build/debug/stm32h7xx_hal_adc_ex.o
                0x080065e4                HAL_ADCEx_MultiModeConfigChannel
 .text.HAL_CORDIC_Init
                0x080067c8       0x4c build/debug/stm32h7xx_hal_cordic.o
                0x080067c8                HAL_CORDIC_Init
 .text.__NVIC_EnableIRQ
                0x08006814       0x1c build/debug/stm32h7xx_hal_cortex.o
 .text.__NVIC_SetPriority
                0x08006830       0x24 build/debug/stm32h7xx_hal_cortex.o
 .text.NVIC_EncodePriority
                0x08006854       0x3e build/debug/stm32h7xx_hal_cortex.o
 *fill*         0x08006892        0x2 
 .text.HAL_NVIC_SetPriorityGrouping
                0x08006894       0x3c build/debug/stm32h7xx_hal_cortex.o
                0x08006894                HAL_NVIC_SetPriorityGrouping
 .text.HAL_NVIC_SetPriority
                0x080068d0       0x48 build/debug/stm32h7xx_hal_cortex.o
                0x080068d0                HAL_NVIC_SetPriority
 .text.HAL_NVIC_EnableIRQ
                0x08006918       0x1c build/debug/stm32h7xx_hal_cortex.o
                0x08006918                HAL_NVIC_EnableIRQ
 .text.HAL_SYSTICK_Config
                0x08006934       0x28 build/debug/stm32h7xx_hal_cortex.o
                0x08006934                HAL_SYSTICK_Config
 .text.HAL_MPU_Disable
                0x0800695c       0x1c build/debug/stm32h7xx_hal_cortex.o
                0x0800695c                HAL_MPU_Disable
 .text.HAL_MPU_Enable
                0x08006978       0x20 build/debug/stm32h7xx_hal_cortex.o
                0x08006978                HAL_MPU_Enable
 .text.HAL_MPU_ConfigRegion
                0x08006998      0x120 build/debug/stm32h7xx_hal_cortex.o
                0x08006998                HAL_MPU_ConfigRegion
 .text.DMA_SetConfig
                0x08006ab8      0x1b4 build/debug/stm32h7xx_hal_dma.o
 .text.DMA_CalcBaseAndBitshift
                0x08006c6c       0xb0 build/debug/stm32h7xx_hal_dma.o
 .text.DMA_CheckFifoParam
                0x08006d1c       0x92 build/debug/stm32h7xx_hal_dma.o
 *fill*         0x08006dae        0x2 
 .text.DMA_CalcDMAMUXChannelBaseAndMask
                0x08006db0       0xac build/debug/stm32h7xx_hal_dma.o
 .text.DMA_CalcDMAMUXRequestGenBaseAndMask
                0x08006e5c       0x7c build/debug/stm32h7xx_hal_dma.o
 .text.HAL_DMA_Init
                0x08006ed8      0x5dc build/debug/stm32h7xx_hal_dma.o
                0x08006ed8                HAL_DMA_Init
 .text.HAL_DMA_Start_IT
                0x080074b4      0x2bc build/debug/stm32h7xx_hal_dma.o
                0x080074b4                HAL_DMA_Start_IT
 .text.HAL_DMA_Abort
                0x08007770      0x340 build/debug/stm32h7xx_hal_dma.o
                0x08007770                HAL_DMA_Abort
 .text.HAL_DMA_Abort_IT
                0x08007ab0      0x270 build/debug/stm32h7xx_hal_dma.o
                0x08007ab0                HAL_DMA_Abort_IT
 .text.HAL_DMA_IRQHandler
                0x08007d20      0x738 build/debug/stm32h7xx_hal_dma.o
                0x08007d20                HAL_DMA_IRQHandler
 .text.HAL_DMA_GetError
                0x08008458        0x4 build/debug/stm32h7xx_hal_dma.o
                0x08008458                HAL_DMA_GetError
 .text.FMAC_ResetInputStateAndDataPointers
                0x0800845c       0x10 build/debug/stm32h7xx_hal_fmac.o
 .text.FMAC_ResetOutputStateAndDataPointers
                0x0800846c       0x10 build/debug/stm32h7xx_hal_fmac.o
 .text.FMAC_ResetDataPointers
                0x0800847c       0x10 build/debug/stm32h7xx_hal_fmac.o
 .text.FMAC_Reset
                0x0800848c       0x3c build/debug/stm32h7xx_hal_fmac.o
 .text.HAL_FMAC_Init
                0x080084c8       0x6c build/debug/stm32h7xx_hal_fmac.o
                0x080084c8                HAL_FMAC_Init
 .text.HAL_GPIO_Init
                0x08008534      0x37c build/debug/stm32h7xx_hal_gpio.o
                0x08008534                HAL_GPIO_Init
 .text.HAL_GPIO_WritePin
                0x080088b0       0x38 build/debug/stm32h7xx_hal_gpio.o
                0x080088b0                HAL_GPIO_WritePin
 .text.I2C_Flush_TXDR
                0x080088e8       0x22 build/debug/stm32h7xx_hal_i2c.o
 *fill*         0x0800890a        0x2 
 .text.I2C_TransferConfig
                0x0800890c       0xd0 build/debug/stm32h7xx_hal_i2c.o
 .text.I2C_IsErrorOccurred
                0x080089dc      0x118 build/debug/stm32h7xx_hal_i2c.o
 .text.I2C_WaitOnTXISFlagUntilTimeout
                0x08008af4       0x60 build/debug/stm32h7xx_hal_i2c.o
 .text.I2C_WaitOnFlagUntilTimeout
                0x08008b54       0x7c build/debug/stm32h7xx_hal_i2c.o
 .text.I2C_RequestMemoryWrite
                0x08008bd0       0x7c build/debug/stm32h7xx_hal_i2c.o
 .text.I2C_RequestMemoryRead
                0x08008c4c       0x78 build/debug/stm32h7xx_hal_i2c.o
 .text.I2C_WaitOnSTOPFlagUntilTimeout
                0x08008cc4       0x5e build/debug/stm32h7xx_hal_i2c.o
 *fill*         0x08008d22        0x2 
 .text.HAL_I2C_Init
                0x08008d24      0x1a0 build/debug/stm32h7xx_hal_i2c.o
                0x08008d24                HAL_I2C_Init
 .text.HAL_I2C_Mem_Write
                0x08008ec4      0x1c4 build/debug/stm32h7xx_hal_i2c.o
                0x08008ec4                HAL_I2C_Mem_Write
 .text.HAL_I2C_Mem_Read
                0x08009088      0x1c8 build/debug/stm32h7xx_hal_i2c.o
                0x08009088                HAL_I2C_Mem_Read
 .text.HAL_I2C_IsDeviceReady
                0x08009250      0x16c build/debug/stm32h7xx_hal_i2c.o
                0x08009250                HAL_I2C_IsDeviceReady
 .text.HAL_I2CEx_ConfigAnalogFilter
                0x080093bc       0xb4 build/debug/stm32h7xx_hal_i2c_ex.o
                0x080093bc                HAL_I2CEx_ConfigAnalogFilter
 .text.HAL_I2CEx_ConfigDigitalFilter
                0x08009470       0xa8 build/debug/stm32h7xx_hal_i2c_ex.o
                0x08009470                HAL_I2CEx_ConfigDigitalFilter
 .text.HAL_MspInit
                0x08009518       0x24 build/debug/stm32h7xx_hal_msp.o
                0x08009518                HAL_MspInit
 .text.PCD_WriteEmptyTxFifo
                0x0800953c       0xd0 build/debug/stm32h7xx_hal_pcd.o
 .text.HAL_PCD_Init
                0x0800960c      0x120 build/debug/stm32h7xx_hal_pcd.o
                0x0800960c                HAL_PCD_Init
 .text.HAL_PCD_Start
                0x0800972c       0x44 build/debug/stm32h7xx_hal_pcd.o
                0x0800972c                HAL_PCD_Start
 .text.PCD_EP_OutXfrComplete_int
                0x08009770      0x104 build/debug/stm32h7xx_hal_pcd.o
 .text.PCD_EP_OutSetupPacket_int
                0x08009874       0x50 build/debug/stm32h7xx_hal_pcd.o
 .text.HAL_PCD_SetAddress
                0x080098c4       0x26 build/debug/stm32h7xx_hal_pcd.o
                0x080098c4                HAL_PCD_SetAddress
 .text.HAL_PCD_EP_Open
                0x080098ea       0x8c build/debug/stm32h7xx_hal_pcd.o
                0x080098ea                HAL_PCD_EP_Open
 .text.HAL_PCD_EP_Close
                0x08009976       0x70 build/debug/stm32h7xx_hal_pcd.o
                0x08009976                HAL_PCD_EP_Close
 .text.HAL_PCD_EP_Receive
                0x080099e6       0x4a build/debug/stm32h7xx_hal_pcd.o
                0x080099e6                HAL_PCD_EP_Receive
 .text.HAL_PCD_EP_GetRxCount
                0x08009a30       0x12 build/debug/stm32h7xx_hal_pcd.o
                0x08009a30                HAL_PCD_EP_GetRxCount
 .text.HAL_PCD_EP_Transmit
                0x08009a42       0x4a build/debug/stm32h7xx_hal_pcd.o
                0x08009a42                HAL_PCD_EP_Transmit
 .text.HAL_PCD_EP_SetStall
                0x08009a8c       0x86 build/debug/stm32h7xx_hal_pcd.o
                0x08009a8c                HAL_PCD_EP_SetStall
 .text.HAL_PCD_EP_ClrStall
                0x08009b12       0x74 build/debug/stm32h7xx_hal_pcd.o
                0x08009b12                HAL_PCD_EP_ClrStall
 .text.HAL_PCD_EP_Abort
                0x08009b86       0x34 build/debug/stm32h7xx_hal_pcd.o
                0x08009b86                HAL_PCD_EP_Abort
 .text.HAL_PCD_IRQHandler
                0x08009bba      0x600 build/debug/stm32h7xx_hal_pcd.o
                0x08009bba                HAL_PCD_IRQHandler
 .text.HAL_PCDEx_SetTxFiFo
                0x0800a1ba       0x4c build/debug/stm32h7xx_hal_pcd_ex.o
                0x0800a1ba                HAL_PCDEx_SetTxFiFo
 .text.HAL_PCDEx_SetRxFiFo
                0x0800a206        0x8 build/debug/stm32h7xx_hal_pcd_ex.o
                0x0800a206                HAL_PCDEx_SetRxFiFo
 *fill*         0x0800a20e        0x2 
 .text.HAL_PCDEx_ActivateLPM
                0x0800a210       0x28 build/debug/stm32h7xx_hal_pcd_ex.o
                0x0800a210                HAL_PCDEx_ActivateLPM
 .text.HAL_PCDEx_LPM_Callback
                0x0800a238        0x2 build/debug/stm32h7xx_hal_pcd_ex.o
                0x0800a238                HAL_PCDEx_LPM_Callback
 *fill*         0x0800a23a        0x2 
 .text.HAL_PWREx_ConfigSupply
                0x0800a23c       0xdc build/debug/stm32h7xx_hal_pwr_ex.o
                0x0800a23c                HAL_PWREx_ConfigSupply
 .text.HAL_PWREx_EnableUSBVoltageDetector
                0x0800a318       0x10 build/debug/stm32h7xx_hal_pwr_ex.o
                0x0800a318                HAL_PWREx_EnableUSBVoltageDetector
 .text.HAL_RCC_OscConfig
                0x0800a328      0x7a4 build/debug/stm32h7xx_hal_rcc.o
                0x0800a328                HAL_RCC_OscConfig
 .text.HAL_RCC_GetSysClockFreq
                0x0800aacc      0x1f8 build/debug/stm32h7xx_hal_rcc.o
                0x0800aacc                HAL_RCC_GetSysClockFreq
 .text.HAL_RCC_ClockConfig
                0x0800acc4      0x488 build/debug/stm32h7xx_hal_rcc.o
                0x0800acc4                HAL_RCC_ClockConfig
 .text.HAL_RCC_GetHCLKFreq
                0x0800b14c       0x44 build/debug/stm32h7xx_hal_rcc.o
                0x0800b14c                HAL_RCC_GetHCLKFreq
 .text.HAL_RCC_GetPCLK1Freq
                0x0800b190       0x24 build/debug/stm32h7xx_hal_rcc.o
                0x0800b190                HAL_RCC_GetPCLK1Freq
 .text.RCCEx_PLL2_Config
                0x0800b1b4      0x1bc build/debug/stm32h7xx_hal_rcc_ex.o
 .text.RCCEx_PLL3_Config
                0x0800b370      0x1c4 build/debug/stm32h7xx_hal_rcc_ex.o
 .text.HAL_RCCEx_PeriphCLKConfig
                0x0800b534      0xd10 build/debug/stm32h7xx_hal_rcc_ex.o
                0x0800b534                HAL_RCCEx_PeriphCLKConfig
 .text.HAL_RCCEx_GetD3PCLK1Freq
                0x0800c244       0x24 build/debug/stm32h7xx_hal_rcc_ex.o
                0x0800c244                HAL_RCCEx_GetD3PCLK1Freq
 .text.HAL_RCCEx_GetPLL2ClockFreq
                0x0800c268      0x200 build/debug/stm32h7xx_hal_rcc_ex.o
                0x0800c268                HAL_RCCEx_GetPLL2ClockFreq
 .text.HAL_RCCEx_GetPLL3ClockFreq
                0x0800c468      0x200 build/debug/stm32h7xx_hal_rcc_ex.o
                0x0800c468                HAL_RCCEx_GetPLL3ClockFreq
 .text.HAL_RCCEx_GetPLL1ClockFreq
                0x0800c668      0x200 build/debug/stm32h7xx_hal_rcc_ex.o
                0x0800c668                HAL_RCCEx_GetPLL1ClockFreq
 .text.HAL_RCCEx_GetPeriphCLKFreq
                0x0800c868      0x608 build/debug/stm32h7xx_hal_rcc_ex.o
                0x0800c868                HAL_RCCEx_GetPeriphCLKFreq
 .text.HAL_SPI_TxCpltCallback
                0x0800ce70        0x2 build/debug/stm32h7xx_hal_spi.o
                0x0800ce70                HAL_SPI_TxCpltCallback
 .text.HAL_SPI_RxCpltCallback
                0x0800ce72        0x2 build/debug/stm32h7xx_hal_spi.o
                0x0800ce72                HAL_SPI_RxCpltCallback
 .text.HAL_SPI_TxHalfCpltCallback
                0x0800ce74        0x2 build/debug/stm32h7xx_hal_spi.o
                0x0800ce74                HAL_SPI_TxHalfCpltCallback
 .text.HAL_SPI_RxHalfCpltCallback
                0x0800ce76        0x2 build/debug/stm32h7xx_hal_spi.o
                0x0800ce76                HAL_SPI_RxHalfCpltCallback
 .text.HAL_SPI_TxRxHalfCpltCallback
                0x0800ce78        0x2 build/debug/stm32h7xx_hal_spi.o
                0x0800ce78                HAL_SPI_TxRxHalfCpltCallback
 .text.HAL_SPI_ErrorCallback
                0x0800ce7a        0x2 build/debug/stm32h7xx_hal_spi.o
                0x0800ce7a                HAL_SPI_ErrorCallback
 .text.HAL_SPI_AbortCpltCallback
                0x0800ce7c        0x2 build/debug/stm32h7xx_hal_spi.o
                0x0800ce7c                HAL_SPI_AbortCpltCallback
 .text.HAL_SPI_SuspendCallback
                0x0800ce7e        0x2 build/debug/stm32h7xx_hal_spi.o
                0x0800ce7e                HAL_SPI_SuspendCallback
 .text.SPI_DMATransmitReceiveCplt
                0x0800ce80       0x2c build/debug/stm32h7xx_hal_spi.o
 .text.SPI_DMAHalfTransmitReceiveCplt
                0x0800ceac        0xc build/debug/stm32h7xx_hal_spi.o
 .text.SPI_DMAAbortOnError
                0x0800ceb8       0x1c build/debug/stm32h7xx_hal_spi.o
 .text.SPI_CloseTransfer
                0x0800ced4       0xd0 build/debug/stm32h7xx_hal_spi.o
 .text.SPI_GetPacketSize
                0x0800cfa4       0x10 build/debug/stm32h7xx_hal_spi.o
 .text.SPI_WaitOnFlagUntilTimeout
                0x0800cfb4       0x48 build/debug/stm32h7xx_hal_spi.o
 .text.SPI_DMAError
                0x0800cffc       0x30 build/debug/stm32h7xx_hal_spi.o
 .text.HAL_SPI_Init
                0x0800d02c      0x3d8 build/debug/stm32h7xx_hal_spi.o
                0x0800d02c                HAL_SPI_Init
 .text.HAL_SPI_Transmit
                0x0800d404      0x2e4 build/debug/stm32h7xx_hal_spi.o
                0x0800d404                HAL_SPI_Transmit
 .text.HAL_SPI_TransmitReceive
                0x0800d6e8      0x4a8 build/debug/stm32h7xx_hal_spi.o
                0x0800d6e8                HAL_SPI_TransmitReceive
 .text.HAL_SPI_TransmitReceive_DMA
                0x0800db90      0x284 build/debug/stm32h7xx_hal_spi.o
                0x0800db90                HAL_SPI_TransmitReceive_DMA
 .text.HAL_SPI_IRQHandler
                0x0800de14      0x24c build/debug/stm32h7xx_hal_spi.o
                0x0800de14                HAL_SPI_IRQHandler
 .text.TIM_OC5_SetConfig
                0x0800e060       0x74 build/debug/stm32h7xx_hal_tim.o
 .text.TIM_OC6_SetConfig
                0x0800e0d4       0x74 build/debug/stm32h7xx_hal_tim.o
 .text.TIM_TI1_ConfigInputStage
                0x0800e148       0x26 build/debug/stm32h7xx_hal_tim.o
 .text.TIM_TI2_ConfigInputStage
                0x0800e16e       0x28 build/debug/stm32h7xx_hal_tim.o
 *fill*         0x0800e196        0x2 
 .text.TIM_ITRx_SetConfig
                0x0800e198       0x14 build/debug/stm32h7xx_hal_tim.o
 .text.TIM_OC1_SetConfig
                0x0800e1ac      0x104 build/debug/stm32h7xx_hal_tim.o
 .text.TIM_OC3_SetConfig
                0x0800e2b0       0xf0 build/debug/stm32h7xx_hal_tim.o
 .text.TIM_OC4_SetConfig
                0x0800e3a0       0x9c build/debug/stm32h7xx_hal_tim.o
 .text.TIM_Base_SetConfig
                0x0800e43c      0x120 build/debug/stm32h7xx_hal_tim.o
                0x0800e43c                TIM_Base_SetConfig
 .text.HAL_TIM_Base_Init
                0x0800e55c      0x198 build/debug/stm32h7xx_hal_tim.o
                0x0800e55c                HAL_TIM_Base_Init
 .text.HAL_TIM_PWM_Init
                0x0800e6f4      0x198 build/debug/stm32h7xx_hal_tim.o
                0x0800e6f4                HAL_TIM_PWM_Init
 .text.TIM_OC2_SetConfig
                0x0800e88c       0xf0 build/debug/stm32h7xx_hal_tim.o
                0x0800e88c                TIM_OC2_SetConfig
 .text.HAL_TIM_PWM_ConfigChannel
                0x0800e97c      0x39c build/debug/stm32h7xx_hal_tim.o
                0x0800e97c                HAL_TIM_PWM_ConfigChannel
 .text.TIM_ETR_SetConfig
                0x0800ed18       0x1a build/debug/stm32h7xx_hal_tim.o
                0x0800ed18                TIM_ETR_SetConfig
 *fill*         0x0800ed32        0x2 
 .text.HAL_TIM_ConfigClockSource
                0x0800ed34      0x5c0 build/debug/stm32h7xx_hal_tim.o
                0x0800ed34                HAL_TIM_ConfigClockSource
 .text.HAL_TIMEx_MasterConfigSynchronization
                0x0800f2f4      0x1d4 build/debug/stm32h7xx_hal_tim_ex.o
                0x0800f2f4                HAL_TIMEx_MasterConfigSynchronization
 .text.NMI_Handler
                0x0800f4c8        0x2 build/debug/stm32h7xx_it.o
                0x0800f4c8                NMI_Handler
 .text.HardFault_Handler
                0x0800f4ca        0x2 build/debug/stm32h7xx_it.o
                0x0800f4ca                HardFault_Handler
 .text.MemManage_Handler
                0x0800f4cc        0x2 build/debug/stm32h7xx_it.o
                0x0800f4cc                MemManage_Handler
 .text.BusFault_Handler
                0x0800f4ce        0x2 build/debug/stm32h7xx_it.o
                0x0800f4ce                BusFault_Handler
 .text.UsageFault_Handler
                0x0800f4d0        0x2 build/debug/stm32h7xx_it.o
                0x0800f4d0                UsageFault_Handler
 .text.SVC_Handler
                0x0800f4d2        0x2 build/debug/stm32h7xx_it.o
                0x0800f4d2                SVC_Handler
 .text.DebugMon_Handler
                0x0800f4d4        0x2 build/debug/stm32h7xx_it.o
                0x0800f4d4                DebugMon_Handler
 .text.PendSV_Handler
                0x0800f4d6        0x2 build/debug/stm32h7xx_it.o
                0x0800f4d6                PendSV_Handler
 .text.SysTick_Handler
                0x0800f4d8        0x8 build/debug/stm32h7xx_it.o
                0x0800f4d8                SysTick_Handler
 .text.DMA1_Stream0_IRQHandler
                0x0800f4e0       0x10 build/debug/stm32h7xx_it.o
                0x0800f4e0                DMA1_Stream0_IRQHandler
 .text.DMA1_Stream1_IRQHandler
                0x0800f4f0       0x10 build/debug/stm32h7xx_it.o
                0x0800f4f0                DMA1_Stream1_IRQHandler
 .text.SPI1_IRQHandler
                0x0800f500       0x10 build/debug/stm32h7xx_it.o
                0x0800f500                SPI1_IRQHandler
 .text.OTG_HS_EP1_OUT_IRQHandler
                0x0800f510       0x10 build/debug/stm32h7xx_it.o
                0x0800f510                OTG_HS_EP1_OUT_IRQHandler
 .text.OTG_HS_EP1_IN_IRQHandler
                0x0800f520       0x10 build/debug/stm32h7xx_it.o
                0x0800f520                OTG_HS_EP1_IN_IRQHandler
 .text.OTG_HS_IRQHandler
                0x0800f530       0x10 build/debug/stm32h7xx_it.o
                0x0800f530                OTG_HS_IRQHandler
 .text.USB_CoreReset
                0x0800f540       0x4a build/debug/stm32h7xx_ll_usb.o
 *fill*         0x0800f58a        0x2 
 .text.USB_CoreInit
                0x0800f58c       0xa4 build/debug/stm32h7xx_ll_usb.o
                0x0800f58c                USB_CoreInit
 .text.USB_SetTurnaroundTime
                0x0800f630       0xe4 build/debug/stm32h7xx_ll_usb.o
                0x0800f630                USB_SetTurnaroundTime
 .text.USB_EnableGlobalInt
                0x0800f714        0xc build/debug/stm32h7xx_ll_usb.o
                0x0800f714                USB_EnableGlobalInt
 .text.USB_DisableGlobalInt
                0x0800f720        0xc build/debug/stm32h7xx_ll_usb.o
                0x0800f720                USB_DisableGlobalInt
 .text.USB_FlushTxFifo
                0x0800f72c       0x4a build/debug/stm32h7xx_ll_usb.o
                0x0800f72c                USB_FlushTxFifo
 .text.USB_FlushRxFifo
                0x0800f776       0x46 build/debug/stm32h7xx_ll_usb.o
                0x0800f776                USB_FlushRxFifo
 .text.USB_SetDevSpeed
                0x0800f7bc        0xe build/debug/stm32h7xx_ll_usb.o
                0x0800f7bc                USB_SetDevSpeed
 *fill*         0x0800f7ca        0x2 
 .text.USB_DevInit
                0x0800f7cc      0x18c build/debug/stm32h7xx_ll_usb.o
                0x0800f7cc                USB_DevInit
 .text.USB_GetDevSpeed
                0x0800f958       0x22 build/debug/stm32h7xx_ll_usb.o
                0x0800f958                USB_GetDevSpeed
 *fill*         0x0800f97a        0x2 
 .text.USB_ActivateEndpoint
                0x0800f97c       0x98 build/debug/stm32h7xx_ll_usb.o
                0x0800f97c                USB_ActivateEndpoint
 .text.USB_DeactivateEndpoint
                0x0800fa14       0xe0 build/debug/stm32h7xx_ll_usb.o
                0x0800fa14                USB_DeactivateEndpoint
 .text.USB_EPStopXfer
                0x0800faf4       0xbe build/debug/stm32h7xx_ll_usb.o
                0x0800faf4                USB_EPStopXfer
 .text.USB_WritePacket
                0x0800fbb2       0x2e build/debug/stm32h7xx_ll_usb.o
                0x0800fbb2                USB_WritePacket
 .text.USB_EPStartXfer
                0x0800fbe0      0x244 build/debug/stm32h7xx_ll_usb.o
                0x0800fbe0                USB_EPStartXfer
 .text.USB_ReadPacket
                0x0800fe24       0x46 build/debug/stm32h7xx_ll_usb.o
                0x0800fe24                USB_ReadPacket
 .text.USB_EPSetStall
                0x0800fe6a       0x5a build/debug/stm32h7xx_ll_usb.o
                0x0800fe6a                USB_EPSetStall
 .text.USB_EPClearStall
                0x0800fec4       0x5c build/debug/stm32h7xx_ll_usb.o
                0x0800fec4                USB_EPClearStall
 .text.USB_SetDevAddress
                0x0800ff20       0x20 build/debug/stm32h7xx_ll_usb.o
                0x0800ff20                USB_SetDevAddress
 .text.USB_DevConnect
                0x0800ff40       0x1c build/debug/stm32h7xx_ll_usb.o
                0x0800ff40                USB_DevConnect
 .text.USB_DevDisconnect
                0x0800ff5c       0x1c build/debug/stm32h7xx_ll_usb.o
                0x0800ff5c                USB_DevDisconnect
 .text.USB_ReadInterrupts
                0x0800ff78        0x8 build/debug/stm32h7xx_ll_usb.o
                0x0800ff78                USB_ReadInterrupts
 .text.USB_ReadDevAllOutEpInterrupt
                0x0800ff80       0x10 build/debug/stm32h7xx_ll_usb.o
                0x0800ff80                USB_ReadDevAllOutEpInterrupt
 .text.USB_ReadDevAllInEpInterrupt
                0x0800ff90       0x10 build/debug/stm32h7xx_ll_usb.o
                0x0800ff90                USB_ReadDevAllInEpInterrupt
 .text.USB_ReadDevOutEPInterrupt
                0x0800ffa0       0x12 build/debug/stm32h7xx_ll_usb.o
                0x0800ffa0                USB_ReadDevOutEPInterrupt
 .text.USB_ReadDevInEPInterrupt
                0x0800ffb2       0x24 build/debug/stm32h7xx_ll_usb.o
                0x0800ffb2                USB_ReadDevInEPInterrupt
 .text.USB_GetMode
                0x0800ffd6        0x8 build/debug/stm32h7xx_ll_usb.o
                0x0800ffd6                USB_GetMode
 .text.USB_SetCurrentMode
                0x0800ffde       0x62 build/debug/stm32h7xx_ll_usb.o
                0x0800ffde                USB_SetCurrentMode
 .text.USB_ActivateSetup
                0x08010040       0x1c build/debug/stm32h7xx_ll_usb.o
                0x08010040                USB_ActivateSetup
 .text.USB_EP0_OutStart
                0x0801005c       0x60 build/debug/stm32h7xx_ll_usb.o
                0x0801005c                USB_EP0_OutStart
 .text._getpid  0x080100bc        0x4 build/debug/syscalls.o
                0x080100bc                _getpid
 .text._kill    0x080100c0       0x10 build/debug/syscalls.o
                0x080100c0                _kill
 .text._exit    0x080100d0        0xc build/debug/syscalls.o
                0x080100d0                _exit
 .text._read    0x080100dc       0x20 build/debug/syscalls.o
                0x080100dc                _read
 .text._write   0x080100fc       0x1c build/debug/syscalls.o
                0x080100fc                _write
 .text._close   0x08010118        0x6 build/debug/syscalls.o
                0x08010118                _close
 .text._fstat   0x0801011e        0xa build/debug/syscalls.o
                0x0801011e                _fstat
 .text._isatty  0x08010128        0x4 build/debug/syscalls.o
                0x08010128                _isatty
 .text._lseek   0x0801012c        0x4 build/debug/syscalls.o
                0x0801012c                _lseek
 .text._sbrk    0x08010130       0x48 build/debug/sysmem.o
                0x08010130                _sbrk
 .text.SystemInit
                0x08010178       0xd0 build/debug/system_stm32h7xx.o
                0x08010178                SystemInit
 .text.ExitRun0Mode
                0x08010248       0x1c build/debug/system_stm32h7xx.o
                0x08010248                ExitRun0Mode
 .text.MX_TIM1_Init
                0x08010264       0x74 build/debug/tim.o
                0x08010264                MX_TIM1_Init
 .text.HAL_TIM_Base_MspInit
                0x080102d8       0x34 build/debug/tim.o
                0x080102d8                HAL_TIM_Base_MspInit
 .text.HAL_TIM_PWM_MspInit
                0x0801030c       0x54 build/debug/tim.o
                0x0801030c                HAL_TIM_PWM_MspInit
 .text.HAL_TIM_MspPostInit
                0x08010360       0x98 build/debug/tim.o
                0x08010360                HAL_TIM_MspPostInit
 .text.MX_TIM2_Init
                0x080103f8       0x80 build/debug/tim.o
                0x080103f8                MX_TIM2_Init
 .text.MX_TIM4_Init
                0x08010478       0xb8 build/debug/tim.o
                0x08010478                MX_TIM4_Init
 .text.MX_USB_DEVICE_Init
                0x08010530       0x58 build/debug/usb_device.o
                0x08010530                MX_USB_DEVICE_Init
 .text.USBD_CDC_EP0_RxReady
                0x08010588       0x40 build/debug/usbd_cdc.o
 .text.USBD_CDC_GetDeviceQualifierDescriptor
                0x080105c8        0xc build/debug/usbd_cdc.o
                0x080105c8                USBD_CDC_GetDeviceQualifierDescriptor
 .text.USBD_CDC_GetOtherSpeedCfgDesc
                0x080105d4       0x48 build/debug/usbd_cdc.o
 .text.USBD_CDC_GetFSCfgDesc
                0x0801061c       0x48 build/debug/usbd_cdc.o
 .text.USBD_CDC_GetHSCfgDesc
                0x08010664       0x48 build/debug/usbd_cdc.o
 .text.USBD_CDC_DataOut
                0x080106ac       0x38 build/debug/usbd_cdc.o
 .text.USBD_CDC_DataIn
                0x080106e4       0x7c build/debug/usbd_cdc.o
 .text.USBD_CDC_Setup
                0x08010760      0x11a build/debug/usbd_cdc.o
 .text.USBD_CDC_DeInit
                0x0801087a       0x64 build/debug/usbd_cdc.o
 .text.USBD_CDC_Init
                0x080108de       0xee build/debug/usbd_cdc.o
 .text.USBD_CDC_RegisterInterface
                0x080109cc       0x16 build/debug/usbd_cdc.o
                0x080109cc                USBD_CDC_RegisterInterface
 .text.USBD_CDC_SetTxBuffer
                0x080109e2       0x1c build/debug/usbd_cdc.o
                0x080109e2                USBD_CDC_SetTxBuffer
 .text.USBD_CDC_SetRxBuffer
                0x080109fe       0x18 build/debug/usbd_cdc.o
                0x080109fe                USBD_CDC_SetRxBuffer
 .text.USBD_CDC_TransmitPacket
                0x08010a16       0x36 build/debug/usbd_cdc.o
                0x08010a16                USBD_CDC_TransmitPacket
 .text.USBD_CDC_ReceivePacket
                0x08010a4c       0x38 build/debug/usbd_cdc.o
                0x08010a4c                USBD_CDC_ReceivePacket
 .text.CDC_DeInit_HS
                0x08010a84        0x4 build/debug/usbd_cdc_if.o
 .text.CDC_Control_HS
                0x08010a88       0x54 build/debug/usbd_cdc_if.o
 .text.CDC_TransmitCplt_HS
                0x08010adc        0x4 build/debug/usbd_cdc_if.o
 .text.CDC_Receive_HS
                0x08010ae0       0x1c build/debug/usbd_cdc_if.o
 .text.CDC_Init_HS
                0x08010afc       0x28 build/debug/usbd_cdc_if.o
 .text.CDC_Transmit_HS
                0x08010b24       0x2c build/debug/usbd_cdc_if.o
                0x08010b24                CDC_Transmit_HS
 .text.HAL_PCD_MspInit
                0x08010b50       0x94 build/debug/usbd_conf.o
                0x08010b50                HAL_PCD_MspInit
 .text.HAL_PCD_SetupStageCallback
                0x08010be4       0x10 build/debug/usbd_conf.o
                0x08010be4                HAL_PCD_SetupStageCallback
 .text.HAL_PCD_DataOutStageCallback
                0x08010bf4       0x18 build/debug/usbd_conf.o
                0x08010bf4                HAL_PCD_DataOutStageCallback
 .text.HAL_PCD_DataInStageCallback
                0x08010c0c       0x16 build/debug/usbd_conf.o
                0x08010c0c                HAL_PCD_DataInStageCallback
 .text.HAL_PCD_SOFCallback
                0x08010c22        0xc build/debug/usbd_conf.o
                0x08010c22                HAL_PCD_SOFCallback
 .text.HAL_PCD_ResetCallback
                0x08010c2e       0x28 build/debug/usbd_conf.o
                0x08010c2e                HAL_PCD_ResetCallback
 *fill*         0x08010c56        0x2 
 .text.HAL_PCD_SuspendCallback
                0x08010c58       0x30 build/debug/usbd_conf.o
                0x08010c58                HAL_PCD_SuspendCallback
 .text.HAL_PCD_ResumeCallback
                0x08010c88        0xc build/debug/usbd_conf.o
                0x08010c88                HAL_PCD_ResumeCallback
 .text.HAL_PCD_ISOOUTIncompleteCallback
                0x08010c94        0xc build/debug/usbd_conf.o
                0x08010c94                HAL_PCD_ISOOUTIncompleteCallback
 .text.HAL_PCD_ISOINIncompleteCallback
                0x08010ca0        0xc build/debug/usbd_conf.o
                0x08010ca0                HAL_PCD_ISOINIncompleteCallback
 .text.HAL_PCD_ConnectCallback
                0x08010cac        0xc build/debug/usbd_conf.o
                0x08010cac                HAL_PCD_ConnectCallback
 .text.HAL_PCD_DisconnectCallback
                0x08010cb8        0xc build/debug/usbd_conf.o
                0x08010cb8                HAL_PCD_DisconnectCallback
 .text.USBD_LL_Init
                0x08010cc4       0x70 build/debug/usbd_conf.o
                0x08010cc4                USBD_LL_Init
 .text.USBD_LL_IsStallEP
                0x08010d34       0x2c build/debug/usbd_conf.o
                0x08010d34                USBD_LL_IsStallEP
 .text.USBD_LL_GetRxDataSize
                0x08010d60        0xc build/debug/usbd_conf.o
                0x08010d60                USBD_LL_GetRxDataSize
 .text.USBD_static_malloc
                0x08010d6c        0x8 build/debug/usbd_conf.o
                0x08010d6c                USBD_static_malloc
 .text.USBD_static_free
                0x08010d74        0x2 build/debug/usbd_conf.o
                0x08010d74                USBD_static_free
 .text.USBD_Get_USB_Status
                0x08010d76       0x14 build/debug/usbd_conf.o
                0x08010d76                USBD_Get_USB_Status
 .text.USBD_LL_Start
                0x08010d8a       0x10 build/debug/usbd_conf.o
                0x08010d8a                USBD_LL_Start
 .text.USBD_LL_OpenEP
                0x08010d9a       0x16 build/debug/usbd_conf.o
                0x08010d9a                USBD_LL_OpenEP
 .text.USBD_LL_CloseEP
                0x08010db0       0x10 build/debug/usbd_conf.o
                0x08010db0                USBD_LL_CloseEP
 .text.USBD_LL_StallEP
                0x08010dc0       0x10 build/debug/usbd_conf.o
                0x08010dc0                USBD_LL_StallEP
 .text.USBD_LL_ClearStallEP
                0x08010dd0       0x10 build/debug/usbd_conf.o
                0x08010dd0                USBD_LL_ClearStallEP
 .text.USBD_LL_SetUSBAddress
                0x08010de0       0x10 build/debug/usbd_conf.o
                0x08010de0                USBD_LL_SetUSBAddress
 .text.USBD_LL_Transmit
                0x08010df0       0x10 build/debug/usbd_conf.o
                0x08010df0                USBD_LL_Transmit
 .text.USBD_LL_PrepareReceive
                0x08010e00       0x10 build/debug/usbd_conf.o
                0x08010e00                USBD_LL_PrepareReceive
 .text.USBD_Init
                0x08010e10       0x2e build/debug/usbd_core.o
                0x08010e10                USBD_Init
 .text.USBD_RegisterClass
                0x08010e3e       0x34 build/debug/usbd_core.o
                0x08010e3e                USBD_RegisterClass
 .text.USBD_Start
                0x08010e72        0x8 build/debug/usbd_core.o
                0x08010e72                USBD_Start
 .text.USBD_SetClassConfig
                0x08010e7a       0x12 build/debug/usbd_core.o
                0x08010e7a                USBD_SetClassConfig
 .text.USBD_ClrClassConfig
                0x08010e8c       0x12 build/debug/usbd_core.o
                0x08010e8c                USBD_ClrClassConfig
 .text.USBD_LL_SetupStage
                0x08010e9e       0x58 build/debug/usbd_core.o
                0x08010e9e                USBD_LL_SetupStage
 .text.USBD_LL_Reset
                0x08010ef6       0x64 build/debug/usbd_core.o
                0x08010ef6                USBD_LL_Reset
 .text.USBD_LL_SetSpeed
                0x08010f5a        0x6 build/debug/usbd_core.o
                0x08010f5a                USBD_LL_SetSpeed
 .text.USBD_LL_Suspend
                0x08010f60       0x1e build/debug/usbd_core.o
                0x08010f60                USBD_LL_Suspend
 .text.USBD_LL_Resume
                0x08010f7e       0x1a build/debug/usbd_core.o
                0x08010f7e                USBD_LL_Resume
 .text.USBD_LL_SOF
                0x08010f98       0x22 build/debug/usbd_core.o
                0x08010f98                USBD_LL_SOF
 .text.USBD_LL_IsoINIncomplete
                0x08010fba       0x2e build/debug/usbd_core.o
                0x08010fba                USBD_LL_IsoINIncomplete
 .text.USBD_LL_IsoOUTIncomplete
                0x08010fe8       0x2e build/debug/usbd_core.o
                0x08010fe8                USBD_LL_IsoOUTIncomplete
 .text.USBD_LL_DevConnected
                0x08011016        0x4 build/debug/usbd_core.o
                0x08011016                USBD_LL_DevConnected
 .text.USBD_LL_DevDisconnected
                0x0801101a       0x20 build/debug/usbd_core.o
                0x0801101a                USBD_LL_DevDisconnected
 .text.USBD_CoreFindIF
                0x0801103a        0x4 build/debug/usbd_core.o
                0x0801103a                USBD_CoreFindIF
 .text.USBD_CoreFindEP
                0x0801103e        0x4 build/debug/usbd_core.o
                0x0801103e                USBD_CoreFindEP
 .text.USBD_LL_DataOutStage
                0x08011042       0xc4 build/debug/usbd_core.o
                0x08011042                USBD_LL_DataOutStage
 .text.USBD_LL_DataInStage
                0x08011106       0xd6 build/debug/usbd_core.o
                0x08011106                USBD_LL_DataInStage
 .text.USBD_GetNextDesc
                0x080111dc        0xe build/debug/usbd_core.o
                0x080111dc                USBD_GetNextDesc
 .text.USBD_GetEpDesc
                0x080111ea       0x3e build/debug/usbd_core.o
                0x080111ea                USBD_GetEpDesc
 .text.USBD_GetLen
                0x08011228       0x14 build/debug/usbd_ctlreq.o
 .text.USBD_ParseSetupRequest
                0x0801123c       0x28 build/debug/usbd_ctlreq.o
                0x0801123c                USBD_ParseSetupRequest
 .text.USBD_CtlError
                0x08011264       0x14 build/debug/usbd_ctlreq.o
                0x08011264                USBD_CtlError
 .text.USBD_GetDescriptor
                0x08011278      0x18a build/debug/usbd_ctlreq.o
 .text.USBD_SetAddress
                0x08011402       0x50 build/debug/usbd_ctlreq.o
 *fill*         0x08011452        0x2 
 .text.USBD_SetConfig
                0x08011454       0xcc build/debug/usbd_ctlreq.o
 .text.USBD_GetConfig
                0x08011520       0x40 build/debug/usbd_ctlreq.o
 .text.USBD_GetStatus
                0x08011560       0x38 build/debug/usbd_ctlreq.o
 .text.USBD_SetFeature
                0x08011598       0x2a build/debug/usbd_ctlreq.o
 .text.USBD_ClrFeature
                0x080115c2       0x26 build/debug/usbd_ctlreq.o
 .text.USBD_StdDevReq
                0x080115e8       0x76 build/debug/usbd_ctlreq.o
                0x080115e8                USBD_StdDevReq
 .text.USBD_StdItfReq
                0x0801165e       0x84 build/debug/usbd_ctlreq.o
                0x0801165e                USBD_StdItfReq
 .text.USBD_StdEPReq
                0x080116e2      0x232 build/debug/usbd_ctlreq.o
                0x080116e2                USBD_StdEPReq
 .text.USBD_GetString
                0x08011914       0x46 build/debug/usbd_ctlreq.o
                0x08011914                USBD_GetString
 *fill*         0x0801195a        0x2 
 .text.USBD_HS_DeviceDescriptor
                0x0801195c        0xc build/debug/usbd_desc.o
                0x0801195c                USBD_HS_DeviceDescriptor
 .text.USBD_HS_LangIDStrDescriptor
                0x08011968        0xc build/debug/usbd_desc.o
                0x08011968                USBD_HS_LangIDStrDescriptor
 .text.IntToUnicode
                0x08011974       0x46 build/debug/usbd_desc.o
 *fill*         0x080119ba        0x2 
 .text.Get_SerialNum
                0x080119bc       0x38 build/debug/usbd_desc.o
 .text.USBD_HS_SerialStrDescriptor
                0x080119f4       0x14 build/debug/usbd_desc.o
                0x080119f4                USBD_HS_SerialStrDescriptor
 .text.USBD_HS_ProductStrDescriptor
                0x08011a08       0x24 build/debug/usbd_desc.o
                0x08011a08                USBD_HS_ProductStrDescriptor
 .text.USBD_HS_ManufacturerStrDescriptor
                0x08011a2c       0x1c build/debug/usbd_desc.o
                0x08011a2c                USBD_HS_ManufacturerStrDescriptor
 .text.USBD_HS_ConfigStrDescriptor
                0x08011a48       0x24 build/debug/usbd_desc.o
                0x08011a48                USBD_HS_ConfigStrDescriptor
 .text.USBD_HS_InterfaceStrDescriptor
                0x08011a6c       0x24 build/debug/usbd_desc.o
                0x08011a6c                USBD_HS_InterfaceStrDescriptor
 .text.USBD_CtlSendData
                0x08011a90       0x1a build/debug/usbd_ioreq.o
                0x08011a90                USBD_CtlSendData
 .text.USBD_CtlContinueSendData
                0x08011aaa       0x10 build/debug/usbd_ioreq.o
                0x08011aaa                USBD_CtlContinueSendData
 .text.USBD_CtlPrepareRx
                0x08011aba       0x1e build/debug/usbd_ioreq.o
                0x08011aba                USBD_CtlPrepareRx
 .text.USBD_CtlContinueRx
                0x08011ad8       0x10 build/debug/usbd_ioreq.o
                0x08011ad8                USBD_CtlContinueRx
 .text.USBD_CtlSendStatus
                0x08011ae8       0x16 build/debug/usbd_ioreq.o
                0x08011ae8                USBD_CtlSendStatus
 .text.USBD_CtlReceiveStatus
                0x08011afe       0x16 build/debug/usbd_ioreq.o
                0x08011afe                USBD_CtlReceiveStatus
 .text.USER_initialize
                0x08011b14        0x8 build/debug/user_diskio.o
                0x08011b14                USER_initialize
 .text.USER_status
                0x08011b1c        0x8 build/debug/user_diskio.o
                0x08011b1c                USER_status
 .text.USER_read
                0x08011b24        0x8 build/debug/user_diskio.o
                0x08011b24                USER_read
 .text.USER_write
                0x08011b2c        0x8 build/debug/user_diskio.o
                0x08011b2c                USER_write
 .text.USER_ioctl
                0x08011b34        0x8 build/debug/user_diskio.o
                0x08011b34                USER_ioctl
 .text.xchg_spi
                0x08011b3c       0x2c build/debug/user_diskio_spi.o
 .text.wait_ready_us
                0x08011b68       0x40 build/debug/user_diskio_spi.o
 .text.wait_ready
                0x08011ba8       0x2a build/debug/user_diskio_spi.o
 .text.rcvr_spi_multi
                0x08011bd2       0x1a build/debug/user_diskio_spi.o
 .text.despiselect
                0x08011bec       0x18 build/debug/user_diskio_spi.o
 .text.spiselect
                0x08011c04       0x30 build/debug/user_diskio_spi.o
 .text.send_cmd
                0x08011c34       0x8c build/debug/user_diskio_spi.o
 .text.xmit_spi_multi
                0x08011cc0       0x18 build/debug/user_diskio_spi.o
 .text.xmit_datablock
                0x08011cd8       0x4c build/debug/user_diskio_spi.o
 .text.SPI_Timer_On
                0x08011d24       0x1c build/debug/user_diskio_spi.o
                0x08011d24                SPI_Timer_On
 .text.SPI_Timer_Status
                0x08011d40       0x24 build/debug/user_diskio_spi.o
                0x08011d40                SPI_Timer_Status
 .text.rcvr_datablock
                0x08011d64       0x40 build/debug/user_diskio_spi.o
 .text.HAL_SPI_TxRxCpltCallback
                0x08011da4       0xa0 build/debug/user_diskio_spi.o
                0x08011da4                HAL_SPI_TxRxCpltCallback
 .text.USER_SPI_initialize
                0x08011e44      0x14c build/debug/user_diskio_spi.o
                0x08011e44                USER_SPI_initialize
 .text.USER_SPI_status
                0x08011f90       0x14 build/debug/user_diskio_spi.o
                0x08011f90                USER_SPI_status
 .text.USER_SPI_read
                0x08011fa4       0x90 build/debug/user_diskio_spi.o
                0x08011fa4                USER_SPI_read
 .text.USER_SPI_write
                0x08012034       0xb4 build/debug/user_diskio_spi.o
                0x08012034                USER_SPI_write
 .text.USER_SPI_ioctl
                0x080120e8      0x224 build/debug/user_diskio_spi.o
                0x080120e8                USER_SPI_ioctl
 .text.Reset_Handler
                0x0801230c       0x54 build/debug/startup_stm32h725xx.o
                0x0801230c                Reset_Handler
 .text.Default_Handler
                0x08012360        0x2 build/debug/startup_stm32h725xx.o
                0x08012360                RTC_Alarm_IRQHandler
                0x08012360                EXTI2_IRQHandler
                0x08012360                TIM8_CC_IRQHandler
                0x08012360                UART8_IRQHandler
                0x08012360                SPI4_IRQHandler
                0x08012360                FDCAN3_IT0_IRQHandler
                0x08012360                TIM1_CC_IRQHandler
                0x08012360                BDMA_Channel6_IRQHandler
                0x08012360                DMA2_Stream5_IRQHandler
                0x08012360                DMA1_Stream5_IRQHandler
                0x08012360                CORDIC_IRQHandler
                0x08012360                BDMA_Channel1_IRQHandler
                0x08012360                TAMP_STAMP_IRQHandler
                0x08012360                EXTI3_IRQHandler
                0x08012360                LPTIM4_IRQHandler
                0x08012360                TIM8_TRG_COM_TIM14_IRQHandler
                0x08012360                LPTIM2_IRQHandler
                0x08012360                DFSDM1_FLT1_IRQHandler
                0x08012360                DMAMUX2_OVR_IRQHandler
                0x08012360                TIM8_UP_TIM13_IRQHandler
                0x08012360                I2C3_ER_IRQHandler
                0x08012360                DFSDM1_FLT2_IRQHandler
                0x08012360                I2C5_EV_IRQHandler
                0x08012360                USART10_IRQHandler
                0x08012360                MDMA_IRQHandler
                0x08012360                LPTIM3_IRQHandler
                0x08012360                HSEM1_IRQHandler
                0x08012360                EXTI0_IRQHandler
                0x08012360                I2C2_EV_IRQHandler
                0x08012360                DMA1_Stream2_IRQHandler
                0x08012360                FPU_IRQHandler
                0x08012360                OTG_HS_WKUP_IRQHandler
                0x08012360                FDCAN1_IT1_IRQHandler
                0x08012360                LTDC_ER_IRQHandler
                0x08012360                DMA2_Stream2_IRQHandler
                0x08012360                OCTOSPI1_IRQHandler
                0x08012360                TIM6_DAC_IRQHandler
                0x08012360                DMA2_Stream3_IRQHandler
                0x08012360                OCTOSPI2_IRQHandler
                0x08012360                DFSDM1_FLT3_IRQHandler
                0x08012360                TIM23_IRQHandler
                0x08012360                USART6_IRQHandler
                0x08012360                TIM17_IRQHandler
                0x08012360                USART3_IRQHandler
                0x08012360                BDMA_Channel7_IRQHandler
                0x08012360                LPTIM5_IRQHandler
                0x08012360                UART5_IRQHandler
                0x08012360                ADC3_IRQHandler
                0x08012360                DMA2_Stream0_IRQHandler
                0x08012360                TIM4_IRQHandler
                0x08012360                BDMA_Channel2_IRQHandler
                0x08012360                I2C1_EV_IRQHandler
                0x08012360                DMA1_Stream6_IRQHandler
                0x08012360                DMAMUX1_OVR_IRQHandler
                0x08012360                TIM16_IRQHandler
                0x08012360                UART4_IRQHandler
                0x08012360                BDMA_Channel5_IRQHandler
                0x08012360                TIM3_IRQHandler
                0x08012360                RCC_IRQHandler
                0x08012360                UART9_IRQHandler
                0x08012360                TIM8_BRK_TIM12_IRQHandler
                0x08012360                TIM1_TRG_COM_IRQHandler
                0x08012360                Default_Handler
                0x08012360                ECC_IRQHandler
                0x08012360                FMAC_IRQHandler
                0x08012360                CEC_IRQHandler
                0x08012360                EXTI15_10_IRQHandler
                0x08012360                BDMA_Channel0_IRQHandler
                0x08012360                ADC_IRQHandler
                0x08012360                I2C5_ER_IRQHandler
                0x08012360                DMA1_Stream7_IRQHandler
                0x08012360                SPI5_IRQHandler
                0x08012360                TIM7_IRQHandler
                0x08012360                FDCAN3_IT1_IRQHandler
                0x08012360                SDMMC1_IRQHandler
                0x08012360                TIM5_IRQHandler
                0x08012360                DMA2_Stream7_IRQHandler
                0x08012360                TIM15_IRQHandler
                0x08012360                PVD_AVD_IRQHandler
                0x08012360                I2C3_EV_IRQHandler
                0x08012360                EXTI9_5_IRQHandler
                0x08012360                RTC_WKUP_IRQHandler
                0x08012360                LTDC_IRQHandler
                0x08012360                ETH_WKUP_IRQHandler
                0x08012360                SPDIF_RX_IRQHandler
                0x08012360                SPI2_IRQHandler
                0x08012360                TIM24_IRQHandler
                0x08012360                CRS_IRQHandler
                0x08012360                EXTI4_IRQHandler
                0x08012360                RNG_IRQHandler
                0x08012360                FDCAN2_IT1_IRQHandler
                0x08012360                ETH_IRQHandler
                0x08012360                TIM1_UP_IRQHandler
                0x08012360                BDMA_Channel4_IRQHandler
                0x08012360                WWDG_IRQHandler
                0x08012360                SPI6_IRQHandler
                0x08012360                MDIOS_IRQHandler
                0x08012360                I2C4_EV_IRQHandler
                0x08012360                FDCAN2_IT0_IRQHandler
                0x08012360                LPUART1_IRQHandler
                0x08012360                FDCAN1_IT0_IRQHandler
                0x08012360                TIM2_IRQHandler
                0x08012360                DMA2D_IRQHandler
                0x08012360                TIM1_BRK_IRQHandler
                0x08012360                EXTI1_IRQHandler
                0x08012360                SDMMC2_IRQHandler
                0x08012360                BDMA_Channel3_IRQHandler
                0x08012360                DTS_IRQHandler
                0x08012360                UART7_IRQHandler
                0x08012360                MDIOS_WKUP_IRQHandler
                0x08012360                USART2_IRQHandler
                0x08012360                DFSDM1_FLT0_IRQHandler
                0x08012360                SAI4_IRQHandler
                0x08012360                I2C2_ER_IRQHandler
                0x08012360                DMA2_Stream1_IRQHandler
                0x08012360                FLASH_IRQHandler
                0x08012360                DMA2_Stream4_IRQHandler
                0x08012360                USART1_IRQHandler
                0x08012360                SPI3_IRQHandler
                0x08012360                WAKEUP_PIN_IRQHandler
                0x08012360                DMA1_Stream4_IRQHandler
                0x08012360                I2C1_ER_IRQHandler
                0x08012360                FMC_IRQHandler
                0x08012360                FDCAN_CAL_IRQHandler
                0x08012360                SWPMI1_IRQHandler
                0x08012360                COMP1_IRQHandler
                0x08012360                LPTIM1_IRQHandler
                0x08012360                DCMI_PSSI_IRQHandler
                0x08012360                I2C4_ER_IRQHandler
                0x08012360                DMA2_Stream6_IRQHandler
                0x08012360                SAI1_IRQHandler
                0x08012360                DMA1_Stream3_IRQHandler
 *(.glue_7)
 .glue_7        0x08012362        0x0 linker stubs
 *(.glue_7t)
 .glue_7t       0x08012362        0x0 linker stubs
 *(.eh_frame)
 *fill*         0x08012362        0x2 
 .eh_frame      0x08012364        0x0 /usr/lib/gcc/arm-none-eabi/13.2.1/thumb/v7e-m+dp/hard/crtbegin.o
 *(.init)
 .init          0x08012364        0x4 /usr/lib/gcc/arm-none-eabi/13.2.1/thumb/v7e-m+dp/hard/crti.o
                0x08012364                _init
 .init          0x08012368        0x8 /usr/lib/gcc/arm-none-eabi/13.2.1/thumb/v7e-m+dp/hard/crtn.o
 *(.fini)
 .fini          0x08012370        0x4 /usr/lib/gcc/arm-none-eabi/13.2.1/thumb/v7e-m+dp/hard/crti.o
                0x08012370                _fini
 .fini          0x08012374        0x8 /usr/lib/gcc/arm-none-eabi/13.2.1/thumb/v7e-m+dp/hard/crtn.o
                0x0801237c                        . = ALIGN (0x4)
                0x0801237c                        _etext = .

.vfp11_veneer   0x0801237c        0x0
 .vfp11_veneer  0x0801237c        0x0 linker stubs

.v4_bx          0x0801237c        0x0
 .v4_bx         0x0801237c        0x0 linker stubs

.iplt           0x0801237c        0x0
 .iplt          0x0801237c        0x0 /usr/lib/gcc/arm-none-eabi/13.2.1/thumb/v7e-m+dp/hard/crtbegin.o

.rodata         0x08012380      0x798
                0x08012380                        . = ALIGN (0x4)
 *(.rodata)
 .rodata        0x08012380      0x128 /usr/lib/gcc/arm-none-eabi/13.2.1/../../../arm-none-eabi/lib/thumb/v7e-m+dp/hard/libc_nano.a(libc_a-mprec.o)
                0x08012390                __mprec_tens
                0x08012458                __mprec_tinytens
                0x08012480                __mprec_bigtens
 .rodata        0x080124a8      0x101 /usr/lib/gcc/arm-none-eabi/13.2.1/../../../arm-none-eabi/lib/thumb/v7e-m+dp/hard/libc_nano.a(libc_a-ctype_.o)
                0x080124a8                _ctype_
 *(.rodata*)
 *fill*         0x080125a9        0x3 
 .rodata.HAL_SetTickFreq.str1.4
                0x080125ac      0x552 build/debug/stm32h7xx_hal.o
                                 0x31 (size before relaxing)
 .rodata.HAL_ADC_PollForConversion.str1.4
                0x08012afe       0x35 build/debug/stm32h7xx_hal_adc.o
 .rodata.HAL_ADCEx_Calibration_Start.str1.4
                0x08012afe       0x38 build/debug/stm32h7xx_hal_adc_ex.o
 .rodata.HAL_CORDIC_Init.str1.4
                0x08012afe       0x38 build/debug/stm32h7xx_hal_cordic.o
 .rodata.HAL_NVIC_SetPriorityGrouping.str1.4
                0x08012afe       0x38 build/debug/stm32h7xx_hal_cortex.o
 .rodata.HAL_DMA_Init.str1.4
                0x08012afe       0x35 build/debug/stm32h7xx_hal_dma.o
 *fill*         0x08012afe        0x2 
 .rodata.flagBitshiftOffset.0
                0x08012b00        0x8 build/debug/stm32h7xx_hal_dma.o
 .rodata.FMAC_FilterConfig.str1.4
                0x08012b08       0x36 build/debug/stm32h7xx_hal_fmac.o
 .rodata.HAL_GPIO_Init.str1.4
                0x08012b08       0x36 build/debug/stm32h7xx_hal_gpio.o
 .rodata.I2C_TransferConfig.str1.4
                0x08012b08       0x35 build/debug/stm32h7xx_hal_i2c.o
 .rodata.HAL_I2CEx_ConfigAnalogFilter.str1.4
                0x08012b08       0x38 build/debug/stm32h7xx_hal_i2c_ex.o
 .rodata.HAL_PCD_Init.str1.4
                0x08012b08       0x35 build/debug/stm32h7xx_hal_pcd.o
 .rodata.HAL_PWREx_ConfigSupply.str1.4
                0x08012b08       0x38 build/debug/stm32h7xx_hal_pwr_ex.o
 .rodata.HAL_RCC_OscConfig.str1.4
                0x08012b08       0x35 build/debug/stm32h7xx_hal_rcc.o
 .rodata.RCCEx_PLL2_Config.str1.4
                0x08012b08       0x38 build/debug/stm32h7xx_hal_rcc_ex.o
 .rodata.HAL_SPI_Init.str1.4
                0x08012b08       0x35 build/debug/stm32h7xx_hal_spi.o
 .rodata.TIM_OC1_SetConfig.str1.4
                0x08012b08       0x35 build/debug/stm32h7xx_hal_tim.o
 .rodata.HAL_TIMEx_HallSensor_Init.str1.4
                0x08012b08       0x38 build/debug/stm32h7xx_hal_tim_ex.o
 .rodata.D1CorePrescTable
                0x08012b08       0x10 build/debug/system_stm32h7xx.o
                0x08012b08                D1CorePrescTable
 .rodata.USBD_HS_ProductStrDescriptor.str1.4
                0x08012b18       0x16 build/debug/usbd_desc.o
 .rodata.USBD_HS_ManufacturerStrDescriptor.str1.4
                0x08012b18       0x13 build/debug/usbd_desc.o
 .rodata.USBD_HS_ConfigStrDescriptor.str1.4
                0x08012b18        0xb build/debug/usbd_desc.o
 .rodata.USBD_HS_InterfaceStrDescriptor.str1.4
                0x08012b18        0xe build/debug/usbd_desc.o
 .rodata.str1.4
                0x08012b18        0x3 build/debug/abstract.o
 .rodata.str1.4
                0x08012b18       0x19 build/debug/cpp_main.o
 .rodata.str1.4
                0x08012b18       0x13 /usr/lib/gcc/arm-none-eabi/13.2.1/../../../arm-none-eabi/lib/thumb/v7e-m+dp/hard/libc_nano.a(libc_a-nano-svfprintf.o)
 .rodata.str1.4
                0x08012b18       0x12 /usr/lib/gcc/arm-none-eabi/13.2.1/../../../arm-none-eabi/lib/thumb/v7e-m+dp/hard/libc_nano.a(libc_a-nano-vfprintf_float.o)
 .rodata.str1.4
                0x08012b18       0x69 /usr/lib/gcc/arm-none-eabi/13.2.1/../../../arm-none-eabi/lib/thumb/v7e-m+dp/hard/libc_nano.a(libc_a-dtoa.o)
 .rodata.str1.4
                0x08012b18       0x25 /usr/lib/gcc/arm-none-eabi/13.2.1/../../../arm-none-eabi/lib/thumb/v7e-m+dp/hard/libc_nano.a(libc_a-nano-vfprintf_i.o)
 .rodata.str1.4
                0x08012b18       0x43 /usr/lib/gcc/arm-none-eabi/13.2.1/../../../arm-none-eabi/lib/thumb/v7e-m+dp/hard/libc_nano.a(libc_a-assert.o)
 .rodata.str1.4
                0x08012b18       0x59 /usr/lib/gcc/arm-none-eabi/13.2.1/../../../arm-none-eabi/lib/thumb/v7e-m+dp/hard/libc_nano.a(libc_a-mprec.o)
 .rodata.str1.4
                0x08012b18       0x12 /usr/lib/gcc/arm-none-eabi/13.2.1/../../../arm-none-eabi/lib/thumb/v7e-m+dp/hard/libc_nano.a(libc_a-locale.o)
 .rodata.str1.4
                0x08012b18       0x13 /usr/lib/gcc/arm-none-eabi/13.2.1/../../../arm-none-eabi/lib/thumb/v7e-m+dp/hard/libc_nano.a(libc_a-nano-vfprintf.o)
                0x08012b84                        . = ALIGN (0x4)

.ARM.extab      0x08012b18        0x0
                0x08012b18                        . = ALIGN (0x4)
 *(.ARM.extab* .gnu.linkonce.armextab.*)
                0x08012b18                        . = ALIGN (0x4)

.ARM            0x08012b18        0x8
                0x08012b18                        . = ALIGN (0x4)
                0x08012b18                        __exidx_start = .
 *(.ARM.exidx*)
 .ARM.exidx     0x08012b18        0x8 /usr/lib/gcc/arm-none-eabi/13.2.1/../../../arm-none-eabi/lib/thumb/v7e-m+dp/hard/libc_nano.a(libc_a-strlen.o)
 .ARM.exidx     0x08012b20        0x0 /usr/lib/gcc/arm-none-eabi/13.2.1/../../../arm-none-eabi/lib/thumb/v7e-m+dp/hard/libc_nano.a(libc_a-memchr.o)
                                  0x8 (size before relaxing)
 .ARM.exidx     0x08012b20        0x0 /usr/lib/gcc/arm-none-eabi/13.2.1/../../../arm-none-eabi/lib/thumb/v7e-m+dp/hard/libc_nano.a(libc_a-memcpy.o)
                                  0x8 (size before relaxing)
                0x08012b20                        __exidx_end = .
                0x08012b20                        . = ALIGN (0x4)

.preinit_array  0x08012b20        0x0
                0x08012b20                        . = ALIGN (0x4)
                0x08012b20                        PROVIDE (__preinit_array_start = .)
 *(.preinit_array*)
                0x08012b20                        PROVIDE (__preinit_array_end = .)
                0x08012b20                        . = ALIGN (0x4)

.init_array     0x08012b20        0x4
                0x08012b20                        . = ALIGN (0x4)
                0x08012b20                        PROVIDE (__init_array_start = .)
 *(SORT_BY_NAME(.init_array.*))
 *(.init_array*)
 .init_array    0x08012b20        0x4 /usr/lib/gcc/arm-none-eabi/13.2.1/thumb/v7e-m+dp/hard/crtbegin.o
                0x08012b24                        PROVIDE (__init_array_end = .)
                0x08012b24                        . = ALIGN (0x4)

.fini_array     0x08012b24        0x4
                0x08012b24                        . = ALIGN (0x4)
                0x08012b24                        PROVIDE (__fini_array_start = .)
 *(SORT_BY_NAME(.fini_array.*))
 *(.fini_array*)
 .fini_array    0x08012b24        0x4 /usr/lib/gcc/arm-none-eabi/13.2.1/thumb/v7e-m+dp/hard/crtbegin.o
                0x08012b28                        PROVIDE (__fini_array_end = .)
                0x08012b28                        . = ALIGN (0x4)
                0x08012b28                        _sidata = LOADADDR (.data)

.rel.dyn        0x08012b28        0x0
 .rel.iplt      0x08012b28        0x0 /usr/lib/gcc/arm-none-eabi/13.2.1/thumb/v7e-m+dp/hard/crtbegin.o

.data           0x20000000      0x2e8 load address 0x08012b28
                0x20000000                        . = ALIGN (0x4)
                0x20000000                        _sdata = .
 *(.data)
 .data          0x20000000       0x50 /usr/lib/gcc/arm-none-eabi/13.2.1/../../../arm-none-eabi/lib/thumb/v7e-m+dp/hard/libc_nano.a(libc_a-impure.o)
                0x20000000                _impure_ptr
                0x20000004                _impure_data
 .data          0x20000050        0xc /usr/lib/gcc/arm-none-eabi/13.2.1/../../../arm-none-eabi/lib/thumb/v7e-m+dp/hard/libc_nano.a(libc_a-findfp.o)
                0x20000050                __sglue
 .data          0x2000005c      0x16c /usr/lib/gcc/arm-none-eabi/13.2.1/../../../arm-none-eabi/lib/thumb/v7e-m+dp/hard/libc_nano.a(libc_a-locale.o)
                0x2000005c                __global_locale
 *(.data*)
 .data.uwTickFreq
                0x200001c8        0x1 build/debug/stm32h7xx_hal.o
                0x200001c8                uwTickFreq
 *fill*         0x200001c9        0x3 
 .data.uwTickPrio
                0x200001cc        0x4 build/debug/stm32h7xx_hal.o
                0x200001cc                uwTickPrio
 .data.SystemD2Clock
                0x200001d0        0x4 build/debug/system_stm32h7xx.o
                0x200001d0                SystemD2Clock
 .data.SystemCoreClock
                0x200001d4        0x4 build/debug/system_stm32h7xx.o
                0x200001d4                SystemCoreClock
 .data.USBD_CDC_CfgDesc
                0x200001d8       0x43 build/debug/usbd_cdc.o
 *fill*         0x2000021b        0x1 
 .data.USBD_CDC
                0x2000021c       0x38 build/debug/usbd_cdc.o
                0x2000021c                USBD_CDC
 .data.USBD_CDC_DeviceQualifierDesc
                0x20000254        0xa build/debug/usbd_cdc.o
 *fill*         0x2000025e        0x2 
 .data.USBD_Interface_fops_HS
                0x20000260       0x14 build/debug/usbd_cdc_if.o
                0x20000260                USBD_Interface_fops_HS
 .data.LineCoding
                0x20000274        0x8 build/debug/usbd_cdc_if.o
                0x20000274                LineCoding
 .data.USBD_StringSerial
                0x2000027c       0x1a build/debug/usbd_desc.o
                0x2000027c                USBD_StringSerial
 *fill*         0x20000296        0x2 
 .data.USBD_LangIDDesc
                0x20000298        0x4 build/debug/usbd_desc.o
                0x20000298                USBD_LangIDDesc
 .data.USBD_HS_DeviceDesc
                0x2000029c       0x12 build/debug/usbd_desc.o
                0x2000029c                USBD_HS_DeviceDesc
 *fill*         0x200002ae        0x2 
 .data.HS_Desc  0x200002b0       0x1c build/debug/usbd_desc.o
                0x200002b0                HS_Desc
 .data.USER_Driver
                0x200002cc       0x14 build/debug/user_diskio.o
                0x200002cc                USER_Driver
 .data.currentBlock.0
                0x200002e0        0x4 build/debug/user_diskio_spi.o
 .data.Stat     0x200002e4        0x1 build/debug/user_diskio_spi.o
 *(.RamFunc)
 *(.RamFunc*)
                0x200002e8                        . = ALIGN (0x4)
 *fill*         0x200002e5        0x3 
                0x200002e8                        _edata = .

.tm_clone_table
                0x200002e8        0x0 load address 0x08012e10
 .tm_clone_table
                0x200002e8        0x0 /usr/lib/gcc/arm-none-eabi/13.2.1/thumb/v7e-m+dp/hard/crtbegin.o
 .tm_clone_table
                0x200002e8        0x0 /usr/lib/gcc/arm-none-eabi/13.2.1/thumb/v7e-m+dp/hard/crtend.o

.igot.plt       0x200002e8        0x0 load address 0x08012e10
 .igot.plt      0x200002e8        0x0 /usr/lib/gcc/arm-none-eabi/13.2.1/thumb/v7e-m+dp/hard/crtbegin.o
                0x200002e8                        . = ALIGN (0x4)

.bss            0x200002e8     0x2528 load address 0x08012e10
                0x200002e8                        _sbss = .
                0x200002e8                        __bss_start__ = _sbss
 *(.bss)
 .bss           0x200002e8       0x1c /usr/lib/gcc/arm-none-eabi/13.2.1/thumb/v7e-m+dp/hard/crtbegin.o
 .bss           0x20000304      0x348 build/debug/cpp_main.o
                0x20000304                usbTxBuf
                0x20000404                usbTxBufLen
                0x20000408                SDFatFS
                0x2000063c                imuOfst
                0x20000648                highGOfst
                0x2000064b                i2cBuf
 .bss           0x2000064c        0x8 /usr/lib/gcc/arm-none-eabi/13.2.1/../../../arm-none-eabi/lib/thumb/v7e-m+dp/hard/libc_nano.a(libc_a-mallocr.o)
                0x2000064c                __malloc_sbrk_start
                0x20000650                __malloc_free_list
 .bss           0x20000654      0x13c /usr/lib/gcc/arm-none-eabi/13.2.1/../../../arm-none-eabi/lib/thumb/v7e-m+dp/hard/libc_nano.a(libc_a-findfp.o)
                0x20000654                __sf
                0x2000078c                __stdio_exit_handler
 .bss           0x20000790        0x4 /usr/lib/gcc/arm-none-eabi/13.2.1/../../../arm-none-eabi/lib/thumb/v7e-m+dp/hard/libc_nano.a(libc_a-reent.o)
                0x20000790                errno
 *(.bss*)
 .bss.hadc1     0x20000794       0x70 build/debug/adc.o
                0x20000794                hadc1
 .bss.hcordic   0x20000804       0x28 build/debug/cordic.o
                0x20000804                hcordic
 .bss.USERPath  0x2000082c        0x4 build/debug/fatfs.o
                0x2000082c                USERPath
 .bss.retUSER   0x20000830        0x1 build/debug/fatfs.o
                0x20000830                retUSER
 *fill*         0x20000831        0x3 
 .bss.disk      0x20000834        0xc build/debug/ff_gen_drv.o
                0x20000834                disk
 .bss.hfmac     0x20000840       0x38 build/debug/fmac.o
                0x20000840                hfmac
 .bss.hi2c3     0x20000878       0x54 build/debug/i2c.o
                0x20000878                hi2c3
 .bss.hdma_spi1_rx
                0x200008cc       0x78 build/debug/spi.o
                0x200008cc                hdma_spi1_rx
 .bss.hdma_spi1_tx
                0x20000944       0x78 build/debug/spi.o
                0x20000944                hdma_spi1_tx
 .bss.hspi2     0x200009bc       0xb4 build/debug/spi.o
                0x200009bc                hspi2
 .bss.hspi1     0x20000a70       0xb4 build/debug/spi.o
                0x20000a70                hspi1
 .bss.uwTick    0x20000b24        0x4 build/debug/stm32h7xx_hal.o
                0x20000b24                uwTick
 .bss.__sbrk_heap_end
                0x20000b28        0x4 build/debug/sysmem.o
 .bss.htim4     0x20000b2c       0x4c build/debug/tim.o
                0x20000b2c                htim4
 .bss.htim2     0x20000b78       0x4c build/debug/tim.o
                0x20000b78                htim2
 .bss.htim1     0x20000bc4       0x4c build/debug/tim.o
                0x20000bc4                htim1
 .bss.hUsbDeviceHS
                0x20000c10      0x2dc build/debug/usb_device.o
                0x20000c10                hUsbDeviceHS
 .bss.UserTxBufferHS
                0x20000eec      0x800 build/debug/usbd_cdc_if.o
                0x20000eec                UserTxBufferHS
 .bss.UserRxBufferHS
                0x200016ec      0x800 build/debug/usbd_cdc_if.o
                0x200016ec                UserRxBufferHS
 .bss.mem.0     0x20001eec      0x220 build/debug/usbd_conf.o
 .bss.hpcd_USB_OTG_HS
                0x2000210c      0x4e4 build/debug/usbd_conf.o
                0x2000210c                hpcd_USB_OTG_HS
 .bss.cfgidx.0  0x200025f0        0x1 build/debug/usbd_ctlreq.o
 *fill*         0x200025f1        0x3 
 .bss.USBD_StrDesc
                0x200025f4      0x200 build/debug/usbd_desc.o
                0x200025f4                USBD_StrDesc
 .bss.rxBuf     0x200027f4        0x4 build/debug/user_diskio_spi.o
                0x200027f4                rxBuf
 .bss.buf       0x200027f8        0x4 build/debug/user_diskio_spi.o
                0x200027f8                buf
 .bss.numBlocks
                0x200027fc        0x4 build/debug/user_diskio_spi.o
                0x200027fc                numBlocks
 .bss.dma_tx_done
                0x20002800        0x1 build/debug/user_diskio_spi.o
                0x20002800                dma_tx_done
 *fill*         0x20002801        0x3 
 .bss.spiTimerTickDelay
                0x20002804        0x4 build/debug/user_diskio_spi.o
                0x20002804                spiTimerTickDelay
 .bss.spiTimerTickStart
                0x20002808        0x4 build/debug/user_diskio_spi.o
                0x20002808                spiTimerTickStart
 .bss.CardType  0x2000280c        0x1 build/debug/user_diskio_spi.o
 *(COMMON)
                0x20002810                        . = ALIGN (0x4)
 *fill*         0x2000280d        0x3 
                0x20002810                        _ebss = .
                0x20002810                        __bss_end__ = _ebss

._user_heap_stack
                0x20002810      0x600 load address 0x08012e10
                0x20002810                        . = ALIGN (0x8)
                [!provide]                        PROVIDE (end = .)
                0x20002810                        PROVIDE (_end = .)
                0x20002a10                        . = (. + _Min_Heap_Size)
 *fill*         0x20002810      0x200 
                0x20002e10                        . = (. + _Min_Stack_Size)
 *fill*         0x20002a10      0x400 
                0x20002e10                        . = ALIGN (0x8)

/DISCARD/
 libc.a(*)
 libm.a(*)
 libgcc.a(*)

.nocache        0x38000000        0x0
                0x38000000                        . = ALIGN (0x20)
 *(.nocache)
OUTPUT(build/debug/WINTER3-3.elf elf32-littlearm)
LOAD linker stubs
LOAD /usr/lib/gcc/arm-none-eabi/13.2.1/../../../arm-none-eabi/lib/thumb/v7e-m+dp/hard/libc.a
LOAD /usr/lib/gcc/arm-none-eabi/13.2.1/../../../arm-none-eabi/lib/thumb/v7e-m+dp/hard/libm.a
LOAD /usr/lib/gcc/arm-none-eabi/13.2.1/thumb/v7e-m+dp/hard/libgcc.a

.ARM.attributes
                0x00000000       0x2e
 .ARM.attributes
                0x00000000       0x20 /usr/lib/gcc/arm-none-eabi/13.2.1/thumb/v7e-m+dp/hard/crti.o
 .ARM.attributes
                0x00000020       0x32 /usr/lib/gcc/arm-none-eabi/13.2.1/thumb/v7e-m+dp/hard/crtbegin.o
 .ARM.attributes
                0x00000052       0x32 build/debug/adc.o
 .ARM.attributes
                0x00000084       0x32 build/debug/cordic.o
 .ARM.attributes
                0x000000b6       0x32 build/debug/dma.o
 .ARM.attributes
                0x000000e8       0x32 build/debug/fatfs.o
 .ARM.attributes
                0x0000011a       0x32 build/debug/ff_gen_drv.o
 .ARM.attributes
                0x0000014c       0x32 build/debug/fmac.o
 .ARM.attributes
                0x0000017e       0x32 build/debug/gpio.o
 .ARM.attributes
                0x000001b0       0x32 build/debug/i2c.o
 .ARM.attributes
                0x000001e2       0x32 build/debug/main.o
 .ARM.attributes
                0x00000214       0x32 build/debug/spi.o
 .ARM.attributes
                0x00000246       0x32 build/debug/stm32h7xx_hal.o
 .ARM.attributes
                0x00000278       0x32 build/debug/stm32h7xx_hal_adc.o
 .ARM.attributes
                0x000002aa       0x32 build/debug/stm32h7xx_hal_adc_ex.o
 .ARM.attributes
                0x000002dc       0x32 build/debug/stm32h7xx_hal_cordic.o
 .ARM.attributes
                0x0000030e       0x32 build/debug/stm32h7xx_hal_cortex.o
 .ARM.attributes
                0x00000340       0x32 build/debug/stm32h7xx_hal_dma.o
 .ARM.attributes
                0x00000372       0x32 build/debug/stm32h7xx_hal_fmac.o
 .ARM.attributes
                0x000003a4       0x32 build/debug/stm32h7xx_hal_gpio.o
 .ARM.attributes
                0x000003d6       0x32 build/debug/stm32h7xx_hal_i2c.o
 .ARM.attributes
                0x00000408       0x32 build/debug/stm32h7xx_hal_i2c_ex.o
 .ARM.attributes
                0x0000043a       0x32 build/debug/stm32h7xx_hal_msp.o
 .ARM.attributes
                0x0000046c       0x32 build/debug/stm32h7xx_hal_pcd.o
 .ARM.attributes
                0x0000049e       0x32 build/debug/stm32h7xx_hal_pcd_ex.o
 .ARM.attributes
                0x000004d0       0x32 build/debug/stm32h7xx_hal_pwr_ex.o
 .ARM.attributes
                0x00000502       0x32 build/debug/stm32h7xx_hal_rcc.o
 .ARM.attributes
                0x00000534       0x32 build/debug/stm32h7xx_hal_rcc_ex.o
 .ARM.attributes
                0x00000566       0x32 build/debug/stm32h7xx_hal_spi.o
 .ARM.attributes
                0x00000598       0x32 build/debug/stm32h7xx_hal_tim.o
 .ARM.attributes
                0x000005ca       0x32 build/debug/stm32h7xx_hal_tim_ex.o
 .ARM.attributes
                0x000005fc       0x32 build/debug/stm32h7xx_it.o
 .ARM.attributes