Archive member included to satisfy reference by file (symbol)

/usr/lib/gcc/arm-none-eabi/13.2.1/../../../arm-none-eabi/lib/thumb/v7e-m+dp/hard/libstdc++_nano.a(atexit_arm.o)
                              build/debug/cpp_main.o (__aeabi_atexit)
/usr/lib/gcc/arm-none-eabi/13.2.1/../../../arm-none-eabi/lib/thumb/v7e-m+dp/hard/libstdc++_nano.a(del_ops.o)
                              build/debug/u-blox_GNSS.o (operator delete(void*, unsigned int))
/usr/lib/gcc/arm-none-eabi/13.2.1/../../../arm-none-eabi/lib/thumb/v7e-m+dp/hard/libstdc++_nano.a(del_opv.o)
                              build/debug/u-blox_GNSS.o (operator delete[](void*))
/usr/lib/gcc/arm-none-eabi/13.2.1/../../../arm-none-eabi/lib/thumb/v7e-m+dp/hard/libstdc++_nano.a(new_op.o)
                              build/debug/u-blox_GNSS.o (operator new(unsigned int))
/usr/lib/gcc/arm-none-eabi/13.2.1/../../../arm-none-eabi/lib/thumb/v7e-m+dp/hard/libstdc++_nano.a(new_opv.o)
                              build/debug/u-blox_GNSS.o (operator new[](unsigned int))
/usr/lib/gcc/arm-none-eabi/13.2.1/../../../arm-none-eabi/lib/thumb/v7e-m+dp/hard/libstdc++_nano.a(del_op.o)
                              /usr/lib/gcc/arm-none-eabi/13.2.1/../../../arm-none-eabi/lib/thumb/v7e-m+dp/hard/libstdc++_nano.a(del_ops.o) (operator delete(void*))
/usr/lib/gcc/arm-none-eabi/13.2.1/../../../arm-none-eabi/lib/thumb/v7e-m+dp/hard/libstdc++_nano.a(new_handler.o)
                              /usr/lib/gcc/arm-none-eabi/13.2.1/../../../arm-none-eabi/lib/thumb/v7e-m+dp/hard/libstdc++_nano.a(new_op.o) (std::get_new_handler())
/usr/lib/gcc/arm-none-eabi/13.2.1/../../../arm-none-eabi/lib/thumb/v7e-m+dp/hard/libm.a(libm_a-pow.o)
                              build/debug/MS5607.o (pow)
/usr/lib/gcc/arm-none-eabi/13.2.1/../../../arm-none-eabi/lib/thumb/v7e-m+dp/hard/libm.a(libm_a-exp_data.o)
                              /usr/lib/gcc/arm-none-eabi/13.2.1/../../../arm-none-eabi/lib/thumb/v7e-m+dp/hard/libm.a(libm_a-pow.o) (__exp_data)
/usr/lib/gcc/arm-none-eabi/13.2.1/../../../arm-none-eabi/lib/thumb/v7e-m+dp/hard/libm.a(libm_a-pow_log_data.o)
                              /usr/lib/gcc/arm-none-eabi/13.2.1/../../../arm-none-eabi/lib/thumb/v7e-m+dp/hard/libm.a(libm_a-pow.o) (__pow_log_data)
/usr/lib/gcc/arm-none-eabi/13.2.1/../../../arm-none-eabi/lib/thumb/v7e-m+dp/hard/libm.a(libm_a-math_err.o)
                              /usr/lib/gcc/arm-none-eabi/13.2.1/../../../arm-none-eabi/lib/thumb/v7e-m+dp/hard/libm.a(libm_a-pow.o) (__math_uflow)
/usr/lib/gcc/arm-none-eabi/13.2.1/../../../arm-none-eabi/lib/thumb/v7e-m+dp/hard/libc_nano.a(libc_a-sprintf.o)
                              build/debug/cpp_main.o (sprintf)
/usr/lib/gcc/arm-none-eabi/13.2.1/../../../arm-none-eabi/lib/thumb/v7e-m+dp/hard/libc_nano.a(libc_a-strstr.o)
                              build/debug/u-blox_GNSS.o (strstr)
/usr/lib/gcc/arm-none-eabi/13.2.1/../../../arm-none-eabi/lib/thumb/v7e-m+dp/hard/libc_nano.a(libc_a-strchr.o)
                              /usr/lib/gcc/arm-none-eabi/13.2.1/../../../arm-none-eabi/lib/thumb/v7e-m+dp/hard/libc_nano.a(libc_a-strstr.o) (strchr)
/usr/lib/gcc/arm-none-eabi/13.2.1/../../../arm-none-eabi/lib/thumb/v7e-m+dp/hard/libc_nano.a(libc_a-strcpy.o)
                              build/debug/abstract.o (strcpy)
/usr/lib/gcc/arm-none-eabi/13.2.1/../../../arm-none-eabi/lib/thumb/v7e-m+dp/hard/libc_nano.a(libc_a-impure.o)
                              /usr/lib/gcc/arm-none-eabi/13.2.1/../../../arm-none-eabi/lib/thumb/v7e-m+dp/hard/libc_nano.a(libc_a-sprintf.o) (_impure_ptr)
/usr/lib/gcc/arm-none-eabi/13.2.1/../../../arm-none-eabi/lib/thumb/v7e-m+dp/hard/libc_nano.a(libc_a-nano-svfprintf.o)
                              /usr/lib/gcc/arm-none-eabi/13.2.1/../../../arm-none-eabi/lib/thumb/v7e-m+dp/hard/libc_nano.a(libc_a-sprintf.o) (_svfprintf_r)
/usr/lib/gcc/arm-none-eabi/13.2.1/../../../arm-none-eabi/lib/thumb/v7e-m+dp/hard/libc_nano.a(libc_a-init.o)
                              /usr/lib/gcc/arm-none-eabi/13.2.1/../../../arm-none-eabi/lib/thumb/v7e-m+dp/hard/crt0.o (__libc_init_array)
/usr/lib/gcc/arm-none-eabi/13.2.1/../../../arm-none-eabi/lib/thumb/v7e-m+dp/hard/libc_nano.a(libc_a-sscanf.o)
                              build/debug/u-blox_GNSS.o (sscanf)
/usr/lib/gcc/arm-none-eabi/13.2.1/../../../arm-none-eabi/lib/thumb/v7e-m+dp/hard/libc_nano.a(libc_a-abort.o)
                              /usr/lib/gcc/arm-none-eabi/13.2.1/../../../arm-none-eabi/lib/thumb/v7e-m+dp/hard/libstdc++_nano.a(new_op.o) (abort)
/usr/lib/gcc/arm-none-eabi/13.2.1/../../../arm-none-eabi/lib/thumb/v7e-m+dp/hard/libc_nano.a(libc_a-strlen.o)
                              build/debug/abstract.o (strlen)
/usr/lib/gcc/arm-none-eabi/13.2.1/../../../arm-none-eabi/lib/thumb/v7e-m+dp/hard/libc_nano.a(libc_a-memset.o)
                              /usr/lib/gcc/arm-none-eabi/13.2.1/../../../arm-none-eabi/lib/thumb/v7e-m+dp/hard/crt0.o (memset)
[...]
Memory Configuration

Name             Origin             Length             Attributes
DTCMRAM          0x20000000         0x00020000         xrw
RAM              0x24000000         0x00020000         xrw
RAM_D2           0x30000000         0x00008000         xrw
RAM_D3           0x38000000         0x00004000         xrw
ITCMRAM          0x00000000         0x00010000         xrw
FLASH            0x08000000         0x00100000         xr
*default*        0x00000000         0xffffffff

Linker script and memory map

LOAD /usr/lib/gcc/arm-none-eabi/13.2.1/thumb/v7e-m+dp/hard/crti.o
LOAD /usr/lib/gcc/arm-none-eabi/13.2.1/thumb/v7e-m+dp/hard/crtbegin.o
LOAD /usr/lib/gcc/arm-none-eabi/13.2.1/../../../arm-none-eabi/lib/thumb/v7e-m+dp/hard/crt0.o
LOAD build/debug/adc.o
LOAD build/debug/ccsbcs.o
LOAD build/debug/cordic.o
LOAD build/debug/diskio.o
LOAD build/debug/dma.o
LOAD build/debug/fatfs.o
LOAD build/debug/ff.o
LOAD build/debug/ff_gen_drv.o
LOAD build/debug/fmac.o
LOAD build/debug/gpio.o
LOAD build/debug/i2c.o
LOAD build/debug/main.o
LOAD build/debug/memorymap.o
LOAD build/debug/spi.o
LOAD build/debug/stm32h7xx_hal.o
LOAD build/debug/stm32h7xx_hal_adc.o
LOAD build/debug/stm32h7xx_hal_adc_ex.o
LOAD build/debug/stm32h7xx_hal_cordic.o
LOAD build/debug/stm32h7xx_hal_cortex.o
LOAD build/debug/stm32h7xx_hal_dma.o
LOAD build/debug/stm32h7xx_hal_dma_ex.o
LOAD build/debug/stm32h7xx_hal_exti.o
LOAD build/debug/stm32h7xx_hal_flash.o
LOAD build/debug/stm32h7xx_hal_flash_ex.o
LOAD build/debug/stm32h7xx_hal_fmac.o
LOAD build/debug/stm32h7xx_hal_gpio.o
LOAD build/debug/stm32h7xx_hal_hsem.o
LOAD build/debug/stm32h7xx_hal_i2c.o
LOAD build/debug/stm32h7xx_hal_i2c_ex.o
LOAD build/debug/stm32h7xx_hal_mdma.o
LOAD build/debug/stm32h7xx_hal_msp.o
LOAD build/debug/stm32h7xx_hal_pcd.o
LOAD build/debug/stm32h7xx_hal_pcd_ex.o
LOAD build/debug/stm32h7xx_hal_pwr.o
LOAD build/debug/stm32h7xx_hal_pwr_ex.o
LOAD build/debug/stm32h7xx_hal_rcc.o
LOAD build/debug/stm32h7xx_hal_rcc_ex.o
LOAD build/debug/stm32h7xx_hal_spi.o
LOAD build/debug/stm32h7xx_hal_spi_ex.o
LOAD build/debug/stm32h7xx_hal_tim.o
LOAD build/debug/stm32h7xx_hal_tim_ex.o
LOAD build/debug/stm32h7xx_it.o
LOAD build/debug/stm32h7xx_ll_usb.o
LOAD build/debug/syscall.o
LOAD build/debug/syscalls.o
LOAD build/debug/sysmem.o
LOAD build/debug/system_stm32h7xx.o
LOAD build/debug/tim.o
LOAD build/debug/usb_device.o
LOAD build/debug/usbd_cdc.o
LOAD build/debug/usbd_cdc_if.o
LOAD build/debug/usbd_conf.o
LOAD build/debug/usbd_core.o
LOAD build/debug/usbd_ctlreq.o
LOAD build/debug/usbd_desc.o
LOAD build/debug/usbd_ioreq.o
LOAD build/debug/user_diskio.o
LOAD build/debug/user_diskio_spi.o
LOAD build/debug/ADXL375.o
LOAD build/debug/ICM42688.o
LOAD build/debug/MS5607.o
LOAD build/debug/abstract.o
LOAD build/debug/cpp_main.o
LOAD build/debug/sfe_bus.o
LOAD build/debug/u-blox_GNSS.o
LOAD build/debug/startup_stm32h725xx.o
LOAD /usr/lib/gcc/arm-none-eabi/13.2.1/../../../arm-none-eabi/lib/thumb/v7e-m+dp/hard/libnosys.a
LOAD /usr/lib/gcc/arm-none-eabi/13.2.1/../../../arm-none-eabi/lib/thumb/v7e-m+dp/hard/libstdc++_nano.a
LOAD /usr/lib/gcc/arm-none-eabi/13.2.1/../../../arm-none-eabi/lib/thumb/v7e-m+dp/hard/libm.a
LOAD /usr/lib/gcc/arm-none-eabi/13.2.1/../../../arm-none-eabi/lib/thumb/v7e-m+dp/hard/libc_nano.a
START GROUP
LOAD /usr/lib/gcc/arm-none-eabi/13.2.1/thumb/v7e-m+dp/hard/libgcc.a
LOAD /usr/lib/gcc/arm-none-eabi/13.2.1/../../../arm-none-eabi/lib/thumb/v7e-m+dp/hard/libc_nano.a
END GROUP
START GROUP
LOAD /usr/lib/gcc/arm-none-eabi/13.2.1/thumb/v7e-m+dp/hard/libgcc.a
LOAD /usr/lib/gcc/arm-none-eabi/13.2.1/../../../arm-none-eabi/lib/thumb/v7e-m+dp/hard/libc_nano.a
END GROUP
LOAD /usr/lib/gcc/arm-none-eabi/13.2.1/thumb/v7e-m+dp/hard/crtend.o
LOAD /usr/lib/gcc/arm-none-eabi/13.2.1/thumb/v7e-m+dp/hard/crtn.o
                0x20020000                        _estack = (ORIGIN (DTCMRAM) + LENGTH (DTCMRAM))
                0x00000200                        _Min_Heap_Size = 0x200
                0x00000400                        _Min_Stack_Size = 0x400

.isr_vector     0x08000000      0x2cc
                0x08000000                        . = ALIGN (0x4)
 *(.isr_vector)
 .isr_vector    0x08000000      0x2cc build/debug/startup_stm32h725xx.o
                0x08000000                g_pfnVectors
                0x080002cc                        . = ALIGN (0x4)

.text           0x08000300    0x295d4
                0x08000300                        . = ALIGN (0x4)
 *(.text)
 .text          0x08000300       0x88 /usr/lib/gcc/arm-none-eabi/13.2.1/thumb/v7e-m+dp/hard/crtbegin.o
 .text          0x08000388       0xd4 build/debug/abstract.o
                0x08000388                SerialPrint(unsigned char*)
                0x0800039a                SerialPrintln(unsigned char*)
                0x080003e8                i2cRead(unsigned char, unsigned char, unsigned char*, unsigned char)
                0x0800040c                i2cWrite(unsigned char, unsigned char, unsigned char*, unsigned char)
                0x08000430                delay_us
 *fill*         0x0800045c        0x4 
 .text          0x08000460      0x1e8 build/debug/cpp_main.o
                0x08000484                fillBuffer(unsigned char*, unsigned int, unsigned char)
                0x080004f0                buffersMatch(unsigned char const*, unsigned char const*, unsigned int)
                0x080004fe                cpp_main
 .text          0x08000648       0xd8 build/debug/sfe_bus.o
                0x08000648                SparkFun_UBLOX_GNSS::SfeI2C::ping()
                0x08000668                SparkFun_UBLOX_GNSS::SfeI2C::available()
                0x080006a6                SparkFun_UBLOX_GNSS::SfeI2C::writeBytes(unsigned char*, unsigned char)
                0x080006ce                SparkFun_UBLOX_GNSS::SfeI2C::readBytes(unsigned char*, unsigned char)
                0x080006f6                SparkFun_UBLOX_GNSS::SfeI2C::SfeI2C()
                0x080006f6                SparkFun_UBLOX_GNSS::SfeI2C::SfeI2C()
                0x08000710                SparkFun_UBLOX_GNSS::SfeI2C::init(__I2C_HandleTypeDef&, unsigned char)
 .text          0x08000720    0x157c0 build/debug/u-blox_GNSS.o
                0x08000720                DevUBLOXGNSS::DevUBLOXGNSS()
                0x08000720                DevUBLOXGNSS::DevUBLOXGNSS()
                0x08000994                DevUBLOXGNSS::end()
                0x080011ac                DevUBLOXGNSS::~DevUBLOXGNSS()
                0x080011ac                DevUBLOXGNSS::~DevUBLOXGNSS()
                0x080011f0                DevUBLOXGNSS::setPacketCfgPayloadSize(unsigned int)
                0x08001310                DevUBLOXGNSS::getPacketCfgSpaceRemaining()
                0x0800131c                DevUBLOXGNSS::setCommunicationBus(SparkFun_UBLOX_GNSS::GNSSDeviceBus&)
                0x08001322                DevUBLOXGNSS::available()
                0x08001330                DevUBLOXGNSS::ping()
                0x08001356                DevUBLOXGNSS::writeBytes(unsigned char*, unsigned char)
                0x08001364                DevUBLOXGNSS::writeReadBytes(unsigned char const*, unsigned char*, unsigned char)
                0x08001372                DevUBLOXGNSS::startWriteReadByte()
                0x08001380                DevUBLOXGNSS::writeReadByte(unsigned char const*, unsigned char*)
                0x0800138e                DevUBLOXGNSS::writeReadByte(unsigned char, unsigned char*)
                0x0800139c                DevUBLOXGNSS::endWriteReadByte()
                0x080013aa                DevUBLOXGNSS::readBytes(unsigned char*, unsigned char)
                0x080013b8                DevUBLOXGNSS::setI2CpollingWait(unsigned char)
                0x080013be                DevUBLOXGNSS::setSPIpollingWait(unsigned char)
                0x080013c4                DevUBLOXGNSS::setI2CTransactionSize(unsigned char)
                0x080013d0                DevUBLOXGNSS::getI2CTransactionSize()
                0x080013d6                DevUBLOXGNSS::setSpiTransactionSize(unsigned char)
                0x08001410                DevUBLOXGNSS::getSpiTransactionSize()
                0x08001416                DevUBLOXGNSS::setSpiBufferSize(unsigned int)
                0x08001444                DevUBLOXGNSS::getSpiBufferSize()
                0x0800144a                DevUBLOXGNSS::setMaxNMEAByteCount(signed char)
                0x08001450                DevUBLOXGNSS::getMaxNMEAByteCount()
                0x08001456                DevUBLOXGNSS::enableDebugging()
                0x0800145e                DevUBLOXGNSS::disableDebugging()
                0x0800146a                DevUBLOXGNSS::debugPrint(char*)
                0x0800147c                DevUBLOXGNSS::debugPrintln(char*)
                0x0800148e                DevUBLOXGNSS::statusString(sfe_ublox_status_e)
                0x08001520                DevUBLOXGNSS::autoLookup(unsigned char, unsigned char, unsigned short*)
                0x080019de                DevUBLOXGNSS::isNMEAHeaderValid()
                0x08001b14                DevUBLOXGNSS::processThisNMEA()
                0x08001d30                DevUBLOXGNSS::processNMEA(char)
                0x08001d32                DevUBLOXGNSS::isThisNMEAauto()
                0x08001ec4                DevUBLOXGNSS::doesThisNMEAHaveCallback()
                0x080020c8                DevUBLOXGNSS::getNMEAWorkingLengthPtr()
                0x08002250                DevUBLOXGNSS::getNMEAWorkingNMEAPtr()
                0x080023d8                DevUBLOXGNSS::getNMEACompleteLengthPtr()
                0x08002560                DevUBLOXGNSS::getNMEACompleteNMEAPtr()
                0x080026e8                DevUBLOXGNSS::getNMEACallbackLengthPtr()
                0x08002880                DevUBLOXGNSS::getNMEACallbackNMEAPtr()
                0x08002a30                DevUBLOXGNSS::getNMEAMaxLength()
                0x08002b8c                DevUBLOXGNSS::getNMEAFlagsPtr()
                0x08002d00                DevUBLOXGNSS::processRTCM(unsigned char)
                0x08002d02                DevUBLOXGNSS::processRTCMframe(unsigned char, unsigned short*)
                0x08002d54                DevUBLOXGNSS::enableUBXlogging(unsigned char, unsigned char, bool, bool)
                0x08002db8                DevUBLOXGNSS::logOrProcessThisUBX(unsigned char, unsigned char, bool)
                0x08002de6                DevUBLOXGNSS::logThisUBX(unsigned char, unsigned char)
                0x08002df0                DevUBLOXGNSS::processThisUBX(unsigned char, unsigned char)
                0x08002dfa                DevUBLOXGNSS::calcChecksum(ubxPacket*)
                0x08002e4e                DevUBLOXGNSS::addToChecksum(unsigned char)
                0x08002e66                DevUBLOXGNSS::sendI2cCommand(ubxPacket*)
                0x08002fa4                DevUBLOXGNSS::sendSerialCommand(ubxPacket*)
                0x08002ffc                DevUBLOXGNSS::spiTransfer(unsigned char)
                0x08003094                DevUBLOXGNSS::sendSpiCommand(ubxPacket*)
                0x0800318c                DevUBLOXGNSS::printPacket(ubxPacket*, bool)
                0x080032b4                DevUBLOXGNSS::checkCallbacks()
                0x08003b28                DevUBLOXGNSS::initPacketUBXMGAACK()
                0x08003b60                DevUBLOXGNSS::findMGAANOForDateInternal(unsigned char const*, unsigned int, unsigned short, unsigned char, unsigned char, unsigned char)
                0x08003d58                DevUBLOXGNSS::findMGAANOForDate(unsigned char const*, unsigned int, unsigned short, unsigned char, unsigned char, unsigned char)
                0x08003d76                DevUBLOXGNSS::initPacketUBXMGADBD()
                0x08003db0                DevUBLOXGNSS::setFileBufferSize(unsigned short)
                0x08003db6                DevUBLOXGNSS::getFileBufferSize()
                0x08003dbc                DevUBLOXGNSS::getMaxFileBufferAvail()
                0x08003dc2                DevUBLOXGNSS::clearFileBuffer()
                0x08003dd2                DevUBLOXGNSS::clearMaxFileBufferAvail()
                0x08003dda                DevUBLOXGNSS::createFileBuffer()
                0x08003e6c                DevUBLOXGNSS::fileBufferSpaceUsed()
                0x08003e8c                DevUBLOXGNSS::extractFileBufferData(unsigned char*, unsigned short)
                0x08003eec                DevUBLOXGNSS::fileBufferAvailable()
                0x08003ef4                DevUBLOXGNSS::fileBufferSpaceAvailable()
                0x08003f04                DevUBLOXGNSS::writeToFileBuffer(unsigned char*, unsigned short)
                0x08003f68                DevUBLOXGNSS::storePacket(ubxPacket*)
                0x08004020                DevUBLOXGNSS::storeFileBytes(unsigned char*, unsigned short)
                0x0800407c                DevUBLOXGNSS::setRTCMBufferSize(unsigned short)
                0x08004082                DevUBLOXGNSS::getRTCMBufferSize()
                0x08004088                DevUBLOXGNSS::clearRTCMBuffer()
                0x08004098                DevUBLOXGNSS::createRTCMBuffer()
                0x080040e8                DevUBLOXGNSS::rtcmBufferSpaceUsed()
                0x08004108                DevUBLOXGNSS::extractRTCMBufferData(unsigned char*, unsigned short)
                0x08004168                DevUBLOXGNSS::rtcmBufferAvailable()
                0x08004170                DevUBLOXGNSS::rtcmBufferSpaceAvailable()
                0x08004180                DevUBLOXGNSS::writeToRTCMBuffer(unsigned char*, unsigned short)
                0x080041d2                DevUBLOXGNSS::storeRTCMBytes(unsigned char*, unsigned short)
                0x08004208                DevUBLOXGNSS::initModuleSWVersion()
                0x08004260                DevUBLOXGNSS::initGeofenceParams()
                0x08004294                DevUBLOXGNSS::getEnableGNSSConfigKey(sfe_ublox_gnss_ids_e)
                0x080042cc                DevUBLOXGNSS::uSpartnCrc4(unsigned char const*, unsigned int)
                0x080042ec                DevUBLOXGNSS::uSpartnCrc8(unsigned char const*, unsigned int)
                0x08004310                DevUBLOXGNSS::uSpartnCrc16(unsigned char const*, unsigned int)
                0x08004344                DevUBLOXGNSS::uSpartnCrc24(unsigned char const*, unsigned int)
                0x0800437c                DevUBLOXGNSS::uSpartnCrc32(unsigned char const*, unsigned int)
                0x080043b4                DevUBLOXGNSS::parseSPARTN(unsigned char, bool&, unsigned short&, sfe_ublox_spartn_header_t*)
                0x08004834                DevUBLOXGNSS::newCfgValset(unsigned char)
                0x08004874                DevUBLOXGNSS::getCfgValsetLen()
                0x0800487a                DevUBLOXGNSS::getCfgValsetSpaceRemaining()
                0x08004882                DevUBLOXGNSS::newCfgValget(ubxPacket*, unsigned short, unsigned char)
                0x0800490c                DevUBLOXGNSS::newCfgValget(unsigned char)
                0x0800491e                DevUBLOXGNSS::getCfgValueSizeBytes(unsigned long)
                0x08004a34                DevUBLOXGNSS::addCfgValget(ubxPacket*, unsigned long)
                0x08004adc                DevUBLOXGNSS::addCfgValget(unsigned long)
                0x08004aea                DevUBLOXGNSS::initPacketUBXNAVPOSECEF()
                0x08004b30                DevUBLOXGNSS::assumeAutoNAVPOSECEF(bool, bool)
                0x08004b7e                DevUBLOXGNSS::flushNAVPOSECEF()
                0x08004b8a                DevUBLOXGNSS::logNAVPOSECEF(bool)
                0x08004b9a                DevUBLOXGNSS::initPacketUBXNAVSTATUS()
                0x08004be0                DevUBLOXGNSS::assumeAutoNAVSTATUS(bool, bool)
                0x08004c2e                DevUBLOXGNSS::flushNAVSTATUS()
                0x08004c3a                DevUBLOXGNSS::logNAVSTATUS(bool)
                0x08004c4a                DevUBLOXGNSS::initPacketUBXNAVDOP()
                0x08004c90                DevUBLOXGNSS::assumeAutoDOP(bool, bool)
                0x08004cde                DevUBLOXGNSS::flushDOP()
                0x08004cea                DevUBLOXGNSS::logNAVDOP(bool)
                0x08004cfa                DevUBLOXGNSS::initPacketUBXNAVEOE()
                0x08004d40                DevUBLOXGNSS::assumeAutoNAVEOE(bool, bool)
                0x08004d8e                DevUBLOXGNSS::flushNAVEOE()
                0x08004d9a                DevUBLOXGNSS::logNAVEOE(bool)
                0x08004daa                DevUBLOXGNSS::initPacketUBXNAVATT()
                0x08004df0                DevUBLOXGNSS::assumeAutoNAVATT(bool, bool)
                0x08004e3e                DevUBLOXGNSS::flushNAVATT()
                0x08004e4a                DevUBLOXGNSS::logNAVATT(bool)
                0x08004e5a                DevUBLOXGNSS::initPacketUBXNAVPVT()
                0x08004ea4                DevUBLOXGNSS::assumeAutoPVT(bool, bool)
                0x08004ef2                DevUBLOXGNSS::flushPVT()
                0x08004f04                DevUBLOXGNSS::logNAVPVT(bool)
                0x08004f14                DevUBLOXGNSS::initPacketUBXNAVODO()
                0x08004f58                DevUBLOXGNSS::assumeAutoNAVODO(bool, bool)
                0x08004fa6                DevUBLOXGNSS::flushNAVODO()
                0x08004fb2                DevUBLOXGNSS::logNAVODO(bool)
                0x08004fc2                DevUBLOXGNSS::initPacketUBXNAVVELECEF()
                0x08005008                DevUBLOXGNSS::assumeAutoNAVVELECEF(bool, bool)
                0x08005056                DevUBLOXGNSS::flushNAVVELECEF()
                0x08005062                DevUBLOXGNSS::logNAVVELECEF(bool)
                0x08005072                DevUBLOXGNSS::initPacketUBXNAVVELNED()
                0x080050b8                DevUBLOXGNSS::assumeAutoNAVVELNED(bool, bool)
                0x08005106                DevUBLOXGNSS::flushNAVVELNED()
                0x08005112                DevUBLOXGNSS::logNAVVELNED(bool)
                0x08005122                DevUBLOXGNSS::initPacketUBXNAVHPPOSECEF()
                0x08005168                DevUBLOXGNSS::assumeAutoNAVHPPOSECEF(bool, bool)
                0x080051b6                DevUBLOXGNSS::flushNAVHPPOSECEF()
                0x080051c2                DevUBLOXGNSS::logNAVHPPOSECEF(bool)
                0x080051d2                DevUBLOXGNSS::initPacketUBXNAVHPPOSLLH()
                0x08005218                DevUBLOXGNSS::assumeAutoHPPOSLLH(bool, bool)
                0x08005266                DevUBLOXGNSS::flushHPPOSLLH()
                0x08005272                DevUBLOXGNSS::logNAVHPPOSLLH(bool)
                0x08005282                DevUBLOXGNSS::initPacketUBXNAVPVAT()
                0x080052d0                DevUBLOXGNSS::assumeAutoNAVPVAT(bool, bool)
                0x0800531e                DevUBLOXGNSS::flushNAVPVAT()
                0x08005330                DevUBLOXGNSS::logNAVPVAT(bool)
                0x08005340                DevUBLOXGNSS::initPacketUBXNAVTIMEUTC()
                0x08005384                DevUBLOXGNSS::assumeAutoNAVTIMEUTC(bool, bool)
                0x080053d2                DevUBLOXGNSS::flushNAVTIMEUTC()
                0x080053de                DevUBLOXGNSS::logNAVTIMEUTC(bool)
                0x080053ee                DevUBLOXGNSS::initPacketUBXNAVCLOCK()
                0x08005434                DevUBLOXGNSS::assumeAutoNAVCLOCK(bool, bool)
                0x08005482                DevUBLOXGNSS::flushNAVCLOCK()
                0x0800548e                DevUBLOXGNSS::logNAVCLOCK(bool)
                0x0800549e                DevUBLOXGNSS::initPacketUBXNAVTIMELS()
                0x080054e4                DevUBLOXGNSS::initPacketUBXNAVSVIN()
                0x08005528                DevUBLOXGNSS::assumeAutoNAVSVIN(bool, bool)
                0x08005576                DevUBLOXGNSS::flushNAVSVIN()
                0x08005582                DevUBLOXGNSS::logNAVSVIN(bool)
                0x08005592                DevUBLOXGNSS::initPacketUBXNAVSAT()
                0x080055e0                DevUBLOXGNSS::assumeAutoNAVSAT(bool, bool)
                0x0800562e                DevUBLOXGNSS::flushNAVSAT()
                0x0800563c                DevUBLOXGNSS::logNAVSAT(bool)
                0x0800564c                DevUBLOXGNSS::initPacketUBXNAVSIG()
                0x08005698                DevUBLOXGNSS::assumeAutoNAVSIG(bool, bool)
                0x080056e6                DevUBLOXGNSS::flushNAVSIG()
                0x080056f4                DevUBLOXGNSS::logNAVSIG(bool)
                0x08005704                DevUBLOXGNSS::initPacketUBXNAVRELPOSNED()
                0x08005748                DevUBLOXGNSS::assumeAutoRELPOSNED(bool, bool)
                0x08005796                DevUBLOXGNSS::flushNAVRELPOSNED()
                0x080057a2                DevUBLOXGNSS::logNAVRELPOSNED(bool)
                0x080057b2                DevUBLOXGNSS::initPacketUBXNAVAOPSTATUS()
                0x080057f8                DevUBLOXGNSS::assumeAutoAOPSTATUS(bool, bool)
                0x08005846                DevUBLOXGNSS::flushAOPSTATUS()
                0x08005852                DevUBLOXGNSS::logAOPSTATUS(bool)
                0x08005862                DevUBLOXGNSS::initPacketUBXRXMPMP()
                0x080058a0                DevUBLOXGNSS::setRXMPMPcallbackPtr(void (*)(UBX_RXM_PMP_data_t*))
                0x080058f4                DevUBLOXGNSS::initPacketUBXRXMPMPmessage()
                0x08005934                DevUBLOXGNSS::setRXMPMPmessageCallbackPtr(void (*)(UBX_RXM_PMP_message_data_t*))
                0x08005988                DevUBLOXGNSS::initPacketUBXRXMQZSSL6message()
                0x080059c8                DevUBLOXGNSS::setRXMQZSSL6messageCallbackPtr(void (*)(UBX_RXM_QZSSL6_message_data_t*))
                0x08005a1c                DevUBLOXGNSS::initPacketUBXRXMCOR()
                0x08005a5c                DevUBLOXGNSS::setRXMCORcallbackPtr(void (*)(UBX_RXM_COR_data_t*))
                0x08005ab0                DevUBLOXGNSS::initPacketUBXRXMSFRBX()
                0x08005b04                DevUBLOXGNSS::assumeAutoRXMSFRBX(bool, bool)
                0x08005b52                DevUBLOXGNSS::flushRXMSFRBX()
                0x08005b60                DevUBLOXGNSS::logRXMSFRBX(bool)
                0x08005b70                DevUBLOXGNSS::initPacketUBXRXMRAWX()
                0x08005bbc                DevUBLOXGNSS::assumeAutoRXMRAWX(bool, bool)
                0x08005c0a                DevUBLOXGNSS::flushRXMRAWX()
                0x08005c18                DevUBLOXGNSS::logRXMRAWX(bool)
                0x08005c28                DevUBLOXGNSS::initPacketUBXRXMMEASX()
                0x08005c74                DevUBLOXGNSS::assumeAutoRXMMEASX(bool, bool)
                0x08005cc2                DevUBLOXGNSS::flushRXMMEASX()
                0x08005cd0                DevUBLOXGNSS::logRXMMEASX(bool)
                0x08005ce0                DevUBLOXGNSS::initPacketUBXTIMTM2()
                0x08005d24                DevUBLOXGNSS::assumeAutoTIMTM2(bool, bool)
                0x08005d72                DevUBLOXGNSS::flushTIMTM2()
                0x08005d7e                DevUBLOXGNSS::logTIMTM2(bool)
                0x08005d8e                DevUBLOXGNSS::initPacketUBXTIMTP()
                0x08005dd4                DevUBLOXGNSS::assumeAutoTIMTP(bool, bool)
                0x08005e22                DevUBLOXGNSS::flushTIMTP()
                0x08005e2e                DevUBLOXGNSS::logTIMTP(bool)
                0x08005e3e                DevUBLOXGNSS::initPacketUBXMONCOMMS()
                0x08005e8c                DevUBLOXGNSS::assumeAutoMONCOMMS(bool, bool)
                0x08005eda                DevUBLOXGNSS::flushMONCOMMS()
                0x08005ee8                DevUBLOXGNSS::logMONCOMMS(bool)
                0x08005ef8                DevUBLOXGNSS::initPacketUBXMONHW()
                0x08005f3c                DevUBLOXGNSS::assumeAutoMONHW(bool, bool)
                0x08005f8a                DevUBLOXGNSS::flushMONHW()
                0x08005f96                DevUBLOXGNSS::logMONHW(bool)
                0x08005fa6                DevUBLOXGNSS::initPacketUBXESFALG()
                0x08005fec                DevUBLOXGNSS::assumeAutoESFALG(bool, bool)
                0x0800603a                DevUBLOXGNSS::flushESFALG()
                0x08006046                DevUBLOXGNSS::logESFALG(bool)
                0x08006056                DevUBLOXGNSS::initPacketUBXESFSTATUS()
                0x0800609c                DevUBLOXGNSS::assumeAutoESFSTATUS(bool, bool)
                0x080060ea                DevUBLOXGNSS::flushESFSTATUS()
                0x080060f6                DevUBLOXGNSS::logESFSTATUS(bool)
                0x08006106                DevUBLOXGNSS::initPacketUBXESFINS()
                0x0800614c                DevUBLOXGNSS::assumeAutoESFINS(bool, bool)
                0x0800619a                DevUBLOXGNSS::flushESFINS()
                0x080061a6                DevUBLOXGNSS::logESFINS(bool)
                0x080061b6                DevUBLOXGNSS::initPacketUBXESFMEAS()
                0x080061f8                DevUBLOXGNSS::assumeAutoESFMEAS(bool, bool)
                0x08006246                DevUBLOXGNSS::logESFMEAS(bool)
                0x08006256                DevUBLOXGNSS::initPacketUBXESFRAW()
                0x0800629c                DevUBLOXGNSS::assumeAutoESFRAW(bool, bool)
                0x080062ea                DevUBLOXGNSS::logESFRAW(bool)
                0x080062fa                DevUBLOXGNSS::initPacketUBXHNRATT()
                0x08006340                DevUBLOXGNSS::assumeAutoHNRATT(bool, bool)
                0x0800638e                DevUBLOXGNSS::flushHNRATT()
                0x0800639a                DevUBLOXGNSS::logHNRATT(bool)
                0x080063aa                DevUBLOXGNSS::initPacketUBXHNRINS()
                0x080063f0                DevUBLOXGNSS::assumeAutoHNRINS(bool, bool)
                0x0800643e                DevUBLOXGNSS::flushHNRINS()
                0x0800644a                DevUBLOXGNSS::logHNRINS(bool)
                0x0800645a                DevUBLOXGNSS::initPacketUBXHNRPVT()
                0x080064a0                DevUBLOXGNSS::assumeAutoHNRPVT(bool, bool)
                0x080064ee                DevUBLOXGNSS::flushHNRPVT()
                0x080064fa                DevUBLOXGNSS::logHNRPVT(bool)
                0x0800650a                DevUBLOXGNSS::initPacketUBXSECSIG()
                0x08006550                DevUBLOXGNSS::assumeAutoSECSIG(bool, bool)
                0x0800659e                DevUBLOXGNSS::flushSECSIG()
                0x080065ac                DevUBLOXGNSS::logSECSIG(bool)
                0x080065bc                DevUBLOXGNSS::setNMEALoggingMask(unsigned long)
                0x080065c2                DevUBLOXGNSS::getNMEALoggingMask()
                0x080065c8                DevUBLOXGNSS::setProcessNMEAMask(unsigned long)
                0x080065ce                DevUBLOXGNSS::getProcessNMEAMask()
                0x080065d4                DevUBLOXGNSS::initStorageNMEAGPGGA()
                0x08006644                DevUBLOXGNSS::setNMEAGPGGAcallbackPtr(void (*)(NMEA_GGA_data_t*))
                0x080066a0                DevUBLOXGNSS::initStorageNMEAGNGGA()
                0x08006710                DevUBLOXGNSS::setNMEAGNGGAcallbackPtr(void (*)(NMEA_GGA_data_t*))
                0x0800676c                DevUBLOXGNSS::initStorageNMEAGPVTG()
                0x080067dc                DevUBLOXGNSS::setNMEAGPVTGcallbackPtr(void (*)(NMEA_VTG_data_t*))
                0x08006838                DevUBLOXGNSS::initStorageNMEAGNVTG()
                0x080068a8                DevUBLOXGNSS::setNMEAGNVTGcallbackPtr(void (*)(NMEA_VTG_data_t*))
                0x08006904                DevUBLOXGNSS::initStorageNMEAGPRMC()
                0x08006974                DevUBLOXGNSS::setNMEAGPRMCcallbackPtr(void (*)(NMEA_RMC_data_t*))
                0x080069d0                DevUBLOXGNSS::initStorageNMEAGNRMC()
                0x08006a40                DevUBLOXGNSS::setNMEAGNRMCcallbackPtr(void (*)(NMEA_RMC_data_t*))
                0x08006a9c                DevUBLOXGNSS::initStorageNMEAGPZDA()
                0x08006b08                DevUBLOXGNSS::setNMEAGPZDAcallbackPtr(void (*)(NMEA_ZDA_data_t*))
                0x08006b5c                DevUBLOXGNSS::initStorageNMEAGNZDA()
                0x08006bc8                DevUBLOXGNSS::setNMEAGNZDAcallbackPtr(void (*)(NMEA_ZDA_data_t*))
                0x08006c1c                DevUBLOXGNSS::initStorageNMEAGPGST()
                0x08006c8c                DevUBLOXGNSS::setNMEAGPGSTcallbackPtr(void (*)(NMEA_GST_data_t*))
                0x08006ce8                DevUBLOXGNSS::initStorageNMEAGNGST()
                0x08006d58                DevUBLOXGNSS::setNMEAGNGSTcallbackPtr(void (*)(NMEA_GST_data_t*))
                0x08006db4                DevUBLOXGNSS::initStorageNMEA()
                0x08006e1c                DevUBLOXGNSS::logThisNMEA()
                0x08007040                DevUBLOXGNSS::getRTCMLoggingMask()
                0x08007046                DevUBLOXGNSS::initStorageRTCM()
                0x08007080                DevUBLOXGNSS::setRTCMLoggingMask(unsigned long)
                0x0800708c                DevUBLOXGNSS::crc24q(unsigned char, unsigned long*)
                0x080070bc                DevUBLOXGNSS::initStorageRTCM1005()
                0x08007104                DevUBLOXGNSS::setRTCM1005callbackPtr(void (*)(RTCM_1005_data_t*))
                0x0800715c                DevUBLOXGNSS::getLatestRTCM1005Input(RTCM_1005_data_t*)
                0x080071b0                DevUBLOXGNSS::getLatestRTCM1006Input(RTCM_1006_data_t*)
                0x080071fc                DevUBLOXGNSS::setRTCM1005InputcallbackPtr(void (*)(RTCM_1005_data_t*))
                0x08007202                DevUBLOXGNSS::setRTCM1006InputcallbackPtr(void (*)(RTCM_1006_data_t*))
                0x08007208                DevUBLOXGNSS::getGeoidSeparation(unsigned short)
                0x0800720c                DevUBLOXGNSS::getSensorFusionMeasurement(UBX_ESF_MEAS_sensorData_t*, UBX_ESF_MEAS_data_t, unsigned char)
                0x08007224                DevUBLOXGNSS::getRawSensorMeasurement(UBX_ESF_RAW_sensorData_t*, UBX_ESF_RAW_data_t, unsigned char)
                0x08007240                DevUBLOXGNSS::getSensorFusionStatus(UBX_ESF_STATUS_sensorStatus_t*, UBX_ESF_STATUS_data_t, unsigned char)
                0x08007268                DevUBLOXGNSS::extractLongLong(ubxPacket*, unsigned short)
                0x080072a8                DevUBLOXGNSS::extractSignedLongLong(ubxPacket*, unsigned short)
                0x080072b0                DevUBLOXGNSS::extractLong(ubxPacket*, unsigned short)
                0x080072dc                DevUBLOXGNSS::extractSignedLong(ubxPacket*, unsigned short)
                0x080072e4                DevUBLOXGNSS::extractInt(ubxPacket*, unsigned short)
                0x080072f2                DevUBLOXGNSS::extractSignedInt(ubxPacket*, unsigned short)
                0x080072fc                DevUBLOXGNSS::extractByte(ubxPacket*, unsigned short)
                0x08007302                DevUBLOXGNSS::extractSignedChar(ubxPacket*, unsigned short)
                0x0800730c                DevUBLOXGNSS::processUBXpacket(ubxPacket*)
                0x0800a73c                DevUBLOXGNSS::processUBX(unsigned char, ubxPacket*, unsigned char, unsigned char)
                0x0800aa98                DevUBLOXGNSS::extractFloat(ubxPacket*, unsigned short)
                0x0800aaa4                DevUBLOXGNSS::extractDouble(ubxPacket*, unsigned short)
                0x0800aab0                DevUBLOXGNSS::extractUnsignedBits(unsigned char*, unsigned short, unsigned short)
                0x0800ab12                DevUBLOXGNSS::extractSignedBits(unsigned char*, unsigned short, unsigned short)
                0x0800ab92                DevUBLOXGNSS::extractRTCM1005(RTCM_1005_data_t*, unsigned char*)
                0x0800ac88                DevUBLOXGNSS::process(unsigned char, ubxPacket*, unsigned char, unsigned char)
                0x0800b908                DevUBLOXGNSS::checkUbloxI2C(ubxPacket*, unsigned char, unsigned char)
                0x0800ba04                DevUBLOXGNSS::checkUbloxSerial(ubxPacket*, unsigned char, unsigned char)
                0x0800ba44                DevUBLOXGNSS::processSpiBuffer(ubxPacket*, unsigned char, unsigned char)
                0x0800ba96                DevUBLOXGNSS::checkUbloxSpi(ubxPacket*, unsigned char, unsigned char)
                0x0800bb18                DevUBLOXGNSS::checkUbloxInternal(ubxPacket*, unsigned char, unsigned char)
                0x0800bb7c                DevUBLOXGNSS::checkUblox(unsigned char, unsigned char)
                0x0800bb8c                DevUBLOXGNSS::waitForACKResponse(ubxPacket*, unsigned char, unsigned char, unsigned short)
                0x0800bdfc                DevUBLOXGNSS::waitForNoACKResponse(ubxPacket*, unsigned char, unsigned char, unsigned short)
                0x0800bf30                DevUBLOXGNSS::sendCommand(ubxPacket*, unsigned short, bool)
                0x0800c038                DevUBLOXGNSS::cfgRst(unsigned char*, unsigned char)
                0x0800c074                DevUBLOXGNSS::hardReset()
                0x0800c08e                DevUBLOXGNSS::softwareResetGNSSOnly()
                0x0800c0a8                DevUBLOXGNSS::softwareEnableGNSS(bool)
                0x0800c0cc                DevUBLOXGNSS::cfgCfg(unsigned char*, unsigned char, unsigned short)
                0x0800c118                DevUBLOXGNSS::factoryReset()
                0x0800c148                DevUBLOXGNSS::factoryDefault(unsigned short)
                0x0800c176                DevUBLOXGNSS::saveConfiguration(unsigned short)
                0x0800c19c                DevUBLOXGNSS::saveConfigSelective(unsigned long, unsigned short)
                0x0800c1cc                DevUBLOXGNSS::getModuleInfo(unsigned short)
                0x0800c3a4                DevUBLOXGNSS::prepareModuleInfo(unsigned short)
                0x0800c3d6                DevUBLOXGNSS::getProtocolVersionHigh(unsigned short)
                0x0800c3ec                DevUBLOXGNSS::getProtocolVersionLow(unsigned short)
                0x0800c402                DevUBLOXGNSS::getFirmwareVersionHigh(unsigned short)
                0x0800c418                DevUBLOXGNSS::getFirmwareVersionLow(unsigned short)
                0x0800c42e                DevUBLOXGNSS::getFirmwareType(unsigned short)
                0x0800c448                DevUBLOXGNSS::getModuleName(unsigned short)
                0x0800c464                DevUBLOXGNSS::getProtocolVersion(unsigned short)
                0x0800c46c                DevUBLOXGNSS::getGeofenceState(geofenceState&, unsigned short)
                0x0800c4e6                DevUBLOXGNSS::powerOff(unsigned long, unsigned short)
                0x0800c580                DevUBLOXGNSS::powerOffWithInterrupt(unsigned long, unsigned long, bool, unsigned short)
                0x0800c680                DevUBLOXGNSS::resetOdometer(unsigned short)
                0x0800c6ae                DevUBLOXGNSS::resetIMUalignment(unsigned short)
                0x0800c6dc                DevUBLOXGNSS::getRFinformation(UBX_MON_RF_data_t*, unsigned short)
                0x0800c822                DevUBLOXGNSS::getHW2status(UBX_MON_HW2_data_t*, unsigned short)
                0x0800c8b0                DevUBLOXGNSS::setDynamicSPARTNKey(unsigned char, unsigned short, unsigned long, unsigned char const*)
                0x0800c962                DevUBLOXGNSS::setDynamicSPARTNKey(unsigned char, unsigned short, unsigned long, char const*)
                0x0800ca6c                DevUBLOXGNSS::setDynamicSPARTNKeys(unsigned char, unsigned short, unsigned long, unsigned char const*, unsigned char, unsigned short, unsigned long, unsigned char const*)
                0x0800cb88                DevUBLOXGNSS::setDynamicSPARTNKeys(unsigned char, unsigned short, unsigned long, char const*, unsigned char, unsigned short, unsigned long, char const*)
                0x0800cd68                DevUBLOXGNSS::getUniqueChipId(UBX_SEC_UNIQID_data_t*, unsigned short)
                0x0800cdee                DevUBLOXGNSS::getUniqueChipIdStr(UBX_SEC_UNIQID_data_t*, unsigned short)
                0x0800ce8c                DevUBLOXGNSS::getVal(unsigned long, unsigned char, unsigned short)
                0x0800cf50                DevUBLOXGNSS::getVal8(unsigned long, unsigned char*, unsigned char, unsigned short)
                0x0800cf7e                DevUBLOXGNSS::isConnected(unsigned short)
                0x0800d014                DevUBLOXGNSS::init(unsigned short, bool)
                0x0800d150                DevUBLOXGNSS::getDynamicModel(unsigned char, unsigned short)
                0x0800d178                DevUBLOXGNSS::isGNSSenabled(sfe_ublox_gnss_ids_e, bool*, unsigned char, unsigned short)
                0x0800d19c                DevUBLOXGNSS::isGNSSenabled(sfe_ublox_gnss_ids_e, unsigned char, unsigned short)
                0x0800d1c8                DevUBLOXGNSS::getESFAutoAlignment(bool*, unsigned char, unsigned short)
                0x0800d1e4                DevUBLOXGNSS::getESFAutoAlignment(unsigned char, unsigned short)
                0x0800d210                DevUBLOXGNSS::getAckAiding(unsigned char, unsigned short)
                0x0800d238                DevUBLOXGNSS::getAopCfg(unsigned char, unsigned short)
                0x0800d260                DevUBLOXGNSS::getVal8(unsigned long, unsigned char, unsigned short)
                0x0800d282                DevUBLOXGNSS::getLNAMode(sfe_ublox_lna_mode_e*, unsigned char, unsigned short)
                0x0800d29c                DevUBLOXGNSS::getGPSL5HealthOverride(bool*, unsigned char, unsigned short)
                0x0800d2b8                DevUBLOXGNSS::getValSigned8(unsigned long, signed char*, unsigned char, unsigned short)
                0x0800d2e6                DevUBLOXGNSS::getVal16(unsigned long, unsigned short*, unsigned char, unsigned short)
                0x0800d314                DevUBLOXGNSS::getVal16(unsigned long, unsigned char, unsigned short)
                0x0800d336                DevUBLOXGNSS::getNavigationFrequency(unsigned char*, unsigned char, unsigned short)
                0x0800d36c                DevUBLOXGNSS::getNavigationFrequency(unsigned char, unsigned short)
                0x0800d38c                DevUBLOXGNSS::getMeasurementRate(unsigned short*, unsigned char, unsigned short)
                0x0800d3b0                DevUBLOXGNSS::getMeasurementRate(unsigned char, unsigned short)
                0x0800d3d0                DevUBLOXGNSS::getNavigationRate(unsigned short*, unsigned char, unsigned short)
                0x0800d3f4                DevUBLOXGNSS::getNavigationRate(unsigned char, unsigned short)
                0x0800d414                DevUBLOXGNSS::getValSigned16(unsigned long, short*, unsigned char, unsigned short)
                0x0800d442                DevUBLOXGNSS::getVal32(unsigned long, unsigned long*, unsigned char, unsigned short)
                0x0800d470                DevUBLOXGNSS::getVal32(unsigned long, unsigned char, unsigned short)
                0x0800d488                DevUBLOXGNSS::getValSigned32(unsigned long, long*, unsigned char, unsigned short)
                0x0800d4b6                DevUBLOXGNSS::getVal64(unsigned long, unsigned long long*, unsigned char, unsigned short)
                0x0800d4e4                DevUBLOXGNSS::getVal64(unsigned long, unsigned char, unsigned short)
                0x0800d510                DevUBLOXGNSS::getValSigned64(unsigned long, long long*, unsigned char, unsigned short)
                0x0800d53e                DevUBLOXGNSS::getValFloat(unsigned long, float*, unsigned char, unsigned short)
                0x0800d56c                DevUBLOXGNSS::getValDouble(unsigned long, double*, unsigned char, unsigned short)
                0x0800d59a                DevUBLOXGNSS::setValN(unsigned long, unsigned char*, unsigned char, unsigned char, unsigned short)
                0x0800d638                DevUBLOXGNSS::setVal8(unsigned long, unsigned char, unsigned char, unsigned short)
                0x0800d656                DevUBLOXGNSS::setI2CAddress(unsigned char, unsigned char, unsigned short)
                0x0800d674                DevUBLOXGNSS::setDGNSSConfiguration(sfe_ublox_dgnss_mode_e, unsigned char, unsigned short)
                0x0800d690                DevUBLOXGNSS::setDynamicModel(dynModel, unsigned char, unsigned short)
                0x0800d6ac                DevUBLOXGNSS::enableOdometer(bool, unsigned char, unsigned short)
                0x0800d6c8                DevUBLOXGNSS::enableGNSS(bool, sfe_ublox_gnss_ids_e, unsigned char, unsigned short)
                0x0800d6f4                DevUBLOXGNSS::setESFAutoAlignment(bool, unsigned char, unsigned short)
                0x0800d710                DevUBLOXGNSS::setAckAiding(unsigned char, unsigned char, unsigned short)
                0x0800d72c                DevUBLOXGNSS::setValSigned8(unsigned long, signed char, unsigned char, unsigned short)
                0x0800d740                DevUBLOXGNSS::setAutoNAVPOSECEFrate(unsigned char, bool, unsigned char, unsigned short)
                0x0800d7e0                DevUBLOXGNSS::setAutoNAVPOSECEF(bool, unsigned char, unsigned short)
                0x0800d7fc                DevUBLOXGNSS::setAutoNAVPOSECEF(bool, bool, unsigned char, unsigned short)
                0x0800d816                DevUBLOXGNSS::setAutoNAVPOSECEFcallbackPtr(void (*)(UBX_NAV_POSECEF_data_t*), unsigned char, unsigned short)
                0x0800d86c                DevUBLOXGNSS::setAutoNAVSTATUSrate(unsigned char, bool, unsigned char, unsigned short)
                0x0800d90c                DevUBLOXGNSS::setAutoNAVSTATUS(bool, unsigned char, unsigned short)
                0x0800d928                DevUBLOXGNSS::setAutoNAVSTATUS(bool, bool, unsigned char, unsigned short)
                0x0800d942                DevUBLOXGNSS::setAutoNAVSTATUScallbackPtr(void (*)(UBX_NAV_STATUS_data_t*), unsigned char, unsigned short)
                0x0800d998                DevUBLOXGNSS::setAutoDOPrate(unsigned char, bool, unsigned char, unsigned short)
                0x0800da2c                DevUBLOXGNSS::setAutoDOP(bool, unsigned char, unsigned short)
                0x0800da48                DevUBLOXGNSS::setAutoDOP(bool, bool, unsigned char, unsigned short)
                0x0800da62                DevUBLOXGNSS::setAutoDOPcallbackPtr(void (*)(UBX_NAV_DOP_data_t*), unsigned char, unsigned short)
                0x0800dab8                DevUBLOXGNSS::setAutoNAVEOErate(unsigned char, bool, unsigned char, unsigned short)
                0x0800db4c                DevUBLOXGNSS::setAutoNAVEOE(bool, unsigned char, unsigned short)
                0x0800db68                DevUBLOXGNSS::setAutoNAVEOE(bool, bool, unsigned char, unsigned short)
                0x0800db82                DevUBLOXGNSS::setAutoNAVEOEcallbackPtr(void (*)(UBX_NAV_EOE_data_t*), unsigned char, unsigned short)
                0x0800dbd8                DevUBLOXGNSS::setAutoNAVATTrate(unsigned char, bool, unsigned char, unsigned short)
                0x0800dc7c                DevUBLOXGNSS::setAutoNAVATT(bool, unsigned char, unsigned short)
                0x0800dc98                DevUBLOXGNSS::setAutoNAVATT(bool, bool, unsigned char, unsigned short)
                0x0800dcb2                DevUBLOXGNSS::setAutoNAVATTcallbackPtr(void (*)(UBX_NAV_ATT_data_t*), unsigned char, unsigned short)
                0x0800dd08                DevUBLOXGNSS::setAutoPVTrate(unsigned char, bool, unsigned char, unsigned short)
                0x0800ddac                DevUBLOXGNSS::setAutoPVT(bool, unsigned char, unsigned short)
                0x0800ddc8                DevUBLOXGNSS::setAutoPVT(bool, bool, unsigned char, unsigned short)
                0x0800dde2                DevUBLOXGNSS::setAutoPVTcallbackPtr(void (*)(UBX_NAV_PVT_data_t*), unsigned char, unsigned short)
                0x0800de38                DevUBLOXGNSS::setAutoNAVODOrate(unsigned char, bool, unsigned char, unsigned short)
                0x0800ded8                DevUBLOXGNSS::setAutoNAVODO(bool, unsigned char, unsigned short)
                0x0800def4                DevUBLOXGNSS::setAutoNAVODO(bool, bool, unsigned char, unsigned short)
                0x0800df0e                DevUBLOXGNSS::setAutoNAVODOcallbackPtr(void (*)(UBX_NAV_ODO_data_t*), unsigned char, unsigned short)
                0x0800df64                DevUBLOXGNSS::setAutoNAVVELECEFrate(unsigned char, bool, unsigned char, unsigned short)
                0x0800e004                DevUBLOXGNSS::setAutoNAVVELECEF(bool, unsigned char, unsigned short)
                0x0800e020                DevUBLOXGNSS::setAutoNAVVELECEF(bool, bool, unsigned char, unsigned short)
                0x0800e03a                DevUBLOXGNSS::setAutoNAVVELECEFcallbackPtr(void (*)(UBX_NAV_VELECEF_data_t*), unsigned char, unsigned short)
                0x0800e090                DevUBLOXGNSS::setAutoNAVVELNEDrate(unsigned char, bool, unsigned char, unsigned short)
                0x0800e128                DevUBLOXGNSS::setAutoNAVVELNED(bool, unsigned char, unsigned short)
                0x0800e144                DevUBLOXGNSS::setAutoNAVVELNED(bool, bool, unsigned char, unsigned short)
                0x0800e15e                DevUBLOXGNSS::setAutoNAVVELNEDcallbackPtr(void (*)(UBX_NAV_VELNED_data_t*), unsigned char, unsigned short)
                0x0800e1b4                DevUBLOXGNSS::setAutoNAVHPPOSECEFrate(unsigned char, bool, unsigned char, unsigned short)
                0x0800e258                DevUBLOXGNSS::setAutoNAVHPPOSECEF(bool, unsigned char, unsigned short)
                0x0800e274                DevUBLOXGNSS::setAutoNAVHPPOSECEF(bool, bool, unsigned char, unsigned short)
                0x0800e28e                DevUBLOXGNSS::setAutoNAVHPPOSECEFcallbackPtr(void (*)(UBX_NAV_HPPOSECEF_data_t*), unsigned char, unsigned short)
                0x0800e2e4                DevUBLOXGNSS::setAutoHPPOSLLHrate(unsigned char, bool, unsigned char, unsigned short)
                0x0800e388                DevUBLOXGNSS::setAutoHPPOSLLH(bool, unsigned char, unsigned short)
                0x0800e3a4                DevUBLOXGNSS::setAutoHPPOSLLH(bool, bool, unsigned char, unsigned short)
                0x0800e3be                DevUBLOXGNSS::setAutoHPPOSLLHcallbackPtr(void (*)(UBX_NAV_HPPOSLLH_data_t*), unsigned char, unsigned short)
                0x0800e414                DevUBLOXGNSS::setAutoNAVPVATrate(unsigned char, bool, unsigned char, unsigned short)
                0x0800e4b8                DevUBLOXGNSS::setAutoNAVPVAT(bool, unsigned char, unsigned short)
                0x0800e4d4                DevUBLOXGNSS::setAutoNAVPVAT(bool, bool, unsigned char, unsigned short)
                0x0800e4ee                DevUBLOXGNSS::setAutoNAVPVATcallbackPtr(void (*)(UBX_NAV_PVAT_data_t*), unsigned char, unsigned short)
                0x0800e54c                DevUBLOXGNSS::setAutoNAVTIMEUTCrate(unsigned char, bool, unsigned char, unsigned short)
                0x0800e5e0                DevUBLOXGNSS::setAutoNAVTIMEUTC(bool, unsigned char, unsigned short)
                0x0800e5fc                DevUBLOXGNSS::setAutoNAVTIMEUTC(bool, bool, unsigned char, unsigned short)
                0x0800e616                DevUBLOXGNSS::setAutoNAVTIMEUTCcallbackPtr(void (*)(UBX_NAV_TIMEUTC_data_t*), unsigned char, unsigned short)
                0x0800e66c                DevUBLOXGNSS::setAutoNAVCLOCKrate(unsigned char, bool, unsigned char, unsigned short)
                0x0800e70c                DevUBLOXGNSS::setAutoNAVCLOCK(bool, unsigned char, unsigned short)
                0x0800e728                DevUBLOXGNSS::setAutoNAVCLOCK(bool, bool, unsigned char, unsigned short)
                0x0800e742                DevUBLOXGNSS::setAutoNAVCLOCKcallbackPtr(void (*)(UBX_NAV_CLOCK_data_t*), unsigned char, unsigned short)
                0x0800e798                DevUBLOXGNSS::setAutoNAVSVINrate(unsigned char, bool, unsigned char, unsigned short)
                0x0800e83c                DevUBLOXGNSS::setAutoNAVSVIN(bool, unsigned char, unsigned short)
                0x0800e858                DevUBLOXGNSS::setAutoNAVSVIN(bool, bool, unsigned char, unsigned short)
                0x0800e872                DevUBLOXGNSS::setAutoNAVSVINcallbackPtr(void (*)(UBX_NAV_SVIN_data_t*), unsigned char, unsigned short)
                0x0800e8c8                DevUBLOXGNSS::setAutoNAVSATrate(unsigned char, bool, unsigned char, unsigned short)
                0x0800e964                DevUBLOXGNSS::setAutoNAVSAT(bool, unsigned char, unsigned short)
                0x0800e980                DevUBLOXGNSS::setAutoNAVSAT(bool, bool, unsigned char, unsigned short)
                0x0800e99a                DevUBLOXGNSS::setAutoNAVSATcallbackPtr(void (*)(UBX_NAV_SAT_data_t*), unsigned char, unsigned short)
                0x0800e9f8                DevUBLOXGNSS::setAutoNAVSIGrate(unsigned char, bool, unsigned char, unsigned short)
                0x0800ea94                DevUBLOXGNSS::setAutoNAVSIG(bool, unsigned char, unsigned short)
                0x0800eab0                DevUBLOXGNSS::setAutoNAVSIG(bool, bool, unsigned char, unsigned short)
                0x0800eaca                DevUBLOXGNSS::setAutoNAVSIGcallbackPtr(void (*)(UBX_NAV_SIG_data_t*), unsigned char, unsigned short)
                0x0800eb28                DevUBLOXGNSS::setAutoRELPOSNEDrate(unsigned char, bool, unsigned char, unsigned short)
                0x0800ebcc                DevUBLOXGNSS::setAutoRELPOSNED(bool, unsigned char, unsigned short)
                0x0800ebe8                DevUBLOXGNSS::setAutoRELPOSNED(bool, bool, unsigned char, unsigned short)
                0x0800ec02                DevUBLOXGNSS::setAutoRELPOSNEDcallbackPtr(void (*)(UBX_NAV_RELPOSNED_data_t*), unsigned char, unsigned short)
                0x0800ec58                DevUBLOXGNSS::setAutoAOPSTATUSrate(unsigned char, bool, unsigned char, unsigned short)
                0x0800ecdc                DevUBLOXGNSS::setAutoAOPSTATUS(bool, unsigned char, unsigned short)
                0x0800ecf8                DevUBLOXGNSS::setAutoAOPSTATUS(bool, bool, unsigned char, unsigned short)
                0x0800ed12                DevUBLOXGNSS::setAutoAOPSTATUScallbackPtr(void (*)(UBX_NAV_AOPSTATUS_data_t*), unsigned char, unsigned short)
                0x0800ed68                DevUBLOXGNSS::setAutoRXMSFRBXrate(unsigned char, bool, unsigned char, unsigned short)
                0x0800ee04                DevUBLOXGNSS::setAutoRXMSFRBX(bool, unsigned char, unsigned short)
                0x0800ee20                DevUBLOXGNSS::setAutoRXMSFRBX(bool, bool, unsigned char, unsigned short)
                0x0800ee3a                DevUBLOXGNSS::setAutoRXMSFRBXcallbackPtr(void (*)(UBX_RXM_SFRBX_data_t*), unsigned char, unsigned short)
                0x0800ee90                DevUBLOXGNSS::setAutoRXMSFRBXmessageCallbackPtr(void (*)(UBX_RXM_SFRBX_message_data_t*), unsigned char, unsigned short)
                0x0800eee8                DevUBLOXGNSS::setAutoRXMRAWXrate(unsigned char, bool, unsigned char, unsigned short)
                0x0800ef84                DevUBLOXGNSS::setAutoRXMRAWX(bool, unsigned char, unsigned short)
                0x0800efa0                DevUBLOXGNSS::setAutoRXMRAWX(bool, bool, unsigned char, unsigned short)
                0x0800efba                DevUBLOXGNSS::setAutoRXMRAWXcallbackPtr(void (*)(UBX_RXM_RAWX_data_t*), unsigned char, unsigned short)
                0x0800f018                DevUBLOXGNSS::setAutoRXMMEASXrate(unsigned char, bool, unsigned char, unsigned short)
                0x0800f0b4                DevUBLOXGNSS::setAutoRXMMEASX(bool, unsigned char, unsigned short)
                0x0800f0d0                DevUBLOXGNSS::setAutoRXMMEASX(bool, bool, unsigned char, unsigned short)
                0x0800f0ea                DevUBLOXGNSS::setAutoRXMMEASXcallbackPtr(void (*)(UBX_RXM_MEASX_data_t*), unsigned char, unsigned short)
                0x0800f148                DevUBLOXGNSS::setAutoTIMTM2rate(unsigned char, bool, unsigned char, unsigned short)
                0x0800f1ec                DevUBLOXGNSS::setAutoTIMTM2(bool, unsigned char, unsigned short)
                0x0800f208                DevUBLOXGNSS::setAutoTIMTM2(bool, bool, unsigned char, unsigned short)
                0x0800f222                DevUBLOXGNSS::setAutoTIMTM2callbackPtr(void (*)(UBX_TIM_TM2_data_t*), unsigned char, unsigned short)
                0x0800f278                DevUBLOXGNSS::setAutoTIMTPrate(unsigned char, bool, unsigned char, unsigned short)
                0x0800f318                DevUBLOXGNSS::setAutoTIMTP(bool, unsigned char, unsigned short)
                0x0800f334                DevUBLOXGNSS::setAutoTIMTP(bool, bool, unsigned char, unsigned short)
                0x0800f34e                DevUBLOXGNSS::setAutoTIMTPcallbackPtr(void (*)(UBX_TIM_TP_data_t*), unsigned char, unsigned short)
                0x0800f3a4                DevUBLOXGNSS::setAutoMONCOMMSrate(unsigned char, bool, unsigned char, unsigned short)
                0x0800f440                DevUBLOXGNSS::setAutoMONCOMMS(bool, unsigned char, unsigned short)
                0x0800f45c                DevUBLOXGNSS::setAutoMONCOMMS(bool, bool, unsigned char, unsigned short)
                0x0800f476                DevUBLOXGNSS::setAutoMONCOMMScallbackPtr(void (*)(UBX_MON_COMMS_data_t*), unsigned char, unsigned short)
                0x0800f4d4                DevUBLOXGNSS::setAutoMONHWrate(unsigned char, bool, unsigned char, unsigned short)
                0x0800f578                DevUBLOXGNSS::setAutoMONHW(bool, unsigned char, unsigned short)
                0x0800f594                DevUBLOXGNSS::setAutoMONHW(bool, bool, unsigned char, unsigned short)
                0x0800f5ae                DevUBLOXGNSS::setAutoMONHWcallbackPtr(void (*)(UBX_MON_HW_data_t*), unsigned char, unsigned short)
                0x0800f604                DevUBLOXGNSS::setAutoESFALGrate(unsigned char, bool, unsigned char, unsigned short)
                0x0800f6a4                DevUBLOXGNSS::setAutoESFALG(bool, unsigned char, unsigned short)
                0x0800f6c0                DevUBLOXGNSS::setAutoESFALG(bool, bool, unsigned char, unsigned short)
                0x0800f6da                DevUBLOXGNSS::setAutoESFALGcallbackPtr(void (*)(UBX_ESF_ALG_data_t*), unsigned char, unsigned short)
                0x0800f730                DevUBLOXGNSS::setAutoESFSTATUSrate(unsigned char, bool, unsigned char, unsigned short)
                0x0800f7d4                DevUBLOXGNSS::setAutoESFSTATUS(bool, unsigned char, unsigned short)
                0x0800f7f0                DevUBLOXGNSS::setAutoESFSTATUS(bool, bool, unsigned char, unsigned short)
                0x0800f80a                DevUBLOXGNSS::setAutoESFSTATUScallbackPtr(void (*)(UBX_ESF_STATUS_data_t*), unsigned char, unsigned short)
                0x0800f860                DevUBLOXGNSS::setAutoESFINSrate(unsigned char, bool, unsigned char, unsigned short)
                0x0800f904                DevUBLOXGNSS::setAutoESFINS(bool, unsigned char, unsigned short)
                0x0800f920                DevUBLOXGNSS::setAutoESFINS(bool, bool, unsigned char, unsigned short)
                0x0800f93a                DevUBLOXGNSS::setAutoESFINScallbackPtr(void (*)(UBX_ESF_INS_data_t*), unsigned char, unsigned short)
                0x0800f990                DevUBLOXGNSS::setAutoESFMEASrate(unsigned char, bool, unsigned char, unsigned short)
                0x0800fa20                DevUBLOXGNSS::setAutoESFMEAS(bool, unsigned char, unsigned short)
                0x0800fa3c                DevUBLOXGNSS::setAutoESFMEAS(bool, bool, unsigned char, unsigned short)
                0x0800fa56                DevUBLOXGNSS::setAutoESFMEAScallbackPtr(void (*)(UBX_ESF_MEAS_data_t*), unsigned char, unsigned short)
                0x0800fab4                DevUBLOXGNSS::setAutoESFRAWrate(unsigned char, bool, unsigned char, unsigned short)
                0x0800fb44                DevUBLOXGNSS::setAutoESFRAW(bool, unsigned char, unsigned short)
                0x0800fb60                DevUBLOXGNSS::setAutoESFRAW(bool, bool, unsigned char, unsigned short)
                0x0800fb7a                DevUBLOXGNSS::setAutoESFRAWcallbackPtr(void (*)(UBX_ESF_RAW_data_t*), unsigned char, unsigned short)
                0x0800fbd8                DevUBLOXGNSS::setAutoSECSIGrate(unsigned char, bool, unsigned char, unsigned short)
                0x0800fc74                DevUBLOXGNSS::setAutoSECSIG(bool, unsigned char, unsigned short)
                0x0800fc90                DevUBLOXGNSS::setAutoSECSIG(bool, bool, unsigned char, unsigned short)
                0x0800fcaa                DevUBLOXGNSS::setAutoSECSIGcallbackPtr(void (*)(UBX_SEC_SIG_data_t*), unsigned char, unsigned short)
                0x0800fd00                DevUBLOXGNSS::setMainTalkerID(sfe_ublox_talker_ids_e, unsigned char, unsigned short)
                0x0800fd1c                DevUBLOXGNSS::setHighPrecisionMode(bool, unsigned char, unsigned short)
                0x0800fd38                DevUBLOXGNSS::setLNAMode(sfe_ublox_lna_mode_e, unsigned char, unsigned short)
                0x0800fd54                DevUBLOXGNSS::setGPSL5HealthOverride(bool, unsigned char, unsigned short)
                0x0800fd70                DevUBLOXGNSS::setVal16(unsigned long, unsigned short, unsigned char, unsigned short)
                0x0800fd94                DevUBLOXGNSS::setValSigned16(unsigned long, short, unsigned char, unsigned short)
                0x0800fda8                DevUBLOXGNSS::setNavigationFrequency(unsigned char, unsigned char, unsigned short)
                0x0800fdfc                DevUBLOXGNSS::setMeasurementRate(unsigned short, unsigned char, unsigned short)
                0x0800fe48                DevUBLOXGNSS::setNavigationRate(unsigned short, unsigned char, unsigned short)
                0x0800fe64                DevUBLOXGNSS::setVal32(unsigned long, unsigned long, unsigned char, unsigned short)
                0x0800fe98                DevUBLOXGNSS::setSerialRate(unsigned long, unsigned char, unsigned char, unsigned short)
                0x0800fed0                DevUBLOXGNSS::setValSigned32(unsigned long, long, unsigned char, unsigned short)
                0x0800fee2                DevUBLOXGNSS::setValFloat(unsigned long, float, unsigned char, unsigned short)
                0x0800fef8                DevUBLOXGNSS::setVal64(unsigned long, unsigned long long, unsigned char, unsigned short)
                0x0800ff54                DevUBLOXGNSS::setValSigned64(unsigned long, long long, unsigned char, unsigned short)
                0x0800ff6c                DevUBLOXGNSS::setValDouble(unsigned long, double, unsigned char, unsigned short)
                0x0800ff82                DevUBLOXGNSS::addCfgValsetN(unsigned long, unsigned char*, unsigned char)
                0x080100a0                DevUBLOXGNSS::addCfgValset64(unsigned long, unsigned long long)
                0x080100ee                DevUBLOXGNSS::addCfgValsetDouble(unsigned long, double)
                0x080100fa                DevUBLOXGNSS::newCfgValset64(unsigned long, unsigned long long, unsigned char)
                0x08010124                DevUBLOXGNSS::addCfgValset32(unsigned long, unsigned long)
                0x0801014e                DevUBLOXGNSS::addCfgValsetFloat(unsigned long, float)
                0x0801015a                DevUBLOXGNSS::newCfgValset32(unsigned long, unsigned long, unsigned char)
                0x0801017a                DevUBLOXGNSS::addCfgValset16(unsigned long, unsigned short)
                0x08010196                DevUBLOXGNSS::newCfgValset16(unsigned long, unsigned short, unsigned char)
                0x080101b6                DevUBLOXGNSS::addCfgValset8(unsigned long, unsigned char)
                0x080101cc                DevUBLOXGNSS::newCfgValset8(unsigned long, unsigned char, unsigned char)
                0x080101ec                DevUBLOXGNSS::sendCfgValset(unsigned short)
                0x0801021a                DevUBLOXGNSS::setI2COutput(unsigned char, unsigned char, unsigned short)
                0x08010280                DevUBLOXGNSS::setUART1Output(unsigned char, unsigned char, unsigned short)
                0x080102e8                DevUBLOXGNSS::setUART2Output(unsigned char, unsigned char, unsigned short)
                0x08010350                DevUBLOXGNSS::setUSBOutput(unsigned char, unsigned char, unsigned short)
                0x080103b8                DevUBLOXGNSS::setSPIOutput(unsigned char, unsigned char, unsigned short)
                0x08010420                DevUBLOXGNSS::setI2CInput(unsigned char, unsigned char, unsigned short)
                0x080104a0                DevUBLOXGNSS::setUART1Input(unsigned char, unsigned char, unsigned short)
                0x08010520                DevUBLOXGNSS::setUART2Input(unsigned char, unsigned char, unsigned short)
                0x080105a0                DevUBLOXGNSS::setUSBInput(unsigned char, unsigned char, unsigned short)
                0x08010620                DevUBLOXGNSS::setSPIInput(unsigned char, unsigned char, unsigned short)
                0x080106a0                DevUBLOXGNSS::setSurveyModeFull(unsigned char, unsigned long, float, unsigned char, unsigned short)
                0x08010714                DevUBLOXGNSS::setSurveyMode(unsigned char, unsigned short, float, unsigned char, unsigned short)
                0x08010726                DevUBLOXGNSS::disableSurveyMode(unsigned char, unsigned short)
                0x08010744                DevUBLOXGNSS::enableSurveyMode(unsigned short, float, unsigned char, unsigned short)
                0x0801075a                DevUBLOXGNSS::enableSurveyModeFull(unsigned long, float, unsigned char, unsigned short)
                0x08010770                DevUBLOXGNSS::setStaticPosition(long, signed char, long, signed char, long, signed char, bool, unsigned char, unsigned short)
                0x0801085c                DevUBLOXGNSS::setStaticPosition(long, long, long, bool, unsigned char, unsigned short)
                0x08010888                DevUBLOXGNSS::addGeofence(long, long, unsigned long, unsigned char, bool, unsigned char, unsigned char, unsigned short)
                0x08010ad4                DevUBLOXGNSS::clearGeofences(unsigned char, unsigned short)
                0x08010b50                DevUBLOXGNSS::setOdometerConfig(unsigned char, unsigned char, unsigned char, unsigned char, unsigned char, unsigned char, unsigned char, unsigned short)
                0x08010c18                DevUBLOXGNSS::setAopCfg(unsigned char, unsigned short, unsigned char, unsigned short)
                0x08010c64                DevUBLOXGNSS::sendCfgValset8(unsigned long, unsigned char, unsigned short)
                0x08010c7e                DevUBLOXGNSS::sendCfgValset16(unsigned long, unsigned short, unsigned short)
                0x08010c98                DevUBLOXGNSS::sendCfgValset32(unsigned long, unsigned long, unsigned short)
                0x08010cb2                DevUBLOXGNSS::sendCfgValset64(unsigned long, unsigned long long, unsigned short)
                0x08010ccc                DevUBLOXGNSS::sendCfgValget(ubxPacket*, unsigned short)
                0x08010cf4                DevUBLOXGNSS::sendCfgValget(unsigned short)
                0x08010d02                DevUBLOXGNSS::getLeapSecondEvent(unsigned short)
                0x08010d54                DevUBLOXGNSS::getLeapIndicator(long&, unsigned short)
                0x08010dde                DevUBLOXGNSS::getCurrentLeapSeconds(sfe_ublox_ls_src_e&, unsigned short)
                0x08010e50                DevUBLOXGNSS::setAutoHNRATTrate(unsigned char, bool, unsigned char, unsigned short)
                0x08010ef0                DevUBLOXGNSS::setAutoHNRATT(bool, unsigned char, unsigned short)
                0x08010f0c                DevUBLOXGNSS::setAutoHNRATT(bool, bool, unsigned char, unsigned short)
                0x08010f26                DevUBLOXGNSS::setAutoHNRATTcallbackPtr(void (*)(UBX_HNR_ATT_data_t*), unsigned char, unsigned short)
                0x08010f7c                DevUBLOXGNSS::setAutoHNRINSrate(unsigned char, bool, unsigned char, unsigned short)
                0x0801101e                DevUBLOXGNSS::setAutoHNRINS(bool, unsigned char, unsigned short)
                0x0801103a                DevUBLOXGNSS::setAutoHNRINS(bool, bool, unsigned char, unsigned short)
                0x08011054                DevUBLOXGNSS::setAutoHNRINScallbackPtr(void (*)(UBX_HNR_INS_data_t*), unsigned char, unsigned short)
                0x080110a8                DevUBLOXGNSS::setAutoHNRPVTrate(unsigned char, bool, unsigned char, unsigned short)
                0x08011148                DevUBLOXGNSS::setAutoHNRPVT(bool, unsigned char, unsigned short)
                0x08011164                DevUBLOXGNSS::setAutoHNRPVT(bool, bool, unsigned char, unsigned short)
                0x0801117e                DevUBLOXGNSS::setAutoHNRPVTcallbackPtr(void (*)(UBX_HNR_PVT_data_t*), unsigned char, unsigned short)
                0x080111d4                DevUBLOXGNSS::setHNRNavigationRate(unsigned char, unsigned char, unsigned short)
                0x0801124e                DevUBLOXGNSS::getHNRNavigationRate(unsigned char, unsigned short)
                0x08011280                DevUBLOXGNSS::getNAVPOSECEF(unsigned short)
                0x080112fc                DevUBLOXGNSS::getNAVSTATUS(unsigned short)
                0x0801137a                DevUBLOXGNSS::getDOP(unsigned short)
                0x080113f8                DevUBLOXGNSS::getGeometricDOP(unsigned short)
                0x08011446                DevUBLOXGNSS::getPositionDOP(unsigned short)
                0x08011494                DevUBLOXGNSS::getTimeDOP(unsigned short)
                0x080114e2                DevUBLOXGNSS::getVerticalDOP(unsigned short)
                0x08011530                DevUBLOXGNSS::getHorizontalDOP(unsigned short)
                0x0801157e                DevUBLOXGNSS::getNorthingDOP(unsigned short)
                0x080115cc                DevUBLOXGNSS::getEastingDOP(unsigned short)
                0x0801161a                DevUBLOXGNSS::getNAVEOE(unsigned short)
                0x08011698                DevUBLOXGNSS::getNAVATT(unsigned short)
                0x08011718                DevUBLOXGNSS::getVehAtt(unsigned short)
                0x08011720                DevUBLOXGNSS::getATTroll(unsigned short)
                0x08011790                DevUBLOXGNSS::getATTpitch(unsigned short)
                0x08011800                DevUBLOXGNSS::getATTheading(unsigned short)
                0x08011870                DevUBLOXGNSS::getPVT(unsigned short)
                0x080118f0                DevUBLOXGNSS::getTimeOfWeek(unsigned short)
                0x08011948                DevUBLOXGNSS::getYear(unsigned short)
                0x080119a0                DevUBLOXGNSS::getMonth(unsigned short)
                0x080119f8                DevUBLOXGNSS::getDay(unsigned short)
                0x08011a50                DevUBLOXGNSS::getHour(unsigned short)
                0x08011aa8                DevUBLOXGNSS::getMinute(unsigned short)
                0x08011b00                DevUBLOXGNSS::getSecond(unsigned short)
                0x08011b56                DevUBLOXGNSS::getMillisecond(unsigned short)
                0x08011bc4                DevUBLOXGNSS::getNanosecond(unsigned short)
                0x08011c1c                DevUBLOXGNSS::getUnixEpoch(unsigned short)
                0x08011d20                DevUBLOXGNSS::getUnixEpoch(unsigned long&, unsigned short)
                0x08011e64                DevUBLOXGNSS::getDateValid(unsigned short)
                0x08011ec0                DevUBLOXGNSS::getTimeValid(unsigned short)
                0x08011f1c                DevUBLOXGNSS::getTimeFullyResolved(unsigned short)
                0x08011f78                DevUBLOXGNSS::getConfirmedDate(unsigned short)
                0x08011fd4                DevUBLOXGNSS::getConfirmedTime(unsigned short)
                0x0801202e                DevUBLOXGNSS::getFixType(unsigned short)
                0x08012086                DevUBLOXGNSS::getGnssFixOk(unsigned short)
                0x080120e0                DevUBLOXGNSS::getDiffSoln(unsigned short)
                0x0801213c                DevUBLOXGNSS::getHeadVehValid(unsigned short)
                0x08012198                DevUBLOXGNSS::getCarrierSolutionType(unsigned short)
                0x080121f2                DevUBLOXGNSS::getSIV(unsigned short)
                0x08012248                DevUBLOXGNSS::getLongitude(unsigned short)
                0x080122a0                DevUBLOXGNSS::getLatitude(unsigned short)
                0x080122f8                DevUBLOXGNSS::getAltitude(unsigned short)
                0x08012350                DevUBLOXGNSS::getAltitudeMSL(unsigned short)
                0x080123a8                DevUBLOXGNSS::getHorizontalAccEst(unsigned short)
                0x08012400                DevUBLOXGNSS::getVerticalAccEst(unsigned short)
                0x08012458                DevUBLOXGNSS::getNedNorthVel(unsigned short)
                0x080124b0                DevUBLOXGNSS::getNedEastVel(unsigned short)
                0x08012506                DevUBLOXGNSS::getNedDownVel(unsigned short)
                0x0801255e                DevUBLOXGNSS::getGroundSpeed(unsigned short)
                0x080125b6                DevUBLOXGNSS::getHeading(unsigned short)
                0x0801260e                DevUBLOXGNSS::getSpeedAccEst(unsigned short)
                0x08012666                DevUBLOXGNSS::getHeadingAccEst(unsigned short)
                0x080126be                DevUBLOXGNSS::getPDOP(unsigned short)
                0x08012718                DevUBLOXGNSS::getInvalidLlh(unsigned short)
                0x08012776                DevUBLOXGNSS::getHeadVeh(unsigned short)
                0x080127ce                DevUBLOXGNSS::getMagDec(unsigned short)
                0x08012828                DevUBLOXGNSS::getMagAcc(unsigned short)
                0x08012882                DevUBLOXGNSS::getNAVODO(unsigned short)
                0x08012900                DevUBLOXGNSS::getNAVVELECEF(unsigned short)
                0x0801297e                DevUBLOXGNSS::getNAVVELNED(unsigned short)
                0x080129fe                DevUBLOXGNSS::getNAVHPPOSECEF(unsigned short)
                0x08012a7e                DevUBLOXGNSS::getPositionAccuracy(unsigned short)
                0x08012af8                DevUBLOXGNSS::getHighResECEFX(unsigned short)
                0x08012b50                DevUBLOXGNSS::getHighResECEFY(unsigned short)
                0x08012ba8                DevUBLOXGNSS::getHighResECEFZ(unsigned short)
                0x08012c00                DevUBLOXGNSS::getHighResECEFXHp(unsigned short)
                0x08012c5a                DevUBLOXGNSS::getHighResECEFYHp(unsigned short)
                0x08012cb2                DevUBLOXGNSS::getHighResECEFZHp(unsigned short)
                0x08012d0c                DevUBLOXGNSS::getHPPOSLLH(unsigned short)
                0x08012d8c                DevUBLOXGNSS::getTimeOfWeekFromHPPOSLLH(unsigned short)
                0x08012de4                DevUBLOXGNSS::getHighResLongitude(unsigned short)
                0x08012e3c                DevUBLOXGNSS::getHighResLatitude(unsigned short)
                0x08012e94                DevUBLOXGNSS::getElipsoid(unsigned short)
                0x08012eec                DevUBLOXGNSS::getMeanSeaLevel(unsigned short)
                0x08012f42                DevUBLOXGNSS::getHighResLongitudeHp(unsigned short)
                0x08012f9c                DevUBLOXGNSS::getHighResLatitudeHp(unsigned short)
                0x08012ff6                DevUBLOXGNSS::getElipsoidHp(unsigned short)
                0x08013050                DevUBLOXGNSS::getMeanSeaLevelHp(unsigned short)
                0x080130aa                DevUBLOXGNSS::getHorizontalAccuracy(unsigned short)
                0x08013102                DevUBLOXGNSS::getVerticalAccuracy(unsigned short)
                0x0801315a                DevUBLOXGNSS::getNAVPVAT(unsigned short)
                0x080131da                DevUBLOXGNSS::getVehicleRoll(unsigned short)
                0x08013232                DevUBLOXGNSS::getVehiclePitch(unsigned short)
                0x0801328a                DevUBLOXGNSS::getVehicleHeading(unsigned short)
                0x080132e0                DevUBLOXGNSS::getMotionHeading(unsigned short)
                0x08013338                DevUBLOXGNSS::getNAVTIMEUTC(unsigned short)
                0x080133b6                DevUBLOXGNSS::getNAVCLOCK(unsigned short)
                0x08013434                DevUBLOXGNSS::getSurveyStatus(unsigned short)
                0x080134b4                DevUBLOXGNSS::getSurveyInActive(unsigned short)
                0x08013514                DevUBLOXGNSS::getSurveyInValid(unsigned short)
                0x08013574                DevUBLOXGNSS::getSurveyInObservationTimeFull(unsigned short)
                0x080135cc                DevUBLOXGNSS::getSurveyInObservationTime(unsigned short)
                0x080135e2                DevUBLOXGNSS::getSurveyInMeanAccuracy(unsigned short)
                0x08013654                DevUBLOXGNSS::getNAVSAT(unsigned short)
                0x080136d0                DevUBLOXGNSS::getNAVSIG(unsigned short)
                0x0801374c                DevUBLOXGNSS::getRELPOSNED(unsigned short)
                0x080137cc                DevUBLOXGNSS::getRelPosN(unsigned short)
                0x0801383c                DevUBLOXGNSS::getRelPosE(unsigned short)
                0x080138ac                DevUBLOXGNSS::getRelPosD(unsigned short)
                0x0801391c                DevUBLOXGNSS::getRelPosAccN(unsigned short)
                0x0801398c                DevUBLOXGNSS::getRelPosAccE(unsigned short)
                0x080139fc                DevUBLOXGNSS::getRelPosAccD(unsigned short)
                0x08013a6c                DevUBLOXGNSS::getAOPSTATUS(unsigned short)
                0x08013aea                DevUBLOXGNSS::getAOPSTATUSuseAOP(unsigned short)
                0x08013b3c                DevUBLOXGNSS::getAOPSTATUSstatus(unsigned short)
                0x08013b8a                DevUBLOXGNSS::getRXMSFRBX(unsigned short)
                0x08013bca                DevUBLOXGNSS::getRXMRAWX(unsigned short)
                0x08013c46                DevUBLOXGNSS::getRXMMEASX(unsigned short)
                0x08013cc2                DevUBLOXGNSS::getTIMTM2(unsigned short)
                0x08013d42                DevUBLOXGNSS::getTIMTP(unsigned short)
                0x08013dc0                DevUBLOXGNSS::getTIMTPtowMS(unsigned short)
                0x08013e0e                DevUBLOXGNSS::getTIMTPtowSubMS(unsigned short)
                0x08013e5c                DevUBLOXGNSS::getTIMTPweek(unsigned short)
                0x08013eaa                DevUBLOXGNSS::getTIMTPAsEpoch(unsigned long&, unsigned short)
                0x08013f7c                DevUBLOXGNSS::getMONCOMMS(unsigned short)
                0x08013ff8                DevUBLOXGNSS::getCommsPortInfo(UBX_MON_COMMS_data_t*, unsigned short)
                0x0801402e                DevUBLOXGNSS::getMONHW(unsigned short)
                0x080140ae                DevUBLOXGNSS::getHWstatus(UBX_MON_HW_data_t*, unsigned short)
                0x08014104                DevUBLOXGNSS::getAntennaStatus(unsigned short)
                0x0801415a                DevUBLOXGNSS::getESFALG(unsigned short)
                0x080141d8                DevUBLOXGNSS::getEsfAlignment(unsigned short)
                0x080141e0                DevUBLOXGNSS::getESFroll(unsigned short)
                0x0801424c                DevUBLOXGNSS::getESFpitch(unsigned short)
                0x080142b8                DevUBLOXGNSS::getESFyaw(unsigned short)
                0x08014320                DevUBLOXGNSS::getESFSTATUS(unsigned short)
                0x0801439e                DevUBLOXGNSS::getEsfInfo(unsigned short)
                0x080143a6                DevUBLOXGNSS::getSensorFusionStatus(UBX_ESF_STATUS_sensorStatus_t*, unsigned char, unsigned short)
                0x08014440                DevUBLOXGNSS::getESFINS(unsigned short)
                0x080144c0                DevUBLOXGNSS::getEsfIns(unsigned short)
                0x080144c8                DevUBLOXGNSS::getHNRATT(unsigned short)
                0x08014548                DevUBLOXGNSS::getHNRAtt(unsigned short)
                0x08014550                DevUBLOXGNSS::getHNRroll(unsigned short)
                0x080145c0                DevUBLOXGNSS::getHNRpitch(unsigned short)
                0x08014630                DevUBLOXGNSS::getHNRheading(unsigned short)
                0x080146a0                DevUBLOXGNSS::getHNRINS(unsigned short)
                0x08014720                DevUBLOXGNSS::getHNRDyn(unsigned short)
                0x08014728                DevUBLOXGNSS::getHNRPVT(unsigned short)
                0x080147a6                DevUBLOXGNSS::getSECSIG(unsigned short)
                0x08014822                DevUBLOXGNSS::getSECSIG(UBX_SEC_SIG_data_t*, unsigned short)
                0x0801487c                DevUBLOXGNSS::getLatestNMEAGPGGA(NMEA_GGA_data_t*)
                0x080148d4                DevUBLOXGNSS::getLatestNMEAGNGGA(NMEA_GGA_data_t*)
                0x0801492c                DevUBLOXGNSS::getLatestNMEAGPVTG(NMEA_VTG_data_t*)
                0x08014984                DevUBLOXGNSS::getLatestNMEAGNVTG(NMEA_VTG_data_t*)
                0x080149dc                DevUBLOXGNSS::getLatestNMEAGPRMC(NMEA_RMC_data_t*)
                0x08014a34                DevUBLOXGNSS::getLatestNMEAGNRMC(NMEA_RMC_data_t*)
                0x08014a8c                DevUBLOXGNSS::getLatestNMEAGPZDA(NMEA_ZDA_data_t*)
                0x08014b0a                DevUBLOXGNSS::getLatestNMEAGNZDA(NMEA_ZDA_data_t*)
                0x08014b88                DevUBLOXGNSS::getLatestNMEAGPGST(NMEA_GST_data_t*)
                0x08014be0                DevUBLOXGNSS::getLatestNMEAGNGST(NMEA_GST_data_t*)
                0x08014c38                DevUBLOXGNSS::getLatestRTCM1005(RTCM_1005_data_t*)
                0x08014cb6                DevUBLOXGNSS::parseRTCM1005(unsigned char*, unsigned int)
                0x08014e24                DevUBLOXGNSS::extractRTCM1006(RTCM_1006_data_t*, unsigned char*)
                0x08014f28                DevUBLOXGNSS::parseRTCM1006(unsigned char*, unsigned int)
                0x08015098                DevUBLOXGNSS::pushRawData(unsigned char*, unsigned int, bool)
                0x08015250                DevUBLOXGNSS::pushAssistNowDataInternal(unsigned int, bool, unsigned char const*, unsigned int, sfe_ublox_mga_assist_ack_e, unsigned short)
                0x080155ec                DevUBLOXGNSS::pushAssistNowData(unsigned char const*, unsigned int, sfe_ublox_mga_assist_ack_e, unsigned short)
                0x08015608                DevUBLOXGNSS::pushAssistNowData(bool, unsigned char const*, unsigned int, sfe_ublox_mga_assist_ack_e, unsigned short)
                0x08015628                DevUBLOXGNSS::pushAssistNowData(unsigned int, bool, unsigned char const*, unsigned int, sfe_ublox_mga_assist_ack_e, unsigned short)
                0x08015644                DevUBLOXGNSS::setUTCTimeAssistance(unsigned short, unsigned char, unsigned char, unsigned char, unsigned char, unsigned char, unsigned long, unsigned short, unsigned long, unsigned char, sfe_ublox_mga_assist_ack_e, unsigned short)
                0x0801574e                DevUBLOXGNSS::setPositionAssistanceXYZ(long, long, long, unsigned long, sfe_ublox_mga_assist_ack_e, unsigned short)
                0x0801582c                DevUBLOXGNSS::setPositionAssistanceLLH(long, long, long, unsigned long, sfe_ublox_mga_assist_ack_e, unsigned short)
                0x08015910                DevUBLOXGNSS::readNavigationDatabase(unsigned char*, unsigned int, unsigned short)
                0x08015d4c                DevUBLOXGNSS::getOdometerConfig(unsigned char*, unsigned char*, unsigned char*, unsigned char*, unsigned char*, unsigned char*, unsigned char, unsigned short)
 .text          0x08015ee0       0x80 /usr/lib/gcc/arm-none-eabi/13.2.1/../../../arm-none-eabi/lib/thumb/v7e-m+dp/hard/libc_nano.a(libc_a-sprintf.o)
                0x08015ee0                _siprintf_r
                0x08015ee0                _sprintf_r
                0x08015f1c                sprintf
                0x08015f1c                siprintf
 .text          0x08015f60      0x5bc /usr/lib/gcc/arm-none-eabi/13.2.1/../../../arm-none-eabi/lib/thumb/v7e-m+dp/hard/libc_nano.a(libc_a-strstr.o)
                0x080163b0                strstr
 .text          0x0801651c       0xd0 /usr/lib/gcc/arm-none-eabi/13.2.1/../../../arm-none-eabi/lib/thumb/v7e-m+dp/hard/libc_nano.a(libc_a-strchr.o)
                0x0801651c                strchr
 .text          0x080165ec       0xbc /usr/lib/gcc/arm-none-eabi/13.2.1/../../../arm-none-eabi/lib/thumb/v7e-m+dp/hard/libc_nano.a(libc_a-strcpy.o)
                0x080165ec                strcpy
 .text          0x080166a8      0x400 /usr/lib/gcc/arm-none-eabi/13.2.1/../../../arm-none-eabi/lib/thumb/v7e-m+dp/hard/libc_nano.a(libc_a-nano-svfprintf.o)
                0x080166a8                __ssputs_r
                0x08016768                __ssprint_r
                0x08016870                _svfprintf_r
                0x08016870                _svfiprintf_r
 .text          0x08016aa8       0x50 /usr/lib/gcc/arm-none-eabi/13.2.1/../../../arm-none-eabi/lib/thumb/v7e-m+dp/hard/libc_nano.a(libc_a-init.o)
                0x08016aa8                __libc_init_array
 .text          0x08016af8       0xb0 /usr/lib/gcc/arm-none-eabi/13.2.1/../../../arm-none-eabi/lib/thumb/v7e-m+dp/hard/libc_nano.a(libc_a-sscanf.o)
                0x08016af8                sscanf
                0x08016af8                siscanf
                0x08016b50                _siscanf_r
                0x08016b50                _sscanf_r
 .text          0x08016ba8       0x10 /usr/lib/gcc/arm-none-eabi/13.2.1/../../../arm-none-eabi/lib/thumb/v7e-m+dp/hard/libc_nano.a(libc_a-abort.o)
                0x08016ba8                abort
 *fill*         0x08016bb8        0x8 
 .text          0x08016bc0       0xd8 /usr/lib/gcc/arm-none-eabi/13.2.1/../../../arm-none-eabi/lib/thumb/v7e-m+dp/hard/libc_nano.a(libc_a-strlen.o)
                0x08016bc0                strlen
 .text          0x08016c98       0xa4 /usr/lib/gcc/arm-none-eabi/13.2.1/../../../arm-none-eabi/lib/thumb/v7e-m+dp/hard/libc_nano.a(libc_a-memset.o)
                0x08016c98                memset
 .text          0x08016d3c        0xc /usr/lib/gcc/arm-none-eabi/13.2.1/../../../arm-none-eabi/lib/thumb/v7e-m+dp/hard/libc_nano.a(libc_a-errno.o)
                0x08016d3c                __errno
 .text          0x08016d48      0x650 /usr/lib/gcc/arm-none-eabi/13.2.1/../../../arm-none-eabi/lib/thumb/v7e-m+dp/hard/libc_nano.a(libc_a-nano-vfprintf_float.o)
                0x08016d48                __cvt
                0x08016e40                __exponent
                0x08016ec4                _printf_float
 .text          0x08017398      0x148 /usr/lib/gcc/arm-none-eabi/13.2.1/../../../arm-none-eabi/lib/thumb/v7e-m+dp/hard/libc_nano.a(libc_a-mallocr.o)
                0x080173e0                _malloc_r
 .text          0x080174e0      0xe00 /usr/lib/gcc/arm-none-eabi/13.2.1/../../../arm-none-eabi/lib/thumb/v7e-m+dp/hard/libc_nano.a(libc_a-dtoa.o)
                0x0801760c                _dtoa_r
 .text          0x080182e0       0xbc /usr/lib/gcc/arm-none-eabi/13.2.1/../../../arm-none-eabi/lib/thumb/v7e-m+dp/hard/libc_nano.a(libc_a-freer.o)
                0x080182e0                _free_r
 .text          0x0801839c      0x100 /usr/lib/gcc/arm-none-eabi/13.2.1/../../../arm-none-eabi/lib/thumb/v7e-m+dp/hard/libc_nano.a(libc_a-memmove.o)
                0x0801839c                memmove
 .text          0x0801849c       0x1c /usr/lib/gcc/arm-none-eabi/13.2.1/../../../arm-none-eabi/lib/thumb/v7e-m+dp/hard/libc_nano.a(libc_a-cxa_atexit.o)
                0x0801849c                __cxa_atexit
 *fill*         0x080184b8        0x8 
 .text          0x080184c0       0xa0 /usr/lib/gcc/arm-none-eabi/13.2.1/../../../arm-none-eabi/lib/thumb/v7e-m+dp/hard/libc_nano.a(libc_a-memchr.o)
                0x080184c0                memchr
 .text          0x08018560      0x134 /usr/lib/gcc/arm-none-eabi/13.2.1/../../../arm-none-eabi/lib/thumb/v7e-m+dp/hard/libc_nano.a(libc_a-memcpy.o)
                0x08018560                memcpy
 .text          0x08018694       0x20 /usr/lib/gcc/arm-none-eabi/13.2.1/../../../arm-none-eabi/lib/thumb/v7e-m+dp/hard/libc_nano.a(libc_a-malloc.o)
                0x08018694                malloc
                0x080186a4                free
 .text          0x080186b4       0x68 /usr/lib/gcc/arm-none-eabi/13.2.1/../../../arm-none-eabi/lib/thumb/v7e-m+dp/hard/libc_nano.a(libc_a-strncpy.o)
                0x080186b4                strncpy
 .text          0x0801871c       0x64 /usr/lib/gcc/arm-none-eabi/13.2.1/../../../arm-none-eabi/lib/thumb/v7e-m+dp/hard/libc_nano.a(libc_a-reallocr.o)
                0x0801871c                _realloc_r
 .text          0x08018780      0x3a8 /usr/lib/gcc/arm-none-eabi/13.2.1/../../../arm-none-eabi/lib/thumb/v7e-m+dp/hard/libc_nano.a(libc_a-nano-vfprintf_i.o)
                0x08018780                _printf_common
                0x080188a4                _printf_i
 .text          0x08018b28        0x8 /usr/lib/gcc/arm-none-eabi/13.2.1/../../../arm-none-eabi/lib/thumb/v7e-m+dp/hard/libc_nano.a(libc_a-mlock.o)
                0x08018b28                __malloc_lock
                0x08018b2c                __malloc_unlock
 .text          0x08018b30       0x5c /usr/lib/gcc/arm-none-eabi/13.2.1/../../../arm-none-eabi/lib/thumb/v7e-m+dp/hard/libc_nano.a(libc_a-memcmp.o)
                0x08018b30                memcmp
 .text          0x08018b8c       0x24 /usr/lib/gcc/arm-none-eabi/13.2.1/../../../arm-none-eabi/lib/thumb/v7e-m+dp/hard/libc_nano.a(libc_a-strnlen.o)
                0x08018b8c                strnlen
 .text          0x08018bb0       0x4c /usr/lib/gcc/arm-none-eabi/13.2.1/../../../arm-none-eabi/lib/thumb/v7e-m+dp/hard/libc_nano.a(libc_a-assert.o)
                0x08018bb0                __assert_func
                0x08018bf0                __assert
 .text          0x08018bfc      0xafc /usr/lib/gcc/arm-none-eabi/13.2.1/../../../arm-none-eabi/lib/thumb/v7e-m+dp/hard/libc_nano.a(libc_a-mprec.o)
                0x08018bfc                _Balloc
                0x08018c7c                _Bfree
                0x08018cc4                __multadd
                0x08018d60                __s2b
                0x08018e14                __hi0bits
                0x08018e58                __lo0bits
                0x08018eb8                __i2b
                0x08018ee4                __multiply
                0x08019050                __pow5mult
                0x08019130                __lshift
                0x08019218                __mcmp
                0x0801925c                __mdiff
                0x080193d4                __ulp
                0x08019438                __b2d
                0x080194f4                __d2b
                0x080195b4                __ratio
                0x08019618                _mprec_log10
                0x08019640                __copybits
                0x0801969c                __any_on
 .text          0x080196f8       0x24 /usr/lib/gcc/arm-none-eabi/13.2.1/../../../arm-none-eabi/lib/thumb/v7e-m+dp/hard/libc_nano.a(libc_a-sbrkr.o)
                0x080196f8                _sbrk_r
 .text          0x0801971c       0x94 /usr/lib/gcc/arm-none-eabi/13.2.1/../../../arm-none-eabi/lib/thumb/v7e-m+dp/hard/libc_nano.a(libc_a-stdio.o)
                0x0801971c                __sread
                0x08019740                __seofread
                0x08019744                __swrite
                0x08019784                __sseek
                0x080197a8                __sclose
 .text          0x080197b0       0x10 /usr/lib/gcc/arm-none-eabi/13.2.1/../../../arm-none-eabi/lib/thumb/v7e-m+dp/hard/libc_nano.a(libc_a-msizer.o)
                0x080197b0                _malloc_usable_size_r
 .text          0x080197c0       0x14 /usr/lib/gcc/arm-none-eabi/13.2.1/../../../arm-none-eabi/lib/thumb/v7e-m+dp/hard/libc_nano.a(libc_a-localeconv.o)
                0x080197c0                __localeconv_l
                0x080197c4                _localeconv_r
                0x080197cc                localeconv
 .text          0x080197d4      0x438 /usr/lib/gcc/arm-none-eabi/13.2.1/../../../arm-none-eabi/lib/thumb/v7e-m+dp/hard/libc_nano.a(libc_a-nano-svfscanf.o)
                0x080197d4                _sungetc_r
                0x08019850                __ssrefill_r
                0x08019888                __ssvfscanf_r
                0x08019888                __ssvfiscanf_r
 .text          0x08019c0c      0x260 /usr/lib/gcc/arm-none-eabi/13.2.1/../../../arm-none-eabi/lib/thumb/v7e-m+dp/hard/libc_nano.a(libc_a-signal.o)
                0x08019c0c                _init_signal_r
                0x08019c38                _signal_r
                0x08019c84                _raise_r
                0x08019cd4                __sigtramp_r
                0x08019d34                raise
                0x08019d88                signal
                0x08019dd4                _init_signal
                0x08019e08                __sigtramp
 .text          0x08019e6c      0x308 /usr/lib/gcc/arm-none-eabi/13.2.1/../../../arm-none-eabi/lib/thumb/v7e-m+dp/hard/libc_nano.a(libc_a-nano-vfscanf_i.o)
                0x08019e6c                _scanf_chars
                0x08019f3c                _scanf_i
 .text          0x0801a174      0x224 /usr/lib/gcc/arm-none-eabi/13.2.1/../../../arm-none-eabi/lib/thumb/v7e-m+dp/hard/libc_nano.a(libc_a-findfp.o)
                0x0801a2a4                __sfp
                0x0801a348                __sinit
                0x0801a368                __sfp_lock_acquire
                0x0801a36c                __sfp_lock_release
                0x0801a370                __fp_lock_all
                0x0801a384                __fp_unlock_all
 .text          0x0801a398       0x24 /usr/lib/gcc/arm-none-eabi/13.2.1/../../../arm-none-eabi/lib/thumb/v7e-m+dp/hard/libc_nano.a(libc_a-closer.o)
                0x0801a398                _close_r
 .text          0x0801a3bc      0x1a8 /usr/lib/gcc/arm-none-eabi/13.2.1/../../../arm-none-eabi/lib/thumb/v7e-m+dp/hard/libc_nano.a(libc_a-fflush.o)
                0x0801a3bc                __sflush_r
                0x0801a4e0                _fflush_r
                0x0801a518                fflush
 .text          0x0801a564       0x28 /usr/lib/gcc/arm-none-eabi/13.2.1/../../../arm-none-eabi/lib/thumb/v7e-m+dp/hard/libc_nano.a(libc_a-callocr.o)
                0x0801a564                _calloc_r
 .text          0x0801a58c      0x16c /usr/lib/gcc/arm-none-eabi/13.2.1/../../../arm-none-eabi/lib/thumb/v7e-m+dp/hard/libc_nano.a(libc_a-strtol.o)
                0x0801a6c4                _strtol_r
                0x0801a6c8                strtol_l
                0x0801a6e0                strtol
 .text          0x0801a6f8       0x44 /usr/lib/gcc/arm-none-eabi/13.2.1/../../../arm-none-eabi/lib/thumb/v7e-m+dp/hard/libc_nano.a(libc_a-fwalk.o)
                0x0801a6f8                _fwalk_sglue
 .text          0x0801a73c       0x30 /usr/lib/gcc/arm-none-eabi/13.2.1/../../../arm-none-eabi/lib/thumb/v7e-m+dp/hard/libc_nano.a(libc_a-wctomb_r.o)
                0x0801a73c                _wctomb_r
                0x0801a750                __ascii_wctomb
 .text          0x0801a76c       0x2c /usr/lib/gcc/arm-none-eabi/13.2.1/../../../arm-none-eabi/lib/thumb/v7e-m+dp/hard/libc_nano.a(libc_a-readr.o)
                0x0801a76c                _read_r
 .text          0x0801a798       0x44 /usr/lib/gcc/arm-none-eabi/13.2.1/../../../arm-none-eabi/lib/thumb/v7e-m+dp/hard/libc_nano.a(libc_a-fprintf.o)
                0x0801a798                _fprintf_r
                0x0801a798                _fiprintf_r
                0x0801a7b4                fprintf
                0x0801a7b4                fiprintf
 .text          0x0801a7dc       0xac /usr/lib/gcc/arm-none-eabi/13.2.1/../../../arm-none-eabi/lib/thumb/v7e-m+dp/hard/libc_nano.a(libc_a-__atexit.o)
                0x0801a7dc                __register_exitproc
 .text          0x0801a888       0x98 /usr/lib/gcc/arm-none-eabi/13.2.1/../../../arm-none-eabi/lib/thumb/v7e-m+dp/hard/libc_nano.a(libc_a-sccl.o)
                0x0801a888                __sccl
 .text          0x0801a920       0x2c /usr/lib/gcc/arm-none-eabi/13.2.1/../../../arm-none-eabi/lib/thumb/v7e-m+dp/hard/libc_nano.a(libc_a-lseekr.o)
                0x0801a920                _lseek_r
 .text          0x0801a94c      0x14c /usr/lib/gcc/arm-none-eabi/13.2.1/../../../arm-none-eabi/lib/thumb/v7e-m+dp/hard/libc_nano.a(libc_a-ungetc.o)
                0x0801a94c                __submore
                0x0801a9c0                _ungetc_r
                0x0801aa80                ungetc
 .text          0x0801aa98       0x2c /usr/lib/gcc/arm-none-eabi/13.2.1/../../../arm-none-eabi/lib/thumb/v7e-m+dp/hard/libc_nano.a(libc_a-writer.o)
                0x0801aa98                _write_r
 .text          0x0801aac4      0x314 /usr/lib/gcc/arm-none-eabi/13.2.1/../../../arm-none-eabi/lib/thumb/v7e-m+dp/hard/libc_nano.a(libc_a-nano-vfprintf.o)
                0x0801ab00                __sfputs_r
                0x0801ab30                __sprint_r