Archive member included to satisfy reference by file (symbol)

c:/Users/thewo/AppData/Roaming/Code/User/globalStorage/bmd.stm32-for-vscode/@xpack-dev-tools/arm-none-eabi-gcc/14.2.1-1.1.1/.content/bin/../lib/gcc/arm-none-eabi/14.2.1/../../../../arm-none-eabi/lib/thumb/v7e-m+dp/hard\libc_nano.a(libc_a-atexit.o)
                              c:/Users/thewo/AppData/Roaming/Code/User/globalStorage/bmd.stm32-for-vscode/@xpack-dev-tools/arm-none-eabi-gcc/14.2.1-1.1.1/.content/bin/../lib/gcc/arm-none-eabi/14.2.1/../../../../arm-none-eabi/lib/thumb/v7e-m+dp/hard/crt0.o (atexit)
c:/Users/thewo/AppData/Roaming/Code/User/globalStorage/bmd.stm32-for-vscode/@xpack-dev-tools/arm-none-eabi-gcc/14.2.1-1.1.1/.content/bin/../lib/gcc/arm-none-eabi/14.2.1/../../../../arm-none-eabi/lib/thumb/v7e-m+dp/hard\libc_nano.a(libc_a-exit.o)
                              c:/Users/thewo/AppData/Roaming/Code/User/globalStorage/bmd.stm32-for-vscode/@xpack-dev-tools/arm-none-eabi-gcc/14.2.1-1.1.1/.content/bin/../lib/gcc/arm-none-eabi/14.2.1/../../../../arm-none-eabi/lib/thumb/v7e-m+dp/hard/crt0.o (exit)
c:/Users/thewo/AppData/Roaming/Code/User/globalStorage/bmd.stm32-for-vscode/@xpack-dev-tools/arm-none-eabi-gcc/14.2.1-1.1.1/.content/bin/../lib/gcc/arm-none-eabi/14.2.1/../../../../arm-none-eabi/lib/thumb/v7e-m+dp/hard\libc_nano.a(libc_a-nano-vfprintf_float.o)
                              (_printf_float)
c:/Users/thewo/AppData/Roaming/Code/User/globalStorage/bmd.stm32-for-vscode/@xpack-dev-tools/arm-none-eabi-gcc/14.2.1-1.1.1/.content/bin/../lib/gcc/arm-none-eabi/14.2.1/../../../../arm-none-eabi/lib/thumb/v7e-m+dp/hard\libc_nano.a(libc_a-nano-vfprintf_i.o)
                              c:/Users/thewo/AppData/Roaming/Code/User/globalStorage/bmd.stm32-for-vscode/@xpack-dev-tools/arm-none-eabi-gcc/14.2.1-1.1.1/.content/bin/../lib/gcc/arm-none-eabi/14.2.1/../../../../arm-none-eabi/lib/thumb/v7e-m+dp/hard\libc_nano.a(libc_a-nano-vfprintf_float.o) (_printf_common)
c:/Users/thewo/AppData/Roaming/Code/User/globalStorage/bmd.stm32-for-vscode/@xpack-dev-tools/arm-none-eabi-gcc/14.2.1-1.1.1/.content/bin/../lib/gcc/arm-none-eabi/14.2.1/../../../../arm-none-eabi/lib/thumb/v7e-m+dp/hard\libc_nano.a(libc_a-findfp.o)
                              c:/Users/thewo/AppData/Roaming/Code/User/globalStorage/bmd.stm32-for-vscode/@xpack-dev-tools/arm-none-eabi-gcc/14.2.1-1.1.1/.content/bin/../lib/gcc/arm-none-eabi/14.2.1/../../../../arm-none-eabi/lib/thumb/v7e-m+dp/hard\libc_nano.a(libc_a-exit.o) (__stdio_exit_handler)
c:/Users/thewo/AppData/Roaming/Code/User/globalStorage/bmd.stm32-for-vscode/@xpack-dev-tools/arm-none-eabi-gcc/14.2.1-1.1.1/.content/bin/../lib/gcc/arm-none-eabi/14.2.1/../../../../arm-none-eabi/lib/thumb/v7e-m+dp/hard\libc_nano.a(libc_a-fwalk.o)
                              c:/Users/thewo/AppData/Roaming/Code/User/globalStorage/bmd.stm32-for-vscode/@xpack-dev-tools/arm-none-eabi-gcc/14.2.1-1.1.1/.content/bin/../lib/gcc/arm-none-eabi/14.2.1/../../../../arm-none-eabi/lib/thumb/v7e-m+dp/hard\libc_nano.a(libc_a-findfp.o) (_fwalk_sglue)
c:/Users/thewo/AppData/Roaming/Code/User/globalStorage/bmd.stm32-for-vscode/@xpack-dev-tools/arm-none-eabi-gcc/14.2.1-1.1.1/.content/bin/../lib/gcc/arm-none-eabi/14.2.1/../../../../arm-none-eabi/lib/thumb/v7e-m+dp/hard\libc_nano.a(libc_a-snprintf.o)
                              build/debug/main.o (snprintf)
c:/Users/thewo/AppData/Roaming/Code/User/globalStorage/bmd.stm32-for-vscode/@xpack-dev-tools/arm-none-eabi-gcc/14.2.1-1.1.1/.content/bin/../lib/gcc/arm-none-eabi/14.2.1/../../../../arm-none-eabi/lib/thumb/v7e-m+dp/hard\libc_nano.a(libc_a-stdio.o)
                              c:/Users/thewo/AppData/Roaming/Code/User/globalStorage/bmd.stm32-for-vscode/@xpack-dev-tools/arm-none-eabi-gcc/14.2.1-1.1.1/.content/bin/../lib/gcc/arm-none-eabi/14.2.1/../../../../arm-none-eabi/lib/thumb/v7e-m+dp/hard\libc_nano.a(libc_a-findfp.o) (__sread)
c:/Users/thewo/AppData/Roaming/Code/User/globalStorage/bmd.stm32-for-vscode/@xpack-dev-tools/arm-none-eabi-gcc/14.2.1-1.1.1/.content/bin/../lib/gcc/arm-none-eabi/14.2.1/../../../../arm-none-eabi/lib/thumb/v7e-m+dp/hard\libc_nano.a(libc_a-memset.o)
                              c:/Users/thewo/AppData/Roaming/Code/User/globalStorage/bmd.stm32-for-vscode/@xpack-dev-tools/arm-none-eabi-gcc/14.2.1-1.1.1/.content/bin/../lib/gcc/arm-none-eabi/14.2.1/../../../../arm-none-eabi/lib/thumb/v7e-m+dp/hard/crt0.o (memset)
c:/Users/thewo/AppData/Roaming/Code/User/globalStorage/bmd.stm32-for-vscode/@xpack-dev-tools/arm-none-eabi-gcc/14.2.1-1.1.1/.content/bin/../lib/gcc/arm-none-eabi/14.2.1/../../../../arm-none-eabi/lib/thumb/v7e-m+dp/hard\libc_nano.a(libc_a-localeconv.o)
                              c:/Users/thewo/AppData/Roaming/Code/User/globalStorage/bmd.stm32-for-vscode/@xpack-dev-tools/arm-none-eabi-gcc/14.2.1-1.1.1/.content/bin/../lib/gcc/arm-none-eabi/14.2.1/../../../../arm-none-eabi/lib/thumb/v7e-m+dp/hard\libc_nano.a(libc_a-nano-vfprintf_float.o) (_localeconv_r)
[...]
Memory Configuration

Name             Origin             Length             Attributes
DTCMRAM          0x20000000         0x00020000         xrw
RAM              0x24000000         0x00020000         xrw
RAM_D2           0x30000000         0x00008000         xrw
RAM_D3           0x38000000         0x00004000         xrw
ITCMRAM          0x00000000         0x00010000         xrw
FLASH            0x08000000         0x00100000         xr
*default*        0x00000000         0xffffffff

Linker script and memory map

LOAD c:/Users/thewo/AppData/Roaming/Code/User/globalStorage/bmd.stm32-for-vscode/@xpack-dev-tools/arm-none-eabi-gcc/14.2.1-1.1.1/.content/bin/../lib/gcc/arm-none-eabi/14.2.1/thumb/v7e-m+dp/hard/crti.o
LOAD c:/Users/thewo/AppData/Roaming/Code/User/globalStorage/bmd.stm32-for-vscode/@xpack-dev-tools/arm-none-eabi-gcc/14.2.1-1.1.1/.content/bin/../lib/gcc/arm-none-eabi/14.2.1/thumb/v7e-m+dp/hard/crtbegin.o
LOAD c:/Users/thewo/AppData/Roaming/Code/User/globalStorage/bmd.stm32-for-vscode/@xpack-dev-tools/arm-none-eabi-gcc/14.2.1-1.1.1/.content/bin/../lib/gcc/arm-none-eabi/14.2.1/../../../../arm-none-eabi/lib/thumb/v7e-m+dp/hard/crt0.o
LOAD build/debug/ADXL375.o
LOAD build/debug/abstract.o
LOAD build/debug/adc.o
LOAD build/debug/cordic.o
LOAD build/debug/fmac.o
LOAD build/debug/gpio.o
LOAD build/debug/i2c.o
LOAD build/debug/main.o
LOAD build/debug/memorymap.o
LOAD build/debug/spi.o
LOAD build/debug/stm32h7xx_hal.o
LOAD build/debug/stm32h7xx_hal_adc.o
LOAD build/debug/stm32h7xx_hal_adc_ex.o
LOAD build/debug/stm32h7xx_hal_cordic.o
LOAD build/debug/stm32h7xx_hal_cortex.o
LOAD build/debug/stm32h7xx_hal_dma.o
LOAD build/debug/stm32h7xx_hal_dma_ex.o
LOAD build/debug/stm32h7xx_hal_exti.o
LOAD build/debug/stm32h7xx_hal_flash.o
LOAD build/debug/stm32h7xx_hal_flash_ex.o
LOAD build/debug/stm32h7xx_hal_fmac.o
LOAD build/debug/stm32h7xx_hal_gpio.o
LOAD build/debug/stm32h7xx_hal_hsem.o
LOAD build/debug/stm32h7xx_hal_i2c.o
LOAD build/debug/stm32h7xx_hal_i2c_ex.o
LOAD build/debug/stm32h7xx_hal_mdma.o
LOAD build/debug/stm32h7xx_hal_msp.o
LOAD build/debug/stm32h7xx_hal_pcd.o
LOAD build/debug/stm32h7xx_hal_pcd_ex.o
LOAD build/debug/stm32h7xx_hal_pwr.o
LOAD build/debug/stm32h7xx_hal_pwr_ex.o
LOAD build/debug/stm32h7xx_hal_rcc.o
LOAD build/debug/stm32h7xx_hal_rcc_ex.o
LOAD build/debug/stm32h7xx_hal_spi.o
LOAD build/debug/stm32h7xx_hal_spi_ex.o
LOAD build/debug/stm32h7xx_hal_tim.o
LOAD build/debug/stm32h7xx_hal_tim_ex.o
LOAD build/debug/stm32h7xx_it.o
LOAD build/debug/stm32h7xx_ll_usb.o
LOAD build/debug/syscalls.o
LOAD build/debug/sysmem.o
LOAD build/debug/system_stm32h7xx.o
LOAD build/debug/tim.o
LOAD build/debug/usb_device.o
LOAD build/debug/usbd_cdc.o
LOAD build/debug/usbd_cdc_if.o
LOAD build/debug/usbd_conf.o
LOAD build/debug/usbd_core.o
LOAD build/debug/usbd_ctlreq.o
LOAD build/debug/usbd_desc.o
LOAD build/debug/usbd_ioreq.o
LOAD build/debug/startup_stm32h725xx.o
LOAD c:/Users/thewo/AppData/Roaming/Code/User/globalStorage/bmd.stm32-for-vscode/@xpack-dev-tools/arm-none-eabi-gcc/14.2.1-1.1.1/.content/bin/../lib/gcc/arm-none-eabi/14.2.1/../../../../arm-none-eabi/lib/thumb/v7e-m+dp/hard\libc_nano.a
LOAD c:/Users/thewo/AppData/Roaming/Code/User/globalStorage/bmd.stm32-for-vscode/@xpack-dev-tools/arm-none-eabi-gcc/14.2.1-1.1.1/.content/bin/../lib/gcc/arm-none-eabi/14.2.1/../../../../arm-none-eabi/lib/thumb/v7e-m+dp/hard\libm.a
LOAD c:/Users/thewo/AppData/Roaming/Code/User/globalStorage/bmd.stm32-for-vscode/@xpack-dev-tools/arm-none-eabi-gcc/14.2.1-1.1.1/.content/bin/../lib/gcc/arm-none-eabi/14.2.1/../../../../arm-none-eabi/lib/thumb/v7e-m+dp/hard\libnosys.a
START GROUP
LOAD c:/Users/thewo/AppData/Roaming/Code/User/globalStorage/bmd.stm32-for-vscode/@xpack-dev-tools/arm-none-eabi-gcc/14.2.1-1.1.1/.content/bin/../lib/gcc/arm-none-eabi/14.2.1/thumb/v7e-m+dp/hard\libgcc.a
LOAD c:/Users/thewo/AppData/Roaming/Code/User/globalStorage/bmd.stm32-for-vscode/@xpack-dev-tools/arm-none-eabi-gcc/14.2.1-1.1.1/.content/bin/../lib/gcc/arm-none-eabi/14.2.1/../../../../arm-none-eabi/lib/thumb/v7e-m+dp/hard\libc_nano.a
END GROUP
START GROUP
LOAD c:/Users/thewo/AppData/Roaming/Code/User/globalStorage/bmd.stm32-for-vscode/@xpack-dev-tools/arm-none-eabi-gcc/14.2.1-1.1.1/.content/bin/../lib/gcc/arm-none-eabi/14.2.1/thumb/v7e-m+dp/hard\libgcc.a
LOAD c:/Users/thewo/AppData/Roaming/Code/User/globalStorage/bmd.stm32-for-vscode/@xpack-dev-tools/arm-none-eabi-gcc/14.2.1-1.1.1/.content/bin/../lib/gcc/arm-none-eabi/14.2.1/../../../../arm-none-eabi/lib/thumb/v7e-m+dp/hard\libc_nano.a
END GROUP
LOAD c:/Users/thewo/AppData/Roaming/Code/User/globalStorage/bmd.stm32-for-vscode/@xpack-dev-tools/arm-none-eabi-gcc/14.2.1-1.1.1/.content/bin/../lib/gcc/arm-none-eabi/14.2.1/thumb/v7e-m+dp/hard/crtend.o
LOAD c:/Users/thewo/AppData/Roaming/Code/User/globalStorage/bmd.stm32-for-vscode/@xpack-dev-tools/arm-none-eabi-gcc/14.2.1-1.1.1/.content/bin/../lib/gcc/arm-none-eabi/14.2.1/thumb/v7e-m+dp/hard/crtn.o
                0x20020000                        _estack = (ORIGIN (DTCMRAM) + LENGTH (DTCMRAM))
                0x00000200                        _Min_Heap_Size = 0x200
                0x00000400                        _Min_Stack_Size = 0x400

.isr_vector     0x08000000      0x2cc
                0x08000000                        . = ALIGN (0x4)
 *(.isr_vector)
 .isr_vector    0x08000000      0x2cc build/debug/startup_stm32h725xx.o
                0x08000000                g_pfnVectors
                0x080002cc                        . = ALIGN (0x4)

.text           0x080002d0     0xcdf8
                0x080002d0                        . = ALIGN (0x4)
 *(.text)
 .text          0x080002d0       0xa0 c:/Users/thewo/AppData/Roaming/Code/User/globalStorage/bmd.stm32-for-vscode/@xpack-dev-tools/arm-none-eabi-gcc/14.2.1-1.1.1/.content/bin/../lib/gcc/arm-none-eabi/14.2.1/../../../../arm-none-eabi/lib/thumb/v7e-m+dp/hard\libc_nano.a(libc_a-memchr.o)
                0x080002d0                memchr
 .text          0x08000370       0x10 c:/Users/thewo/AppData/Roaming/Code/User/globalStorage/bmd.stm32-for-vscode/@xpack-dev-tools/arm-none-eabi-gcc/14.2.1-1.1.1/.content/bin/../lib/gcc/arm-none-eabi/14.2.1/../../../../arm-none-eabi/lib/thumb/v7e-m+dp/hard\libc_nano.a(libc_a-strlen.o)
                0x08000370                strlen
 *(.text*)
 .text.__do_global_dtors_aux
                0x08000380       0x24 c:/Users/thewo/AppData/Roaming/Code/User/globalStorage/bmd.stm32-for-vscode/@xpack-dev-tools/arm-none-eabi-gcc/14.2.1-1.1.1/.content/bin/../lib/gcc/arm-none-eabi/14.2.1/thumb/v7e-m+dp/hard/crtbegin.o
 .text.frame_dummy
                0x080003a4       0x1c c:/Users/thewo/AppData/Roaming/Code/User/globalStorage/bmd.stm32-for-vscode/@xpack-dev-tools/arm-none-eabi-gcc/14.2.1-1.1.1/.content/bin/../lib/gcc/arm-none-eabi/14.2.1/thumb/v7e-m+dp/hard/crtbegin.o
 .text.ADXL375_ReadReg
                0x080003c0       0x1e build/debug/ADXL375.o
                0x080003c0                ADXL375_ReadReg
 *fill*         0x080003de        0x2 
 .text.ADXL375_ReadAccel
                0x080003e0       0x90 build/debug/ADXL375.o
                0x080003e0                ADXL375_ReadAccel
 .text.ADXL375_WriteReg
                0x08000470       0x20 build/debug/ADXL375.o
                0x08000470                ADXL375_WriteReg
 .text.ADXL375_Init
                0x08000490       0xac build/debug/ADXL375.o
                0x08000490                ADXL375_Init
 .text.SerialPrintln
                0x0800053c       0x4c build/debug/abstract.o
                0x0800053c                SerialPrintln
 .text.MX_ADC1_Init
                0x08000588       0xa0 build/debug/adc.o
                0x08000588                MX_ADC1_Init
 .text.HAL_ADC_MspInit
                0x08000628      0x104 build/debug/adc.o
                0x08000628                HAL_ADC_MspInit
 .text.MX_CORDIC_Init
                0x0800072c       0x20 build/debug/cordic.o
                0x0800072c                MX_CORDIC_Init
 .text.HAL_CORDIC_MspInit
                0x0800074c       0x30 build/debug/cordic.o
                0x0800074c                HAL_CORDIC_MspInit
 .text.MX_FMAC_Init
                0x0800077c       0x20 build/debug/fmac.o
                0x0800077c                MX_FMAC_Init
 .text.HAL_FMAC_MspInit
                0x0800079c       0x34 build/debug/fmac.o
                0x0800079c                HAL_FMAC_MspInit
 .text.MX_GPIO_Init
                0x080007d0      0x1b4 build/debug/gpio.o
                0x080007d0                MX_GPIO_Init
 .text.MX_I2C3_Init
                0x08000984       0x58 build/debug/i2c.o
                0x08000984                MX_I2C3_Init
 .text.HAL_I2C_MspInit
                0x080009dc       0xa8 build/debug/i2c.o
                0x080009dc                HAL_I2C_MspInit
 .text.Error_Handler
                0x08000a84        0x4 build/debug/main.o
                0x08000a84                Error_Handler
 .text.SystemClock_Config
                0x08000a88       0xa8 build/debug/main.o
                0x08000a88                SystemClock_Config
 .text.PeriphCommonClock_Config
                0x08000b30       0x4a build/debug/main.o
                0x08000b30                PeriphCommonClock_Config
 *fill*         0x08000b7a        0x2 
 .text.main     0x08000b7c       0xe0 build/debug/main.o
                0x08000b7c                main
 .text.assert_failed
                0x08000c5c        0x2 build/debug/main.o
                0x08000c5c                assert_failed
 *fill*         0x08000c5e        0x2 
 .text.MX_SPI1_Init
                0x08000c60       0x58 build/debug/spi.o
                0x08000c60                MX_SPI1_Init
 .text.MX_SPI2_Init
                0x08000cb8       0x58 build/debug/spi.o
                0x08000cb8                MX_SPI2_Init
 .text.HAL_SPI_MspInit
                0x08000d10       0xc8 build/debug/spi.o
                0x08000d10                HAL_SPI_MspInit
 .text.HAL_InitTick
                0x08000dd8       0x50 build/debug/stm32h7xx_hal.o
                0x08000dd8                HAL_InitTick
 .text.HAL_Init
                0x08000e28       0x5c build/debug/stm32h7xx_hal.o
                0x08000e28                HAL_Init
 .text.HAL_IncTick
                0x08000e84       0x18 build/debug/stm32h7xx_hal.o
                0x08000e84                HAL_IncTick
 .text.HAL_GetTick
                0x08000e9c        0xc build/debug/stm32h7xx_hal.o
                0x08000e9c                HAL_GetTick
 .text.HAL_Delay
                0x08000ea8       0x28 build/debug/stm32h7xx_hal.o
                0x08000ea8                HAL_Delay
 .text.HAL_SYSCFG_AnalogSwitchConfig
                0x08000ed0       0x30 build/debug/stm32h7xx_hal.o
                0x08000ed0                HAL_SYSCFG_AnalogSwitchConfig
 .text.LL_ADC_SetOffset
                0x08000f00       0x40 build/debug/stm32h7xx_hal_adc.o
 .text.LL_ADC_SetOffsetState
                0x08000f40       0x30 build/debug/stm32h7xx_hal_adc.o
 .text.LL_ADC_REG_SetSequencerRanks
                0x08000f70       0x30 build/debug/stm32h7xx_hal_adc.o
 .text.LL_ADC_SetChannelSamplingTime
                0x08000fa0       0x2c build/debug/stm32h7xx_hal_adc.o
 .text.LL_ADC_SetChannelSingleDiff
                0x08000fcc       0x58 build/debug/stm32h7xx_hal_adc.o
 .text.LL_ADC_SetChannelPreselection
                0x08001024       0x38 build/debug/stm32h7xx_hal_adc.o
 .text.HAL_ADC_ConfigChannel
                0x0800105c      0xabc build/debug/stm32h7xx_hal_adc.o
                0x0800105c                HAL_ADC_ConfigChannel
 .text.ADC_ConfigureBoostMode
                0x08001b18      0x130 build/debug/stm32h7xx_hal_adc.o
                0x08001b18                ADC_ConfigureBoostMode
 .text.HAL_ADC_Init
                0x08001c48      0x644 build/debug/stm32h7xx_hal_adc.o
                0x08001c48                HAL_ADC_Init
 .text.HAL_ADCEx_MultiModeConfigChannel
                0x0800228c      0x1e4 build/debug/stm32h7xx_hal_adc_ex.o
                0x0800228c                HAL_ADCEx_MultiModeConfigChannel
 .text.HAL_CORDIC_Init
                0x08002470       0x4c build/debug/stm32h7xx_hal_cordic.o
                0x08002470                HAL_CORDIC_Init
 .text.__NVIC_EnableIRQ
                0x080024bc       0x1c build/debug/stm32h7xx_hal_cortex.o
 .text.__NVIC_SetPriority
                0x080024d8       0x24 build/debug/stm32h7xx_hal_cortex.o
 .text.NVIC_EncodePriority
                0x080024fc       0x3e build/debug/stm32h7xx_hal_cortex.o
 *fill*         0x0800253a        0x2 
 .text.HAL_NVIC_SetPriorityGrouping
                0x0800253c       0x3c build/debug/stm32h7xx_hal_cortex.o
                0x0800253c                HAL_NVIC_SetPriorityGrouping
 .text.HAL_NVIC_SetPriority
                0x08002578       0x48 build/debug/stm32h7xx_hal_cortex.o
                0x08002578                HAL_NVIC_SetPriority
 .text.HAL_NVIC_EnableIRQ
                0x080025c0       0x1c build/debug/stm32h7xx_hal_cortex.o
                0x080025c0                HAL_NVIC_EnableIRQ
 .text.HAL_SYSTICK_Config
                0x080025dc       0x28 build/debug/stm32h7xx_hal_cortex.o
                0x080025dc                HAL_SYSTICK_Config
 .text.FMAC_ResetInputStateAndDataPointers
                0x08002604       0x10 build/debug/stm32h7xx_hal_fmac.o
 .text.FMAC_ResetOutputStateAndDataPointers
                0x08002614       0x10 build/debug/stm32h7xx_hal_fmac.o
 .text.FMAC_ResetDataPointers
                0x08002624       0x10 build/debug/stm32h7xx_hal_fmac.o
 .text.FMAC_Reset
                0x08002634       0x3c build/debug/stm32h7xx_hal_fmac.o
 .text.HAL_FMAC_Init
                0x08002670       0x6c build/debug/stm32h7xx_hal_fmac.o
                0x08002670                HAL_FMAC_Init
 .text.HAL_GPIO_Init
                0x080026dc      0x37c build/debug/stm32h7xx_hal_gpio.o
                0x080026dc                HAL_GPIO_Init
 .text.HAL_GPIO_WritePin
                0x08002a58       0x38 build/debug/stm32h7xx_hal_gpio.o
                0x08002a58                HAL_GPIO_WritePin
 .text.I2C_Flush_TXDR
                0x08002a90       0x22 build/debug/stm32h7xx_hal_i2c.o
 *fill*         0x08002ab2        0x2 
 .text.I2C_TransferConfig
                0x08002ab4       0xd0 build/debug/stm32h7xx_hal_i2c.o
 .text.I2C_IsErrorOccurred
                0x08002b84      0x118 build/debug/stm32h7xx_hal_i2c.o
 .text.I2C_WaitOnTXISFlagUntilTimeout
                0x08002c9c       0x60 build/debug/stm32h7xx_hal_i2c.o
 .text.I2C_WaitOnFlagUntilTimeout
                0x08002cfc       0x7c build/debug/stm32h7xx_hal_i2c.o
 .text.I2C_RequestMemoryWrite
                0x08002d78       0x7c build/debug/stm32h7xx_hal_i2c.o
 .text.I2C_RequestMemoryRead
                0x08002df4       0x78 build/debug/stm32h7xx_hal_i2c.o
 .text.I2C_WaitOnSTOPFlagUntilTimeout
                0x08002e6c       0x5e build/debug/stm32h7xx_hal_i2c.o
 *fill*         0x08002eca        0x2 
 .text.HAL_I2C_Init
                0x08002ecc      0x1a0 build/debug/stm32h7xx_hal_i2c.o
                0x08002ecc                HAL_I2C_Init
 .text.HAL_I2C_Mem_Write
                0x0800306c      0x1c0 build/debug/stm32h7xx_hal_i2c.o
                0x0800306c                HAL_I2C_Mem_Write
 .text.HAL_I2C_Mem_Read
                0x0800322c      0x1c8 build/debug/stm32h7xx_hal_i2c.o
                0x0800322c                HAL_I2C_Mem_Read
 .text.HAL_I2CEx_ConfigAnalogFilter
                0x080033f4       0xb0 build/debug/stm32h7xx_hal_i2c_ex.o
                0x080033f4                HAL_I2CEx_ConfigAnalogFilter
 .text.HAL_I2CEx_ConfigDigitalFilter
                0x080034a4       0xa8 build/debug/stm32h7xx_hal_i2c_ex.o
                0x080034a4                HAL_I2CEx_ConfigDigitalFilter
 .text.HAL_MspInit
                0x0800354c       0x24 build/debug/stm32h7xx_hal_msp.o
                0x0800354c                HAL_MspInit
 .text.PCD_WriteEmptyTxFifo
                0x08003570       0xd0 build/debug/stm32h7xx_hal_pcd.o
 .text.HAL_PCD_Init
                0x08003640      0x120 build/debug/stm32h7xx_hal_pcd.o
                0x08003640                HAL_PCD_Init
 .text.HAL_PCD_Start
                0x08003760       0x44 build/debug/stm32h7xx_hal_pcd.o
                0x08003760                HAL_PCD_Start
 .text.PCD_EP_OutXfrComplete_int
                0x080037a4      0x104 build/debug/stm32h7xx_hal_pcd.o
 .text.PCD_EP_OutSetupPacket_int
                0x080038a8       0x50 build/debug/stm32h7xx_hal_pcd.o
 .text.HAL_PCD_SetAddress
                0x080038f8       0x26 build/debug/stm32h7xx_hal_pcd.o
                0x080038f8                HAL_PCD_SetAddress
 .text.HAL_PCD_EP_Open
                0x0800391e       0x8c build/debug/stm32h7xx_hal_pcd.o
                0x0800391e                HAL_PCD_EP_Open
 .text.HAL_PCD_EP_Close
                0x080039aa       0x70 build/debug/stm32h7xx_hal_pcd.o
                0x080039aa                HAL_PCD_EP_Close
 .text.HAL_PCD_EP_Receive
                0x08003a1a       0x4a build/debug/stm32h7xx_hal_pcd.o
                0x08003a1a                HAL_PCD_EP_Receive
 .text.HAL_PCD_EP_GetRxCount
                0x08003a64       0x12 build/debug/stm32h7xx_hal_pcd.o
                0x08003a64                HAL_PCD_EP_GetRxCount
 .text.HAL_PCD_EP_Transmit
                0x08003a76       0x4a build/debug/stm32h7xx_hal_pcd.o
                0x08003a76                HAL_PCD_EP_Transmit
 .text.HAL_PCD_EP_SetStall
                0x08003ac0       0x86 build/debug/stm32h7xx_hal_pcd.o
                0x08003ac0                HAL_PCD_EP_SetStall
 .text.HAL_PCD_EP_ClrStall
                0x08003b46       0x74 build/debug/stm32h7xx_hal_pcd.o
                0x08003b46                HAL_PCD_EP_ClrStall
 .text.HAL_PCD_EP_Abort
                0x08003bba       0x34 build/debug/stm32h7xx_hal_pcd.o
                0x08003bba                HAL_PCD_EP_Abort
 .text.HAL_PCD_IRQHandler
                0x08003bee      0x600 build/debug/stm32h7xx_hal_pcd.o
                0x08003bee                HAL_PCD_IRQHandler
 .text.HAL_PCDEx_SetTxFiFo
                0x080041ee       0x4c build/debug/stm32h7xx_hal_pcd_ex.o
                0x080041ee                HAL_PCDEx_SetTxFiFo
 .text.HAL_PCDEx_SetRxFiFo
                0x0800423a        0x8 build/debug/stm32h7xx_hal_pcd_ex.o
                0x0800423a                HAL_PCDEx_SetRxFiFo
 *fill*         0x08004242        0x2 
 .text.HAL_PCDEx_ActivateLPM
                0x08004244       0x28 build/debug/stm32h7xx_hal_pcd_ex.o
                0x08004244                HAL_PCDEx_ActivateLPM
 .text.HAL_PCDEx_LPM_Callback
                0x0800426c        0x2 build/debug/stm32h7xx_hal_pcd_ex.o
                0x0800426c                HAL_PCDEx_LPM_Callback
 *fill*         0x0800426e        0x2 
 .text.HAL_PWREx_ConfigSupply
                0x08004270       0xdc build/debug/stm32h7xx_hal_pwr_ex.o
                0x08004270                HAL_PWREx_ConfigSupply
 .text.HAL_PWREx_EnableUSBVoltageDetector
                0x0800434c       0x10 build/debug/stm32h7xx_hal_pwr_ex.o
                0x0800434c                HAL_PWREx_EnableUSBVoltageDetector
 .text.HAL_RCC_OscConfig
                0x0800435c      0x7a4 build/debug/stm32h7xx_hal_rcc.o
                0x0800435c                HAL_RCC_OscConfig
 .text.HAL_RCC_GetSysClockFreq
                0x08004b00      0x1f8 build/debug/stm32h7xx_hal_rcc.o
                0x08004b00                HAL_RCC_GetSysClockFreq
 .text.HAL_RCC_ClockConfig
                0x08004cf8      0x488 build/debug/stm32h7xx_hal_rcc.o
                0x08004cf8                HAL_RCC_ClockConfig
 .text.HAL_RCC_GetHCLKFreq
                0x08005180       0x44 build/debug/stm32h7xx_hal_rcc.o
                0x08005180                HAL_RCC_GetHCLKFreq
 .text.HAL_RCC_GetPCLK1Freq
                0x080051c4       0x24 build/debug/stm32h7xx_hal_rcc.o
                0x080051c4                HAL_RCC_GetPCLK1Freq
 .text.RCCEx_PLL2_Config
                0x080051e8      0x1bc build/debug/stm32h7xx_hal_rcc_ex.o
 .text.RCCEx_PLL3_Config
                0x080053a4      0x1c4 build/debug/stm32h7xx_hal_rcc_ex.o
 .text.HAL_RCCEx_PeriphCLKConfig
                0x08005568      0xda4 build/debug/stm32h7xx_hal_rcc_ex.o
                0x08005568                HAL_RCCEx_PeriphCLKConfig
 .text.HAL_RCCEx_GetD3PCLK1Freq
                0x0800630c       0x24 build/debug/stm32h7xx_hal_rcc_ex.o
                0x0800630c                HAL_RCCEx_GetD3PCLK1Freq
 .text.HAL_RCCEx_GetPLL2ClockFreq
                0x08006330      0x200 build/debug/stm32h7xx_hal_rcc_ex.o
                0x08006330                HAL_RCCEx_GetPLL2ClockFreq
 .text.HAL_RCCEx_GetPLL3ClockFreq
                0x08006530      0x200 build/debug/stm32h7xx_hal_rcc_ex.o
                0x08006530                HAL_RCCEx_GetPLL3ClockFreq
 .text.HAL_RCCEx_GetPLL1ClockFreq
                0x08006730      0x200 build/debug/stm32h7xx_hal_rcc_ex.o
                0x08006730                HAL_RCCEx_GetPLL1ClockFreq
 .text.HAL_RCCEx_GetPeriphCLKFreq
                0x08006930      0x608 build/debug/stm32h7xx_hal_rcc_ex.o
                0x08006930                HAL_RCCEx_GetPeriphCLKFreq
 .text.SPI_GetPacketSize
                0x08006f38       0x10 build/debug/stm32h7xx_hal_spi.o
 .text.HAL_SPI_Init
                0x08006f48      0x368 build/debug/stm32h7xx_hal_spi.o
                0x08006f48                HAL_SPI_Init
 .text.TIM_OC5_SetConfig
                0x080072b0       0x74 build/debug/stm32h7xx_hal_tim.o
 .text.TIM_OC6_SetConfig
                0x08007324       0x74 build/debug/stm32h7xx_hal_tim.o
 .text.TIM_OC1_SetConfig
                0x08007398      0x104 build/debug/stm32h7xx_hal_tim.o
 .text.TIM_OC3_SetConfig
                0x0800749c       0xf0 build/debug/stm32h7xx_hal_tim.o
 .text.TIM_OC4_SetConfig
                0x0800758c       0x9c build/debug/stm32h7xx_hal_tim.o
 .text.TIM_Base_SetConfig
                0x08007628      0x120 build/debug/stm32h7xx_hal_tim.o
                0x08007628                TIM_Base_SetConfig
 .text.HAL_TIM_PWM_Init
                0x08007748      0x198 build/debug/stm32h7xx_hal_tim.o
                0x08007748                HAL_TIM_PWM_Init
 .text.TIM_OC2_SetConfig
                0x080078e0       0xf0 build/debug/stm32h7xx_hal_tim.o
                0x080078e0                TIM_OC2_SetConfig
 .text.HAL_TIM_PWM_ConfigChannel
                0x080079d0      0x39c build/debug/stm32h7xx_hal_tim.o
                0x080079d0                HAL_TIM_PWM_ConfigChannel
 .text.HAL_TIMEx_MasterConfigSynchronization
                0x08007d6c      0x1d4 build/debug/stm32h7xx_hal_tim_ex.o
                0x08007d6c                HAL_TIMEx_MasterConfigSynchronization
 .text.NMI_Handler
                0x08007f40        0x2 build/debug/stm32h7xx_it.o
                0x08007f40                NMI_Handler
 .text.HardFault_Handler
                0x08007f42        0x2 build/debug/stm32h7xx_it.o
                0x08007f42                HardFault_Handler
 .text.MemManage_Handler
                0x08007f44        0x2 build/debug/stm32h7xx_it.o
                0x08007f44                MemManage_Handler
 .text.BusFault_Handler
                0x08007f46        0x2 build/debug/stm32h7xx_it.o
                0x08007f46                BusFault_Handler
 .text.UsageFault_Handler
                0x08007f48        0x2 build/debug/stm32h7xx_it.o
                0x08007f48                UsageFault_Handler
 .text.SVC_Handler
                0x08007f4a        0x2 build/debug/stm32h7xx_it.o
                0x08007f4a                SVC_Handler
 .text.DebugMon_Handler
                0x08007f4c        0x2 build/debug/stm32h7xx_it.o
                0x08007f4c                DebugMon_Handler
 .text.PendSV_Handler
                0x08007f4e        0x2 build/debug/stm32h7xx_it.o
                0x08007f4e                PendSV_Handler
 .text.SysTick_Handler
                0x08007f50        0x8 build/debug/stm32h7xx_it.o
                0x08007f50                SysTick_Handler
 .text.OTG_HS_EP1_OUT_IRQHandler
                0x08007f58       0x10 build/debug/stm32h7xx_it.o
                0x08007f58                OTG_HS_EP1_OUT_IRQHandler
 .text.OTG_HS_EP1_IN_IRQHandler
                0x08007f68       0x10 build/debug/stm32h7xx_it.o
                0x08007f68                OTG_HS_EP1_IN_IRQHandler
 .text.OTG_HS_IRQHandler
                0x08007f78       0x10 build/debug/stm32h7xx_it.o
                0x08007f78                OTG_HS_IRQHandler
 .text.USB_CoreReset
                0x08007f88       0x4a build/debug/stm32h7xx_ll_usb.o
 *fill*         0x08007fd2        0x2 
 .text.USB_CoreInit
                0x08007fd4       0xa4 build/debug/stm32h7xx_ll_usb.o
                0x08007fd4                USB_CoreInit
 .text.USB_SetTurnaroundTime
                0x08008078       0xe4 build/debug/stm32h7xx_ll_usb.o
                0x08008078                USB_SetTurnaroundTime
 .text.USB_EnableGlobalInt
                0x0800815c        0xc build/debug/stm32h7xx_ll_usb.o
                0x0800815c                USB_EnableGlobalInt
 .text.USB_DisableGlobalInt
                0x08008168        0xc build/debug/stm32h7xx_ll_usb.o
                0x08008168                USB_DisableGlobalInt
 .text.USB_FlushTxFifo
                0x08008174       0x4a build/debug/stm32h7xx_ll_usb.o
                0x08008174                USB_FlushTxFifo
 .text.USB_FlushRxFifo
                0x080081be       0x46 build/debug/stm32h7xx_ll_usb.o
                0x080081be                USB_FlushRxFifo
 .text.USB_SetDevSpeed
                0x08008204        0xe build/debug/stm32h7xx_ll_usb.o
                0x08008204                USB_SetDevSpeed
 *fill*         0x08008212        0x2 
 .text.USB_DevInit
                0x08008214      0x190 build/debug/stm32h7xx_ll_usb.o
                0x08008214                USB_DevInit
 .text.USB_GetDevSpeed
                0x080083a4       0x22 build/debug/stm32h7xx_ll_usb.o
                0x080083a4                USB_GetDevSpeed
 *fill*         0x080083c6        0x2 
 .text.USB_ActivateEndpoint
                0x080083c8       0x98 build/debug/stm32h7xx_ll_usb.o
                0x080083c8                USB_ActivateEndpoint
 .text.USB_DeactivateEndpoint
                0x08008460       0xe0 build/debug/stm32h7xx_ll_usb.o
                0x08008460                USB_DeactivateEndpoint
 .text.USB_EPStopXfer
                0x08008540       0xbe build/debug/stm32h7xx_ll_usb.o
                0x08008540                USB_EPStopXfer
 .text.USB_WritePacket
                0x080085fe       0x2e build/debug/stm32h7xx_ll_usb.o
                0x080085fe                USB_WritePacket
 .text.USB_EPStartXfer
                0x0800862c      0x244 build/debug/stm32h7xx_ll_usb.o
                0x0800862c                USB_EPStartXfer
 .text.USB_ReadPacket
                0x08008870       0x46 build/debug/stm32h7xx_ll_usb.o
                0x08008870                USB_ReadPacket
 .text.USB_EPSetStall
                0x080088b6       0x5a build/debug/stm32h7xx_ll_usb.o
                0x080088b6                USB_EPSetStall
 .text.USB_EPClearStall
                0x08008910       0x5c build/debug/stm32h7xx_ll_usb.o
                0x08008910                USB_EPClearStall
 .text.USB_SetDevAddress
                0x0800896c       0x20 build/debug/stm32h7xx_ll_usb.o
                0x0800896c                USB_SetDevAddress
 .text.USB_DevConnect
                0x0800898c       0x1c build/debug/stm32h7xx_ll_usb.o
                0x0800898c                USB_DevConnect
 .text.USB_DevDisconnect
                0x080089a8       0x1c build/debug/stm32h7xx_ll_usb.o
                0x080089a8                USB_DevDisconnect
 .text.USB_ReadInterrupts
                0x080089c4        0x8 build/debug/stm32h7xx_ll_usb.o
                0x080089c4                USB_ReadInterrupts
 .text.USB_ReadDevAllOutEpInterrupt
                0x080089cc       0x10 build/debug/stm32h7xx_ll_usb.o
                0x080089cc                USB_ReadDevAllOutEpInterrupt
 .text.USB_ReadDevAllInEpInterrupt
                0x080089dc       0x10 build/debug/stm32h7xx_ll_usb.o
                0x080089dc                USB_ReadDevAllInEpInterrupt
 .text.USB_ReadDevOutEPInterrupt
                0x080089ec       0x12 build/debug/stm32h7xx_ll_usb.o
                0x080089ec                USB_ReadDevOutEPInterrupt
 .text.USB_ReadDevInEPInterrupt
                0x080089fe       0x24 build/debug/stm32h7xx_ll_usb.o
                0x080089fe                USB_ReadDevInEPInterrupt
 .text.USB_GetMode
                0x08008a22        0x8 build/debug/stm32h7xx_ll_usb.o
                0x08008a22                USB_GetMode
 .text.USB_SetCurrentMode
                0x08008a2a       0x62 build/debug/stm32h7xx_ll_usb.o
                0x08008a2a                USB_SetCurrentMode
 .text.USB_ActivateSetup
                0x08008a8c       0x1c build/debug/stm32h7xx_ll_usb.o
                0x08008a8c                USB_ActivateSetup
 .text.USB_EP0_OutStart
                0x08008aa8       0x60 build/debug/stm32h7xx_ll_usb.o
                0x08008aa8                USB_EP0_OutStart
 .text._getpid  0x08008b08        0x4 build/debug/syscalls.o
                0x08008b08                _getpid
 .text._kill    0x08008b0c       0x10 build/debug/syscalls.o
                0x08008b0c                _kill
 .text._exit    0x08008b1c        0xc build/debug/syscalls.o
                0x08008b1c                _exit
 .text._read    0x08008b28       0x20 build/debug/syscalls.o
                0x08008b28                _read
 .text._write   0x08008b48       0x1c build/debug/syscalls.o
                0x08008b48                _write
 .text._close   0x08008b64        0x6 build/debug/syscalls.o
                0x08008b64                _close
 .text._fstat   0x08008b6a        0xa build/debug/syscalls.o
                0x08008b6a                _fstat
 .text._isatty  0x08008b74        0x4 build/debug/syscalls.o
                0x08008b74                _isatty
 .text._lseek   0x08008b78        0x4 build/debug/syscalls.o
                0x08008b78                _lseek
 .text._sbrk    0x08008b7c       0x48 build/debug/sysmem.o
                0x08008b7c                _sbrk
 .text.SystemInit
                0x08008bc4       0xd0 build/debug/system_stm32h7xx.o
                0x08008bc4                SystemInit
 .text.ExitRun0Mode
                0x08008c94       0x1c build/debug/system_stm32h7xx.o
                0x08008c94                ExitRun0Mode
 .text.HAL_TIM_PWM_MspInit
                0x08008cb0       0x54 build/debug/tim.o
                0x08008cb0                HAL_TIM_PWM_MspInit
 .text.HAL_TIM_MspPostInit
                0x08008d04       0x98 build/debug/tim.o
                0x08008d04                HAL_TIM_MspPostInit
 .text.MX_TIM2_Init
                0x08008d9c       0x80 build/debug/tim.o
                0x08008d9c                MX_TIM2_Init
 .text.MX_TIM4_Init
                0x08008e1c       0xb8 build/debug/tim.o
                0x08008e1c                MX_TIM4_Init
 .text.MX_USB_DEVICE_Init
                0x08008ed4       0x58 build/debug/usb_device.o
                0x08008ed4                MX_USB_DEVICE_Init
 .text.USBD_CDC_EP0_RxReady
                0x08008f2c       0x40 build/debug/usbd_cdc.o
 .text.USBD_CDC_GetDeviceQualifierDescriptor
                0x08008f6c        0xc build/debug/usbd_cdc.o
                0x08008f6c                USBD_CDC_GetDeviceQualifierDescriptor
 .text.USBD_CDC_GetOtherSpeedCfgDesc
                0x08008f78       0x48 build/debug/usbd_cdc.o
 .text.USBD_CDC_GetFSCfgDesc
                0x08008fc0       0x48 build/debug/usbd_cdc.o
 .text.USBD_CDC_GetHSCfgDesc
                0x08009008       0x48 build/debug/usbd_cdc.o
 .text.USBD_CDC_DataOut
                0x08009050       0x38 build/debug/usbd_cdc.o
 .text.USBD_CDC_DataIn
                0x08009088       0x7c build/debug/usbd_cdc.o
 .text.USBD_CDC_Setup
                0x08009104      0x114 build/debug/usbd_cdc.o
 .text.USBD_CDC_DeInit
                0x08009218       0x64 build/debug/usbd_cdc.o
 .text.USBD_CDC_Init
                0x0800927c       0xee build/debug/usbd_cdc.o
 .text.USBD_CDC_RegisterInterface
                0x0800936a       0x16 build/debug/usbd_cdc.o
                0x0800936a                USBD_CDC_RegisterInterface
 .text.USBD_CDC_SetTxBuffer
                0x08009380       0x1c build/debug/usbd_cdc.o
                0x08009380                USBD_CDC_SetTxBuffer
 .text.USBD_CDC_SetRxBuffer
                0x0800939c       0x18 build/debug/usbd_cdc.o
                0x0800939c                USBD_CDC_SetRxBuffer
 .text.USBD_CDC_TransmitPacket
                0x080093b4       0x36 build/debug/usbd_cdc.o
                0x080093b4                USBD_CDC_TransmitPacket
 .text.USBD_CDC_ReceivePacket
                0x080093ea       0x38 build/debug/usbd_cdc.o
                0x080093ea                USBD_CDC_ReceivePacket
 .text.CDC_DeInit_HS
                0x08009422        0x4 build/debug/usbd_cdc_if.o
 *fill*         0x08009426        0x2 
 .text.CDC_Control_HS
                0x08009428       0x54 build/debug/usbd_cdc_if.o
 .text.CDC_TransmitCplt_HS
                0x0800947c        0x4 build/debug/usbd_cdc_if.o
 .text.CDC_Receive_HS
                0x08009480       0x1c build/debug/usbd_cdc_if.o
 .text.CDC_Init_HS
                0x0800949c       0x28 build/debug/usbd_cdc_if.o
 .text.CDC_Transmit_HS
                0x080094c4       0x2c build/debug/usbd_cdc_if.o
                0x080094c4                CDC_Transmit_HS
 .text.HAL_PCD_MspInit
                0x080094f0       0x94 build/debug/usbd_conf.o
                0x080094f0                HAL_PCD_MspInit
 .text.HAL_PCD_SetupStageCallback
                0x08009584       0x10 build/debug/usbd_conf.o
                0x08009584                HAL_PCD_SetupStageCallback
 .text.HAL_PCD_DataOutStageCallback
                0x08009594       0x18 build/debug/usbd_conf.o
                0x08009594                HAL_PCD_DataOutStageCallback
 .text.HAL_PCD_DataInStageCallback
                0x080095ac       0x16 build/debug/usbd_conf.o
                0x080095ac                HAL_PCD_DataInStageCallback
 .text.HAL_PCD_SOFCallback
                0x080095c2        0xc build/debug/usbd_conf.o
                0x080095c2                HAL_PCD_SOFCallback
 .text.HAL_PCD_ResetCallback
                0x080095ce       0x28 build/debug/usbd_conf.o
                0x080095ce                HAL_PCD_ResetCallback
 *fill*         0x080095f6        0x2 
 .text.HAL_PCD_SuspendCallback
                0x080095f8       0x30 build/debug/usbd_conf.o
                0x080095f8                HAL_PCD_SuspendCallback
 .text.HAL_PCD_ResumeCallback
                0x08009628        0xc build/debug/usbd_conf.o
                0x08009628                HAL_PCD_ResumeCallback
 .text.HAL_PCD_ISOOUTIncompleteCallback
                0x08009634        0xc build/debug/usbd_conf.o
                0x08009634                HAL_PCD_ISOOUTIncompleteCallback
 .text.HAL_PCD_ISOINIncompleteCallback
                0x08009640        0xc build/debug/usbd_conf.o
                0x08009640                HAL_PCD_ISOINIncompleteCallback
 .text.HAL_PCD_ConnectCallback
                0x0800964c        0xc build/debug/usbd_conf.o
                0x0800964c                HAL_PCD_ConnectCallback
 .text.HAL_PCD_DisconnectCallback
                0x08009658        0xc build/debug/usbd_conf.o
                0x08009658                HAL_PCD_DisconnectCallback
 .text.USBD_LL_Init
                0x08009664       0x70 build/debug/usbd_conf.o
                0x08009664                USBD_LL_Init
 .text.USBD_LL_IsStallEP
                0x080096d4       0x2c build/debug/usbd_conf.o
                0x080096d4                USBD_LL_IsStallEP
 .text.USBD_LL_GetRxDataSize
                0x08009700        0xc build/debug/usbd_conf.o
                0x08009700                USBD_LL_GetRxDataSize
 .text.USBD_static_malloc
                0x0800970c        0x8 build/debug/usbd_conf.o
                0x0800970c                USBD_static_malloc
 .text.USBD_static_free
                0x08009714        0x2 build/debug/usbd_conf.o
                0x08009714                USBD_static_free
 .text.USBD_Get_USB_Status
                0x08009716       0x14 build/debug/usbd_conf.o
                0x08009716                USBD_Get_USB_Status
 .text.USBD_LL_Start
                0x0800972a       0x10 build/debug/usbd_conf.o
                0x0800972a                USBD_LL_Start
 .text.USBD_LL_OpenEP
                0x0800973a       0x16 build/debug/usbd_conf.o
                0x0800973a                USBD_LL_OpenEP
 .text.USBD_LL_CloseEP
                0x08009750       0x10 build/debug/usbd_conf.o
                0x08009750                USBD_LL_CloseEP
 .text.USBD_LL_StallEP
                0x08009760       0x10 build/debug/usbd_conf.o
                0x08009760                USBD_LL_StallEP
 .text.USBD_LL_ClearStallEP
                0x08009770       0x10 build/debug/usbd_conf.o
                0x08009770                USBD_LL_ClearStallEP
 .text.USBD_LL_SetUSBAddress
                0x08009780       0x10 build/debug/usbd_conf.o
                0x08009780                USBD_LL_SetUSBAddress
 .text.USBD_LL_Transmit
                0x08009790       0x10 build/debug/usbd_conf.o
                0x08009790                USBD_LL_Transmit
 .text.USBD_LL_PrepareReceive
                0x080097a0       0x10 build/debug/usbd_conf.o
                0x080097a0                USBD_LL_PrepareReceive
 .text.USBD_Init
                0x080097b0       0x2e build/debug/usbd_core.o
                0x080097b0                USBD_Init
 .text.USBD_RegisterClass
                0x080097de       0x40 build/debug/usbd_core.o
                0x080097de                USBD_RegisterClass
 .text.USBD_Start
                0x0800981e        0x8 build/debug/usbd_core.o
                0x0800981e                USBD_Start
 .text.USBD_SetClassConfig
                0x08009826       0x12 build/debug/usbd_core.o
                0x08009826                USBD_SetClassConfig
 .text.USBD_ClrClassConfig
                0x08009838       0x12 build/debug/usbd_core.o
                0x08009838                USBD_ClrClassConfig
 .text.USBD_LL_SetupStage
                0x0800984a       0x58 build/debug/usbd_core.o
                0x0800984a                USBD_LL_SetupStage
 .text.USBD_LL_Reset
                0x080098a2       0x64 build/debug/usbd_core.o
                0x080098a2                USBD_LL_Reset
 .text.USBD_LL_SetSpeed
                0x08009906        0x6 build/debug/usbd_core.o
                0x08009906                USBD_LL_SetSpeed
 .text.USBD_LL_Suspend
                0x0800990c       0x1c build/debug/usbd_core.o
                0x0800990c                USBD_LL_Suspend
 .text.USBD_LL_Resume
                0x08009928       0x18 build/debug/usbd_core.o
                0x08009928                USBD_LL_Resume
 .text.USBD_LL_SOF
                0x08009940       0x20 build/debug/usbd_core.o
                0x08009940                USBD_LL_SOF
 .text.USBD_LL_IsoINIncomplete
                0x08009960       0x2c build/debug/usbd_core.o
                0x08009960                USBD_LL_IsoINIncomplete
 .text.USBD_LL_IsoOUTIncomplete
                0x0800998c       0x2c build/debug/usbd_core.o
                0x0800998c                USBD_LL_IsoOUTIncomplete
 .text.USBD_LL_DevConnected
                0x080099b8        0x4 build/debug/usbd_core.o
                0x080099b8                USBD_LL_DevConnected
 .text.USBD_LL_DevDisconnected
                0x080099bc       0x20 build/debug/usbd_core.o
                0x080099bc                USBD_LL_DevDisconnected
 .text.USBD_CoreFindIF
                0x080099dc        0x4 build/debug/usbd_core.o
                0x080099dc                USBD_CoreFindIF
 .text.USBD_CoreFindEP
                0x080099e0        0x4 build/debug/usbd_core.o
                0x080099e0                USBD_CoreFindEP
 .text.USBD_LL_DataOutStage
                0x080099e4       0xc0 build/debug/usbd_core.o
                0x080099e4                USBD_LL_DataOutStage
 .text.USBD_LL_DataInStage
                0x08009aa4       0xd2 build/debug/usbd_core.o
                0x08009aa4                USBD_LL_DataInStage
 .text.USBD_GetNextDesc
                0x08009b76        0xe build/debug/usbd_core.o
                0x08009b76                USBD_GetNextDesc
 .text.USBD_GetEpDesc
                0x08009b84       0x3e build/debug/usbd_core.o
                0x08009b84                USBD_GetEpDesc
 .text.USBD_GetLen
                0x08009bc2       0x14 build/debug/usbd_ctlreq.o
 .text.USBD_ParseSetupRequest
                0x08009bd6       0x28 build/debug/usbd_ctlreq.o
                0x08009bd6                USBD_ParseSetupRequest
 .text.USBD_CtlError
                0x08009bfe       0x14 build/debug/usbd_ctlreq.o
                0x08009bfe                USBD_CtlError
 .text.USBD_GetDescriptor
                0x08009c12      0x18a build/debug/usbd_ctlreq.o
 .text.USBD_SetAddress
                0x08009d9c       0x4e build/debug/usbd_ctlreq.o
 *fill*         0x08009dea        0x2 
 .text.USBD_SetConfig
                0x08009dec       0xcc build/debug/usbd_ctlreq.o
 .text.USBD_GetConfig
                0x08009eb8       0x40 build/debug/usbd_ctlreq.o
 .text.USBD_GetStatus
                0x08009ef8       0x38 build/debug/usbd_ctlreq.o
 .text.USBD_SetFeature
                0x08009f30       0x2a build/debug/usbd_ctlreq.o
 .text.USBD_ClrFeature
                0x08009f5a       0x26 build/debug/usbd_ctlreq.o
 .text.USBD_StdDevReq
                0x08009f80       0x76 build/debug/usbd_ctlreq.o
                0x08009f80                USBD_StdDevReq
 .text.USBD_StdItfReq
                0x08009ff6       0x84 build/debug/usbd_ctlreq.o
                0x08009ff6                USBD_StdItfReq
 .text.USBD_StdEPReq
                0x0800a07a      0x23a build/debug/usbd_ctlreq.o
                0x0800a07a                USBD_StdEPReq
 .text.USBD_GetString
                0x0800a2b4       0x46 build/debug/usbd_ctlreq.o
                0x0800a2b4                USBD_GetString
 *fill*         0x0800a2fa        0x2 
 .text.USBD_HS_DeviceDescriptor
                0x0800a2fc        0xc build/debug/usbd_desc.o
                0x0800a2fc                USBD_HS_DeviceDescriptor
 .text.USBD_HS_LangIDStrDescriptor
                0x0800a308        0xc build/debug/usbd_desc.o
                0x0800a308                USBD_HS_LangIDStrDescriptor
 .text.IntToUnicode
                0x0800a314       0x46 build/debug/usbd_desc.o
 *fill*         0x0800a35a        0x2 
 .text.Get_SerialNum
                0x0800a35c       0x38 build/debug/usbd_desc.o
 .text.USBD_HS_SerialStrDescriptor
                0x0800a394       0x14 build/debug/usbd_desc.o
                0x0800a394                USBD_HS_SerialStrDescriptor
 .text.USBD_HS_ProductStrDescriptor
                0x0800a3a8       0x24 build/debug/usbd_desc.o
                0x0800a3a8                USBD_HS_ProductStrDescriptor
 .text.USBD_HS_ManufacturerStrDescriptor
                0x0800a3cc       0x1c build/debug/usbd_desc.o
                0x0800a3cc                USBD_HS_ManufacturerStrDescriptor
 .text.USBD_HS_ConfigStrDescriptor
                0x0800a3e8       0x24 build/debug/usbd_desc.o
                0x0800a3e8                USBD_HS_ConfigStrDescriptor
 .text.USBD_HS_InterfaceStrDescriptor
                0x0800a40c       0x24 build/debug/usbd_desc.o
                0x0800a40c                USBD_HS_InterfaceStrDescriptor
 .text.USBD_CtlSendData
                0x0800a430       0x1a build/debug/usbd_ioreq.o
                0x0800a430                USBD_CtlSendData
 .text.USBD_CtlContinueSendData
                0x0800a44a       0x10 build/debug/usbd_ioreq.o
                0x0800a44a                USBD_CtlContinueSendData
 .text.USBD_CtlPrepareRx
                0x0800a45a       0x1e build/debug/usbd_ioreq.o
                0x0800a45a                USBD_CtlPrepareRx
 .text.USBD_CtlContinueRx
                0x0800a478       0x10 build/debug/usbd_ioreq.o
                0x0800a478                USBD_CtlContinueRx
 .text.USBD_CtlSendStatus
                0x0800a488       0x16 build/debug/usbd_ioreq.o
                0x0800a488                USBD_CtlSendStatus
 .text.USBD_CtlReceiveStatus
                0x0800a49e       0x16 build/debug/usbd_ioreq.o
                0x0800a49e                USBD_CtlReceiveStatus
 .text.Reset_Handler
                0x0800a4b4       0x54 build/debug/startup_stm32h725xx.o
                0x0800a4b4                Reset_Handler
 .text.Default_Handler
                0x0800a508        0x2 build/debug/startup_stm32h725xx.o
                0x0800a508                RTC_Alarm_IRQHandler
                0x0800a508                EXTI2_IRQHandler
                0x0800a508                TIM8_CC_IRQHandler
                0x0800a508                UART8_IRQHandler
                0x0800a508                SPI4_IRQHandler
                0x0800a508                FDCAN3_IT0_IRQHandler
                0x0800a508                TIM1_CC_IRQHandler
                0x0800a508                BDMA_Channel6_IRQHandler
                0x0800a508                DMA2_Stream5_IRQHandler
                0x0800a508                DMA1_Stream5_IRQHandler
                0x0800a508                CORDIC_IRQHandler
                0x0800a508                BDMA_Channel1_IRQHandler
                0x0800a508                TAMP_STAMP_IRQHandler
                0x0800a508                EXTI3_IRQHandler
                0x0800a508                LPTIM4_IRQHandler
                0x0800a508                TIM8_TRG_COM_TIM14_IRQHandler
                0x0800a508                LPTIM2_IRQHandler
                0x0800a508                DFSDM1_FLT1_IRQHandler
                0x0800a508                DMAMUX2_OVR_IRQHandler
                0x0800a508                TIM8_UP_TIM13_IRQHandler
                0x0800a508                I2C3_ER_IRQHandler
                0x0800a508                DFSDM1_FLT2_IRQHandler
                0x0800a508                I2C5_EV_IRQHandler
                0x0800a508                USART10_IRQHandler
                0x0800a508                MDMA_IRQHandler
                0x0800a508                LPTIM3_IRQHandler
                0x0800a508                HSEM1_IRQHandler
                0x0800a508                EXTI0_IRQHandler
                0x0800a508                I2C2_EV_IRQHandler
                0x0800a508                DMA1_Stream2_IRQHandler
                0x0800a508                FPU_IRQHandler
                0x0800a508                OTG_HS_WKUP_IRQHandler
                0x0800a508                FDCAN1_IT1_IRQHandler
                0x0800a508                LTDC_ER_IRQHandler
                0x0800a508                DMA2_Stream2_IRQHandler
                0x0800a508                SPI1_IRQHandler
                0x0800a508                OCTOSPI1_IRQHandler
                0x0800a508                TIM6_DAC_IRQHandler
                0x0800a508                DMA2_Stream3_IRQHandler
                0x0800a508                OCTOSPI2_IRQHandler
                0x0800a508                DFSDM1_FLT3_IRQHandler
                0x0800a508                TIM23_IRQHandler
                0x0800a508                USART6_IRQHandler
                0x0800a508                TIM17_IRQHandler
                0x0800a508                USART3_IRQHandler
                0x0800a508                BDMA_Channel7_IRQHandler
                0x0800a508                LPTIM5_IRQHandler
                0x0800a508                UART5_IRQHandler
                0x0800a508                ADC3_IRQHandler
                0x0800a508                DMA2_Stream0_IRQHandler
                0x0800a508                TIM4_IRQHandler
                0x0800a508                BDMA_Channel2_IRQHandler
                0x0800a508                I2C1_EV_IRQHandler
                0x0800a508                DMA1_Stream6_IRQHandler
                0x0800a508                DMAMUX1_OVR_IRQHandler
                0x0800a508                DMA1_Stream1_IRQHandler
                0x0800a508                TIM16_IRQHandler
                0x0800a508                UART4_IRQHandler
                0x0800a508                BDMA_Channel5_IRQHandler
                0x0800a508                TIM3_IRQHandler
                0x0800a508                RCC_IRQHandler
                0x0800a508                UART9_IRQHandler
                0x0800a508                TIM8_BRK_TIM12_IRQHandler
                0x0800a508                TIM1_TRG_COM_IRQHandler
                0x0800a508                Default_Handler
                0x0800a508                ECC_IRQHandler
                0x0800a508                FMAC_IRQHandler
                0x0800a508                CEC_IRQHandler
                0x0800a508                EXTI15_10_IRQHandler
                0x0800a508                BDMA_Channel0_IRQHandler
                0x0800a508                ADC_IRQHandler
                0x0800a508                I2C5_ER_IRQHandler
                0x0800a508                DMA1_Stream7_IRQHandler
                0x0800a508                SPI5_IRQHandler
                0x0800a508                TIM7_IRQHandler
                0x0800a508                FDCAN3_IT1_IRQHandler
                0x0800a508                SDMMC1_IRQHandler
                0x0800a508                TIM5_IRQHandler
                0x0800a508                DMA2_Stream7_IRQHandler
                0x0800a508                TIM15_IRQHandler
                0x0800a508                PVD_AVD_IRQHandler
                0x0800a508                I2C3_EV_IRQHandler
                0x0800a508                EXTI9_5_IRQHandler
                0x0800a508                RTC_WKUP_IRQHandler
                0x0800a508                LTDC_IRQHandler
                0x0800a508                ETH_WKUP_IRQHandler
                0x0800a508                SPDIF_RX_IRQHandler
                0x0800a508                SPI2_IRQHandler
                0x0800a508                DMA1_Stream0_IRQHandler
                0x0800a508                TIM24_IRQHandler
                0x0800a508                CRS_IRQHandler
                0x0800a508                EXTI4_IRQHandler
                0x0800a508                RNG_IRQHandler
                0x0800a508                FDCAN2_IT1_IRQHandler
                0x0800a508                ETH_IRQHandler
                0x0800a508                TIM1_UP_IRQHandler
                0x0800a508                BDMA_Channel4_IRQHandler
                0x0800a508                WWDG_IRQHandler
                0x0800a508                SPI6_IRQHandler
                0x0800a508                MDIOS_IRQHandler
                0x0800a508                I2C4_EV_IRQHandler
                0x0800a508                FDCAN2_IT0_IRQHandler
                0x0800a508                LPUART1_IRQHandler
                0x0800a508                FDCAN1_IT0_IRQHandler
                0x0800a508                TIM2_IRQHandler
                0x0800a508                DMA2D_IRQHandler
                0x0800a508                TIM1_BRK_IRQHandler
                0x0800a508                EXTI1_IRQHandler
                0x0800a508                SDMMC2_IRQHandler
                0x0800a508                BDMA_Channel3_IRQHandler
                0x0800a508                DTS_IRQHandler
                0x0800a508                UART7_IRQHandler
                0x0800a508                MDIOS_WKUP_IRQHandler
                0x0800a508                USART2_IRQHandler
                0x0800a508                DFSDM1_FLT0_IRQHandler
                0x0800a508                SAI4_IRQHandler
                0x0800a508                I2C2_ER_IRQHandler
                0x0800a508                DMA2_Stream1_IRQHandler
                0x0800a508                FLASH_IRQHandler
                0x0800a508                DMA2_Stream4_IRQHandler
                0x0800a508                USART1_IRQHandler
                0x0800a508                SPI3_IRQHandler
                0x0800a508                WAKEUP_PIN_IRQHandler
                0x0800a508                DMA1_Stream4_IRQHandler
                0x0800a508                I2C1_ER_IRQHandler
                0x0800a508                FMC_IRQHandler
                0x0800a508                FDCAN_CAL_IRQHandler
                0x0800a508                SWPMI1_IRQHandler
                0x0800a508                COMP1_IRQHandler
                0x0800a508                LPTIM1_IRQHandler
                0x0800a508                DCMI_PSSI_IRQHandler
                0x0800a508                I2C4_ER_IRQHandler
                0x0800a508                DMA2_Stream6_IRQHandler
                0x0800a508                SAI1_IRQHandler
                0x0800a508                DMA1_Stream3_IRQHandler
 .text.__cvt    0x0800a50a       0xa8 c:/Users/thewo/AppData/Roaming/Code/User/globalStorage/bmd.stm32-for-vscode/@xpack-dev-tools/arm-none-eabi-gcc/14.2.1-1.1.1/.content/bin/../lib/gcc/arm-none-eabi/14.2.1/../../../../arm-none-eabi/lib/thumb/v7e-m+dp/hard\libc_nano.a(libc_a-nano-vfprintf_float.o)
                0x0800a50a                __cvt
 .text.__exponent
                0x0800a5b2       0x74 c:/Users/thewo/AppData/Roaming/Code/User/globalStorage/bmd.stm32-for-vscode/@xpack-dev-tools/arm-none-eabi-gcc/14.2.1-1.1.1/.content/bin/../lib/gcc/arm-none-eabi/14.2.1/../../../../arm-none-eabi/lib/thumb/v7e-m+dp/hard\libc_nano.a(libc_a-nano-vfprintf_float.o)
                0x0800a5b2                __exponent
 *fill*         0x0800a626        0x2 
 .text._printf_float
                0x0800a628      0x434 c:/Users/thewo/AppData/Roaming/Code/User/globalStorage/bmd.stm32-for-vscode/@xpack-dev-tools/arm-none-eabi-gcc/14.2.1-1.1.1/.content/bin/../lib/gcc/arm-none-eabi/14.2.1/../../../../arm-none-eabi/lib/thumb/v7e-m+dp/hard\libc_nano.a(libc_a-nano-vfprintf_float.o)
                0x0800a628                _printf_float
 .text._printf_common
                0x0800aa5c       0xda c:/Users/thewo/AppData/Roaming/Code/User/globalStorage/bmd.stm32-for-vscode/@xpack-dev-tools/arm-none-eabi-gcc/14.2.1-1.1.1/.content/bin/../lib/gcc/arm-none-eabi/14.2.1/../../../../arm-none-eabi/lib/thumb/v7e-m+dp/hard\libc_nano.a(libc_a-nano-vfprintf_i.o)
                0x0800aa5c                _printf_common
 *fill*         0x0800ab36        0x2 
 .text._printf_i
                0x0800ab38      0x240 c:/Users/thewo/AppData/Roaming/Code/User/globalStorage/bmd.stm32-for-vscode/@xpack-dev-tools/arm-none-eabi-gcc/14.2.1-1.1.1/.content/bin/../lib/gcc/arm-none-eabi/14.2.1/../../../../arm-none-eabi/lib/thumb/v7e-m+dp/hard\libc_nano.a(libc_a-nano-vfprintf_i.o)
                0x0800ab38                _printf_i
 .text.std      0x0800ad78       0x6c c:/Users/thewo/AppData/Roaming/Code/User/globalStorage/bmd.stm32-for-vscode/@xpack-dev-tools/arm-none-eabi-gcc/14.2.1-1.1.1/.content/bin/../lib/gcc/arm-none-eabi/14.2.1/../../../../arm-none-eabi/lib/thumb/v7e-m+dp/hard\libc_nano.a(libc_a-findfp.o)
 .text.stdio_exit_handler
                0x0800ade4       0x18 c:/Users/thewo/AppData/Roaming/Code/User/globalStorage/bmd.stm32-for-vscode/@xpack-dev-tools/arm-none-eabi-gcc/14.2.1-1.1.1/.content/bin/../lib/gcc/arm-none-eabi/14.2.1/../../../../arm-none-eabi/lib/thumb/v7e-m+dp/hard\libc_nano.a(libc_a-findfp.o)
 .text.cleanup_stdio
                0x0800adfc       0x40 c:/Users/thewo/AppData/Roaming/Code/User/globalStorage/bmd.stm32-for-vscode/@xpack-dev-tools/arm-none-eabi-gcc/14.2.1-1.1.1/.content/bin/../lib/gcc/arm-none-eabi/14.2.1/../../../../arm-none-eabi/lib/thumb/v7e-m+dp/hard\libc_nano.a(libc_a-findfp.o)
 .text.global_stdio_init.part.0
                0x0800ae3c       0x40 c:/Users/thewo/AppData/Roaming/Code/User/globalStorage/bmd.stm32-for-vscode/@xpack-dev-tools/arm-none-eabi-gcc/14.2.1-1.1.1/.content/bin/../lib/gcc/arm-none-eabi/14.2.1/../../../../arm-none-eabi/lib/thumb/v7e-m+dp/hard\libc_nano.a(libc_a-findfp.o)
 .text.__sfp_lock_acquire
                0x0800ae7c        0xc c:/Users/thewo/AppData/Roaming/Code/User/globalStorage/bmd.stm32-for-vscode/@xpack-dev-tools/arm-none-eabi-gcc/14.2.1-1.1.1/.content/bin/../lib/gcc/arm-none-eabi/14.2.1/../../../../arm-none-eabi/lib/thumb/v7e-m+dp/hard\libc_nano.a(libc_a-findfp.o)
                0x0800ae7c                __sfp_lock_acquire
 .text.__sfp_lock_release
                0x0800ae88        0xc c:/Users/thewo/AppData/Roaming/Code/User/globalStorage/bmd.stm32-for-vscode/@xpack-dev-tools/arm-none-eabi-gcc/14.2.1-1.1.1/.content/bin/../lib/gcc/arm-none-eabi/14.2.1/../../../../arm-none-eabi/lib/thumb/v7e-m+dp/hard\libc_nano.a(libc_a-findfp.o)
                0x0800ae88                __sfp_lock_release
 .text.__sinit  0x0800ae94       0x30 c:/Users/thewo/AppData/Roaming/Code/User/globalStorage/bmd.stm32-for-vscode/@xpack-dev-tools/arm-none-eabi-gcc/14.2.1-1.1.1/.content/bin/../lib/gcc/arm-none-eabi/14.2.1/../../../../arm-none-eabi/lib/thumb/v7e-m+dp/hard\libc_nano.a(libc_a-findfp.o)
                0x0800ae94                __sinit
 .text._fwalk_sglue
                0x0800aec4       0x3c c:/Users/thewo/AppData/Roaming/Code/User/globalStorage/bmd.stm32-for-vscode/@xpack-dev-tools/arm-none-eabi-gcc/14.2.1-1.1.1/.content/bin/../lib/gcc/arm-none-eabi/14.2.1/../../../../arm-none-eabi/lib/thumb/v7e-m+dp/hard\libc_nano.a(libc_a-fwalk.o)
                0x0800aec4                _fwalk_sglue
 .text.snprintf
                0x0800af00       0x6c c:/Users/thewo/AppData/Roaming/Code/User/globalStorage/bmd.stm32-for-vscode/@xpack-dev-tools/arm-none-eabi-gcc/14.2.1-1.1.1/.content/bin/../lib/gcc/arm-none-eabi/14.2.1/../../../../arm-none-eabi/lib/thumb/v7e-m+dp/hard\libc_nano.a(libc_a-snprintf.o)
                0x0800af00                sniprintf
                0x0800af00                snprintf
 .text.__sread  0x0800af6c       0x22 c:/Users/thewo/AppData/Roaming/Code/User/globalStorage/bmd.stm32-for-vscode/@xpack-dev-tools/arm-none-eabi-gcc/14.2.1-1.1.1/.content/bin/../lib/gcc/arm-none-eabi/14.2.1/../../../../arm-none-eabi/lib/thumb/v7e-m+dp/hard\libc_nano.a(libc_a-stdio.o)
                0x0800af6c                __sread
 .text.__swrite
                0x0800af8e       0x38 c:/Users/thewo/AppData/Roaming/Code/User/globalStorage/bmd.stm32-for-vscode/@xpack-dev-tools/arm-none-eabi-gcc/14.2.1-1.1.1/.content/bin/../lib/gcc/arm-none-eabi/14.2.1/../../../../arm-none-eabi/lib/thumb/v7e-m+dp/hard\libc_nano.a(libc_a-stdio.o)
                0x0800af8e                __swrite
 .text.__sseek  0x0800afc6       0x26 c:/Users/thewo/AppData/Roaming/Code/User/globalStorage/bmd.stm32-for-vscode/@xpack-dev-tools/arm-none-eabi-gcc/14.2.1-1.1.1/.content/bin/../lib/gcc/arm-none-eabi/14.2.1/../../../../arm-none-eabi/lib/thumb/v7e-m+dp/hard\libc_nano.a(libc_a-stdio.o)
                0x0800afc6                __sseek
 .text.__sclose
                0x0800afec        0x8 c:/Users/thewo/AppData/Roaming/Code/User/globalStorage/bmd.stm32-for-vscode/@xpack-dev-tools/arm-none-eabi-gcc/14.2.1-1.1.1/.content/bin/../lib/gcc/arm-none-eabi/14.2.1/../../../../arm-none-eabi/lib/thumb/v7e-m+dp/hard\libc_nano.a(libc_a-stdio.o)
                0x0800afec                __sclose
 .text.memset   0x0800aff4       0x10 c:/Users/thewo/AppData/Roaming/Code/User/globalStorage/bmd.stm32-for-vscode/@xpack-dev-tools/arm-none-eabi-gcc/14.2.1-1.1.1/.content/bin/../lib/gcc/arm-none-eabi/14.2.1/../../../../arm-none-eabi/lib/thumb/v7e-m+dp/hard\libc_nano.a(libc_a-memset.o)
                0x0800aff4                memset
 .text._localeconv_r
                0x0800b004        0x8 c:/Users/thewo/AppData/Roaming/Code/User/globalStorage/bmd.stm32-for-vscode/@xpack-dev-tools/arm-none-eabi-gcc/14.2.1-1.1.1/.content/bin/../lib/gcc/arm-none-eabi/14.2.1/../../../../arm-none-eabi/lib/thumb/v7e-m+dp/hard\libc_nano.a(libc_a-localeconv.o)
                0x0800b004                _localeconv_r
 .text._close_r
                0x0800b00c       0x20 c:/Users/thewo/AppData/Roaming/Code/User/globalStorage/bmd.stm32-for-vscode/@xpack-dev-tools/arm-none-eabi-gcc/14.2.1-1.1.1/.content/bin/../lib/gcc/arm-none-eabi/14.2.1/../../../../arm-none-eabi/lib/thumb/v7e-m+dp/hard\libc_nano.a(libc_a-closer.o)
                0x0800b00c                _close_r
 .text._lseek_r
                0x0800b02c       0x24 c:/Users/thewo/AppData/Roaming/Code/User/globalStorage/bmd.stm32-for-vscode/@xpack-dev-tools/arm-none-eabi-gcc/14.2.1-1.1.1/.content/bin/../lib/gcc/arm-none-eabi/14.2.1/../../../../arm-none-eabi/lib/thumb/v7e-m+dp/hard\libc_nano.a(libc_a-lseekr.o)
                0x0800b02c                _lseek_r
 .text._read_r  0x0800b050       0x24 c:/Users/thewo/AppData/Roaming/Code/User/globalStorage/bmd.stm32-for-vscode/@xpack-dev-tools/arm-none-eabi-gcc/14.2.1-1.1.1/.content/bin/../lib/gcc/arm-none-eabi/14.2.1/../../../../arm-none-eabi/lib/thumb/v7e-m+dp/hard\libc_nano.a(libc_a-readr.o)
                0x0800b050                _read_r
 .text._write_r
                0x0800b074       0x24 c:/Users/thewo/AppData/Roaming/Code/User/globalStorage/bmd.stm32-for-vscode/@xpack-dev-tools/arm-none-eabi-gcc/14.2.1-1.1.1/.content/bin/../lib/gcc/arm-none-eabi/14.2.1/../../../../arm-none-eabi/lib/thumb/v7e-m+dp/hard\libc_nano.a(libc_a-writer.o)
                0x0800b074                _write_r
 .text.__errno  0x0800b098        0xc c:/Users/thewo/AppData/Roaming/Code/User/globalStorage/bmd.stm32-for-vscode/@xpack-dev-tools/arm-none-eabi-gcc/14.2.1-1.1.1/.content/bin/../lib/gcc/arm-none-eabi/14.2.1/../../../../arm-none-eabi/lib/thumb/v7e-m+dp/hard\libc_nano.a(libc_a-errno.o)
                0x0800b098                __errno
 .text.__libc_init_array
                0x0800b0a4       0x48 c:/Users/thewo/AppData/Roaming/Code/User/globalStorage/bmd.stm32-for-vscode/@xpack-dev-tools/arm-none-eabi-gcc/14.2.1-1.1.1/.content/bin/../lib/gcc/arm-none-eabi/14.2.1/../../../../arm-none-eabi/lib/thumb/v7e-m+dp/hard\libc_nano.a(libc_a-init.o)
                0x0800b0a4                __libc_init_array
 .text.__retarget_lock_init_recursive
                0x0800b0ec        0x2 c:/Users/thewo/AppData/Roaming/Code/User/globalStorage/bmd.stm32-for-vscode/@xpack-dev-tools/arm-none-eabi-gcc/14.2.1-1.1.1/.content/bin/../lib/gcc/arm-none-eabi/14.2.1/../../../../arm-none-eabi/lib/thumb/v7e-m+dp/hard\libc_nano.a(libc_a-lock.o)
                0x0800b0ec                __retarget_lock_init_recursive
 .text.__retarget_lock_acquire_recursive
                0x0800b0ee        0x2 c:/Users/thewo/AppData/Roaming/Code/User/globalStorage/bmd.stm32-for-vscode/@xpack-dev-tools/arm-none-eabi-gcc/14.2.1-1.1.1/.content/bin/../lib/gcc/arm-none-eabi/14.2.1/../../../../arm-none-eabi/lib/thumb/v7e-m+dp/hard\libc_nano.a(libc_a-lock.o)
                0x0800b0ee                __retarget_lock_acquire_recursive
 .text.__retarget_lock_release_recursive
                0x0800b0f0        0x2 c:/Users/thewo/AppData/Roaming/Code/User/globalStorage/bmd.stm32-for-vscode/@xpack-dev-tools/arm-none-eabi-gcc/14.2.1-1.1.1/.content/bin/../lib/gcc/arm-none-eabi/14.2.1/../../../../arm-none-eabi/lib/thumb/v7e-m+dp/hard\libc_nano.a(libc_a-lock.o)
                0x0800b0f0                __retarget_lock_release_recursive
 .text.strcpy   0x0800b0f2       0x10 c:/Users/thewo/AppData/Roaming/Code/User/globalStorage/bmd.stm32-for-vscode/@xpack-dev-tools/arm-none-eabi-gcc/14.2.1-1.1.1/.content/bin/../lib/gcc/arm-none-eabi/14.2.1/../../../../arm-none-eabi/lib/thumb/v7e-m+dp/hard\libc_nano.a(libc_a-strcpy.o)
                0x0800b0f2                strcpy
 .text.quorem   0x0800b102      0x110 c:/Users/thewo/AppData/Roaming/Code/User/globalStorage/bmd.stm32-for-vscode/@xpack-dev-tools/arm-none-eabi-gcc/14.2.1-1.1.1/.content/bin/../lib/gcc/arm-none-eabi/14.2.1/../../../../arm-none-eabi/lib/thumb/v7e-m+dp/hard\libc_nano.a(libc_a-dtoa.o)
 *fill*         0x0800b212        0x6 
 .text._dtoa_r  0x0800b218      0xa9c c:/Users/thewo/AppData/Roaming/Code/User/globalStorage/bmd.stm32-for-vscode/@xpack-dev-tools/arm-none-eabi-gcc/14.2.1-1.1.1/.content/bin/../lib/gcc/arm-none-eabi/14.2.1/../../../../arm-none-eabi/lib/thumb/v7e-m+dp/hard\libc_nano.a(libc_a-dtoa.o)
                0x0800b218                _dtoa_r
 .text._free_r  0x0800bcb4       0x94 c:/Users/thewo/AppData/Roaming/Code/User/globalStorage/bmd.stm32-for-vscode/@xpack-dev-tools/arm-none-eabi-gcc/14.2.1-1.1.1/.content/bin/../lib/gcc/arm-none-eabi/14.2.1/../../../../arm-none-eabi/lib/thumb/v7e-m+dp/hard\libc_nano.a(libc_a-freer.o)
                0x0800bcb4                _free_r
 .text.malloc   0x0800bd48       0x10 c:/Users/thewo/AppData/Roaming/Code/User/globalStorage/bmd.stm32-for-vscode/@xpack-dev-tools/arm-none-eabi-gcc/14.2.1-1.1.1/.content/bin/../lib/gcc/arm-none-eabi/14.2.1/../../../../arm-none-eabi/lib/thumb/v7e-m+dp/hard\libc_nano.a(libc_a-malloc.o)
                0x0800bd48                malloc
 .text.sbrk_aligned
                0x0800bd58       0x44 c:/Users/thewo/AppData/Roaming/Code/User/globalStorage/bmd.stm32-for-vscode/@xpack-dev-tools/arm-none-eabi-gcc/14.2.1-1.1.1/.content/bin/../lib/gcc/arm-none-eabi/14.2.1/../../../../arm-none-eabi/lib/thumb/v7e-m+dp/hard\libc_nano.a(libc_a-mallocr.o)
 .text._malloc_r
                0x0800bd9c      0x100 c:/Users/thewo/AppData/Roaming/Code/User/globalStorage/bmd.stm32-for-vscode/@xpack-dev-tools/arm-none-eabi-gcc/14.2.1-1.1.1/.content/bin/../lib/gcc/arm-none-eabi/14.2.1/../../../../arm-none-eabi/lib/thumb/v7e-m+dp/hard\libc_nano.a(libc_a-mallocr.o)
                0x0800bd9c                _malloc_r
 .text.__malloc_lock
                0x0800be9c        0xc c:/Users/thewo/AppData/Roaming/Code/User/globalStorage/bmd.stm32-for-vscode/@xpack-dev-tools/arm-none-eabi-gcc/14.2.1-1.1.1/.content/bin/../lib/gcc/arm-none-eabi/14.2.1/../../../../arm-none-eabi/lib/thumb/v7e-m+dp/hard\libc_nano.a(libc_a-mlock.o)
                0x0800be9c                __malloc_lock
 .text.__malloc_unlock
                0x0800bea8        0xc c:/Users/thewo/AppData/Roaming/Code/User/globalStorage/bmd.stm32-for-vscode/@xpack-dev-tools/arm-none-eabi-gcc/14.2.1-1.1.1/.content/bin/../lib/gcc/arm-none-eabi/14.2.1/../../../../arm-none-eabi/lib/thumb/v7e-m+dp/hard\libc_nano.a(libc_a-mlock.o)
                0x0800bea8                __malloc_unlock
 .text._Balloc  0x0800beb4       0x7c c:/Users/thewo/AppData/Roaming/Code/User/globalStorage/bmd.stm32-for-vscode/@xpack-dev-tools/arm-none-eabi-gcc/14.2.1-1.1.1/.content/bin/../lib/gcc/arm-none-eabi/14.2.1/../../../../arm-none-eabi/lib/thumb/v7e-m+dp/hard\libc_nano.a(libc_a-mprec.o)
                0x0800beb4                _Balloc
 .text._Bfree   0x0800bf30       0x44 c:/Users/thewo/AppData/Roaming/Code/User/globalStorage/bmd.stm32-for-vscode/@xpack-dev-tools/arm-none-eabi-gcc/14.2.1-1.1.1/.content/bin/../lib/gcc/arm-none-eabi/14.2.1/../../../../arm-none-eabi/lib/thumb/v7e-m+dp/hard\libc_nano.a(libc_a-mprec.o)
                0x0800bf30                _Bfree
 .text.__multadd
                0x0800bf74       0x8c c:/Users/thewo/AppData/Roaming/Code/User/globalStorage/bmd.stm32-for-vscode/@xpack-dev-tools/arm-none-eabi-gcc/14.2.1-1.1.1/.content/bin/../lib/gcc/arm-none-eabi/14.2.1/../../../../arm-none-eabi/lib/thumb/v7e-m+dp/hard\libc_nano.a(libc_a-mprec.o)
                0x0800bf74                __multadd
 .text.__hi0bits
                0x0800c000       0x3e c:/Users/thewo/AppData/Roaming/Code/User/globalStorage/bmd.stm32-for-vscode/@xpack-dev-tools/arm-none-eabi-gcc/14.2.1-1.1.1/.content/bin/../lib/gcc/arm-none-eabi/14.2.1/../../../../arm-none-eabi/lib/thumb/v7e-m+dp/hard\libc_nano.a(libc_a-mprec.o)
                0x0800c000                __hi0bits
 .text.__lo0bits
                0x0800c03e       0x5a c:/Users/thewo/AppData/Roaming/Code/User/globalStorage/bmd.stm32-for-vscode/@xpack-dev-tools/arm-none-eabi-gcc/14.2.1-1.1.1/.content/bin/../lib/gcc/arm-none-eabi/14.2.1/../../../../arm-none-eabi/lib/thumb/v7e-m+dp/hard\libc_nano.a(libc_a-mprec.o)
                0x0800c03e                __lo0bits
 .text.__i2b    0x0800c098       0x2c c:/Users/thewo/AppData/Roaming/Code/User/globalStorage/bmd.stm32-for-vscode/@xpack-dev-tools/arm-none-eabi-gcc/14.2.1-1.1.1/.content/bin/../lib/gcc/arm-none-eabi/14.2.1/../../../../arm-none-eabi/lib/thumb/v7e-m+dp/hard\libc_nano.a(libc_a-mprec.o)
                0x0800c098                __i2b
 .text.__multiply
                0x0800c0c4      0x154 c:/Users/thewo/AppData/Roaming/Code/User/globalStorage/bmd.stm32-for-vscode/@xpack-dev-tools/arm-none-eabi-gcc/14.2.1-1.1.1/.content/bin/../lib/gcc/arm-none-eabi/14.2.1/../../../../arm-none-eabi/lib/thumb/v7e-m+dp/hard\libc_nano.a(libc_a-mprec.o)
                0x0800c0c4                __multiply
 .text.__pow5mult
                0x0800c218       0xb8 c:/Users/thewo/AppData/Roaming/Code/User/globalStorage/bmd.stm32-for-vscode/@xpack-dev-tools/arm-none-eabi-gcc/14.2.1-1.1.1/.content/bin/../lib/gcc/arm-none-eabi/14.2.1/../../../../arm-none-eabi/lib/thumb/v7e-m+dp/hard\libc_nano.a(libc_a-mprec.o)
                0x0800c218                __pow5mult
 .text.__lshift
                0x0800c2d0       0xdc c:/Users/thewo/AppData/Roaming/Code/User/globalStorage/bmd.stm32-for-vscode/@xpack-dev-tools/arm-none-eabi-gcc/14.2.1-1.1.1/.content/bin/../lib/gcc/arm-none-eabi/14.2.1/../../../../arm-none-eabi/lib/thumb/v7e-m+dp/hard\libc_nano.a(libc_a-mprec.o)
                0x0800c2d0                __lshift
 .text.__mcmp   0x0800c3ac       0x36 c:/Users/thewo/AppData/Roaming/Code/User/globalStorage/bmd.stm32-for-vscode/@xpack-dev-tools/arm-none-eabi-gcc/14.2.1-1.1.1/.content/bin/../lib/gcc/arm-none-eabi/14.2.1/../../../../arm-none-eabi/lib/thumb/v7e-m+dp/hard\libc_nano.a(libc_a-mprec.o)
                0x0800c3ac                __mcmp
 *fill*         0x0800c3e2        0x2 
 .text.__mdiff  0x0800c3e4      0x130 c:/Users/thewo/AppData/Roaming/Code/User/globalStorage/bmd.stm32-for-vscode/@xpack-dev-tools/arm-none-eabi-gcc/14.2.1-1.1.1/.content/bin/../lib/gcc/arm-none-eabi/14.2.1/../../../../arm-none-eabi/lib/thumb/v7e-m+dp/hard\libc_nano.a(libc_a-mprec.o)
                0x0800c3e4                __mdiff
 .text.__d2b    0x0800c514       0xb0 c:/Users/thewo/AppData/Roaming/Code/User/globalStorage/bmd.stm32-for-vscode/@xpack-dev-tools/arm-none-eabi-gcc/14.2.1-1.1.1/.content/bin/../lib/gcc/arm-none-eabi/14.2.1/../../../../arm-none-eabi/lib/thumb/v7e-m+dp/hard\libc_nano.a(libc_a-mprec.o)
                0x0800c514                __d2b
 .text.__ssputs_r
                0x0800c5c4       0xc0 c:/Users/thewo/AppData/Roaming/Code/User/globalStorage/bmd.stm32-for-vscode/@xpack-dev-tools/arm-none-eabi-gcc/14.2.1-1.1.1/.content/bin/../lib/gcc/arm-none-eabi/14.2.1/../../../../arm-none-eabi/lib/thumb/v7e-m+dp/hard\libc_nano.a(libc_a-nano-svfprintf.o)
                0x0800c5c4                __ssputs_r
 .text._svfprintf_r
                0x0800c684      0x1f8 c:/Users/thewo/AppData/Roaming/Code/User/globalStorage/bmd.stm32-for-vscode/@xpack-dev-tools/arm-none-eabi-gcc/14.2.1-1.1.1/.content/bin/../lib/gcc/arm-none-eabi/14.2.1/../../../../arm-none-eabi/lib/thumb/v7e-m+dp/hard\libc_nano.a(libc_a-nano-svfprintf.o)
                0x0800c684                _svfiprintf_r
                0x0800c684                _svfprintf_r
 .text.__sflush_r
                0x0800c87c      0x104 c:/Users/thewo/AppData/Roaming/Code/User/globalStorage/bmd.stm32-for-vscode/@xpack-dev-tools/arm-none-eabi-gcc/14.2.1-1.1.1/.content/bin/../lib/gcc/arm-none-eabi/14.2.1/../../../../arm-none-eabi/lib/thumb/v7e-m+dp/hard\libc_nano.a(libc_a-fflush.o)
                0x0800c87c                __sflush_r
 .text._fflush_r
                0x0800c980       0x50 c:/Users/thewo/AppData/Roaming/Code/User/globalStorage/bmd.stm32-for-vscode/@xpack-dev-tools/arm-none-eabi-gcc/14.2.1-1.1.1/.content/bin/../lib/gcc/arm-none-eabi/14.2.1/../../../../arm-none-eabi/lib/thumb/v7e-m+dp/hard\libc_nano.a(libc_a-fflush.o)
                0x0800c980                _fflush_r
 .text.memmove  0x0800c9d0       0x32 c:/Users/thewo/AppData/Roaming/Code/User/globalStorage/bmd.stm32-for-vscode/@xpack-dev-tools/arm-none-eabi-gcc/14.2.1-1.1.1/.content/bin/../lib/gcc/arm-none-eabi/14.2.1/../../../../arm-none-eabi/lib/thumb/v7e-m+dp/hard\libc_nano.a(libc_a-memmove.o)
                0x0800c9d0                memmove
 *fill*         0x0800ca02        0x2 
 .text._sbrk_r  0x0800ca04       0x20 c:/Users/thewo/AppData/Roaming/Code/User/globalStorage/bmd.stm32-for-vscode/@xpack-dev-tools/arm-none-eabi-gcc/14.2.1-1.1.1/.content/bin/../lib/gcc/arm-none-eabi/14.2.1/../../../../arm-none-eabi/lib/thumb/v7e-m+dp/hard\libc_nano.a(libc_a-sbrkr.o)
                0x0800ca04                _sbrk_r
 .text.memcpy   0x0800ca24       0x1c c:/Users/thewo/AppData/Roaming/Code/User/globalStorage/bmd.stm32-for-vscode/@xpack-dev-tools/arm-none-eabi-gcc/14.2.1-1.1.1/.content/bin/../lib/gcc/arm-none-eabi/14.2.1/../../../../arm-none-eabi/lib/thumb/v7e-m+dp/hard\libc_nano.a(libc_a-memcpy-stub.o)
                0x0800ca24                memcpy
 .text.__assert_func
                0x0800ca40       0x3c c:/Users/thewo/AppData/Roaming/Code/User/globalStorage/bmd.stm32-for-vscode/@xpack-dev-tools/arm-none-eabi-gcc/14.2.1-1.1.1/.content/bin/../lib/gcc/arm-none-eabi/14.2.1/../../../../arm-none-eabi/lib/thumb/v7e-m+dp/hard\libc_nano.a(libc_a-assert.o)
                0x0800ca40                __assert_func
 .text._calloc_r
                0x0800ca7c       0x28 c:/Users/thewo/AppData/Roaming/Code/User/globalStorage/bmd.stm32-for-vscode/@xpack-dev-tools/arm-none-eabi-gcc/14.2.1-1.1.1/.content/bin/../lib/gcc/arm-none-eabi/14.2.1/../../../../arm-none-eabi/lib/thumb/v7e-m+dp/hard\libc_nano.a(libc_a-callocr.o)
                0x0800ca7c                _calloc_r
 .text.__ascii_mbtowc
                0x0800caa4       0x24 c:/Users/thewo/AppData/Roaming/Code/User/globalStorage/bmd.stm32-for-vscode/@xpack-dev-tools/arm-none-eabi-gcc/14.2.1-1.1.1/.content/bin/../lib/gcc/arm-none-eabi/14.2.1/../../../../arm-none-eabi/lib/thumb/v7e-m+dp/hard\libc_nano.a(libc_a-mbtowc_r.o)
                0x0800caa4                __ascii_mbtowc
 .text._realloc_r
                0x0800cac8       0x5c c:/Users/thewo/AppData/Roaming/Code/User/globalStorage/bmd.stm32-for-vscode/@xpack-dev-tools/arm-none-eabi-gcc/14.2.1-1.1.1/.content/bin/../lib/gcc/arm-none-eabi/14.2.1/../../../../arm-none-eabi/lib/thumb/v7e-m+dp/hard\libc_nano.a(libc_a-reallocr.o)
                0x0800cac8                _realloc_r
 .text.__ascii_wctomb
                0x0800cb24       0x1a c:/Users/thewo/AppData/Roaming/Code/User/globalStorage/bmd.stm32-for-vscode/@xpack-dev-tools/arm-none-eabi-gcc/14.2.1-1.1.1/.content/bin/../lib/gcc/arm-none-eabi/14.2.1/../../../../arm-none-eabi/lib/thumb/v7e-m+dp/hard\libc_nano.a(libc_a-wctomb_r.o)
                0x0800cb24                __ascii_wctomb
 *fill*         0x0800cb3e        0x2 
 .text.fprintf  0x0800cb40       0x24 c:/Users/thewo/AppData/Roaming/Code/User/globalStorage/bmd.stm32-for-vscode/@xpack-dev-tools/arm-none-eabi-gcc/14.2.1-1.1.1/.content/bin/../lib/gcc/arm-none-eabi/14.2.1/../../../../arm-none-eabi/lib/thumb/v7e-m+dp/hard\libc_nano.a(libc_a-fprintf.o)
                0x0800cb40                fiprintf
                0x0800cb40                fprintf
 .text.abort    0x0800cb64        0xe c:/Users/thewo/AppData/Roaming/Code/User/globalStorage/bmd.stm32-for-vscode/@xpack-dev-tools/arm-none-eabi-gcc/14.2.1-1.1.1/.content/bin/../lib/gcc/arm-none-eabi/14.2.1/../../../../arm-none-eabi/lib/thumb/v7e-m+dp/hard\libc_nano.a(libc_a-abort.o)
                0x0800cb64                abort
 .text._malloc_usable_size_r
                0x0800cb72       0x10 c:/Users/thewo/AppData/Roaming/Code/User/globalStorage/bmd.stm32-for-vscode/@xpack-dev-tools/arm-none-eabi-gcc/14.2.1-1.1.1/.content/bin/../lib/gcc/arm-none-eabi/14.2.1/../../../../arm-none-eabi/lib/thumb/v7e-m+dp/hard\libc_nano.a(libc_a-msizer.o)
                0x0800cb72                _malloc_usable_size_r
 .text.__sfputc_r
                0x0800cb82       0x2e c:/Users/thewo/AppData/Roaming/Code/User/globalStorage/bmd.stm32-for-vscode/@xpack-dev-tools/arm-none-eabi-gcc/14.2.1-1.1.1/.content/bin/../lib/gcc/arm-none-eabi/14.2.1/../../../../arm-none-eabi/lib/thumb/v7e-m+dp/hard\libc_nano.a(libc_a-nano-vfprintf.o)
 .text.__sfputs_r
                0x0800cbb0       0x24 c:/Users/thewo/AppData/Roaming/Code/User/globalStorage/bmd.stm32-for-vscode/@xpack-dev-tools/arm-none-eabi-gcc/14.2.1-1.1.1/.content/bin/../lib/gcc/arm-none-eabi/14.2.1/../../../../arm-none-eabi/lib/thumb/v7e-m+dp/hard\libc_nano.a(libc_a-nano-vfprintf.o)
                0x0800cbb0                __sfputs_r
 .text._vfprintf_r
                0x0800cbd4      0x230 c:/Users/thewo/AppData/Roaming/Code/User/globalStorage/bmd.stm32-for-vscode/@xpack-dev-tools/arm-none-eabi-gcc/14.2.1-1.1.1/.content/bin/../lib/gcc/arm-none-eabi/14.2.1/../../../../arm-none-eabi/lib/thumb/v7e-m+dp/hard\libc_nano.a(libc_a-nano-vfprintf.o)
                0x0800cbd4                _vfprintf_r
                0x0800cbd4                _vfiprintf_r
 .text.__swbuf_r
                0x0800ce04       0x7c c:/Users/thewo/AppData/Roaming/Code/User/globalStorage/bmd.stm32-for-vscode/@xpack-dev-tools/arm-none-eabi-gcc/14.2.1-1.1.1/.content/bin/../lib/gcc/arm-none-eabi/14.2.1/../../../../arm-none-eabi/lib/thumb/v7e-m+dp/hard\libc_nano.a(libc_a-wbuf.o)
                0x0800ce04                __swbuf_r
 .text.__swsetup_r
                0x0800ce80       0xa8 c:/Users/thewo/AppData/Roaming/Code/User/globalStorage/bmd.stm32-for-vscode/@xpack-dev-tools/arm-none-eabi-gcc/14.2.1-1.1.1/.content/bin/../lib/gcc/arm-none-eabi/14.2.1/../../../../arm-none-eabi/lib/thumb/v7e-m+dp/hard\libc_nano.a(libc_a-wsetup.o)
                0x0800ce80                __swsetup_r
 .text._raise_r
                0x0800cf28       0x50 c:/Users/thewo/AppData/Roaming/Code/User/globalStorage/bmd.stm32-for-vscode/@xpack-dev-tools/arm-none-eabi-gcc/14.2.1-1.1.1/.content/bin/../lib/gcc/arm-none-eabi/14.2.1/../../../../arm-none-eabi/lib/thumb/v7e-m+dp/hard\libc_nano.a(libc_a-signal.o)
                0x0800cf28                _raise_r
 .text.raise    0x0800cf78       0x10 c:/Users/thewo/AppData/Roaming/Code/User/globalStorage/bmd.stm32-for-vscode/@xpack-dev-tools/arm-none-eabi-gcc/14.2.1-1.1.1/.content/bin/../lib/gcc/arm-none-eabi/14.2.1/../../../../arm-none-eabi/lib/thumb/v7e-m+dp/hard\libc_nano.a(libc_a-signal.o)
                0x0800cf78                raise
 .text._kill_r  0x0800cf88       0x24 c:/Users/thewo/AppData/Roaming/Code/User/globalStorage/bmd.stm32-for-vscode/@xpack-dev-tools/arm-none-eabi-gcc/14.2.1-1.1.1/.content/bin/../lib/gcc/arm-none-eabi/14.2.1/../../../../arm-none-eabi/lib/thumb/v7e-m+dp/hard\libc_nano.a(libc_a-signalr.o)
                0x0800cf88                _kill_r
 .text._getpid_r
                0x0800cfac        0x4 c:/Users/thewo/AppData/Roaming/Code/User/globalStorage/bmd.stm32-for-vscode/@xpack-dev-tools/arm-none-eabi-gcc/14.2.1-1.1.1/.content/bin/../lib/gcc/arm-none-eabi/14.2.1/../../../../arm-none-eabi/lib/thumb/v7e-m+dp/hard\libc_nano.a(libc_a-signalr.o)
                0x0800cfac                _getpid_r
 .text.__swhatbuf_r
                0x0800cfb0       0x48 c:/Users/thewo/AppData/Roaming/Code/User/globalStorage/bmd.stm32-for-vscode/@xpack-dev-tools/arm-none-eabi-gcc/14.2.1-1.1.1/.content/bin/../lib/gcc/arm-none-eabi/14.2.1/../../../../arm-none-eabi/lib/thumb/v7e-m+dp/hard\libc_nano.a(libc_a-makebuf.o)
                0x0800cfb0                __swhatbuf_r
 .text.__smakebuf_r
                0x0800cff8       0x72 c:/Users/thewo/AppData/Roaming/Code/User/globalStorage/bmd.stm32-for-vscode/@xpack-dev-tools/arm-none-eabi-gcc/14.2.1-1.1.1/.content/bin/../lib/gcc/arm-none-eabi/14.2.1/../../../../arm-none-eabi/lib/thumb/v7e-m+dp/hard\libc_nano.a(libc_a-makebuf.o)
                0x0800cff8                __smakebuf_r
 *fill*         0x0800d06a        0x2 
 .text._fstat_r
                0x0800d06c       0x24 c:/Users/thewo/AppData/Roaming/Code/User/globalStorage/bmd.stm32-for-vscode/@xpack-dev-tools/arm-none-eabi-gcc/14.2.1-1.1.1/.content/bin/../lib/gcc/arm-none-eabi/14.2.1/../../../../arm-none-eabi/lib/thumb/v7e-m+dp/hard\libc_nano.a(libc_a-fstatr.o)
                0x0800d06c                _fstat_r
 .text._isatty_r
                0x0800d090       0x20 c:/Users/thewo/AppData/Roaming/Code/User/globalStorage/bmd.stm32-for-vscode/@xpack-dev-tools/arm-none-eabi-gcc/14.2.1-1.1.1/.content/bin/../lib/gcc/arm-none-eabi/14.2.1/../../../../arm-none-eabi/lib/thumb/v7e-m+dp/hard\libc_nano.a(libc_a-isattyr.o)
                0x0800d090                _isatty_r
 *(.glue_7)
 .glue_7        0x0800d0b0        0x0 linker stubs
 *(.glue_7t)
 .glue_7t       0x0800d0b0        0x0 linker stubs
 *(.eh_frame)
 .eh_frame      0x0800d0b0        0x0 c:/Users/thewo/AppData/Roaming/Code/User/globalStorage/bmd.stm32-for-vscode/@xpack-dev-tools/arm-none-eabi-gcc/14.2.1-1.1.1/.content/bin/../lib/gcc/arm-none-eabi/14.2.1/thumb/v7e-m+dp/hard/crtbegin.o
 *(.init)
 .init          0x0800d0b0        0x4 c:/Users/thewo/AppData/Roaming/Code/User/globalStorage/bmd.stm32-for-vscode/@xpack-dev-tools/arm-none-eabi-gcc/14.2.1-1.1.1/.content/bin/../lib/gcc/arm-none-eabi/14.2.1/thumb/v7e-m+dp/hard/crti.o
                0x0800d0b0                _init
 .init          0x0800d0b4        0x8 c:/Users/thewo/AppData/Roaming/Code/User/globalStorage/bmd.stm32-for-vscode/@xpack-dev-tools/arm-none-eabi-gcc/14.2.1-1.1.1/.content/bin/../lib/gcc/arm-none-eabi/14.2.1/thumb/v7e-m+dp/hard/crtn.o
 *(.fini)
 .fini          0x0800d0bc        0x4 c:/Users/thewo/AppData/Roaming/Code/User/globalStorage/bmd.stm32-for-vscode/@xpack-dev-tools/arm-none-eabi-gcc/14.2.1-1.1.1/.content/bin/../lib/gcc/arm-none-eabi/14.2.1/thumb/v7e-m+dp/hard/crti.o
                0x0800d0bc                _fini
 .fini          0x0800d0c0        0x8 c:/Users/thewo/AppData/Roaming/Code/User/globalStorage/bmd.stm32-for-vscode/@xpack-dev-tools/arm-none-eabi-gcc/14.2.1-1.1.1/.content/bin/../lib/gcc/arm-none-eabi/14.2.1/thumb/v7e-m+dp/hard/crtn.o
                0x0800d0c8                        . = ALIGN (0x4)
                0x0800d0c8                        _etext = .

.vfp11_veneer   0x0800d0c8        0x0
 .vfp11_veneer  0x0800d0c8        0x0 linker stubs

.v4_bx          0x0800d0c8        0x0
 .v4_bx         0x0800d0c8        0x0 linker stubs

.iplt           0x0800d0c8        0x0
 .iplt          0x0800d0c8        0x0 c:/Users/thewo/AppData/Roaming/Code/User/globalStorage/bmd.stm32-for-vscode/@xpack-dev-tools/arm-none-eabi-gcc/14.2.1-1.1.1/.content/bin/../lib/gcc/arm-none-eabi/14.2.1/thumb/v7e-m+dp/hard/crtbegin.o

.rodata         0x0800d0c8      0x804
                0x0800d0c8                        . = ALIGN (0x4)
 *(.rodata)
 *(.rodata*)
 .rodata.SerialPrintln.str1.4
                0x0800d0c8      0x42a build/debug/abstract.o
                                  0x3 (size before relaxing)
 .rodata.main.str1.4
                0x0800d4f2       0x62 build/debug/main.o
 .rodata.HAL_SetTickFreq.str1.4
                0x0800d4f2       0x31 build/debug/stm32h7xx_hal.o
 .rodata.HAL_ADC_PollForConversion.str1.4
                0x0800d4f2       0x35 build/debug/stm32h7xx_hal_adc.o
 .rodata.HAL_ADCEx_Calibration_Start.str1.4
                0x0800d4f2       0x38 build/debug/stm32h7xx_hal_adc_ex.o
 .rodata.HAL_CORDIC_Init.str1.4
                0x0800d4f2       0x38 build/debug/stm32h7xx_hal_cordic.o
 .rodata.HAL_NVIC_SetPriorityGrouping.str1.4
                0x0800d4f2       0x38 build/debug/stm32h7xx_hal_cortex.o
 .rodata.FMAC_FilterConfig.str1.4
                0x0800d4f2       0x36 build/debug/stm32h7xx_hal_fmac.o
 .rodata.HAL_GPIO_Init.str1.4
                0x0800d4f2       0x36 build/debug/stm32h7xx_hal_gpio.o
 .rodata.I2C_TransferConfig.str1.4
                0x0800d4f2       0x35 build/debug/stm32h7xx_hal_i2c.o
 .rodata.HAL_I2CEx_ConfigAnalogFilter.str1.4
                0x0800d4f2       0x38 build/debug/stm32h7xx_hal_i2c_ex.o
 .rodata.HAL_PCD_Init.str1.4
                0x0800d4f2       0x35 build/debug/stm32h7xx_hal_pcd.o
 .rodata.HAL_PWREx_ConfigSupply.str1.4
                0x0800d4f2       0x38 build/debug/stm32h7xx_hal_pwr_ex.o
 .rodata.HAL_RCC_OscConfig.str1.4
                0x0800d4f2       0x35 build/debug/stm32h7xx_hal_rcc.o
 .rodata.RCCEx_PLL2_Config.str1.4
                0x0800d4f2       0x38 build/debug/stm32h7xx_hal_rcc_ex.o
 .rodata.HAL_SPI_Init.str1.4
                0x0800d4f2       0x35 build/debug/stm32h7xx_hal_spi.o
 .rodata.TIM_OC1_SetConfig.str1.4
                0x0800d4f2       0x35 build/debug/stm32h7xx_hal_tim.o
 .rodata.HAL_TIMEx_HallSensor_Init.str1.4
                0x0800d4f2       0x38 build/debug/stm32h7xx_hal_tim_ex.o
 *fill*         0x0800d4f2        0x2 
 .rodata.D1CorePrescTable
                0x0800d4f4       0x10 build/debug/system_stm32h7xx.o
                0x0800d4f4                D1CorePrescTable
 .rodata.USBD_HS_ProductStrDescriptor.str1.4
                0x0800d504       0x16 build/debug/usbd_desc.o
 .rodata.USBD_HS_ManufacturerStrDescriptor.str1.4
                0x0800d504       0x13 build/debug/usbd_desc.o
 .rodata.USBD_HS_ConfigStrDescriptor.str1.4
                0x0800d504        0xb build/debug/usbd_desc.o
 .rodata.USBD_HS_InterfaceStrDescriptor.str1.4
                0x0800d504        0xe build/debug/usbd_desc.o
 .rodata._printf_float.str1.1
                0x0800d504      0x1c5 c:/Users/thewo/AppData/Roaming/Code/User/globalStorage/bmd.stm32-for-vscode/@xpack-dev-tools/arm-none-eabi-gcc/14.2.1-1.1.1/.content/bin/../lib/gcc/arm-none-eabi/14.2.1/../../../../arm-none-eabi/lib/thumb/v7e-m+dp/hard\libc_nano.a(libc_a-nano-vfprintf_float.o)
                                 0x12 (size before relaxing)
 .rodata._printf_i.str1.1
                0x0800d6c9       0x22 c:/Users/thewo/AppData/Roaming/Code/User/globalStorage/bmd.stm32-for-vscode/@xpack-dev-tools/arm-none-eabi-gcc/14.2.1-1.1.1/.content/bin/../lib/gcc/arm-none-eabi/14.2.1/../../../../arm-none-eabi/lib/thumb/v7e-m+dp/hard\libc_nano.a(libc_a-nano-vfprintf_i.o)
 .rodata._dtoa_r.str1.1
                0x0800d6c9       0xb9 c:/Users/thewo/AppData/Roaming/Code/User/globalStorage/bmd.stm32-for-vscode/@xpack-dev-tools/arm-none-eabi-gcc/14.2.1-1.1.1/.content/bin/../lib/gcc/arm-none-eabi/14.2.1/../../../../arm-none-eabi/lib/thumb/v7e-m+dp/hard\libc_nano.a(libc_a-dtoa.o)
 .rodata._Balloc.str1.1
                0x0800d6c9       0x9a c:/Users/thewo/AppData/Roaming/Code/User/globalStorage/bmd.stm32-for-vscode/@xpack-dev-tools/arm-none-eabi-gcc/14.2.1-1.1.1/.content/bin/../lib/gcc/arm-none-eabi/14.2.1/../../../../arm-none-eabi/lib/thumb/v7e-m+dp/hard\libc_nano.a(libc_a-mprec.o)
 .rodata.__multadd.str1.1
                0x0800d6c9       0x11 c:/Users/thewo/AppData/Roaming/Code/User/globalStorage/bmd.stm32-for-vscode/@xpack-dev-tools/arm-none-eabi-gcc/14.2.1-1.1.1/.content/bin/../lib/gcc/arm-none-eabi/14.2.1/../../../../arm-none-eabi/lib/thumb/v7e-m+dp/hard\libc_nano.a(libc_a-mprec.o)
 *fill*         0x0800d6c9        0x3 
 .rodata.p05.0  0x0800d6cc        0xc c:/Users/thewo/AppData/Roaming/Code/User/globalStorage/bmd.stm32-for-vscode/@xpack-dev-tools/arm-none-eabi-gcc/14.2.1-1.1.1/.content/bin/../lib/gcc/arm-none-eabi/14.2.1/../../../../arm-none-eabi/lib/thumb/v7e-m+dp/hard\libc_nano.a(libc_a-mprec.o)
 .rodata.__mprec_bigtens
                0x0800d6d8       0x28 c:/Users/thewo/AppData/Roaming/Code/User/globalStorage/bmd.stm32-for-vscode/@xpack-dev-tools/arm-none-eabi-gcc/14.2.1-1.1.1/.content/bin/../lib/gcc/arm-none-eabi/14.2.1/../../../../arm-none-eabi/lib/thumb/v7e-m+dp/hard\libc_nano.a(libc_a-mprec.o)
                0x0800d6d8                __mprec_bigtens
 .rodata.__mprec_tens
                0x0800d700       0xc8 c:/Users/thewo/AppData/Roaming/Code/User/globalStorage/bmd.stm32-for-vscode/@xpack-dev-tools/arm-none-eabi-gcc/14.2.1-1.1.1/.content/bin/../lib/gcc/arm-none-eabi/14.2.1/../../../../arm-none-eabi/lib/thumb/v7e-m+dp/hard\libc_nano.a(libc_a-mprec.o)
                0x0800d700                __mprec_tens
 .rodata._svfprintf_r.str1.1
                0x0800d7c8       0x11 c:/Users/thewo/AppData/Roaming/Code/User/globalStorage/bmd.stm32-for-vscode/@xpack-dev-tools/arm-none-eabi-gcc/14.2.1-1.1.1/.content/bin/../lib/gcc/arm-none-eabi/14.2.1/../../../../arm-none-eabi/lib/thumb/v7e-m+dp/hard\libc_nano.a(libc_a-nano-svfprintf.o)
 .rodata._setlocale_r.str1.1
                0x0800d7c8        0x9 c:/Users/thewo/AppData/Roaming/Code/User/globalStorage/bmd.stm32-for-vscode/@xpack-dev-tools/arm-none-eabi-gcc/14.2.1-1.1.1/.content/bin/../lib/gcc/arm-none-eabi/14.2.1/../../../../arm-none-eabi/lib/thumb/v7e-m+dp/hard\libc_nano.a(libc_a-locale.o)
 .rodata.str1.1
                0x0800d7c8        0x2 c:/Users/thewo/AppData/Roaming/Code/User/globalStorage/bmd.stm32-for-vscode/@xpack-dev-tools/arm-none-eabi-gcc/14.2.1-1.1.1/.content/bin/../lib/gcc/arm-none-eabi/14.2.1/../../../../arm-none-eabi/lib/thumb/v7e-m+dp/hard\libc_nano.a(libc_a-locale.o)
 .rodata.__assert_func.str1.1
                0x0800d7c8       0x3d c:/Users/thewo/AppData/Roaming/Code/User/globalStorage/bmd.stm32-for-vscode/@xpack-dev-tools/arm-none-eabi-gcc/14.2.1-1.1.1/.content/bin/../lib/gcc/arm-none-eabi/14.2.1/../../../../arm-none-eabi/lib/thumb/v7e-m+dp/hard\libc_nano.a(libc_a-assert.o)
 .rodata._ctype_
                0x0800d7c8      0x101 c:/Users/thewo/AppData/Roaming/Code/User/globalStorage/bmd.stm32-for-vscode/@xpack-dev-tools/arm-none-eabi-gcc/14.2.1-1.1.1/.content/bin/../lib/gcc/arm-none-eabi/14.2.1/../../../../arm-none-eabi/lib/thumb/v7e-m+dp/hard\libc_nano.a(libc_a-ctype_.o)
                0x0800d7c8                _ctype_
 .rodata._vfprintf_r.str1.1
                0x0800d8c9       0x11 c:/Users/thewo/AppData/Roaming/Code/User/globalStorage/bmd.stm32-for-vscode/@xpack-dev-tools/arm-none-eabi-gcc/14.2.1-1.1.1/.content/bin/../lib/gcc/arm-none-eabi/14.2.1/../../../../arm-none-eabi/lib/thumb/v7e-m+dp/hard\libc_nano.a(libc_a-nano-vfprintf.o)
                0x0800d8dc                        . = ALIGN (0x4)
 *fill*         0x0800d8c9        0x3 

.ARM.extab      0x0800d8cc        0x0
                0x0800d8cc                        . = ALIGN (0x4)
 *(.ARM.extab* .gnu.linkonce.armextab.*)
                0x0800d8cc                        . = ALIGN (0x4)

.ARM            0x0800d8cc        0x8
                0x0800d8cc                        . = ALIGN (0x4)
                0x0800d8cc                        __exidx_start = .
 *(.ARM.exidx*)
 .ARM.exidx     0x0800d8cc        0x8 c:/Users/thewo/AppData/Roaming/Code/User/globalStorage/bmd.stm32-for-vscode/@xpack-dev-tools/arm-none-eabi-gcc/14.2.1-1.1.1/.content/bin/../lib/gcc/arm-none-eabi/14.2.1/../../../../arm-none-eabi/lib/thumb/v7e-m+dp/hard\libc_nano.a(libc_a-memchr.o)
 .ARM.exidx     0x0800d8d4        0x0 c:/Users/thewo/AppData/Roaming/Code/User/globalStorage/bmd.stm32-for-vscode/@xpack-dev-tools/arm-none-eabi-gcc/14.2.1-1.1.1/.content/bin/../lib/gcc/arm-none-eabi/14.2.1/../../../../arm-none-eabi/lib/thumb/v7e-m+dp/hard\libc_nano.a(libc_a-strlen.o)
                                  0x8 (size before relaxing)
                0x0800d8d4                        __exidx_end = .
                0x0800d8d4                        . = ALIGN (0x4)

.preinit_array  0x0800d8d4        0x0
                0x0800d8d4                        . = ALIGN (0x4)
                0x0800d8d4                        PROVIDE (__preinit_array_start = .)
 *(.preinit_array*)
                0x0800d8d4                        PROVIDE (__preinit_array_end = .)
                0x0800d8d4                        . = ALIGN (0x4)

.init_array     0x0800d8d4        0x4
                0x0800d8d4                        . = ALIGN (0x4)
                0x0800d8d4                        PROVIDE (__init_array_start = .)
 *(SORT_BY_NAME(.init_array.*))
 *(.init_array*)
 .init_array    0x0800d8d4        0x4 c:/Users/thewo/AppData/Roaming/Code/User/globalStorage/bmd.stm32-for-vscode/@xpack-dev-tools/arm-none-eabi-gcc/14.2.1-1.1.1/.content/bin/../lib/gcc/arm-none-eabi/14.2.1/thumb/v7e-m+dp/hard/crtbegin.o
                0x0800d8d8                        PROVIDE (__init_array_end = .)
                0x0800d8d8                        . = ALIGN (0x4)

.fini_array     0x0800d8d8        0x4
                0x0800d8d8                        . = ALIGN (0x4)
                0x0800d8d8                        PROVIDE (__fini_array_start = .)
 *(SORT_BY_NAME(.fini_array.*))
 *(.fini_array*)
 .fini_array    0x0800d8d8        0x4 c:/Users/thewo/AppData/Roaming/Code/User/globalStorage/bmd.stm32-for-vscode/@xpack-dev-tools/arm-none-eabi-gcc/14.2.1-1.1.1/.content/bin/../lib/gcc/arm-none-eabi/14.2.1/thumb/v7e-m+dp/hard/crtbegin.o
                0x0800d8dc                        PROVIDE (__fini_array_end = .)
                0x0800d8dc                        . = ALIGN (0x4)
                0x0800d8dc                        _sidata = LOADADDR (.data)

.rel.dyn        0x0800d8dc        0x0
 .rel.iplt      0x0800d8dc        0x0 c:/Users/thewo/AppData/Roaming/Code/User/globalStorage/bmd.stm32-for-vscode/@xpack-dev-tools/arm-none-eabi-gcc/14.2.1-1.1.1/.content/bin/../lib/gcc/arm-none-eabi/14.2.1/thumb/v7e-m+dp/hard/crtbegin.o

.data           0x20000000      0x2cc load address 0x0800d8dc
                0x20000000                        . = ALIGN (0x4)
                0x20000000                        _sdata = .
 *(.data)
 *(.data*)
 .data.uwTickFreq
                0x20000000        0x1 build/debug/stm32h7xx_hal.o
                0x20000000                uwTickFreq
 *fill*         0x20000001        0x3 
 .data.uwTickPrio
                0x20000004        0x4 build/debug/stm32h7xx_hal.o
                0x20000004                uwTickPrio
 .data.SystemD2Clock
                0x20000008        0x4 build/debug/system_stm32h7xx.o
                0x20000008                SystemD2Clock
 .data.SystemCoreClock
                0x2000000c        0x4 build/debug/system_stm32h7xx.o
                0x2000000c                SystemCoreClock
 .data.USBD_CDC_CfgDesc
                0x20000010       0x43 build/debug/usbd_cdc.o
 *fill*         0x20000053        0x1 
 .data.USBD_CDC
                0x20000054       0x38 build/debug/usbd_cdc.o
                0x20000054                USBD_CDC
 .data.USBD_CDC_DeviceQualifierDesc
                0x2000008c        0xa build/debug/usbd_cdc.o
 *fill*         0x20000096        0x2 
 .data.USBD_Interface_fops_HS
                0x20000098       0x14 build/debug/usbd_cdc_if.o