Archive member included to satisfy reference by file (symbol)

/usr/lib/gcc/arm-none-eabi/13.2.1/../../../arm-none-eabi/lib/thumb/v7e-m+dp/hard/libstdc++_nano.a(del_ops.o)
                              build/debug/u-blox_GNSS.o (operator delete(void*, unsigned int))
/usr/lib/gcc/arm-none-eabi/13.2.1/../../../arm-none-eabi/lib/thumb/v7e-m+dp/hard/libstdc++_nano.a(del_opv.o)
                              build/debug/u-blox_GNSS.o (operator delete[](void*))
/usr/lib/gcc/arm-none-eabi/13.2.1/../../../arm-none-eabi/lib/thumb/v7e-m+dp/hard/libstdc++_nano.a(new_op.o)
                              build/debug/u-blox_GNSS.o (operator new(unsigned int))
/usr/lib/gcc/arm-none-eabi/13.2.1/../../../arm-none-eabi/lib/thumb/v7e-m+dp/hard/libstdc++_nano.a(new_opv.o)
                              build/debug/u-blox_GNSS.o (operator new[](unsigned int))
/usr/lib/gcc/arm-none-eabi/13.2.1/../../../arm-none-eabi/lib/thumb/v7e-m+dp/hard/libstdc++_nano.a(del_op.o)
                              /usr/lib/gcc/arm-none-eabi/13.2.1/../../../arm-none-eabi/lib/thumb/v7e-m+dp/hard/libstdc++_nano.a(del_ops.o) (operator delete(void*))
/usr/lib/gcc/arm-none-eabi/13.2.1/../../../arm-none-eabi/lib/thumb/v7e-m+dp/hard/libstdc++_nano.a(new_handler.o)
                              /usr/lib/gcc/arm-none-eabi/13.2.1/../../../arm-none-eabi/lib/thumb/v7e-m+dp/hard/libstdc++_nano.a(new_op.o) (std::get_new_handler())
/usr/lib/gcc/arm-none-eabi/13.2.1/../../../arm-none-eabi/lib/thumb/v7e-m+dp/hard/libm.a(libm_a-pow.o)
                              build/debug/MS5607.o (pow)
/usr/lib/gcc/arm-none-eabi/13.2.1/../../../arm-none-eabi/lib/thumb/v7e-m+dp/hard/libm.a(libm_a-exp_data.o)
                              /usr/lib/gcc/arm-none-eabi/13.2.1/../../../arm-none-eabi/lib/thumb/v7e-m+dp/hard/libm.a(libm_a-pow.o) (__exp_data)
/usr/lib/gcc/arm-none-eabi/13.2.1/../../../arm-none-eabi/lib/thumb/v7e-m+dp/hard/libm.a(libm_a-pow_log_data.o)
                              /usr/lib/gcc/arm-none-eabi/13.2.1/../../../arm-none-eabi/lib/thumb/v7e-m+dp/hard/libm.a(libm_a-pow.o) (__pow_log_data)
/usr/lib/gcc/arm-none-eabi/13.2.1/../../../arm-none-eabi/lib/thumb/v7e-m+dp/hard/libm.a(libm_a-math_err.o)
                              /usr/lib/gcc/arm-none-eabi/13.2.1/../../../arm-none-eabi/lib/thumb/v7e-m+dp/hard/libm.a(libm_a-pow.o) (__math_uflow)
/usr/lib/gcc/arm-none-eabi/13.2.1/../../../arm-none-eabi/lib/thumb/v7e-m+dp/hard/libc_nano.a(libc_a-sprintf.o)
                              build/debug/u-blox_GNSS.o (sprintf)
/usr/lib/gcc/arm-none-eabi/13.2.1/../../../arm-none-eabi/lib/thumb/v7e-m+dp/hard/libc_nano.a(libc_a-strstr.o)
                              build/debug/u-blox_GNSS.o (strstr)
/usr/lib/gcc/arm-none-eabi/13.2.1/../../../arm-none-eabi/lib/thumb/v7e-m+dp/hard/libc_nano.a(libc_a-strchr.o)
                              /usr/lib/gcc/arm-none-eabi/13.2.1/../../../arm-none-eabi/lib/thumb/v7e-m+dp/hard/libc_nano.a(libc_a-strstr.o) (strchr)
/usr/lib/gcc/arm-none-eabi/13.2.1/../../../arm-none-eabi/lib/thumb/v7e-m+dp/hard/libc_nano.a(libc_a-strcpy.o)
                              build/debug/abstract.o (strcpy)
/usr/lib/gcc/arm-none-eabi/13.2.1/../../../arm-none-eabi/lib/thumb/v7e-m+dp/hard/libc_nano.a(libc_a-impure.o)
                              /usr/lib/gcc/arm-none-eabi/13.2.1/../../../arm-none-eabi/lib/thumb/v7e-m+dp/hard/libc_nano.a(libc_a-sprintf.o) (_impure_ptr)
/usr/lib/gcc/arm-none-eabi/13.2.1/../../../arm-none-eabi/lib/thumb/v7e-m+dp/hard/libc_nano.a(libc_a-nano-svfprintf.o)
                              /usr/lib/gcc/arm-none-eabi/13.2.1/../../../arm-none-eabi/lib/thumb/v7e-m+dp/hard/libc_nano.a(libc_a-sprintf.o) (_svfprintf_r)
/usr/lib/gcc/arm-none-eabi/13.2.1/../../../arm-none-eabi/lib/thumb/v7e-m+dp/hard/libc_nano.a(libc_a-init.o)
                              /usr/lib/gcc/arm-none-eabi/13.2.1/../../../arm-none-eabi/lib/thumb/v7e-m+dp/hard/crt0.o (__libc_init_array)
/usr/lib/gcc/arm-none-eabi/13.2.1/../../../arm-none-eabi/lib/thumb/v7e-m+dp/hard/libc_nano.a(libc_a-sscanf.o)
                              build/debug/u-blox_GNSS.o (sscanf)
/usr/lib/gcc/arm-none-eabi/13.2.1/../../../arm-none-eabi/lib/thumb/v7e-m+dp/hard/libc_nano.a(libc_a-abort.o)
                              /usr/lib/gcc/arm-none-eabi/13.2.1/../../../arm-none-eabi/lib/thumb/v7e-m+dp/hard/libstdc++_nano.a(new_op.o) (abort)
/usr/lib/gcc/arm-none-eabi/13.2.1/../../../arm-none-eabi/lib/thumb/v7e-m+dp/hard/libc_nano.a(libc_a-strlen.o)
                              build/debug/abstract.o (strlen)
/usr/lib/gcc/arm-none-eabi/13.2.1/../../../arm-none-eabi/lib/thumb/v7e-m+dp/hard/libc_nano.a(libc_a-memset.o)
                              /usr/lib/gcc/arm-none-eabi/13.2.1/../../../arm-none-eabi/lib/thumb/v7e-m+dp/hard/crt0.o (memset)
/usr/lib/gcc/arm-none-eabi/13.2.1/../../../arm-none-eabi/lib/thumb/v7e-m+dp/hard/libc_nano.a(libc_a-errno.o)
                              build/debug/syscalls.o (__errno)
[...]
Memory Configuration

Name             Origin             Length             Attributes
DTCMRAM          0x20000000         0x00020000         xrw
RAM              0x24000000         0x00020000         xrw
RAM_D2           0x30000000         0x00008000         xrw
RAM_D3           0x38000000         0x00004000         xrw
ITCMRAM          0x00000000         0x00010000         xrw
FLASH            0x08000000         0x00100000         xr
*default*        0x00000000         0xffffffff

Linker script and memory map

LOAD /usr/lib/gcc/arm-none-eabi/13.2.1/thumb/v7e-m+dp/hard/crti.o
LOAD /usr/lib/gcc/arm-none-eabi/13.2.1/thumb/v7e-m+dp/hard/crtbegin.o
LOAD /usr/lib/gcc/arm-none-eabi/13.2.1/../../../arm-none-eabi/lib/thumb/v7e-m+dp/hard/crt0.o
LOAD build/debug/SX1262.o
LOAD build/debug/adc.o
LOAD build/debug/ccsbcs.o
LOAD build/debug/cordic.o
LOAD build/debug/diskio.o
LOAD build/debug/dma.o
LOAD build/debug/fatfs.o
LOAD build/debug/ff.o
LOAD build/debug/ff_gen_drv.o
LOAD build/debug/fmac.o
LOAD build/debug/gpio.o
LOAD build/debug/i2c.o
LOAD build/debug/main.o
LOAD build/debug/memorymap.o
LOAD build/debug/spi.o
LOAD build/debug/stm32h7xx_hal.o
LOAD build/debug/stm32h7xx_hal_adc.o
LOAD build/debug/stm32h7xx_hal_adc_ex.o
LOAD build/debug/stm32h7xx_hal_cordic.o
LOAD build/debug/stm32h7xx_hal_cortex.o
LOAD build/debug/stm32h7xx_hal_dma.o
LOAD build/debug/stm32h7xx_hal_dma_ex.o
LOAD build/debug/stm32h7xx_hal_exti.o
LOAD build/debug/stm32h7xx_hal_flash.o
LOAD build/debug/stm32h7xx_hal_flash_ex.o
LOAD build/debug/stm32h7xx_hal_fmac.o
LOAD build/debug/stm32h7xx_hal_gpio.o
LOAD build/debug/stm32h7xx_hal_hsem.o
LOAD build/debug/stm32h7xx_hal_i2c.o
LOAD build/debug/stm32h7xx_hal_i2c_ex.o
LOAD build/debug/stm32h7xx_hal_mdma.o
LOAD build/debug/stm32h7xx_hal_msp.o
LOAD build/debug/stm32h7xx_hal_pcd.o
LOAD build/debug/stm32h7xx_hal_pcd_ex.o
LOAD build/debug/stm32h7xx_hal_pwr.o
LOAD build/debug/stm32h7xx_hal_pwr_ex.o
LOAD build/debug/stm32h7xx_hal_rcc.o
LOAD build/debug/stm32h7xx_hal_rcc_ex.o
LOAD build/debug/stm32h7xx_hal_spi.o
LOAD build/debug/stm32h7xx_hal_spi_ex.o
LOAD build/debug/stm32h7xx_hal_tim.o
LOAD build/debug/stm32h7xx_hal_tim_ex.o
LOAD build/debug/stm32h7xx_it.o
LOAD build/debug/stm32h7xx_ll_usb.o
LOAD build/debug/syscall.o
LOAD build/debug/syscalls.o
LOAD build/debug/sysmem.o
LOAD build/debug/system_stm32h7xx.o
LOAD build/debug/tim.o
LOAD build/debug/usb_device.o
LOAD build/debug/usbd_cdc.o
LOAD build/debug/usbd_cdc_if.o
LOAD build/debug/usbd_conf.o
LOAD build/debug/usbd_core.o
LOAD build/debug/usbd_ctlreq.o
LOAD build/debug/usbd_desc.o
LOAD build/debug/usbd_ioreq.o
LOAD build/debug/user_diskio.o
LOAD build/debug/user_diskio_spi.o
LOAD build/debug/ADXL375.o
LOAD build/debug/ICM42688.o
LOAD build/debug/MS5607.o
LOAD build/debug/SX1262-new.o
LOAD build/debug/abstract.o
LOAD build/debug/cpp_main.o
LOAD build/debug/sfe_bus.o
LOAD build/debug/u-blox_GNSS.o
LOAD build/debug/startup_stm32h725xx.o
LOAD /usr/lib/gcc/arm-none-eabi/13.2.1/../../../arm-none-eabi/lib/thumb/v7e-m+dp/hard/libnosys.a
LOAD /usr/lib/gcc/arm-none-eabi/13.2.1/../../../arm-none-eabi/lib/thumb/v7e-m+dp/hard/libstdc++_nano.a
LOAD /usr/lib/gcc/arm-none-eabi/13.2.1/../../../arm-none-eabi/lib/thumb/v7e-m+dp/hard/libm.a
LOAD /usr/lib/gcc/arm-none-eabi/13.2.1/../../../arm-none-eabi/lib/thumb/v7e-m+dp/hard/libc_nano.a
START GROUP
LOAD /usr/lib/gcc/arm-none-eabi/13.2.1/thumb/v7e-m+dp/hard/libgcc.a
LOAD /usr/lib/gcc/arm-none-eabi/13.2.1/../../../arm-none-eabi/lib/thumb/v7e-m+dp/hard/libc_nano.a
END GROUP
START GROUP
LOAD /usr/lib/gcc/arm-none-eabi/13.2.1/thumb/v7e-m+dp/hard/libgcc.a
LOAD /usr/lib/gcc/arm-none-eabi/13.2.1/../../../arm-none-eabi/lib/thumb/v7e-m+dp/hard/libc_nano.a
END GROUP
LOAD /usr/lib/gcc/arm-none-eabi/13.2.1/thumb/v7e-m+dp/hard/crtend.o
LOAD /usr/lib/gcc/arm-none-eabi/13.2.1/thumb/v7e-m+dp/hard/crtn.o
                0x20020000                        _estack = (ORIGIN (DTCMRAM) + LENGTH (DTCMRAM))
                0x00000200                        _Min_Heap_Size = 0x200
                0x00000400                        _Min_Stack_Size = 0x400

.isr_vector     0x08000000      0x2cc
                0x08000000                        . = ALIGN (0x4)
 *(.isr_vector)
 .isr_vector    0x08000000      0x2cc build/debug/startup_stm32h725xx.o
                0x08000000                g_pfnVectors
                0x080002cc                        . = ALIGN (0x4)

.text           0x08000300    0x11f1c
                0x08000300                        . = ALIGN (0x4)
 *(.text)
 .text          0x08000300       0x88 /usr/lib/gcc/arm-none-eabi/13.2.1/thumb/v7e-m+dp/hard/crtbegin.o
 .text          0x08000388       0xd4 build/debug/abstract.o
                0x08000388                SerialPrint
                0x0800039a                SerialPrintln
                0x080003e8                i2cRead
                0x0800040c                i2cWrite(unsigned char, unsigned char, unsigned char*, unsigned char)
                0x08000430                delay_us
 .text          0x0800045c       0xd0 build/debug/cpp_main.o
                0x0800045c                cpp_main
 .text          0x0800052c       0xbc /usr/lib/gcc/arm-none-eabi/13.2.1/../../../arm-none-eabi/lib/thumb/v7e-m+dp/hard/libc_nano.a(libc_a-strcpy.o)
                0x0800052c                strcpy
 .text          0x080005e8       0x50 /usr/lib/gcc/arm-none-eabi/13.2.1/../../../arm-none-eabi/lib/thumb/v7e-m+dp/hard/libc_nano.a(libc_a-init.o)
                0x080005e8                __libc_init_array
 .text          0x08000638       0x10 /usr/lib/gcc/arm-none-eabi/13.2.1/../../../arm-none-eabi/lib/thumb/v7e-m+dp/hard/libc_nano.a(libc_a-abort.o)
                0x08000638                abort
 *fill*         0x08000648       0x38 
 .text          0x08000680       0xd8 /usr/lib/gcc/arm-none-eabi/13.2.1/../../../arm-none-eabi/lib/thumb/v7e-m+dp/hard/libc_nano.a(libc_a-strlen.o)
                0x08000680                strlen
 .text          0x08000758       0xa4 /usr/lib/gcc/arm-none-eabi/13.2.1/../../../arm-none-eabi/lib/thumb/v7e-m+dp/hard/libc_nano.a(libc_a-memset.o)
                0x08000758                memset
 .text          0x080007fc        0xc /usr/lib/gcc/arm-none-eabi/13.2.1/../../../arm-none-eabi/lib/thumb/v7e-m+dp/hard/libc_nano.a(libc_a-errno.o)
                0x080007fc                __errno
 .text          0x08000808      0x650 /usr/lib/gcc/arm-none-eabi/13.2.1/../../../arm-none-eabi/lib/thumb/v7e-m+dp/hard/libc_nano.a(libc_a-nano-vfprintf_float.o)
                0x08000808                __cvt
                0x08000900                __exponent
                0x08000984                _printf_float
 .text          0x08000e58      0x148 /usr/lib/gcc/arm-none-eabi/13.2.1/../../../arm-none-eabi/lib/thumb/v7e-m+dp/hard/libc_nano.a(libc_a-mallocr.o)
                0x08000ea0                _malloc_r
 .text          0x08000fa0      0xe00 /usr/lib/gcc/arm-none-eabi/13.2.1/../../../arm-none-eabi/lib/thumb/v7e-m+dp/hard/libc_nano.a(libc_a-dtoa.o)
                0x080010cc                _dtoa_r
 .text          0x08001da0       0xbc /usr/lib/gcc/arm-none-eabi/13.2.1/../../../arm-none-eabi/lib/thumb/v7e-m+dp/hard/libc_nano.a(libc_a-freer.o)
                0x08001da0                _free_r
 .text          0x08001e5c      0x100 /usr/lib/gcc/arm-none-eabi/13.2.1/../../../arm-none-eabi/lib/thumb/v7e-m+dp/hard/libc_nano.a(libc_a-memmove.o)
                0x08001e5c                memmove
 *fill*         0x08001f5c        0x4 
 .text          0x08001f60       0xa0 /usr/lib/gcc/arm-none-eabi/13.2.1/../../../arm-none-eabi/lib/thumb/v7e-m+dp/hard/libc_nano.a(libc_a-memchr.o)
                0x08001f60                memchr
 .text          0x08002000      0x134 /usr/lib/gcc/arm-none-eabi/13.2.1/../../../arm-none-eabi/lib/thumb/v7e-m+dp/hard/libc_nano.a(libc_a-memcpy.o)
                0x08002000                memcpy
 .text          0x08002134       0x20 /usr/lib/gcc/arm-none-eabi/13.2.1/../../../arm-none-eabi/lib/thumb/v7e-m+dp/hard/libc_nano.a(libc_a-malloc.o)
                0x08002134                malloc
                0x08002144                free
 .text          0x08002154       0x64 /usr/lib/gcc/arm-none-eabi/13.2.1/../../../arm-none-eabi/lib/thumb/v7e-m+dp/hard/libc_nano.a(libc_a-reallocr.o)
                0x08002154                _realloc_r
 .text          0x080021b8      0x3a8 /usr/lib/gcc/arm-none-eabi/13.2.1/../../../arm-none-eabi/lib/thumb/v7e-m+dp/hard/libc_nano.a(libc_a-nano-vfprintf_i.o)
                0x080021b8                _printf_common
                0x080022dc                _printf_i
 .text          0x08002560        0x8 /usr/lib/gcc/arm-none-eabi/13.2.1/../../../arm-none-eabi/lib/thumb/v7e-m+dp/hard/libc_nano.a(libc_a-mlock.o)
                0x08002560                __malloc_lock
                0x08002564                __malloc_unlock
 .text          0x08002568       0x4c /usr/lib/gcc/arm-none-eabi/13.2.1/../../../arm-none-eabi/lib/thumb/v7e-m+dp/hard/libc_nano.a(libc_a-assert.o)
                0x08002568                __assert_func
                0x080025a8                __assert
 .text          0x080025b4      0xafc /usr/lib/gcc/arm-none-eabi/13.2.1/../../../arm-none-eabi/lib/thumb/v7e-m+dp/hard/libc_nano.a(libc_a-mprec.o)
                0x080025b4                _Balloc
                0x08002634                _Bfree
                0x0800267c                __multadd
                0x08002718                __s2b
                0x080027cc                __hi0bits
                0x08002810                __lo0bits
                0x08002870                __i2b
                0x0800289c                __multiply
                0x08002a08                __pow5mult
                0x08002ae8                __lshift
                0x08002bd0                __mcmp
                0x08002c14                __mdiff
                0x08002d8c                __ulp
                0x08002df0                __b2d
                0x08002eac                __d2b
                0x08002f6c                __ratio
                0x08002fd0                _mprec_log10
                0x08002ff8                __copybits
                0x08003054                __any_on
 .text          0x080030b0       0x24 /usr/lib/gcc/arm-none-eabi/13.2.1/../../../arm-none-eabi/lib/thumb/v7e-m+dp/hard/libc_nano.a(libc_a-sbrkr.o)
                0x080030b0                _sbrk_r
 .text          0x080030d4       0x94 /usr/lib/gcc/arm-none-eabi/13.2.1/../../../arm-none-eabi/lib/thumb/v7e-m+dp/hard/libc_nano.a(libc_a-stdio.o)
                0x080030d4                __sread
                0x080030f8                __seofread
                0x080030fc                __swrite
                0x0800313c                __sseek
                0x08003160                __sclose
 .text          0x08003168       0x10 /usr/lib/gcc/arm-none-eabi/13.2.1/../../../arm-none-eabi/lib/thumb/v7e-m+dp/hard/libc_nano.a(libc_a-msizer.o)
                0x08003168                _malloc_usable_size_r
 .text          0x08003178       0x14 /usr/lib/gcc/arm-none-eabi/13.2.1/../../../arm-none-eabi/lib/thumb/v7e-m+dp/hard/libc_nano.a(libc_a-localeconv.o)
                0x08003178                __localeconv_l
                0x0800317c                _localeconv_r
                0x08003184                localeconv
 .text          0x0800318c      0x260 /usr/lib/gcc/arm-none-eabi/13.2.1/../../../arm-none-eabi/lib/thumb/v7e-m+dp/hard/libc_nano.a(libc_a-signal.o)
                0x0800318c                _init_signal_r
                0x080031b8                _signal_r
                0x08003204                _raise_r
                0x08003254                __sigtramp_r
                0x080032b4                raise
                0x08003308                signal
                0x08003354                _init_signal
                0x08003388                __sigtramp
 .text          0x080033ec      0x224 /usr/lib/gcc/arm-none-eabi/13.2.1/../../../arm-none-eabi/lib/thumb/v7e-m+dp/hard/libc_nano.a(libc_a-findfp.o)
                0x0800351c                __sfp
                0x080035c0                __sinit
                0x080035e0                __sfp_lock_acquire
                0x080035e4                __sfp_lock_release
                0x080035e8                __fp_lock_all
                0x080035fc                __fp_unlock_all
 .text          0x08003610       0x24 /usr/lib/gcc/arm-none-eabi/13.2.1/../../../arm-none-eabi/lib/thumb/v7e-m+dp/hard/libc_nano.a(libc_a-closer.o)
                0x08003610                _close_r
 .text          0x08003634      0x1a8 /usr/lib/gcc/arm-none-eabi/13.2.1/../../../arm-none-eabi/lib/thumb/v7e-m+dp/hard/libc_nano.a(libc_a-fflush.o)
                0x08003634                __sflush_r
                0x08003758                _fflush_r
                0x08003790                fflush
 .text          0x080037dc       0x28 /usr/lib/gcc/arm-none-eabi/13.2.1/../../../arm-none-eabi/lib/thumb/v7e-m+dp/hard/libc_nano.a(libc_a-callocr.o)
                0x080037dc                _calloc_r
 .text          0x08003804       0x44 /usr/lib/gcc/arm-none-eabi/13.2.1/../../../arm-none-eabi/lib/thumb/v7e-m+dp/hard/libc_nano.a(libc_a-fwalk.o)
                0x08003804                _fwalk_sglue
 .text          0x08003848       0x30 /usr/lib/gcc/arm-none-eabi/13.2.1/../../../arm-none-eabi/lib/thumb/v7e-m+dp/hard/libc_nano.a(libc_a-wctomb_r.o)
                0x08003848                _wctomb_r
                0x0800385c                __ascii_wctomb
 .text          0x08003878       0x2c /usr/lib/gcc/arm-none-eabi/13.2.1/../../../arm-none-eabi/lib/thumb/v7e-m+dp/hard/libc_nano.a(libc_a-readr.o)
                0x08003878                _read_r
 .text          0x080038a4       0x44 /usr/lib/gcc/arm-none-eabi/13.2.1/../../../arm-none-eabi/lib/thumb/v7e-m+dp/hard/libc_nano.a(libc_a-fprintf.o)
                0x080038a4                _fprintf_r
                0x080038a4                _fiprintf_r
                0x080038c0                fprintf
                0x080038c0                fiprintf
 .text          0x080038e8       0x2c /usr/lib/gcc/arm-none-eabi/13.2.1/../../../arm-none-eabi/lib/thumb/v7e-m+dp/hard/libc_nano.a(libc_a-lseekr.o)
                0x080038e8                _lseek_r
 .text          0x08003914       0x2c /usr/lib/gcc/arm-none-eabi/13.2.1/../../../arm-none-eabi/lib/thumb/v7e-m+dp/hard/libc_nano.a(libc_a-writer.o)
                0x08003914                _write_r
 .text          0x08003940      0x314 /usr/lib/gcc/arm-none-eabi/13.2.1/../../../arm-none-eabi/lib/thumb/v7e-m+dp/hard/libc_nano.a(libc_a-nano-vfprintf.o)
                0x0800397c                __sfputs_r
                0x080039ac                __sprint_r
                0x080039cc                _vfiprintf_r
                0x080039cc                _vfprintf_r
                0x08003c38                vfiprintf
                0x08003c38                vfprintf
 .text          0x08003c54       0xa0 /usr/lib/gcc/arm-none-eabi/13.2.1/../../../arm-none-eabi/lib/thumb/v7e-m+dp/hard/libc_nano.a(libc_a-wbuf.o)
                0x08003c54                __swbuf_r
                0x08003cdc                __swbuf
 .text          0x08003cf4       0x30 /usr/lib/gcc/arm-none-eabi/13.2.1/../../../arm-none-eabi/lib/thumb/v7e-m+dp/hard/libc_nano.a(libc_a-signalr.o)
                0x08003cf4                _kill_r
                0x08003d20                _getpid_r
 .text          0x08003d24      0x300 /usr/lib/gcc/arm-none-eabi/13.2.1/../../../arm-none-eabi/lib/thumb/v7e-m+dp/hard/libc_nano.a(libc_a-fvwrite.o)
                0x08003d24                __sfvwrite_r
 .text          0x08004024       0x40 /usr/lib/gcc/arm-none-eabi/13.2.1/../../../arm-none-eabi/lib/thumb/v7e-m+dp/hard/libc_nano.a(libc_a-mbtowc_r.o)
                0x08004024                _mbtowc_r
                0x08004038                __ascii_mbtowc
 .text          0x08004064       0xc4 /usr/lib/gcc/arm-none-eabi/13.2.1/../../../arm-none-eabi/lib/thumb/v7e-m+dp/hard/libc_nano.a(libc_a-wsetup.o)
                0x08004064                __swsetup_r
 .text          0x08004128      0x114 /usr/lib/gcc/arm-none-eabi/13.2.1/../../../arm-none-eabi/lib/thumb/v7e-m+dp/hard/libc_nano.a(libc_a-makebuf.o)
                0x08004128                __smakebuf_r
                0x080041ec                __swhatbuf_r
 .text          0x0800423c       0x24 /usr/lib/gcc/arm-none-eabi/13.2.1/../../../arm-none-eabi/lib/thumb/v7e-m+dp/hard/libc_nano.a(libc_a-isattyr.o)
                0x0800423c                _isatty_r
 .text          0x08004260       0x2c /usr/lib/gcc/arm-none-eabi/13.2.1/../../../arm-none-eabi/lib/thumb/v7e-m+dp/hard/libc_nano.a(libc_a-fstatr.o)
                0x08004260                _fstat_r
 *(.text*)
 .text.SX1262_Get_st
                0x0800428c        0x8 build/debug/SX1262.o
                0x0800428c                SX1262_Get_st
 .text.SX1262_CSLow
                0x08004294       0x18 build/debug/SX1262.o
                0x08004294                SX1262_CSLow
 .text.SX1262_CSHigh
                0x080042ac       0x18 build/debug/SX1262.o
                0x080042ac                SX1262_CSHigh
 .text.SX1262_BusyWait
                0x080042c4       0x2c build/debug/SX1262.o
                0x080042c4                SX1262_BusyWait
 .text.SX1262_Set_Command
                0x080042f0       0x60 build/debug/SX1262.o
                0x080042f0                SX1262_Set_Command
 .text.SX1262_Check_Correct
                0x08004350       0x48 build/debug/SX1262.o
                0x08004350                SX1262_Check_Correct
 .text.SX1262_waitForRadioCommandCompletion
                0x08004398       0x64 build/debug/SX1262.o
                0x08004398                SX1262_waitForRadioCommandCompletion
 .text.SX1262_getstatus
                0x080043fc       0x38 build/debug/SX1262.o
                0x080043fc                SX1262_getstatus
 .text.SX1262_Transmit
                0x08004434       0xe0 build/debug/SX1262.o
                0x08004434                SX1262_Transmit
 .text.SX1262_Radio_essental_Config
                0x08004514      0x134 build/debug/SX1262.o
                0x08004514                SX1262_Radio_essental_Config
 .text.SX1262_Init
                0x08004648       0x6c build/debug/SX1262.o
                0x08004648                SX1262_Init
 *fill*         0x080046b4        0x4 
 .text.SX1262_SetFrequency
                0x080046b8       0x5c build/debug/SX1262.o
                0x080046b8                SX1262_SetFrequency
 .text.MX_ADC1_Init
                0x08004714       0xa0 build/debug/adc.o
                0x08004714                MX_ADC1_Init
 .text.HAL_ADC_MspInit
                0x080047b4      0x100 build/debug/adc.o
                0x080047b4                HAL_ADC_MspInit
 .text.MX_CORDIC_Init
                0x080048b4       0x20 build/debug/cordic.o
                0x080048b4                MX_CORDIC_Init
 .text.HAL_CORDIC_MspInit
                0x080048d4       0x30 build/debug/cordic.o
                0x080048d4                HAL_CORDIC_MspInit
 .text.MX_DMA_Init
                0x08004904       0x48 build/debug/dma.o
                0x08004904                MX_DMA_Init
 .text.MX_FATFS_Init
                0x0800494c       0x1c build/debug/fatfs.o
                0x0800494c                MX_FATFS_Init
 .text.FATFS_LinkDriverEx
                0x08004968       0x54 build/debug/ff_gen_drv.o
                0x08004968                FATFS_LinkDriverEx
 .text.FATFS_LinkDriver
                0x080049bc        0xa build/debug/ff_gen_drv.o
                0x080049bc                FATFS_LinkDriver
 *fill*         0x080049c6        0x2 
 .text.MX_FMAC_Init
                0x080049c8       0x20 build/debug/fmac.o
                0x080049c8                MX_FMAC_Init
 .text.HAL_FMAC_MspInit
                0x080049e8       0x34 build/debug/fmac.o
                0x080049e8                HAL_FMAC_MspInit
 .text.MX_GPIO_Init
                0x08004a1c      0x1b0 build/debug/gpio.o
                0x08004a1c                MX_GPIO_Init
 .text.MX_I2C3_Init
                0x08004bcc       0x58 build/debug/i2c.o
                0x08004bcc                MX_I2C3_Init
 .text.HAL_I2C_MspInit
                0x08004c24       0xa8 build/debug/i2c.o
                0x08004c24                HAL_I2C_MspInit
 .text.MPU_Config
                0x08004ccc       0x56 build/debug/main.o
 .text.Error_Handler
                0x08004d22        0x4 build/debug/main.o
                0x08004d22                Error_Handler
 *fill*         0x08004d26        0x2 
 .text.SystemClock_Config
                0x08004d28       0xa8 build/debug/main.o
                0x08004d28                SystemClock_Config
 .text.PeriphCommonClock_Config
                0x08004dd0       0x4e build/debug/main.o
                0x08004dd0                PeriphCommonClock_Config
 *fill*         0x08004e1e        0x2 
 .text.main     0x08004e20       0xdc build/debug/main.o
                0x08004e20                main
 .text.assert_failed
                0x08004efc        0x2 build/debug/main.o
                0x08004efc                assert_failed
 *fill*         0x08004efe        0x2 
 .text.MX_SPI1_Init
                0x08004f00       0x58 build/debug/spi.o
                0x08004f00                MX_SPI1_Init
 .text.MX_SPI2_Init
                0x08004f58       0x5c build/debug/spi.o
                0x08004f58                MX_SPI2_Init
 .text.HAL_SPI_MspInit
                0x08004fb4      0x158 build/debug/spi.o
                0x08004fb4                HAL_SPI_MspInit
 .text.HAL_InitTick
                0x0800510c       0x50 build/debug/stm32h7xx_hal.o
                0x0800510c                HAL_InitTick
 .text.HAL_Init
                0x0800515c       0x5c build/debug/stm32h7xx_hal.o
                0x0800515c                HAL_Init
 .text.HAL_IncTick
                0x080051b8       0x18 build/debug/stm32h7xx_hal.o
                0x080051b8                HAL_IncTick
 .text.HAL_GetTick
                0x080051d0        0xc build/debug/stm32h7xx_hal.o
                0x080051d0                HAL_GetTick
 .text.HAL_Delay
                0x080051dc       0x28 build/debug/stm32h7xx_hal.o
                0x080051dc                HAL_Delay
 .text.HAL_SYSCFG_AnalogSwitchConfig
                0x08005204       0x30 build/debug/stm32h7xx_hal.o
                0x08005204                HAL_SYSCFG_AnalogSwitchConfig
 .text.LL_ADC_SetOffset
                0x08005234       0x40 build/debug/stm32h7xx_hal_adc.o
 .text.LL_ADC_SetOffsetState
                0x08005274       0x30 build/debug/stm32h7xx_hal_adc.o
 .text.LL_ADC_REG_SetSequencerRanks
                0x080052a4       0x30 build/debug/stm32h7xx_hal_adc.o
 .text.LL_ADC_SetChannelSamplingTime
                0x080052d4       0x2c build/debug/stm32h7xx_hal_adc.o
 .text.LL_ADC_SetChannelSingleDiff
                0x08005300       0x58 build/debug/stm32h7xx_hal_adc.o
 .text.LL_ADC_SetChannelPreselection
                0x08005358       0x38 build/debug/stm32h7xx_hal_adc.o
 .text.HAL_ADC_ConfigChannel
                0x08005390      0xac0 build/debug/stm32h7xx_hal_adc.o
                0x08005390                HAL_ADC_ConfigChannel
 .text.ADC_ConfigureBoostMode
                0x08005e50      0x130 build/debug/stm32h7xx_hal_adc.o
                0x08005e50                ADC_ConfigureBoostMode
 .text.HAL_ADC_Init
                0x08005f80      0x648 build/debug/stm32h7xx_hal_adc.o
                0x08005f80                HAL_ADC_Init
 .text.HAL_ADCEx_MultiModeConfigChannel
                0x080065c8      0x1e4 build/debug/stm32h7xx_hal_adc_ex.o
                0x080065c8                HAL_ADCEx_MultiModeConfigChannel
 .text.HAL_CORDIC_Init
                0x080067ac       0x4c build/debug/stm32h7xx_hal_cordic.o
                0x080067ac                HAL_CORDIC_Init
 .text.__NVIC_EnableIRQ
                0x080067f8       0x1c build/debug/stm32h7xx_hal_cortex.o
 .text.__NVIC_SetPriority
                0x08006814       0x24 build/debug/stm32h7xx_hal_cortex.o
 .text.NVIC_EncodePriority
                0x08006838       0x3e build/debug/stm32h7xx_hal_cortex.o
 *fill*         0x08006876        0x2 
 .text.HAL_NVIC_SetPriorityGrouping
                0x08006878       0x3c build/debug/stm32h7xx_hal_cortex.o
                0x08006878                HAL_NVIC_SetPriorityGrouping
 .text.HAL_NVIC_SetPriority
                0x080068b4       0x48 build/debug/stm32h7xx_hal_cortex.o
                0x080068b4                HAL_NVIC_SetPriority
 .text.HAL_NVIC_EnableIRQ
                0x080068fc       0x1c build/debug/stm32h7xx_hal_cortex.o
                0x080068fc                HAL_NVIC_EnableIRQ
 .text.HAL_SYSTICK_Config
                0x08006918       0x28 build/debug/stm32h7xx_hal_cortex.o
                0x08006918                HAL_SYSTICK_Config
 .text.HAL_MPU_Disable
                0x08006940       0x1c build/debug/stm32h7xx_hal_cortex.o
                0x08006940                HAL_MPU_Disable
 .text.HAL_MPU_Enable
                0x0800695c       0x20 build/debug/stm32h7xx_hal_cortex.o
                0x0800695c                HAL_MPU_Enable
 .text.HAL_MPU_ConfigRegion
                0x0800697c      0x120 build/debug/stm32h7xx_hal_cortex.o
                0x0800697c                HAL_MPU_ConfigRegion
 .text.DMA_SetConfig
                0x08006a9c      0x1b4 build/debug/stm32h7xx_hal_dma.o
 .text.DMA_CalcBaseAndBitshift
                0x08006c50       0xb0 build/debug/stm32h7xx_hal_dma.o
 .text.DMA_CheckFifoParam
                0x08006d00       0x92 build/debug/stm32h7xx_hal_dma.o
 *fill*         0x08006d92        0x2 
 .text.DMA_CalcDMAMUXChannelBaseAndMask
                0x08006d94       0xac build/debug/stm32h7xx_hal_dma.o
 .text.DMA_CalcDMAMUXRequestGenBaseAndMask
                0x08006e40       0x7c build/debug/stm32h7xx_hal_dma.o
 .text.HAL_DMA_Init
                0x08006ebc      0x5dc build/debug/stm32h7xx_hal_dma.o
                0x08006ebc                HAL_DMA_Init
 .text.HAL_DMA_Start_IT
                0x08007498      0x2bc build/debug/stm32h7xx_hal_dma.o
                0x08007498                HAL_DMA_Start_IT
 .text.HAL_DMA_Abort
                0x08007754      0x340 build/debug/stm32h7xx_hal_dma.o
                0x08007754                HAL_DMA_Abort
 .text.HAL_DMA_Abort_IT
                0x08007a94      0x270 build/debug/stm32h7xx_hal_dma.o
                0x08007a94                HAL_DMA_Abort_IT
 .text.HAL_DMA_IRQHandler
                0x08007d04      0x738 build/debug/stm32h7xx_hal_dma.o
                0x08007d04                HAL_DMA_IRQHandler
 .text.HAL_DMA_GetError
                0x0800843c        0x4 build/debug/stm32h7xx_hal_dma.o
                0x0800843c                HAL_DMA_GetError
 .text.FMAC_ResetInputStateAndDataPointers
                0x08008440       0x10 build/debug/stm32h7xx_hal_fmac.o
 .text.FMAC_ResetOutputStateAndDataPointers
                0x08008450       0x10 build/debug/stm32h7xx_hal_fmac.o
 .text.FMAC_ResetDataPointers
                0x08008460       0x10 build/debug/stm32h7xx_hal_fmac.o
 .text.FMAC_Reset
                0x08008470       0x3c build/debug/stm32h7xx_hal_fmac.o
 .text.HAL_FMAC_Init
                0x080084ac       0x6c build/debug/stm32h7xx_hal_fmac.o
                0x080084ac                HAL_FMAC_Init
 .text.HAL_GPIO_Init
                0x08008518      0x37c build/debug/stm32h7xx_hal_gpio.o
                0x08008518                HAL_GPIO_Init
 .text.HAL_GPIO_ReadPin
                0x08008894       0x28 build/debug/stm32h7xx_hal_gpio.o
                0x08008894                HAL_GPIO_ReadPin
 .text.HAL_GPIO_WritePin
                0x080088bc       0x38 build/debug/stm32h7xx_hal_gpio.o
                0x080088bc                HAL_GPIO_WritePin
 .text.I2C_Flush_TXDR
                0x080088f4       0x22 build/debug/stm32h7xx_hal_i2c.o
 *fill*         0x08008916        0x2 
 .text.I2C_TransferConfig
                0x08008918       0xd0 build/debug/stm32h7xx_hal_i2c.o
 .text.I2C_IsErrorOccurred
                0x080089e8      0x118 build/debug/stm32h7xx_hal_i2c.o
 .text.I2C_WaitOnTXISFlagUntilTimeout
                0x08008b00       0x60 build/debug/stm32h7xx_hal_i2c.o
 .text.I2C_WaitOnFlagUntilTimeout
                0x08008b60       0x7c build/debug/stm32h7xx_hal_i2c.o
 .text.I2C_RequestMemoryWrite
                0x08008bdc       0x7c build/debug/stm32h7xx_hal_i2c.o
 .text.I2C_RequestMemoryRead
                0x08008c58       0x78 build/debug/stm32h7xx_hal_i2c.o
 .text.I2C_WaitOnSTOPFlagUntilTimeout
                0x08008cd0       0x5e build/debug/stm32h7xx_hal_i2c.o
 *fill*         0x08008d2e        0x2 
 .text.HAL_I2C_Init
                0x08008d30      0x1a0 build/debug/stm32h7xx_hal_i2c.o
                0x08008d30                HAL_I2C_Init
 .text.HAL_I2C_Mem_Write
                0x08008ed0      0x1c4 build/debug/stm32h7xx_hal_i2c.o
                0x08008ed0                HAL_I2C_Mem_Write
 .text.HAL_I2C_Mem_Read
                0x08009094      0x1c8 build/debug/stm32h7xx_hal_i2c.o
                0x08009094                HAL_I2C_Mem_Read
 .text.HAL_I2CEx_ConfigAnalogFilter
                0x0800925c       0xb4 build/debug/stm32h7xx_hal_i2c_ex.o
                0x0800925c                HAL_I2CEx_ConfigAnalogFilter
 .text.HAL_I2CEx_ConfigDigitalFilter
                0x08009310       0xa8 build/debug/stm32h7xx_hal_i2c_ex.o
                0x08009310                HAL_I2CEx_ConfigDigitalFilter
 .text.HAL_MspInit
                0x080093b8       0x24 build/debug/stm32h7xx_hal_msp.o
                0x080093b8                HAL_MspInit
 .text.PCD_WriteEmptyTxFifo
                0x080093dc       0xd0 build/debug/stm32h7xx_hal_pcd.o
 .text.HAL_PCD_Init
                0x080094ac      0x120 build/debug/stm32h7xx_hal_pcd.o
                0x080094ac                HAL_PCD_Init
 .text.HAL_PCD_Start
                0x080095cc       0x44 build/debug/stm32h7xx_hal_pcd.o
                0x080095cc                HAL_PCD_Start
 .text.PCD_EP_OutXfrComplete_int
                0x08009610      0x104 build/debug/stm32h7xx_hal_pcd.o
 .text.PCD_EP_OutSetupPacket_int
                0x08009714       0x50 build/debug/stm32h7xx_hal_pcd.o
 .text.HAL_PCD_SetAddress
                0x08009764       0x26 build/debug/stm32h7xx_hal_pcd.o
                0x08009764                HAL_PCD_SetAddress
 .text.HAL_PCD_EP_Open
                0x0800978a       0x8c build/debug/stm32h7xx_hal_pcd.o
                0x0800978a                HAL_PCD_EP_Open
 .text.HAL_PCD_EP_Close
                0x08009816       0x70 build/debug/stm32h7xx_hal_pcd.o
                0x08009816                HAL_PCD_EP_Close
 .text.HAL_PCD_EP_Receive
                0x08009886       0x4a build/debug/stm32h7xx_hal_pcd.o
                0x08009886                HAL_PCD_EP_Receive
 .text.HAL_PCD_EP_GetRxCount
                0x080098d0       0x12 build/debug/stm32h7xx_hal_pcd.o
                0x080098d0                HAL_PCD_EP_GetRxCount
 .text.HAL_PCD_EP_Transmit
                0x080098e2       0x4a build/debug/stm32h7xx_hal_pcd.o
                0x080098e2                HAL_PCD_EP_Transmit
 .text.HAL_PCD_EP_SetStall
                0x0800992c       0x86 build/debug/stm32h7xx_hal_pcd.o
                0x0800992c                HAL_PCD_EP_SetStall
 .text.HAL_PCD_EP_ClrStall
                0x080099b2       0x74 build/debug/stm32h7xx_hal_pcd.o
                0x080099b2                HAL_PCD_EP_ClrStall
 .text.HAL_PCD_EP_Abort
                0x08009a26       0x34 build/debug/stm32h7xx_hal_pcd.o
                0x08009a26                HAL_PCD_EP_Abort
 .text.HAL_PCD_IRQHandler
                0x08009a5a      0x600 build/debug/stm32h7xx_hal_pcd.o
                0x08009a5a                HAL_PCD_IRQHandler
 .text.HAL_PCDEx_SetTxFiFo
                0x0800a05a       0x4c build/debug/stm32h7xx_hal_pcd_ex.o
                0x0800a05a                HAL_PCDEx_SetTxFiFo
 .text.HAL_PCDEx_SetRxFiFo
                0x0800a0a6        0x8 build/debug/stm32h7xx_hal_pcd_ex.o
                0x0800a0a6                HAL_PCDEx_SetRxFiFo
 *fill*         0x0800a0ae        0x2 
 .text.HAL_PCDEx_ActivateLPM
                0x0800a0b0       0x28 build/debug/stm32h7xx_hal_pcd_ex.o
                0x0800a0b0                HAL_PCDEx_ActivateLPM
 .text.HAL_PCDEx_LPM_Callback
                0x0800a0d8        0x2 build/debug/stm32h7xx_hal_pcd_ex.o
                0x0800a0d8                HAL_PCDEx_LPM_Callback
 *fill*         0x0800a0da        0x2 
 .text.HAL_PWREx_ConfigSupply
                0x0800a0dc       0xdc build/debug/stm32h7xx_hal_pwr_ex.o
                0x0800a0dc                HAL_PWREx_ConfigSupply
 .text.HAL_PWREx_EnableUSBVoltageDetector
                0x0800a1b8       0x10 build/debug/stm32h7xx_hal_pwr_ex.o
                0x0800a1b8                HAL_PWREx_EnableUSBVoltageDetector
 .text.HAL_RCC_OscConfig
                0x0800a1c8      0x7a4 build/debug/stm32h7xx_hal_rcc.o
                0x0800a1c8                HAL_RCC_OscConfig
 .text.HAL_RCC_GetSysClockFreq
                0x0800a96c      0x1f8 build/debug/stm32h7xx_hal_rcc.o
                0x0800a96c                HAL_RCC_GetSysClockFreq
 .text.HAL_RCC_ClockConfig
                0x0800ab64      0x488 build/debug/stm32h7xx_hal_rcc.o
                0x0800ab64                HAL_RCC_ClockConfig
 .text.HAL_RCC_GetHCLKFreq
                0x0800afec       0x44 build/debug/stm32h7xx_hal_rcc.o
                0x0800afec                HAL_RCC_GetHCLKFreq
 .text.HAL_RCC_GetPCLK1Freq
                0x0800b030       0x24 build/debug/stm32h7xx_hal_rcc.o
                0x0800b030                HAL_RCC_GetPCLK1Freq
 .text.RCCEx_PLL2_Config
                0x0800b054      0x1bc build/debug/stm32h7xx_hal_rcc_ex.o
 .text.RCCEx_PLL3_Config
                0x0800b210      0x1c4 build/debug/stm32h7xx_hal_rcc_ex.o
 .text.HAL_RCCEx_PeriphCLKConfig
                0x0800b3d4      0xd10 build/debug/stm32h7xx_hal_rcc_ex.o
                0x0800b3d4                HAL_RCCEx_PeriphCLKConfig
 .text.HAL_RCCEx_GetD3PCLK1Freq
                0x0800c0e4       0x24 build/debug/stm32h7xx_hal_rcc_ex.o
                0x0800c0e4                HAL_RCCEx_GetD3PCLK1Freq
 .text.HAL_RCCEx_GetPLL2ClockFreq
                0x0800c108      0x200 build/debug/stm32h7xx_hal_rcc_ex.o
                0x0800c108                HAL_RCCEx_GetPLL2ClockFreq
 .text.HAL_RCCEx_GetPLL3ClockFreq
                0x0800c308      0x200 build/debug/stm32h7xx_hal_rcc_ex.o
                0x0800c308                HAL_RCCEx_GetPLL3ClockFreq
 .text.HAL_RCCEx_GetPLL1ClockFreq
                0x0800c508      0x200 build/debug/stm32h7xx_hal_rcc_ex.o
                0x0800c508                HAL_RCCEx_GetPLL1ClockFreq
 .text.HAL_RCCEx_GetPeriphCLKFreq
                0x0800c708      0x608 build/debug/stm32h7xx_hal_rcc_ex.o
                0x0800c708                HAL_RCCEx_GetPeriphCLKFreq
 .text.HAL_SPI_TxCpltCallback
                0x0800cd10        0x2 build/debug/stm32h7xx_hal_spi.o
                0x0800cd10                HAL_SPI_TxCpltCallback
 .text.HAL_SPI_RxCpltCallback
                0x0800cd12        0x2 build/debug/stm32h7xx_hal_spi.o
                0x0800cd12                HAL_SPI_RxCpltCallback
 .text.HAL_SPI_TxHalfCpltCallback
                0x0800cd14        0x2 build/debug/stm32h7xx_hal_spi.o
                0x0800cd14                HAL_SPI_TxHalfCpltCallback
 .text.HAL_SPI_RxHalfCpltCallback
                0x0800cd16        0x2 build/debug/stm32h7xx_hal_spi.o
                0x0800cd16                HAL_SPI_RxHalfCpltCallback
 .text.HAL_SPI_TxRxHalfCpltCallback
                0x0800cd18        0x2 build/debug/stm32h7xx_hal_spi.o
                0x0800cd18                HAL_SPI_TxRxHalfCpltCallback
 .text.HAL_SPI_ErrorCallback
                0x0800cd1a        0x2 build/debug/stm32h7xx_hal_spi.o
                0x0800cd1a                HAL_SPI_ErrorCallback
 .text.HAL_SPI_AbortCpltCallback
                0x0800cd1c        0x2 build/debug/stm32h7xx_hal_spi.o
                0x0800cd1c                HAL_SPI_AbortCpltCallback
 .text.HAL_SPI_SuspendCallback
                0x0800cd1e        0x2 build/debug/stm32h7xx_hal_spi.o
                0x0800cd1e                HAL_SPI_SuspendCallback
 .text.SPI_DMATransmitReceiveCplt
                0x0800cd20       0x2c build/debug/stm32h7xx_hal_spi.o
 .text.SPI_DMAHalfTransmitReceiveCplt
                0x0800cd4c        0xc build/debug/stm32h7xx_hal_spi.o
 .text.SPI_DMAAbortOnError
                0x0800cd58       0x1c build/debug/stm32h7xx_hal_spi.o
 .text.SPI_CloseTransfer
                0x0800cd74       0xd0 build/debug/stm32h7xx_hal_spi.o
 .text.SPI_GetPacketSize
                0x0800ce44       0x10 build/debug/stm32h7xx_hal_spi.o
 .text.SPI_WaitOnFlagUntilTimeout
                0x0800ce54       0x48 build/debug/stm32h7xx_hal_spi.o
 .text.SPI_DMAError
                0x0800ce9c       0x30 build/debug/stm32h7xx_hal_spi.o
 .text.HAL_SPI_Init
                0x0800cecc      0x3d8 build/debug/stm32h7xx_hal_spi.o
                0x0800cecc                HAL_SPI_Init
 .text.HAL_SPI_Transmit
                0x0800d2a4      0x2e4 build/debug/stm32h7xx_hal_spi.o
                0x0800d2a4                HAL_SPI_Transmit
 .text.HAL_SPI_TransmitReceive
                0x0800d588      0x4a8 build/debug/stm32h7xx_hal_spi.o
                0x0800d588                HAL_SPI_TransmitReceive
 .text.HAL_SPI_TransmitReceive_DMA
                0x0800da30      0x284 build/debug/stm32h7xx_hal_spi.o
                0x0800da30                HAL_SPI_TransmitReceive_DMA
 .text.HAL_SPI_IRQHandler
                0x0800dcb4      0x24c build/debug/stm32h7xx_hal_spi.o
                0x0800dcb4                HAL_SPI_IRQHandler
 .text.TIM_OC5_SetConfig
                0x0800df00       0x74 build/debug/stm32h7xx_hal_tim.o
 .text.TIM_OC6_SetConfig
                0x0800df74       0x74 build/debug/stm32h7xx_hal_tim.o
 .text.TIM_TI1_ConfigInputStage
                0x0800dfe8       0x26 build/debug/stm32h7xx_hal_tim.o
 .text.TIM_TI2_ConfigInputStage
                0x0800e00e       0x28 build/debug/stm32h7xx_hal_tim.o
 *fill*         0x0800e036        0x2 
 .text.TIM_ITRx_SetConfig
                0x0800e038       0x14 build/debug/stm32h7xx_hal_tim.o
 .text.TIM_OC1_SetConfig
                0x0800e04c      0x104 build/debug/stm32h7xx_hal_tim.o
 .text.TIM_OC3_SetConfig
                0x0800e150       0xf0 build/debug/stm32h7xx_hal_tim.o
 .text.TIM_OC4_SetConfig
                0x0800e240       0x9c build/debug/stm32h7xx_hal_tim.o
 .text.TIM_Base_SetConfig
                0x0800e2dc      0x120 build/debug/stm32h7xx_hal_tim.o
                0x0800e2dc                TIM_Base_SetConfig
 .text.HAL_TIM_Base_Init
                0x0800e3fc      0x198 build/debug/stm32h7xx_hal_tim.o
                0x0800e3fc                HAL_TIM_Base_Init
 .text.HAL_TIM_PWM_Init
                0x0800e594      0x198 build/debug/stm32h7xx_hal_tim.o
                0x0800e594                HAL_TIM_PWM_Init
 .text.TIM_OC2_SetConfig
                0x0800e72c       0xf0 build/debug/stm32h7xx_hal_tim.o
                0x0800e72c                TIM_OC2_SetConfig
 .text.HAL_TIM_PWM_ConfigChannel
                0x0800e81c      0x39c build/debug/stm32h7xx_hal_tim.o
                0x0800e81c                HAL_TIM_PWM_ConfigChannel
 .text.TIM_ETR_SetConfig
                0x0800ebb8       0x1a build/debug/stm32h7xx_hal_tim.o
                0x0800ebb8                TIM_ETR_SetConfig
 *fill*         0x0800ebd2        0x2 
 .text.HAL_TIM_ConfigClockSource
                0x0800ebd4      0x5c0 build/debug/stm32h7xx_hal_tim.o
                0x0800ebd4                HAL_TIM_ConfigClockSource
 .text.HAL_TIMEx_MasterConfigSynchronization
                0x0800f194      0x1d4 build/debug/stm32h7xx_hal_tim_ex.o
                0x0800f194                HAL_TIMEx_MasterConfigSynchronization
 .text.NMI_Handler
                0x0800f368        0x2 build/debug/stm32h7xx_it.o
                0x0800f368                NMI_Handler
 .text.HardFault_Handler
                0x0800f36a        0x2 build/debug/stm32h7xx_it.o
                0x0800f36a                HardFault_Handler
 .text.MemManage_Handler
                0x0800f36c        0x2 build/debug/stm32h7xx_it.o
                0x0800f36c                MemManage_Handler
 .text.BusFault_Handler
                0x0800f36e        0x2 build/debug/stm32h7xx_it.o
                0x0800f36e                BusFault_Handler
 .text.UsageFault_Handler
                0x0800f370        0x2 build/debug/stm32h7xx_it.o
                0x0800f370                UsageFault_Handler
 .text.SVC_Handler
                0x0800f372        0x2 build/debug/stm32h7xx_it.o
                0x0800f372                SVC_Handler
 .text.DebugMon_Handler
                0x0800f374        0x2 build/debug/stm32h7xx_it.o
                0x0800f374                DebugMon_Handler
 .text.PendSV_Handler
                0x0800f376        0x2 build/debug/stm32h7xx_it.o
                0x0800f376                PendSV_Handler
 .text.SysTick_Handler
                0x0800f378        0x8 build/debug/stm32h7xx_it.o
                0x0800f378                SysTick_Handler
 .text.DMA1_Stream0_IRQHandler
                0x0800f380       0x10 build/debug/stm32h7xx_it.o
                0x0800f380                DMA1_Stream0_IRQHandler
 .text.DMA1_Stream1_IRQHandler
                0x0800f390       0x10 build/debug/stm32h7xx_it.o
                0x0800f390                DMA1_Stream1_IRQHandler
 .text.SPI1_IRQHandler
                0x0800f3a0       0x10 build/debug/stm32h7xx_it.o
                0x0800f3a0                SPI1_IRQHandler
 .text.OTG_HS_EP1_OUT_IRQHandler
                0x0800f3b0       0x10 build/debug/stm32h7xx_it.o
                0x0800f3b0                OTG_HS_EP1_OUT_IRQHandler
 .text.OTG_HS_EP1_IN_IRQHandler
                0x0800f3c0       0x10 build/debug/stm32h7xx_it.o
                0x0800f3c0                OTG_HS_EP1_IN_IRQHandler
 .text.OTG_HS_IRQHandler
                0x0800f3d0       0x10 build/debug/stm32h7xx_it.o
                0x0800f3d0                OTG_HS_IRQHandler
 .text.USB_CoreReset
                0x0800f3e0       0x4a build/debug/stm32h7xx_ll_usb.o
 *fill*         0x0800f42a        0x2 
 .text.USB_CoreInit
                0x0800f42c       0xa4 build/debug/stm32h7xx_ll_usb.o
                0x0800f42c                USB_CoreInit
 .text.USB_SetTurnaroundTime
                0x0800f4d0       0xe4 build/debug/stm32h7xx_ll_usb.o
                0x0800f4d0                USB_SetTurnaroundTime
 .text.USB_EnableGlobalInt
                0x0800f5b4        0xc build/debug/stm32h7xx_ll_usb.o
                0x0800f5b4                USB_EnableGlobalInt
 .text.USB_DisableGlobalInt
                0x0800f5c0        0xc build/debug/stm32h7xx_ll_usb.o
                0x0800f5c0                USB_DisableGlobalInt
 .text.USB_FlushTxFifo
                0x0800f5cc       0x4a build/debug/stm32h7xx_ll_usb.o
                0x0800f5cc                USB_FlushTxFifo
 .text.USB_FlushRxFifo
                0x0800f616       0x46 build/debug/stm32h7xx_ll_usb.o
                0x0800f616                USB_FlushRxFifo
 .text.USB_SetDevSpeed
                0x0800f65c        0xe build/debug/stm32h7xx_ll_usb.o
                0x0800f65c                USB_SetDevSpeed
 *fill*         0x0800f66a        0x2 
 .text.USB_DevInit
                0x0800f66c      0x18c build/debug/stm32h7xx_ll_usb.o
                0x0800f66c                USB_DevInit
 .text.USB_GetDevSpeed
                0x0800f7f8       0x22 build/debug/stm32h7xx_ll_usb.o
                0x0800f7f8                USB_GetDevSpeed
 *fill*         0x0800f81a        0x2 
 .text.USB_ActivateEndpoint
                0x0800f81c       0x98 build/debug/stm32h7xx_ll_usb.o
                0x0800f81c                USB_ActivateEndpoint
 .text.USB_DeactivateEndpoint
                0x0800f8b4       0xe0 build/debug/stm32h7xx_ll_usb.o
                0x0800f8b4                USB_DeactivateEndpoint
 .text.USB_EPStopXfer
                0x0800f994       0xbe build/debug/stm32h7xx_ll_usb.o
                0x0800f994                USB_EPStopXfer
 .text.USB_WritePacket
                0x0800fa52       0x2e build/debug/stm32h7xx_ll_usb.o
                0x0800fa52                USB_WritePacket
 .text.USB_EPStartXfer
                0x0800fa80      0x244 build/debug/stm32h7xx_ll_usb.o
                0x0800fa80                USB_EPStartXfer
 .text.USB_ReadPacket
                0x0800fcc4       0x46 build/debug/stm32h7xx_ll_usb.o
                0x0800fcc4                USB_ReadPacket
 .text.USB_EPSetStall
                0x0800fd0a       0x5a build/debug/stm32h7xx_ll_usb.o
                0x0800fd0a                USB_EPSetStall
 .text.USB_EPClearStall
                0x0800fd64       0x5c build/debug/stm32h7xx_ll_usb.o
                0x0800fd64                USB_EPClearStall
 .text.USB_SetDevAddress
                0x0800fdc0       0x20 build/debug/stm32h7xx_ll_usb.o
                0x0800fdc0                USB_SetDevAddress
 .text.USB_DevConnect
                0x0800fde0       0x1c build/debug/stm32h7xx_ll_usb.o
                0x0800fde0                USB_DevConnect
 .text.USB_DevDisconnect
                0x0800fdfc       0x1c build/debug/stm32h7xx_ll_usb.o
                0x0800fdfc                USB_DevDisconnect
 .text.USB_ReadInterrupts
                0x0800fe18        0x8 build/debug/stm32h7xx_ll_usb.o
                0x0800fe18                USB_ReadInterrupts
 .text.USB_ReadDevAllOutEpInterrupt
                0x0800fe20       0x10 build/debug/stm32h7xx_ll_usb.o
                0x0800fe20                USB_ReadDevAllOutEpInterrupt
 .text.USB_ReadDevAllInEpInterrupt
                0x0800fe30       0x10 build/debug/stm32h7xx_ll_usb.o
                0x0800fe30                USB_ReadDevAllInEpInterrupt
 .text.USB_ReadDevOutEPInterrupt
                0x0800fe40       0x12 build/debug/stm32h7xx_ll_usb.o
                0x0800fe40                USB_ReadDevOutEPInterrupt
 .text.USB_ReadDevInEPInterrupt
                0x0800fe52       0x24 build/debug/stm32h7xx_ll_usb.o
                0x0800fe52                USB_ReadDevInEPInterrupt
 .text.USB_GetMode
                0x0800fe76        0x8 build/debug/stm32h7xx_ll_usb.o
                0x0800fe76                USB_GetMode
 .text.USB_SetCurrentMode
                0x0800fe7e       0x62 build/debug/stm32h7xx_ll_usb.o
                0x0800fe7e                USB_SetCurrentMode
 .text.USB_ActivateSetup
                0x0800fee0       0x1c build/debug/stm32h7xx_ll_usb.o
                0x0800fee0                USB_ActivateSetup
 .text.USB_EP0_OutStart
                0x0800fefc       0x60 build/debug/stm32h7xx_ll_usb.o
                0x0800fefc                USB_EP0_OutStart
 .text._getpid  0x0800ff5c        0x4 build/debug/syscalls.o
                0x0800ff5c                _getpid
 .text._kill    0x0800ff60       0x10 build/debug/syscalls.o
                0x0800ff60                _kill
 .text._exit    0x0800ff70        0xc build/debug/syscalls.o
                0x0800ff70                _exit
 .text._read    0x0800ff7c       0x20 build/debug/syscalls.o
                0x0800ff7c                _read
 .text._write   0x0800ff9c       0x1c build/debug/syscalls.o
                0x0800ff9c                _write
 .text._close   0x0800ffb8        0x6 build/debug/syscalls.o
                0x0800ffb8                _close
 .text._fstat   0x0800ffbe        0xa build/debug/syscalls.o
                0x0800ffbe                _fstat
 .text._isatty  0x0800ffc8        0x4 build/debug/syscalls.o
                0x0800ffc8                _isatty
 .text._lseek   0x0800ffcc        0x4 build/debug/syscalls.o
                0x0800ffcc                _lseek
 .text._sbrk    0x0800ffd0       0x48 build/debug/sysmem.o
                0x0800ffd0                _sbrk
 .text.SystemInit
                0x08010018       0xd0 build/debug/system_stm32h7xx.o
                0x08010018                SystemInit
 .text.ExitRun0Mode
                0x080100e8       0x1c build/debug/system_stm32h7xx.o
                0x080100e8                ExitRun0Mode
 .text.MX_TIM1_Init
                0x08010104       0x74 build/debug/tim.o
                0x08010104                MX_TIM1_Init
 .text.HAL_TIM_Base_MspInit
                0x08010178       0x34 build/debug/tim.o
                0x08010178                HAL_TIM_Base_MspInit
 .text.HAL_TIM_PWM_MspInit
                0x080101ac       0x54 build/debug/tim.o
                0x080101ac                HAL_TIM_PWM_MspInit
 .text.HAL_TIM_MspPostInit
                0x08010200       0x98 build/debug/tim.o
                0x08010200                HAL_TIM_MspPostInit
 .text.MX_TIM2_Init
                0x08010298       0x80 build/debug/tim.o
                0x08010298                MX_TIM2_Init
 .text.MX_TIM4_Init
                0x08010318       0xb8 build/debug/tim.o
                0x08010318                MX_TIM4_Init
 .text.MX_USB_DEVICE_Init
                0x080103d0       0x58 build/debug/usb_device.o
                0x080103d0                MX_USB_DEVICE_Init
 .text.USBD_CDC_EP0_RxReady
                0x08010428       0x40 build/debug/usbd_cdc.o
 .text.USBD_CDC_GetDeviceQualifierDescriptor
                0x08010468        0xc build/debug/usbd_cdc.o
                0x08010468                USBD_CDC_GetDeviceQualifierDescriptor
 .text.USBD_CDC_GetOtherSpeedCfgDesc
                0x08010474       0x48 build/debug/usbd_cdc.o
 .text.USBD_CDC_GetFSCfgDesc
                0x080104bc       0x48 build/debug/usbd_cdc.o
 .text.USBD_CDC_GetHSCfgDesc
                0x08010504       0x48 build/debug/usbd_cdc.o
 .text.USBD_CDC_DataOut
                0x0801054c       0x38 build/debug/usbd_cdc.o
 .text.USBD_CDC_DataIn
                0x08010584       0x7c build/debug/usbd_cdc.o
 .text.USBD_CDC_Setup
                0x08010600      0x11a build/debug/usbd_cdc.o
 .text.USBD_CDC_DeInit
                0x0801071a       0x64 build/debug/usbd_cdc.o
 .text.USBD_CDC_Init
                0x0801077e       0xee build/debug/usbd_cdc.o
 .text.USBD_CDC_RegisterInterface
                0x0801086c       0x16 build/debug/usbd_cdc.o
                0x0801086c                USBD_CDC_RegisterInterface
 .text.USBD_CDC_SetTxBuffer
                0x08010882       0x1c build/debug/usbd_cdc.o
                0x08010882                USBD_CDC_SetTxBuffer
 .text.USBD_CDC_SetRxBuffer
                0x0801089e       0x18 build/debug/usbd_cdc.o
                0x0801089e                USBD_CDC_SetRxBuffer
 .text.USBD_CDC_TransmitPacket
                0x080108b6       0x36 build/debug/usbd_cdc.o
                0x080108b6                USBD_CDC_TransmitPacket
 .text.USBD_CDC_ReceivePacket
                0x080108ec       0x38 build/debug/usbd_cdc.o
                0x080108ec                USBD_CDC_ReceivePacket
 .text.CDC_DeInit_HS
                0x08010924        0x4 build/debug/usbd_cdc_if.o
 .text.CDC_Control_HS
                0x08010928       0x54 build/debug/usbd_cdc_if.o
 .text.CDC_TransmitCplt_HS
                0x0801097c        0x4 build/debug/usbd_cdc_if.o
 .text.CDC_Receive_HS
                0x08010980       0x1c build/debug/usbd_cdc_if.o
 .text.CDC_Init_HS
                0x0801099c       0x28 build/debug/usbd_cdc_if.o
 .text.CDC_Transmit_HS
                0x080109c4       0x2c build/debug/usbd_cdc_if.o
                0x080109c4                CDC_Transmit_HS
 .text.HAL_PCD_MspInit
                0x080109f0       0x94 build/debug/usbd_conf.o
                0x080109f0                HAL_PCD_MspInit
 .text.HAL_PCD_SetupStageCallback
                0x08010a84       0x10 build/debug/usbd_conf.o
                0x08010a84                HAL_PCD_SetupStageCallback
 .text.HAL_PCD_DataOutStageCallback
                0x08010a94       0x18 build/debug/usbd_conf.o
                0x08010a94                HAL_PCD_DataOutStageCallback
 .text.HAL_PCD_DataInStageCallback
                0x08010aac       0x16 build/debug/usbd_conf.o
                0x08010aac                HAL_PCD_DataInStageCallback
 .text.HAL_PCD_SOFCallback
                0x08010ac2        0xc build/debug/usbd_conf.o
                0x08010ac2                HAL_PCD_SOFCallback
 .text.HAL_PCD_ResetCallback
                0x08010ace       0x28 build/debug/usbd_conf.o
                0x08010ace                HAL_PCD_ResetCallback
 *fill*         0x08010af6        0x2 
 .text.HAL_PCD_SuspendCallback
                0x08010af8       0x30 build/debug/usbd_conf.o
                0x08010af8                HAL_PCD_SuspendCallback
 .text.HAL_PCD_ResumeCallback
                0x08010b28        0xc build/debug/usbd_conf.o
                0x08010b28                HAL_PCD_ResumeCallback
 .text.HAL_PCD_ISOOUTIncompleteCallback
                0x08010b34        0xc build/debug/usbd_conf.o
                0x08010b34                HAL_PCD_ISOOUTIncompleteCallback
 .text.HAL_PCD_ISOINIncompleteCallback
                0x08010b40        0xc build/debug/usbd_conf.o
                0x08010b40                HAL_PCD_ISOINIncompleteCallback
 .text.HAL_PCD_ConnectCallback
                0x08010b4c        0xc build/debug/usbd_conf.o
                0x08010b4c                HAL_PCD_ConnectCallback
 .text.HAL_PCD_DisconnectCallback
                0x08010b58        0xc build/debug/usbd_conf.o
                0x08010b58                HAL_PCD_DisconnectCallback
 .text.USBD_LL_Init
                0x08010b64       0x70 build/debug/usbd_conf.o
                0x08010b64                USBD_LL_Init
 .text.USBD_LL_IsStallEP
                0x08010bd4       0x2c build/debug/usbd_conf.o
                0x08010bd4                USBD_LL_IsStallEP
 .text.USBD_LL_GetRxDataSize
                0x08010c00        0xc build/debug/usbd_conf.o
                0x08010c00                USBD_LL_GetRxDataSize
 .text.USBD_static_malloc
                0x08010c0c        0x8 build/debug/usbd_conf.o
                0x08010c0c                USBD_static_malloc
 .text.USBD_static_free
                0x08010c14        0x2 build/debug/usbd_conf.o
                0x08010c14                USBD_static_free
 .text.USBD_Get_USB_Status
                0x08010c16       0x14 build/debug/usbd_conf.o
                0x08010c16                USBD_Get_USB_Status
 .text.USBD_LL_Start
                0x08010c2a       0x10 build/debug/usbd_conf.o
                0x08010c2a                USBD_LL_Start
 .text.USBD_LL_OpenEP
                0x08010c3a       0x16 build/debug/usbd_conf.o
                0x08010c3a                USBD_LL_OpenEP
 .text.USBD_LL_CloseEP
                0x08010c50       0x10 build/debug/usbd_conf.o
                0x08010c50                USBD_LL_CloseEP
 .text.USBD_LL_StallEP
                0x08010c60       0x10 build/debug/usbd_conf.o
                0x08010c60                USBD_LL_StallEP
 .text.USBD_LL_ClearStallEP
                0x08010c70       0x10 build/debug/usbd_conf.o
                0x08010c70                USBD_LL_ClearStallEP
 .text.USBD_LL_SetUSBAddress
                0x08010c80       0x10 build/debug/usbd_conf.o
                0x08010c80                USBD_LL_SetUSBAddress
 .text.USBD_LL_Transmit
                0x08010c90       0x10 build/debug/usbd_conf.o
                0x08010c90                USBD_LL_Transmit
 .text.USBD_LL_PrepareReceive
                0x08010ca0       0x10 build/debug/usbd_conf.o
                0x08010ca0                USBD_LL_PrepareReceive
 .text.USBD_Init
                0x08010cb0       0x2e build/debug/usbd_core.o
                0x08010cb0                USBD_Init
 .text.USBD_RegisterClass
                0x08010cde       0x34 build/debug/usbd_core.o
                0x08010cde                USBD_RegisterClass
 .text.USBD_Start
                0x08010d12        0x8 build/debug/usbd_core.o
                0x08010d12                USBD_Start
 .text.USBD_SetClassConfig
                0x08010d1a       0x12 build/debug/usbd_core.o
                0x08010d1a                USBD_SetClassConfig
 .text.USBD_ClrClassConfig
                0x08010d2c       0x12 build/debug/usbd_core.o
                0x08010d2c                USBD_ClrClassConfig
 .text.USBD_LL_SetupStage
                0x08010d3e       0x58 build/debug/usbd_core.o
                0x08010d3e                USBD_LL_SetupStage
 .text.USBD_LL_Reset
                0x08010d96       0x64 build/debug/usbd_core.o
                0x08010d96                USBD_LL_Reset
 .text.USBD_LL_SetSpeed
                0x08010dfa        0x6 build/debug/usbd_core.o
                0x08010dfa                USBD_LL_SetSpeed
 .text.USBD_LL_Suspend
                0x08010e00       0x1e build/debug/usbd_core.o
                0x08010e00                USBD_LL_Suspend
 .text.USBD_LL_Resume
                0x08010e1e       0x1a build/debug/usbd_core.o
                0x08010e1e                USBD_LL_Resume
 .text.USBD_LL_SOF
                0x08010e38       0x22 build/debug/usbd_core.o
                0x08010e38                USBD_LL_SOF
 .text.USBD_LL_IsoINIncomplete
                0x08010e5a       0x2e build/debug/usbd_core.o
                0x08010e5a                USBD_LL_IsoINIncomplete
 .text.USBD_LL_IsoOUTIncomplete
                0x08010e88       0x2e build/debug/usbd_core.o
                0x08010e88                USBD_LL_IsoOUTIncomplete
 .text.USBD_LL_DevConnected
                0x08010eb6        0x4 build/debug/usbd_core.o
                0x08010eb6                USBD_LL_DevConnected
 .text.USBD_LL_DevDisconnected
                0x08010eba       0x20 build/debug/usbd_core.o
                0x08010eba                USBD_LL_DevDisconnected
 .text.USBD_CoreFindIF
                0x08010eda        0x4 build/debug/usbd_core.o
                0x08010eda                USBD_CoreFindIF
 .text.USBD_CoreFindEP
                0x08010ede        0x4 build/debug/usbd_core.o
                0x08010ede                USBD_CoreFindEP
 .text.USBD_LL_DataOutStage
                0x08010ee2       0xc4 build/debug/usbd_core.o
                0x08010ee2                USBD_LL_DataOutStage
 .text.USBD_LL_DataInStage
                0x08010fa6       0xd6 build/debug/usbd_core.o
                0x08010fa6                USBD_LL_DataInStage
 .text.USBD_GetNextDesc
                0x0801107c        0xe build/debug/usbd_core.o
                0x0801107c                USBD_GetNextDesc
 .text.USBD_GetEpDesc
                0x0801108a       0x3e build/debug/usbd_core.o
                0x0801108a                USBD_GetEpDesc
 .text.USBD_GetLen
                0x080110c8       0x14 build/debug/usbd_ctlreq.o
 .text.USBD_ParseSetupRequest
                0x080110dc       0x28 build/debug/usbd_ctlreq.o
                0x080110dc                USBD_ParseSetupRequest
 .text.USBD_CtlError
                0x08011104       0x14 build/debug/usbd_ctlreq.o
                0x08011104                USBD_CtlError
 .text.USBD_GetDescriptor
                0x08011118      0x18a build/debug/usbd_ctlreq.o
 .text.USBD_SetAddress
                0x080112a2       0x50 build/debug/usbd_ctlreq.o
 *fill*         0x080112f2        0x2 
 .text.USBD_SetConfig
                0x080112f4       0xcc build/debug/usbd_ctlreq.o
 .text.USBD_GetConfig
                0x080113c0       0x40 build/debug/usbd_ctlreq.o
 .text.USBD_GetStatus
                0x08011400       0x38 build/debug/usbd_ctlreq.o
 .text.USBD_SetFeature
                0x08011438       0x2a build/debug/usbd_ctlreq.o
 .text.USBD_ClrFeature
                0x08011462       0x26 build/debug/usbd_ctlreq.o
 .text.USBD_StdDevReq
                0x08011488       0x76 build/debug/usbd_ctlreq.o
                0x08011488                USBD_StdDevReq
 .text.USBD_StdItfReq
                0x080114fe       0x84 build/debug/usbd_ctlreq.o
                0x080114fe                USBD_StdItfReq
 .text.USBD_StdEPReq
                0x08011582      0x232 build/debug/usbd_ctlreq.o
                0x08011582                USBD_StdEPReq
 .text.USBD_GetString
                0x080117b4       0x46 build/debug/usbd_ctlreq.o
                0x080117b4                USBD_GetString
 *fill*         0x080117fa        0x2 
 .text.USBD_HS_DeviceDescriptor
                0x080117fc        0xc build/debug/usbd_desc.o
                0x080117fc                USBD_HS_DeviceDescriptor
 .text.USBD_HS_LangIDStrDescriptor
                0x08011808        0xc build/debug/usbd_desc.o
                0x08011808                USBD_HS_LangIDStrDescriptor
 .text.IntToUnicode
                0x08011814       0x46 build/debug/usbd_desc.o
 *fill*         0x0801185a        0x2 
 .text.Get_SerialNum
                0x0801185c       0x38 build/debug/usbd_desc.o
 .text.USBD_HS_SerialStrDescriptor
                0x08011894       0x14 build/debug/usbd_desc.o
                0x08011894                USBD_HS_SerialStrDescriptor
 .text.USBD_HS_ProductStrDescriptor
                0x080118a8       0x24 build/debug/usbd_desc.o
                0x080118a8                USBD_HS_ProductStrDescriptor
 .text.USBD_HS_ManufacturerStrDescriptor
                0x080118cc       0x1c build/debug/usbd_desc.o
                0x080118cc                USBD_HS_ManufacturerStrDescriptor
 .text.USBD_HS_ConfigStrDescriptor
                0x080118e8       0x24 build/debug/usbd_desc.o
                0x080118e8                USBD_HS_ConfigStrDescriptor
 .text.USBD_HS_InterfaceStrDescriptor
                0x0801190c       0x24 build/debug/usbd_desc.o
                0x0801190c                USBD_HS_InterfaceStrDescriptor
 .text.USBD_CtlSendData
                0x08011930       0x1a build/debug/usbd_ioreq.o
                0x08011930                USBD_CtlSendData
 .text.USBD_CtlContinueSendData
                0x0801194a       0x10 build/debug/usbd_ioreq.o
                0x0801194a                USBD_CtlContinueSendData
 .text.USBD_CtlPrepareRx
                0x0801195a       0x1e build/debug/usbd_ioreq.o
                0x0801195a                USBD_CtlPrepareRx
 .text.USBD_CtlContinueRx
                0x08011978       0x10 build/debug/usbd_ioreq.o
                0x08011978                USBD_CtlContinueRx
 .text.USBD_CtlSendStatus
                0x08011988       0x16 build/debug/usbd_ioreq.o
                0x08011988                USBD_CtlSendStatus
 .text.USBD_CtlReceiveStatus
                0x0801199e       0x16 build/debug/usbd_ioreq.o
                0x0801199e                USBD_CtlReceiveStatus
 .text.USER_initialize
                0x080119b4        0x8 build/debug/user_diskio.o
                0x080119b4                USER_initialize
 .text.USER_status
                0x080119bc        0x8 build/debug/user_diskio.o
                0x080119bc                USER_status
 .text.USER_read
                0x080119c4        0x8 build/debug/user_diskio.o
                0x080119c4                USER_read
 .text.USER_write
                0x080119cc        0x8 build/debug/user_diskio.o
                0x080119cc                USER_write
 .text.USER_ioctl
                0x080119d4        0x8 build/debug/user_diskio.o
                0x080119d4                USER_ioctl
 .text.xchg_spi
                0x080119dc       0x2c build/debug/user_diskio_spi.o
 .text.wait_ready_us
                0x08011a08       0x40 build/debug/user_diskio_spi.o
 .text.wait_ready
                0x08011a48       0x2a build/debug/user_diskio_spi.o
 .text.rcvr_spi_multi
                0x08011a72       0x1a build/debug/user_diskio_spi.o
 .text.despiselect
                0x08011a8c       0x18 build/debug/user_diskio_spi.o
 .text.spiselect
                0x08011aa4       0x30 build/debug/user_diskio_spi.o
 .text.send_cmd
                0x08011ad4       0x8c build/debug/user_diskio_spi.o
 .text.xmit_spi_multi
                0x08011b60       0x18 build/debug/user_diskio_spi.o
 .text.xmit_datablock
                0x08011b78       0x4c build/debug/user_diskio_spi.o
 .text.SPI_Timer_On
                0x08011bc4       0x1c build/debug/user_diskio_spi.o
                0x08011bc4                SPI_Timer_On
 .text.SPI_Timer_Status
                0x08011be0       0x24 build/debug/user_diskio_spi.o
                0x08011be0                SPI_Timer_Status
 .text.rcvr_datablock
                0x08011c04       0x40 build/debug/user_diskio_spi.o
 .text.HAL_SPI_TxRxCpltCallback
                0x08011c44       0xa0 build/debug/user_diskio_spi.o
                0x08011c44                HAL_SPI_TxRxCpltCallback
 .text.USER_SPI_initialize
                0x08011ce4      0x14c build/debug/user_diskio_spi.o
                0x08011ce4                USER_SPI_initialize
 .text.USER_SPI_status
                0x08011e30       0x14 build/debug/user_diskio_spi.o
                0x08011e30                USER_SPI_status
 .text.USER_SPI_read
                0x08011e44       0x90 build/debug/user_diskio_spi.o
                0x08011e44                USER_SPI_read
 .text.USER_SPI_write
                0x08011ed4       0xb4 build/debug/user_diskio_spi.o
                0x08011ed4                USER_SPI_write
 .text.USER_SPI_ioctl
                0x08011f88      0x224 build/debug/user_diskio_spi.o
                0x08011f88                USER_SPI_ioctl
 .text.Reset_Handler
                0x080121ac       0x54 build/debug/startup_stm32h725xx.o
                0x080121ac                Reset_Handler
 .text.Default_Handler
                0x08012200        0x2 build/debug/startup_stm32h725xx.o
                0x08012200                RTC_Alarm_IRQHandler
                0x08012200                EXTI2_IRQHandler
                0x08012200                TIM8_CC_IRQHandler
                0x08012200                UART8_IRQHandler
                0x08012200                SPI4_IRQHandler
                0x08012200                FDCAN3_IT0_IRQHandler
                0x08012200                TIM1_CC_IRQHandler
                0x08012200                BDMA_Channel6_IRQHandler
                0x08012200                DMA2_Stream5_IRQHandler
                0x08012200                DMA1_Stream5_IRQHandler
                0x08012200                CORDIC_IRQHandler
                0x08012200                BDMA_Channel1_IRQHandler
                0x08012200                TAMP_STAMP_IRQHandler
                0x08012200                EXTI3_IRQHandler
                0x08012200                LPTIM4_IRQHandler
                0x08012200                TIM8_TRG_COM_TIM14_IRQHandler
                0x08012200                LPTIM2_IRQHandler
                0x08012200                DFSDM1_FLT1_IRQHandler
                0x08012200                DMAMUX2_OVR_IRQHandler
                0x08012200                TIM8_UP_TIM13_IRQHandler
                0x08012200                I2C3_ER_IRQHandler
                0x08012200                DFSDM1_FLT2_IRQHandler
                0x08012200                I2C5_EV_IRQHandler
                0x08012200                USART10_IRQHandler
                0x08012200                MDMA_IRQHandler
                0x08012200                LPTIM3_IRQHandler
                0x08012200                HSEM1_IRQHandler
                0x08012200                EXTI0_IRQHandler
                0x08012200                I2C2_EV_IRQHandler
                0x08012200                DMA1_Stream2_IRQHandler
                0x08012200                FPU_IRQHandler
                0x08012200                OTG_HS_WKUP_IRQHandler
                0x08012200                FDCAN1_IT1_IRQHandler
                0x08012200                LTDC_ER_IRQHandler
                0x08012200                DMA2_Stream2_IRQHandler
                0x08012200                OCTOSPI1_IRQHandler
                0x08012200                TIM6_DAC_IRQHandler
                0x08012200                DMA2_Stream3_IRQHandler
                0x08012200                OCTOSPI2_IRQHandler
                0x08012200                DFSDM1_FLT3_IRQHandler
                0x08012200                TIM23_IRQHandler
                0x08012200                USART6_IRQHandler
                0x08012200                TIM17_IRQHandler
                0x08012200                USART3_IRQHandler
                0x08012200                BDMA_Channel7_IRQHandler
                0x08012200                LPTIM5_IRQHandler
                0x08012200                UART5_IRQHandler
                0x08012200                ADC3_IRQHandler
                0x08012200                DMA2_Stream0_IRQHandler
                0x08012200                TIM4_IRQHandler
                0x08012200                BDMA_Channel2_IRQHandler
                0x08012200                I2C1_EV_IRQHandler
                0x08012200                DMA1_Stream6_IRQHandler
                0x08012200                DMAMUX1_OVR_IRQHandler
                0x08012200                TIM16_IRQHandler
                0x08012200                UART4_IRQHandler
                0x08012200                BDMA_Channel5_IRQHandler
                0x08012200                TIM3_IRQHandler
                0x08012200                RCC_IRQHandler
                0x08012200                UART9_IRQHandler
                0x08012200                TIM8_BRK_TIM12_IRQHandler
                0x08012200                TIM1_TRG_COM_IRQHandler
                0x08012200                Default_Handler
                0x08012200                ECC_IRQHandler
                0x08012200                FMAC_IRQHandler
                0x08012200                CEC_IRQHandler
                0x08012200                EXTI15_10_IRQHandler
                0x08012200                BDMA_Channel0_IRQHandler
                0x08012200                ADC_IRQHandler
                0x08012200                I2C5_ER_IRQHandler
                0x08012200                DMA1_Stream7_IRQHandler
                0x08012200                SPI5_IRQHandler
                0x08012200                TIM7_IRQHandler
                0x08012200                FDCAN3_IT1_IRQHandler
                0x08012200                SDMMC1_IRQHandler
                0x08012200                TIM5_IRQHandler
                0x08012200                DMA2_Stream7_IRQHandler
                0x08012200                TIM15_IRQHandler
                0x08012200                PVD_AVD_IRQHandler
                0x08012200                I2C3_EV_IRQHandler
                0x08012200                EXTI9_5_IRQHandler
                0x08012200                RTC_WKUP_IRQHandler
                0x08012200                LTDC_IRQHandler
                0x08012200                ETH_WKUP_IRQHandler
                0x08012200                SPDIF_RX_IRQHandler
                0x08012200                SPI2_IRQHandler
                0x08012200                TIM24_IRQHandler
                0x08012200                CRS_IRQHandler
                0x08012200                EXTI4_IRQHandler
                0x08012200                RNG_IRQHandler
                0x08012200                FDCAN2_IT1_IRQHandler
                0x08012200                ETH_IRQHandler
                0x08012200                TIM1_UP_IRQHandler
                0x08012200                BDMA_Channel4_IRQHandler
                0x08012200                WWDG_IRQHandler
                0x08012200                SPI6_IRQHandler
                0x08012200                MDIOS_IRQHandler
                0x08012200                I2C4_EV_IRQHandler
                0x08012200                FDCAN2_IT0_IRQHandler
                0x08012200                LPUART1_IRQHandler
                0x08012200                FDCAN1_IT0_IRQHandler
                0x08012200                TIM2_IRQHandler
                0x08012200                DMA2D_IRQHandler
                0x08012200                TIM1_BRK_IRQHandler
                0x08012200                EXTI1_IRQHandler
                0x08012200                SDMMC2_IRQHandler
                0x08012200                BDMA_Channel3_IRQHandler
                0x08012200                DTS_IRQHandler
                0x08012200                UART7_IRQHandler
                0x08012200                MDIOS_WKUP_IRQHandler
                0x08012200                USART2_IRQHandler
                0x08012200                DFSDM1_FLT0_IRQHandler
                0x08012200                SAI4_IRQHandler
                0x08012200                I2C2_ER_IRQHandler
                0x08012200                DMA2_Stream1_IRQHandler
                0x08012200                FLASH_IRQHandler
                0x08012200                DMA2_Stream4_IRQHandler
                0x08012200                USART1_IRQHandler
                0x08012200                SPI3_IRQHandler
                0x08012200                WAKEUP_PIN_IRQHandler
                0x08012200                DMA1_Stream4_IRQHandler
                0x08012200                I2C1_ER_IRQHandler
                0x08012200                FMC_IRQHandler
                0x08012200                FDCAN_CAL_IRQHandler
                0x08012200                SWPMI1_IRQHandler
                0x08012200                COMP1_IRQHandler
                0x08012200                LPTIM1_IRQHandler
                0x08012200                DCMI_PSSI_IRQHandler
                0x08012200                I2C4_ER_IRQHandler
                0x08012200                DMA2_Stream6_IRQHandler
                0x08012200                SAI1_IRQHandler
                0x08012200                DMA1_Stream3_IRQHandler
 *(.glue_7)
 .glue_7        0x08012202        0x0 linker stubs
 *(.glue_7t)
 .glue_7t       0x08012202        0x0 linker stubs
 *(.eh_frame)
 *fill*         0x08012202        0x2 
 .eh_frame      0x08012204        0x0 /usr/lib/gcc/arm-none-eabi/13.2.1/thumb/v7e-m+dp/hard/crtbegin.o
 *(.init)
 .init          0x08012204        0x4 /usr/lib/gcc/arm-none-eabi/13.2.1/thumb/v7e-m+dp/hard/crti.o
                0x08012204                _init
 .init          0x08012208        0x8 /usr/lib/gcc/arm-none-eabi/13.2.1/thumb/v7e-m+dp/hard/crtn.o
 *(.fini)
 .fini          0x08012210        0x4 /usr/lib/gcc/arm-none-eabi/13.2.1/thumb/v7e-m+dp/hard/crti.o
                0x08012210                _fini
 .fini          0x08012214        0x8 /usr/lib/gcc/arm-none-eabi/13.2.1/thumb/v7e-m+dp/hard/crtn.o
                0x0801221c                        . = ALIGN (0x4)
                0x0801221c                        _etext = .

.vfp11_veneer   0x0801221c        0x0
 .vfp11_veneer  0x0801221c        0x0 linker stubs

.v4_bx          0x0801221c        0x0
 .v4_bx         0x0801221c        0x0 linker stubs

.iplt           0x0801221c        0x0
 .iplt          0x0801221c        0x0 /usr/lib/gcc/arm-none-eabi/13.2.1/thumb/v7e-m+dp/hard/crtbegin.o

.rodata         0x08012220      0x7b8
                0x08012220                        . = ALIGN (0x4)
 *(.rodata)
 .rodata        0x08012220      0x128 /usr/lib/gcc/arm-none-eabi/13.2.1/../../../arm-none-eabi/lib/thumb/v7e-m+dp/hard/libc_nano.a(libc_a-mprec.o)
                0x08012230                __mprec_tens
                0x080122f8                __mprec_tinytens
                0x08012320                __mprec_bigtens
 .rodata        0x08012348      0x101 /usr/lib/gcc/arm-none-eabi/13.2.1/../../../arm-none-eabi/lib/thumb/v7e-m+dp/hard/libc_nano.a(libc_a-ctype_.o)
                0x08012348                _ctype_
 *(.rodata*)
 *fill*         0x08012449        0x3 
 .rodata.SX1262_Set_Command.str1.4
                0x0801244c      0x573 build/debug/SX1262.o
                                 0x1b (size before relaxing)
 .rodata.HAL_SetTickFreq.str1.4
                0x080129bf       0x31 build/debug/stm32h7xx_hal.o
 .rodata.HAL_ADC_PollForConversion.str1.4
                0x080129bf       0x35 build/debug/stm32h7xx_hal_adc.o
 .rodata.HAL_ADCEx_Calibration_Start.str1.4
                0x080129bf       0x38 build/debug/stm32h7xx_hal_adc_ex.o
 .rodata.HAL_CORDIC_Init.str1.4
                0x080129bf       0x38 build/debug/stm32h7xx_hal_cordic.o
 .rodata.HAL_NVIC_SetPriorityGrouping.str1.4
                0x080129bf       0x38 build/debug/stm32h7xx_hal_cortex.o
 .rodata.HAL_DMA_Init.str1.4
                0x080129bf       0x35 build/debug/stm32h7xx_hal_dma.o
 *fill*         0x080129bf        0x1 
 .rodata.flagBitshiftOffset.0
                0x080129c0        0x8 build/debug/stm32h7xx_hal_dma.o
 .rodata.FMAC_FilterConfig.str1.4
                0x080129c8       0x36 build/debug/stm32h7xx_hal_fmac.o
 .rodata.HAL_GPIO_Init.str1.4
                0x080129c8       0x36 build/debug/stm32h7xx_hal_gpio.o
 .rodata.I2C_TransferConfig.str1.4
                0x080129c8       0x35 build/debug/stm32h7xx_hal_i2c.o
 .rodata.HAL_I2CEx_ConfigAnalogFilter.str1.4
                0x080129c8       0x38 build/debug/stm32h7xx_hal_i2c_ex.o
 .rodata.HAL_PCD_Init.str1.4
                0x080129c8       0x35 build/debug/stm32h7xx_hal_pcd.o
 .rodata.HAL_PWREx_ConfigSupply.str1.4
                0x080129c8       0x38 build/debug/stm32h7xx_hal_pwr_ex.o
 .rodata.HAL_RCC_OscConfig.str1.4
                0x080129c8       0x35 build/debug/stm32h7xx_hal_rcc.o
 .rodata.RCCEx_PLL2_Config.str1.4
                0x080129c8       0x38 build/debug/stm32h7xx_hal_rcc_ex.o
 .rodata.HAL_SPI_Init.str1.4
                0x080129c8       0x35 build/debug/stm32h7xx_hal_spi.o
 .rodata.TIM_OC1_SetConfig.str1.4
                0x080129c8       0x35 build/debug/stm32h7xx_hal_tim.o
 .rodata.HAL_TIMEx_HallSensor_Init.str1.4
                0x080129c8       0x38 build/debug/stm32h7xx_hal_tim_ex.o
 .rodata.D1CorePrescTable
                0x080129c8       0x10 build/debug/system_stm32h7xx.o
                0x080129c8                D1CorePrescTable
 .rodata.USBD_HS_ProductStrDescriptor.str1.4
                0x080129d8       0x16 build/debug/usbd_desc.o
 .rodata.USBD_HS_ManufacturerStrDescriptor.str1.4
                0x080129d8       0x13 build/debug/usbd_desc.o
 .rodata.USBD_HS_ConfigStrDescriptor.str1.4
                0x080129d8        0xb build/debug/usbd_desc.o
 .rodata.USBD_HS_InterfaceStrDescriptor.str1.4
                0x080129d8        0xe build/debug/usbd_desc.o
 .rodata.str1.4
                0x080129d8        0x3 build/debug/abstract.o
 .rodata.str1.4
                0x080129d8       0x1d build/debug/cpp_main.o
 .rodata.str1.4
                0x080129d8       0x12 /usr/lib/gcc/arm-none-eabi/13.2.1/../../../arm-none-eabi/lib/thumb/v7e-m+dp/hard/libc_nano.a(libc_a-nano-vfprintf_float.o)
 .rodata.str1.4
                0x080129d8       0x69 /usr/lib/gcc/arm-none-eabi/13.2.1/../../../arm-none-eabi/lib/thumb/v7e-m+dp/hard/libc_nano.a(libc_a-dtoa.o)
 .rodata.str1.4
                0x080129d8       0x25 /usr/lib/gcc/arm-none-eabi/13.2.1/../../../arm-none-eabi/lib/thumb/v7e-m+dp/hard/libc_nano.a(libc_a-nano-vfprintf_i.o)
 .rodata.str1.4
                0x080129d8       0x43 /usr/lib/gcc/arm-none-eabi/13.2.1/../../../arm-none-eabi/lib/thumb/v7e-m+dp/hard/libc_nano.a(libc_a-assert.o)
 .rodata.str1.4
                0x080129d8       0x59 /usr/lib/gcc/arm-none-eabi/13.2.1/../../../arm-none-eabi/lib/thumb/v7e-m+dp/hard/libc_nano.a(libc_a-mprec.o)
 .rodata.str1.4
                0x080129d8       0x12 /usr/lib/gcc/arm-none-eabi/13.2.1/../../../arm-none-eabi/lib/thumb/v7e-m+dp/hard/libc_nano.a(libc_a-locale.o)
 .rodata.str1.4
                0x080129d8       0x13 /usr/lib/gcc/arm-none-eabi/13.2.1/../../../arm-none-eabi/lib/thumb/v7e-m+dp/hard/libc_nano.a(libc_a-nano-vfprintf.o)
                0x08012a44                        . = ALIGN (0x4)

.ARM.extab      0x080129d8        0x0
                0x080129d8                        . = ALIGN (0x4)
 *(.ARM.extab* .gnu.linkonce.armextab.*)
                0x080129d8                        . = ALIGN (0x4)

.ARM            0x080129d8        0x8
                0x080129d8                        . = ALIGN (0x4)
                0x080129d8                        __exidx_start = .
 *(.ARM.exidx*)
 .ARM.exidx     0x080129d8        0x8 /usr/lib/gcc/arm-none-eabi/13.2.1/../../../arm-none-eabi/lib/thumb/v7e-m+dp/hard/libc_nano.a(libc_a-strlen.o)
 .ARM.exidx     0x080129e0        0x0 /usr/lib/gcc/arm-none-eabi/13.2.1/../../../arm-none-eabi/lib/thumb/v7e-m+dp/hard/libc_nano.a(libc_a-memchr.o)
                                  0x8 (size before relaxing)
 .ARM.exidx     0x080129e0        0x0 /usr/lib/gcc/arm-none-eabi/13.2.1/../../../arm-none-eabi/lib/thumb/v7e-m+dp/hard/libc_nano.a(libc_a-memcpy.o)
                                  0x8 (size before relaxing)
                0x080129e0                        __exidx_end = .
                0x080129e0                        . = ALIGN (0x4)

.preinit_array  0x080129e0        0x0
                0x080129e0                        . = ALIGN (0x4)
                0x080129e0                        PROVIDE (__preinit_array_start = .)
 *(.preinit_array*)
                0x080129e0                        PROVIDE (__preinit_array_end = .)
                0x080129e0                        . = ALIGN (0x4)

.init_array     0x080129e0        0x4
                0x080129e0                        . = ALIGN (0x4)
                0x080129e0                        PROVIDE (__init_array_start = .)
 *(SORT_BY_NAME(.init_array.*))
 *(.init_array*)
 .init_array    0x080129e0        0x4 /usr/lib/gcc/arm-none-eabi/13.2.1/thumb/v7e-m+dp/hard/crtbegin.o
                0x080129e4                        PROVIDE (__init_array_end = .)
                0x080129e4                        . = ALIGN (0x4)

.fini_array     0x080129e4        0x4
                0x080129e4                        . = ALIGN (0x4)
                0x080129e4                        PROVIDE (__fini_array_start = .)
 *(SORT_BY_NAME(.fini_array.*))
 *(.fini_array*)
 .fini_array    0x080129e4        0x4 /usr/lib/gcc/arm-none-eabi/13.2.1/thumb/v7e-m+dp/hard/crtbegin.o
                0x080129e8                        PROVIDE (__fini_array_end = .)
                0x080129e8                        . = ALIGN (0x4)
                0x080129e8                        _sidata = LOADADDR (.data)

.rel.dyn        0x080129e8        0x0
 .rel.iplt      0x080129e8        0x0 /usr/lib/gcc/arm-none-eabi/13.2.1/thumb/v7e-m+dp/hard/crtbegin.o

.data           0x20000000      0x2e8 load address 0x080129e8
                0x20000000                        . = ALIGN (0x4)
                0x20000000                        _sdata = .
 *(.data)
 .data          0x20000000       0x50 /usr/lib/gcc/arm-none-eabi/13.2.1/../../../arm-none-eabi/lib/thumb/v7e-m+dp/hard/libc_nano.a(libc_a-impure.o)
                0x20000000                _impure_ptr
                0x20000004                _impure_data
 .data          0x20000050        0xc /usr/lib/gcc/arm-none-eabi/13.2.1/../../../arm-none-eabi/lib/thumb/v7e-m+dp/hard/libc_nano.a(libc_a-findfp.o)
                0x20000050                __sglue
 .data          0x2000005c      0x16c /usr/lib/gcc/arm-none-eabi/13.2.1/../../../arm-none-eabi/lib/thumb/v7e-m+dp/hard/libc_nano.a(libc_a-locale.o)
                0x2000005c                __global_locale
 *(.data*)
 .data.uwTickFreq
                0x200001c8        0x1 build/debug/stm32h7xx_hal.o
                0x200001c8                uwTickFreq
 *fill*         0x200001c9        0x3 
 .data.uwTickPrio
                0x200001cc        0x4 build/debug/stm32h7xx_hal.o
                0x200001cc                uwTickPrio
 .data.SystemD2Clock
                0x200001d0        0x4 build/debug/system_stm32h7xx.o
                0x200001d0                SystemD2Clock
 .data.SystemCoreClock
                0x200001d4        0x4 build/debug/system_stm32h7xx.o
                0x200001d4                SystemCoreClock
 .data.USBD_CDC_CfgDesc
                0x200001d8       0x43 build/debug/usbd_cdc.o
 *fill*         0x2000021b        0x1 
 .data.USBD_CDC
                0x2000021c       0x38 build/debug/usbd_cdc.o
                0x2000021c                USBD_CDC
 .data.USBD_CDC_DeviceQualifierDesc
                0x20000254        0xa build/debug/usbd_cdc.o
 *fill*         0x2000025e        0x2 
 .data.USBD_Interface_fops_HS
                0x20000260       0x14 build/debug/usbd_cdc_if.o
                0x20000260                USBD_Interface_fops_HS
 .data.LineCoding
                0x20000274        0x8 build/debug/usbd_cdc_if.o
                0x20000274                LineCoding
 .data.USBD_StringSerial
                0x2000027c       0x1a build/debug/usbd_desc.o
                0x2000027c                USBD_StringSerial
 *fill*         0x20000296        0x2 
 .data.USBD_LangIDDesc
                0x20000298        0x4 build/debug/usbd_desc.o
                0x20000298                USBD_LangIDDesc
 .data.USBD_HS_DeviceDesc
                0x2000029c       0x12 build/debug/usbd_desc.o
                0x2000029c                USBD_HS_DeviceDesc
 *fill*         0x200002ae        0x2 
 .data.HS_Desc  0x200002b0       0x1c build/debug/usbd_desc.o
                0x200002b0                HS_Desc
 .data.USER_Driver
                0x200002cc       0x14 build/debug/user_diskio.o
                0x200002cc                USER_Driver
 .data.currentBlock.0
                0x200002e0        0x4 build/debug/user_diskio_spi.o
 .data.Stat     0x200002e4        0x1 build/debug/user_diskio_spi.o
 *(.RamFunc)
 *(.RamFunc*)
                0x200002e8                        . = ALIGN (0x4)
 *fill*         0x200002e5        0x3 
                0x200002e8                        _edata = .

.tm_clone_table
                0x200002e8        0x0 load address 0x08012cd0
 .tm_clone_table
                0x200002e8        0x0 /usr/lib/gcc/arm-none-eabi/13.2.1/thumb/v7e-m+dp/hard/crtbegin.o
 .tm_clone_table
                0x200002e8        0x0 /usr/lib/gcc/arm-none-eabi/13.2.1/thumb/v7e-m+dp/hard/crtend.o

.igot.plt       0x200002e8        0x0 load address 0x08012cd0
 .igot.plt      0x200002e8        0x0 /usr/lib/gcc/arm-none-eabi/13.2.1/thumb/v7e-m+dp/hard/crtbegin.o
                0x200002e8                        . = ALIGN (0x4)

.bss            0x200002e8     0x2624 load address 0x08012cd0
                0x200002e8                        _sbss = .
                0x200002e8                        __bss_start__ = _sbss
 *(.bss)
 .bss           0x200002e8       0x1c /usr/lib/gcc/arm-none-eabi/13.2.1/thumb/v7e-m+dp/hard/crtbegin.o
 .bss           0x20000304        0x8 /usr/lib/gcc/arm-none-eabi/13.2.1/../../../arm-none-eabi/lib/thumb/v7e-m+dp/hard/libc_nano.a(libc_a-mallocr.o)
                0x20000304                __malloc_sbrk_start
                0x20000308                __malloc_free_list
 .bss           0x2000030c      0x13c /usr/lib/gcc/arm-none-eabi/13.2.1/../../../arm-none-eabi/lib/thumb/v7e-m+dp/hard/libc_nano.a(libc_a-findfp.o)
                0x2000030c                __sf
                0x20000444                __stdio_exit_handler
 .bss           0x20000448        0x4 /usr/lib/gcc/arm-none-eabi/13.2.1/../../../arm-none-eabi/lib/thumb/v7e-m+dp/hard/libc_nano.a(libc_a-reent.o)
                0x20000448                errno
 *(.bss*)
 .bss.err22     0x2000044c        0x1 build/debug/SX1262.o
                0x2000044c                err22
 .bss.Status_Now
                0x2000044d        0x1 build/debug/SX1262.o
                0x2000044d                Status_Now
 .bss.inReceiveMode
                0x2000044e        0x1 build/debug/SX1262.o
                0x2000044e                inReceiveMode
 *fill*         0x2000044f        0x1 
 .bss.SX_stc    0x20000450      0x428 build/debug/SX1262.o
                0x20000450                SX_stc
 .bss.answ      0x20000878        0xa build/debug/SX1262.o
                0x20000878                answ
 *fill*         0x20000882        0x2 
 .bss.cmnd      0x20000884        0xa build/debug/SX1262.o
                0x20000884                cmnd
 *fill*         0x2000088e        0x2 
 .bss.hadc1     0x20000890       0x70 build/debug/adc.o
                0x20000890                hadc1
 .bss.hcordic   0x20000900       0x28 build/debug/cordic.o
                0x20000900                hcordic
 .bss.USERPath  0x20000928        0x4 build/debug/fatfs.o
                0x20000928                USERPath
 .bss.retUSER   0x2000092c        0x1 build/debug/fatfs.o
                0x2000092c                retUSER
 *fill*         0x2000092d        0x3 
 .bss.disk      0x20000930        0xc build/debug/ff_gen_drv.o
                0x20000930                disk
 .bss.hfmac     0x2000093c       0x38 build/debug/fmac.o
                0x2000093c                hfmac
 .bss.hi2c3     0x20000974       0x54 build/debug/i2c.o
                0x20000974                hi2c3
 .bss.hdma_spi1_rx
                0x200009c8       0x78 build/debug/spi.o
                0x200009c8                hdma_spi1_rx
 .bss.hdma_spi1_tx
                0x20000a40       0x78 build/debug/spi.o
                0x20000a40                hdma_spi1_tx
 .bss.hspi2     0x20000ab8       0xb4 build/debug/spi.o
                0x20000ab8                hspi2
 .bss.hspi1     0x20000b6c       0xb4 build/debug/spi.o
                0x20000b6c                hspi1
 .bss.uwTick    0x20000c20        0x4 build/debug/stm32h7xx_hal.o
                0x20000c20                uwTick
 .bss.__sbrk_heap_end
                0x20000c24        0x4 build/debug/sysmem.o
 .bss.htim4     0x20000c28       0x4c build/debug/tim.o
                0x20000c28                htim4
 .bss.htim2     0x20000c74       0x4c build/debug/tim.o
                0x20000c74                htim2
 .bss.htim1     0x20000cc0       0x4c build/debug/tim.o
                0x20000cc0                htim1
 .bss.hUsbDeviceHS
                0x20000d0c      0x2dc build/debug/usb_device.o
                0x20000d0c                hUsbDeviceHS
 .bss.UserTxBufferHS
                0x20000fe8      0x800 build/debug/usbd_cdc_if.o
                0x20000fe8                UserTxBufferHS
 .bss.UserRxBufferHS
                0x200017e8      0x800 build/debug/usbd_cdc_if.o
                0x200017e8                UserRxBufferHS
 .bss.mem.0     0x20001fe8      0x220 build/debug/usbd_conf.o
 .bss.hpcd_USB_OTG_HS
                0x20002208      0x4e4 build/debug/usbd_conf.o
                0x20002208                hpcd_USB_OTG_HS
 .bss.cfgidx.0  0x200026ec        0x1 build/debug/usbd_ctlreq.o
 *fill*         0x200026ed        0x3 
 .bss.USBD_StrDesc
                0x200026f0      0x200 build/debug/usbd_desc.o
                0x200026f0                USBD_StrDesc
 .bss.rxBuf     0x200028f0        0x4 build/debug/user_diskio_spi.o
                0x200028f0                rxBuf
 .bss.buf       0x200028f4        0x4 build/debug/user_diskio_spi.o
                0x200028f4                buf
 .bss.numBlocks
                0x200028f8        0x4 build/debug/user_diskio_spi.o
                0x200028f8                numBlocks
 .bss.dma_tx_done
                0x200028fc        0x1 build/debug/user_diskio_spi.o
                0x200028fc                dma_tx_done
 *fill*         0x200028fd        0x3 
 .bss.spiTimerTickDelay
                0x20002900        0x4 build/debug/user_diskio_spi.o
                0x20002900                spiTimerTickDelay
 .bss.spiTimerTickStart
                0x20002904        0x4 build/debug/user_diskio_spi.o
                0x20002904                spiTimerTickStart
 .bss.CardType  0x20002908        0x1 build/debug/user_diskio_spi.o
 *(COMMON)
                0x2000290c                        . = ALIGN (0x4)
 *fill*         0x20002909        0x3 
                0x2000290c                        _ebss = .
                0x2000290c                        __bss_end__ = _ebss

._user_heap_stack
                0x2000290c      0x604 load address 0x08012cd0
                0x20002910                        . = ALIGN (0x8)
 *fill*         0x2000290c        0x4 
                [!provide]                        PROVIDE (end = .)
                0x20002910                        PROVIDE (_end = .)
                0x20002b10                        . = (. + _Min_Heap_Size)
 *fill*         0x20002910      0x200 
                0x20002f10                        . = (. + _Min_Stack_Size)
 *fill*         0x20002b10      0x400 
                0x20002f10                        . = ALIGN (0x8)

/DISCARD/
 libc.a(*)
 libm.a(*)
 libgcc.a(*)

.nocache        0x38000000        0x0
                0x38000000                        . = ALIGN (0x20)
 *(.nocache)
OUTPUT(build/debug/WINTER3-3.elf elf32-littlearm)
LOAD linker stubs
LOAD /usr/lib/gcc/arm-none-eabi/13.2.1/../../../arm-none-eabi/lib/thumb/v7e-m+dp/hard/libc.a
LOAD /usr/lib/gcc/arm-none-eabi/13.2.1/../../../arm-none-eabi/lib/thumb/v7e-m+dp/hard/libm.a
LOAD /usr/lib/gcc/arm-none-eabi/13.2.1/thumb/v7e-m+dp/hard/libgcc.a

.ARM.attributes
                0x00000000       0x2e
 .ARM.attributes
                0x00000000       0x20 /usr/lib/gcc/arm-none-eabi/13.2.1/thumb/v7e-m+dp/hard/crti.o
 .ARM.attributes
                0x00000020       0x32 /usr/lib/gcc/arm-none-eabi/13.2.1/thumb/v7e-m+dp/hard/crtbegin.o
 .ARM.attributes
                0x00000052       0x32 build/debug/SX1262.o
 .ARM.attributes
                0x00000084       0x32 build/debug/adc.o
 .ARM.attributes
                0x000000b6       0x32 build/debug/cordic.o
 .ARM.attributes
                0x000000e8       0x32 build/debug/dma.o
 .ARM.attributes
                0x0000011a       0x32 build/debug/fatfs.o
 .ARM.attributes
                0x0000014c       0x32 build/debug/ff_gen_drv.o
 .ARM.attributes
                0x0000017e       0x32 build/debug/fmac.o
 .ARM.attributes
                0x000001b0       0x32 build/debug/gpio.o
 .ARM.attributes
                0x000001e2       0x32 build/debug/i2c.o
 .ARM.attributes
                0x00000214       0x32 build/debug/main.o
 .ARM.attributes
                0x00000246       0x32 build/debug/spi.o
 .ARM.attributes
                0x00000278       0x32 build/debug/stm32h7xx_hal.o
 .ARM.attributes
                0x000002aa       0x32 build/debug/stm32h7xx_hal_adc.o
 .ARM.attributes
                0x000002dc       0x32 build/debug/stm32h7xx_hal_adc_ex.o
 .ARM.attributes
                0x0000030e       0x32 build/debug/stm32h7xx_hal_cordic.o
 .ARM.attributes
                0x00000340       0x32 build/debug/stm32h7xx_hal_cortex.o
 .ARM.attributes
                0x00000372       0x32 build/debug/stm32h7xx_hal_dma.o
 .ARM.attributes
                0x000003a4       0x32 build/debug/stm32h7xx_hal_fmac.o
 .ARM.attributes