Archive member included to satisfy reference by file (symbol)

/usr/lib/gcc/arm-none-eabi/13.2.1/../../../arm-none-eabi/lib/thumb/v7e-m+dp/hard/libm.a(libm_a-pow.o)
                              build/debug/MS5607.o (pow)
/usr/lib/gcc/arm-none-eabi/13.2.1/../../../arm-none-eabi/lib/thumb/v7e-m+dp/hard/libm.a(libm_a-exp_data.o)
                              /usr/lib/gcc/arm-none-eabi/13.2.1/../../../arm-none-eabi/lib/thumb/v7e-m+dp/hard/libm.a(libm_a-pow.o) (__exp_data)
/usr/lib/gcc/arm-none-eabi/13.2.1/../../../arm-none-eabi/lib/thumb/v7e-m+dp/hard/libm.a(libm_a-pow_log_data.o)
                              /usr/lib/gcc/arm-none-eabi/13.2.1/../../../arm-none-eabi/lib/thumb/v7e-m+dp/hard/libm.a(libm_a-pow.o) (__pow_log_data)
/usr/lib/gcc/arm-none-eabi/13.2.1/../../../arm-none-eabi/lib/thumb/v7e-m+dp/hard/libm.a(libm_a-math_err.o)
                              /usr/lib/gcc/arm-none-eabi/13.2.1/../../../arm-none-eabi/lib/thumb/v7e-m+dp/hard/libm.a(libm_a-pow.o) (__math_uflow)
/usr/lib/gcc/arm-none-eabi/13.2.1/../../../arm-none-eabi/lib/thumb/v7e-m+dp/hard/libc_nano.a(libc_a-strcpy.o)
                              build/debug/abstract.o (strcpy)
/usr/lib/gcc/arm-none-eabi/13.2.1/../../../arm-none-eabi/lib/thumb/v7e-m+dp/hard/libc_nano.a(libc_a-init.o)
                              /usr/lib/gcc/arm-none-eabi/13.2.1/../../../arm-none-eabi/lib/thumb/v7e-m+dp/hard/crt0.o (__libc_init_array)
/usr/lib/gcc/arm-none-eabi/13.2.1/../../../arm-none-eabi/lib/thumb/v7e-m+dp/hard/libc_nano.a(libc_a-strlen.o)
                              build/debug/abstract.o (strlen)
/usr/lib/gcc/arm-none-eabi/13.2.1/../../../arm-none-eabi/lib/thumb/v7e-m+dp/hard/libc_nano.a(libc_a-memset.o)
                              /usr/lib/gcc/arm-none-eabi/13.2.1/../../../arm-none-eabi/lib/thumb/v7e-m+dp/hard/crt0.o (memset)
/usr/lib/gcc/arm-none-eabi/13.2.1/../../../arm-none-eabi/lib/thumb/v7e-m+dp/hard/libc_nano.a(libc_a-errno.o)
                              build/debug/syscalls.o (__errno)
/usr/lib/gcc/arm-none-eabi/13.2.1/../../../arm-none-eabi/lib/thumb/v7e-m+dp/hard/libc_nano.a(libc_a-nano-vfprintf_float.o)
                              (_printf_float)
/usr/lib/gcc/arm-none-eabi/13.2.1/../../../arm-none-eabi/lib/thumb/v7e-m+dp/hard/libc_nano.a(libc_a-dtoa.o)
                              /usr/lib/gcc/arm-none-eabi/13.2.1/../../../arm-none-eabi/lib/thumb/v7e-m+dp/hard/libc_nano.a(libc_a-nano-vfprintf_float.o) (_dtoa_r)
/usr/lib/gcc/arm-none-eabi/13.2.1/../../../arm-none-eabi/lib/thumb/v7e-m+dp/hard/libc_nano.a(libc_a-memcpy.o)
                              /usr/lib/gcc/arm-none-eabi/13.2.1/../../../arm-none-eabi/lib/thumb/v7e-m+dp/hard/libc_nano.a(libc_a-dtoa.o) (memcpy)
/usr/lib/gcc/arm-none-eabi/13.2.1/../../../arm-none-eabi/lib/thumb/v7e-m+dp/hard/libc_nano.a(libc_a-malloc.o)
                              /usr/lib/gcc/arm-none-eabi/13.2.1/../../../arm-none-eabi/lib/thumb/v7e-m+dp/hard/libc_nano.a(libc_a-dtoa.o) (malloc)
/usr/lib/gcc/arm-none-eabi/13.2.1/../../../arm-none-eabi/lib/thumb/v7e-m+dp/hard/libc_nano.a(libc_a-nano-vfprintf_i.o)
                              /usr/lib/gcc/arm-none-eabi/13.2.1/../../../arm-none-eabi/lib/thumb/v7e-m+dp/hard/libc_nano.a(libc_a-nano-vfprintf_float.o) (_printf_common)
/usr/lib/gcc/arm-none-eabi/13.2.1/../../../arm-none-eabi/lib/thumb/v7e-m+dp/hard/libc_nano.a(libc_a-exit.o)
                              /usr/lib/gcc/arm-none-eabi/13.2.1/../../../arm-none-eabi/lib/thumb/v7e-m+dp/hard/crt0.o (exit)
/usr/lib/gcc/arm-none-eabi/13.2.1/../../../arm-none-eabi/lib/thumb/v7e-m+dp/hard/libc_nano.a(libc_a-atexit.o)
                              /usr/lib/gcc/arm-none-eabi/13.2.1/../../../arm-none-eabi/lib/thumb/v7e-m+dp/hard/crt0.o (atexit)
/usr/lib/gcc/arm-none-eabi/13.2.1/../../../arm-none-eabi/lib/thumb/v7e-m+dp/hard/libc_nano.a(libc_a-fini.o)
                              /usr/lib/gcc/arm-none-eabi/13.2.1/../../../arm-none-eabi/lib/thumb/v7e-m+dp/hard/crt0.o (__libc_fini_array)
/usr/lib/gcc/arm-none-eabi/13.2.1/../../../arm-none-eabi/lib/thumb/v7e-m+dp/hard/libc_nano.a(libc_a-assert.o)
                              /usr/lib/gcc/arm-none-eabi/13.2.1/../../../arm-none-eabi/lib/thumb/v7e-m+dp/hard/libc_nano.a(libc_a-dtoa.o) (__assert_func)
/usr/lib/gcc/arm-none-eabi/13.2.1/../../../arm-none-eabi/lib/thumb/v7e-m+dp/hard/libc_nano.a(libc_a-mprec.o)
                              /usr/lib/gcc/arm-none-eabi/13.2.1/../../../arm-none-eabi/lib/thumb/v7e-m+dp/hard/libc_nano.a(libc_a-dtoa.o) (_Balloc)
/usr/lib/gcc/arm-none-eabi/13.2.1/../../../arm-none-eabi/lib/thumb/v7e-m+dp/hard/libc_nano.a(libc_a-impure.o)
                              /usr/lib/gcc/arm-none-eabi/13.2.1/../../../arm-none-eabi/lib/thumb/v7e-m+dp/hard/libc_nano.a(libc_a-errno.o) (_impure_ptr)
/usr/lib/gcc/arm-none-eabi/13.2.1/../../../arm-none-eabi/lib/thumb/v7e-m+dp/hard/libc_nano.a(libc_a-localeconv.o)
[...]
Memory Configuration

Name             Origin             Length             Attributes
DTCMRAM          0x20000000         0x00020000         xrw
RAM              0x24000000         0x00020000         xrw
RAM_D2           0x30000000         0x00008000         xrw
RAM_D3           0x38000000         0x00004000         xrw
ITCMRAM          0x00000000         0x00010000         xrw
FLASH            0x08000000         0x00100000         xr
*default*        0x00000000         0xffffffff

Linker script and memory map

LOAD /usr/lib/gcc/arm-none-eabi/13.2.1/thumb/v7e-m+dp/hard/crti.o
LOAD /usr/lib/gcc/arm-none-eabi/13.2.1/thumb/v7e-m+dp/hard/crtbegin.o
LOAD /usr/lib/gcc/arm-none-eabi/13.2.1/../../../arm-none-eabi/lib/thumb/v7e-m+dp/hard/crt0.o
LOAD build/debug/adc.o
LOAD build/debug/ccsbcs.o
LOAD build/debug/cordic.o
LOAD build/debug/diskio.o
LOAD build/debug/dma.o
LOAD build/debug/fatfs.o
LOAD build/debug/ff.o
LOAD build/debug/ff_gen_drv.o
LOAD build/debug/fmac.o
LOAD build/debug/gpio.o
LOAD build/debug/i2c.o
LOAD build/debug/main.o
LOAD build/debug/memorymap.o
LOAD build/debug/spi.o
LOAD build/debug/stm32h7xx_hal.o
LOAD build/debug/stm32h7xx_hal_adc.o
LOAD build/debug/stm32h7xx_hal_adc_ex.o
LOAD build/debug/stm32h7xx_hal_cordic.o
LOAD build/debug/stm32h7xx_hal_cortex.o
LOAD build/debug/stm32h7xx_hal_dma.o
LOAD build/debug/stm32h7xx_hal_dma_ex.o
LOAD build/debug/stm32h7xx_hal_exti.o
LOAD build/debug/stm32h7xx_hal_flash.o
LOAD build/debug/stm32h7xx_hal_flash_ex.o
LOAD build/debug/stm32h7xx_hal_fmac.o
LOAD build/debug/stm32h7xx_hal_gpio.o
LOAD build/debug/stm32h7xx_hal_hsem.o
LOAD build/debug/stm32h7xx_hal_i2c.o
LOAD build/debug/stm32h7xx_hal_i2c_ex.o
LOAD build/debug/stm32h7xx_hal_mdma.o
LOAD build/debug/stm32h7xx_hal_msp.o
LOAD build/debug/stm32h7xx_hal_pcd.o
LOAD build/debug/stm32h7xx_hal_pcd_ex.o
LOAD build/debug/stm32h7xx_hal_pwr.o
LOAD build/debug/stm32h7xx_hal_pwr_ex.o
LOAD build/debug/stm32h7xx_hal_rcc.o
LOAD build/debug/stm32h7xx_hal_rcc_ex.o
LOAD build/debug/stm32h7xx_hal_spi.o
LOAD build/debug/stm32h7xx_hal_spi_ex.o
LOAD build/debug/stm32h7xx_hal_tim.o
LOAD build/debug/stm32h7xx_hal_tim_ex.o
LOAD build/debug/stm32h7xx_it.o
LOAD build/debug/stm32h7xx_ll_usb.o
LOAD build/debug/syscall.o
LOAD build/debug/syscalls.o
LOAD build/debug/sysmem.o
LOAD build/debug/system_stm32h7xx.o
LOAD build/debug/tim.o
LOAD build/debug/usb_device.o
LOAD build/debug/usbd_cdc.o
LOAD build/debug/usbd_cdc_if.o
LOAD build/debug/usbd_conf.o
LOAD build/debug/usbd_core.o
LOAD build/debug/usbd_ctlreq.o
LOAD build/debug/usbd_desc.o
LOAD build/debug/usbd_ioreq.o
LOAD build/debug/user_diskio.o
LOAD build/debug/user_diskio_spi.o
LOAD build/debug/ADXL375.o
LOAD build/debug/ICM42688.o
LOAD build/debug/MS5607.o
LOAD build/debug/abstract.o
LOAD build/debug/cpp_main.o
LOAD build/debug/startup_stm32h725xx.o
LOAD /usr/lib/gcc/arm-none-eabi/13.2.1/../../../arm-none-eabi/lib/thumb/v7e-m+dp/hard/libnosys.a
LOAD /usr/lib/gcc/arm-none-eabi/13.2.1/../../../arm-none-eabi/lib/thumb/v7e-m+dp/hard/libstdc++_nano.a
LOAD /usr/lib/gcc/arm-none-eabi/13.2.1/../../../arm-none-eabi/lib/thumb/v7e-m+dp/hard/libm.a
LOAD /usr/lib/gcc/arm-none-eabi/13.2.1/../../../arm-none-eabi/lib/thumb/v7e-m+dp/hard/libc_nano.a
START GROUP
LOAD /usr/lib/gcc/arm-none-eabi/13.2.1/thumb/v7e-m+dp/hard/libgcc.a
LOAD /usr/lib/gcc/arm-none-eabi/13.2.1/../../../arm-none-eabi/lib/thumb/v7e-m+dp/hard/libc_nano.a
END GROUP
START GROUP
LOAD /usr/lib/gcc/arm-none-eabi/13.2.1/thumb/v7e-m+dp/hard/libgcc.a
LOAD /usr/lib/gcc/arm-none-eabi/13.2.1/../../../arm-none-eabi/lib/thumb/v7e-m+dp/hard/libc_nano.a
END GROUP
LOAD /usr/lib/gcc/arm-none-eabi/13.2.1/thumb/v7e-m+dp/hard/crtend.o
LOAD /usr/lib/gcc/arm-none-eabi/13.2.1/thumb/v7e-m+dp/hard/crtn.o
                0x20020000                        _estack = (ORIGIN (DTCMRAM) + LENGTH (DTCMRAM))
                0x00000200                        _Min_Heap_Size = 0x200
                0x00000400                        _Min_Stack_Size = 0x400

.isr_vector     0x08000000      0x2cc
                0x08000000                        . = ALIGN (0x4)
 *(.isr_vector)
 .isr_vector    0x08000000      0x2cc build/debug/startup_stm32h725xx.o
                0x08000000                g_pfnVectors
                0x080002cc                        . = ALIGN (0x4)

.text           0x08000300    0x1036c
                0x08000300                        . = ALIGN (0x4)
 *(.text)
 .text          0x08000300       0x88 /usr/lib/gcc/arm-none-eabi/13.2.1/thumb/v7e-m+dp/hard/crtbegin.o
 .text          0x08000388       0xa8 build/debug/abstract.o
                0x08000388                SerialPrint(unsigned char*)
                0x0800039a                SerialPrintln(unsigned char*)
                0x080003e8                i2cRead(unsigned char, unsigned char, unsigned char*, unsigned char)
                0x0800040c                i2cWrite(unsigned char, unsigned char, unsigned char*, unsigned char)
 .text          0x08000430       0x18 build/debug/cpp_main.o
                0x08000430                cpp_main
 .text          0x08000448       0xbc /usr/lib/gcc/arm-none-eabi/13.2.1/../../../arm-none-eabi/lib/thumb/v7e-m+dp/hard/libc_nano.a(libc_a-strcpy.o)
                0x08000448                strcpy
 .text          0x08000504       0x50 /usr/lib/gcc/arm-none-eabi/13.2.1/../../../arm-none-eabi/lib/thumb/v7e-m+dp/hard/libc_nano.a(libc_a-init.o)
                0x08000504                __libc_init_array
 *fill*         0x08000554       0x2c 
 .text          0x08000580       0xd8 /usr/lib/gcc/arm-none-eabi/13.2.1/../../../arm-none-eabi/lib/thumb/v7e-m+dp/hard/libc_nano.a(libc_a-strlen.o)
                0x08000580                strlen
 .text          0x08000658       0xa4 /usr/lib/gcc/arm-none-eabi/13.2.1/../../../arm-none-eabi/lib/thumb/v7e-m+dp/hard/libc_nano.a(libc_a-memset.o)
                0x08000658                memset
 .text          0x080006fc        0xc /usr/lib/gcc/arm-none-eabi/13.2.1/../../../arm-none-eabi/lib/thumb/v7e-m+dp/hard/libc_nano.a(libc_a-errno.o)
                0x080006fc                __errno
 .text          0x08000708      0x650 /usr/lib/gcc/arm-none-eabi/13.2.1/../../../arm-none-eabi/lib/thumb/v7e-m+dp/hard/libc_nano.a(libc_a-nano-vfprintf_float.o)
                0x08000708                __cvt
                0x08000800                __exponent
                0x08000884                _printf_float
 .text          0x08000d58      0xe00 /usr/lib/gcc/arm-none-eabi/13.2.1/../../../arm-none-eabi/lib/thumb/v7e-m+dp/hard/libc_nano.a(libc_a-dtoa.o)
                0x08000e84                _dtoa_r
 .text          0x08001b58      0x134 /usr/lib/gcc/arm-none-eabi/13.2.1/../../../arm-none-eabi/lib/thumb/v7e-m+dp/hard/libc_nano.a(libc_a-memcpy.o)
                0x08001b58                memcpy
 .text          0x08001c8c       0x20 /usr/lib/gcc/arm-none-eabi/13.2.1/../../../arm-none-eabi/lib/thumb/v7e-m+dp/hard/libc_nano.a(libc_a-malloc.o)
                0x08001c8c                malloc
                0x08001c9c                free
 .text          0x08001cac      0x3a8 /usr/lib/gcc/arm-none-eabi/13.2.1/../../../arm-none-eabi/lib/thumb/v7e-m+dp/hard/libc_nano.a(libc_a-nano-vfprintf_i.o)
                0x08001cac                _printf_common
                0x08001dd0                _printf_i
 .text          0x08002054       0x4c /usr/lib/gcc/arm-none-eabi/13.2.1/../../../arm-none-eabi/lib/thumb/v7e-m+dp/hard/libc_nano.a(libc_a-assert.o)
                0x08002054                __assert_func
                0x08002094                __assert
 .text          0x080020a0      0xafc /usr/lib/gcc/arm-none-eabi/13.2.1/../../../arm-none-eabi/lib/thumb/v7e-m+dp/hard/libc_nano.a(libc_a-mprec.o)
                0x080020a0                _Balloc
                0x08002120                _Bfree
                0x08002168                __multadd
                0x08002204                __s2b
                0x080022b8                __hi0bits
                0x080022fc                __lo0bits
                0x0800235c                __i2b
                0x08002388                __multiply
                0x080024f4                __pow5mult
                0x080025d4                __lshift
                0x080026bc                __mcmp
                0x08002700                __mdiff
                0x08002878                __ulp
                0x080028dc                __b2d
                0x08002998                __d2b
                0x08002a58                __ratio
                0x08002abc                _mprec_log10
                0x08002ae4                __copybits
                0x08002b40                __any_on
 .text          0x08002b9c       0x14 /usr/lib/gcc/arm-none-eabi/13.2.1/../../../arm-none-eabi/lib/thumb/v7e-m+dp/hard/libc_nano.a(libc_a-localeconv.o)
                0x08002b9c                __localeconv_l
                0x08002ba0                _localeconv_r
                0x08002ba8                localeconv
 .text          0x08002bb0      0x224 /usr/lib/gcc/arm-none-eabi/13.2.1/../../../arm-none-eabi/lib/thumb/v7e-m+dp/hard/libc_nano.a(libc_a-findfp.o)
                0x08002ce0                __sfp
                0x08002d84                __sinit
                0x08002da4                __sfp_lock_acquire
                0x08002da8                __sfp_lock_release
                0x08002dac                __fp_lock_all
                0x08002dc0                __fp_unlock_all
 .text          0x08002dd4       0x10 /usr/lib/gcc/arm-none-eabi/13.2.1/../../../arm-none-eabi/lib/thumb/v7e-m+dp/hard/libc_nano.a(libc_a-abort.o)
                0x08002dd4                abort
 .text          0x08002de4      0x1a8 /usr/lib/gcc/arm-none-eabi/13.2.1/../../../arm-none-eabi/lib/thumb/v7e-m+dp/hard/libc_nano.a(libc_a-fflush.o)
                0x08002de4                __sflush_r
                0x08002f08                _fflush_r
                0x08002f40                fflush
 .text          0x08002f8c       0x28 /usr/lib/gcc/arm-none-eabi/13.2.1/../../../arm-none-eabi/lib/thumb/v7e-m+dp/hard/libc_nano.a(libc_a-callocr.o)
                0x08002f8c                _calloc_r
 .text          0x08002fb4      0x148 /usr/lib/gcc/arm-none-eabi/13.2.1/../../../arm-none-eabi/lib/thumb/v7e-m+dp/hard/libc_nano.a(libc_a-mallocr.o)
                0x08002ffc                _malloc_r
 .text          0x080030fc       0xbc /usr/lib/gcc/arm-none-eabi/13.2.1/../../../arm-none-eabi/lib/thumb/v7e-m+dp/hard/libc_nano.a(libc_a-freer.o)
                0x080030fc                _free_r
 .text          0x080031b8       0x44 /usr/lib/gcc/arm-none-eabi/13.2.1/../../../arm-none-eabi/lib/thumb/v7e-m+dp/hard/libc_nano.a(libc_a-fwalk.o)
                0x080031b8                _fwalk_sglue
 .text          0x080031fc       0x30 /usr/lib/gcc/arm-none-eabi/13.2.1/../../../arm-none-eabi/lib/thumb/v7e-m+dp/hard/libc_nano.a(libc_a-wctomb_r.o)
                0x080031fc                _wctomb_r
                0x08003210                __ascii_wctomb
 *fill*         0x0800322c        0x4 
 .text          0x08003230       0xa0 /usr/lib/gcc/arm-none-eabi/13.2.1/../../../arm-none-eabi/lib/thumb/v7e-m+dp/hard/libc_nano.a(libc_a-memchr.o)
                0x08003230                memchr
 .text          0x080032d0       0x44 /usr/lib/gcc/arm-none-eabi/13.2.1/../../../arm-none-eabi/lib/thumb/v7e-m+dp/hard/libc_nano.a(libc_a-fprintf.o)
                0x080032d0                _fprintf_r
                0x080032d0                _fiprintf_r
                0x080032ec                fprintf
                0x080032ec                fiprintf
 .text          0x08003314        0x8 /usr/lib/gcc/arm-none-eabi/13.2.1/../../../arm-none-eabi/lib/thumb/v7e-m+dp/hard/libc_nano.a(libc_a-mlock.o)
                0x08003314                __malloc_lock
                0x08003318                __malloc_unlock
 .text          0x0800331c      0x314 /usr/lib/gcc/arm-none-eabi/13.2.1/../../../arm-none-eabi/lib/thumb/v7e-m+dp/hard/libc_nano.a(libc_a-nano-vfprintf.o)
                0x08003358                __sfputs_r
                0x08003388                __sprint_r
                0x080033a8                _vfiprintf_r
                0x080033a8                _vfprintf_r
                0x08003614                vfiprintf
                0x08003614                vfprintf
 .text          0x08003630       0xa0 /usr/lib/gcc/arm-none-eabi/13.2.1/../../../arm-none-eabi/lib/thumb/v7e-m+dp/hard/libc_nano.a(libc_a-wbuf.o)
                0x08003630                __swbuf_r
                0x080036b8                __swbuf
 .text          0x080036d0       0x24 /usr/lib/gcc/arm-none-eabi/13.2.1/../../../arm-none-eabi/lib/thumb/v7e-m+dp/hard/libc_nano.a(libc_a-sbrkr.o)
                0x080036d0                _sbrk_r
 .text          0x080036f4       0x94 /usr/lib/gcc/arm-none-eabi/13.2.1/../../../arm-none-eabi/lib/thumb/v7e-m+dp/hard/libc_nano.a(libc_a-stdio.o)
                0x080036f4                __sread
                0x08003718                __seofread
                0x0800371c                __swrite
                0x0800375c                __sseek
                0x08003780                __sclose
 .text          0x08003788      0x300 /usr/lib/gcc/arm-none-eabi/13.2.1/../../../arm-none-eabi/lib/thumb/v7e-m+dp/hard/libc_nano.a(libc_a-fvwrite.o)
                0x08003788                __sfvwrite_r
 .text          0x08003a88       0x40 /usr/lib/gcc/arm-none-eabi/13.2.1/../../../arm-none-eabi/lib/thumb/v7e-m+dp/hard/libc_nano.a(libc_a-mbtowc_r.o)
                0x08003a88                _mbtowc_r
                0x08003a9c                __ascii_mbtowc
 .text          0x08003ac8      0x260 /usr/lib/gcc/arm-none-eabi/13.2.1/../../../arm-none-eabi/lib/thumb/v7e-m+dp/hard/libc_nano.a(libc_a-signal.o)
                0x08003ac8                _init_signal_r
                0x08003af4                _signal_r
                0x08003b40                _raise_r
                0x08003b90                __sigtramp_r
                0x08003bf0                raise
                0x08003c44                signal
                0x08003c90                _init_signal
                0x08003cc4                __sigtramp
 .text          0x08003d28       0x24 /usr/lib/gcc/arm-none-eabi/13.2.1/../../../arm-none-eabi/lib/thumb/v7e-m+dp/hard/libc_nano.a(libc_a-closer.o)
                0x08003d28                _close_r
 .text          0x08003d4c      0x100 /usr/lib/gcc/arm-none-eabi/13.2.1/../../../arm-none-eabi/lib/thumb/v7e-m+dp/hard/libc_nano.a(libc_a-memmove.o)
                0x08003d4c                memmove
 .text          0x08003e4c       0xc4 /usr/lib/gcc/arm-none-eabi/13.2.1/../../../arm-none-eabi/lib/thumb/v7e-m+dp/hard/libc_nano.a(libc_a-wsetup.o)
                0x08003e4c                __swsetup_r
 .text          0x08003f10       0x2c /usr/lib/gcc/arm-none-eabi/13.2.1/../../../arm-none-eabi/lib/thumb/v7e-m+dp/hard/libc_nano.a(libc_a-readr.o)
                0x08003f10                _read_r
 .text          0x08003f3c       0x64 /usr/lib/gcc/arm-none-eabi/13.2.1/../../../arm-none-eabi/lib/thumb/v7e-m+dp/hard/libc_nano.a(libc_a-reallocr.o)
                0x08003f3c                _realloc_r
 .text          0x08003fa0      0x114 /usr/lib/gcc/arm-none-eabi/13.2.1/../../../arm-none-eabi/lib/thumb/v7e-m+dp/hard/libc_nano.a(libc_a-makebuf.o)
                0x08003fa0                __smakebuf_r
                0x08004064                __swhatbuf_r
 .text          0x080040b4       0x2c /usr/lib/gcc/arm-none-eabi/13.2.1/../../../arm-none-eabi/lib/thumb/v7e-m+dp/hard/libc_nano.a(libc_a-lseekr.o)
                0x080040b4                _lseek_r
 .text          0x080040e0       0x2c /usr/lib/gcc/arm-none-eabi/13.2.1/../../../arm-none-eabi/lib/thumb/v7e-m+dp/hard/libc_nano.a(libc_a-writer.o)
                0x080040e0                _write_r
 .text          0x0800410c       0x24 /usr/lib/gcc/arm-none-eabi/13.2.1/../../../arm-none-eabi/lib/thumb/v7e-m+dp/hard/libc_nano.a(libc_a-isattyr.o)
                0x0800410c                _isatty_r
 .text          0x08004130       0x10 /usr/lib/gcc/arm-none-eabi/13.2.1/../../../arm-none-eabi/lib/thumb/v7e-m+dp/hard/libc_nano.a(libc_a-msizer.o)
                0x08004130                _malloc_usable_size_r
 .text          0x08004140       0x30 /usr/lib/gcc/arm-none-eabi/13.2.1/../../../arm-none-eabi/lib/thumb/v7e-m+dp/hard/libc_nano.a(libc_a-signalr.o)
                0x08004140                _kill_r
                0x0800416c                _getpid_r
 .text          0x08004170       0x2c /usr/lib/gcc/arm-none-eabi/13.2.1/../../../arm-none-eabi/lib/thumb/v7e-m+dp/hard/libc_nano.a(libc_a-fstatr.o)
                0x08004170                _fstat_r
 *(.text*)
 .text.MX_ADC1_Init
                0x0800419c       0xa0 build/debug/adc.o
                0x0800419c                MX_ADC1_Init
 .text.HAL_ADC_MspInit
                0x0800423c      0x100 build/debug/adc.o
                0x0800423c                HAL_ADC_MspInit
 .text.MX_CORDIC_Init
                0x0800433c       0x20 build/debug/cordic.o
                0x0800433c                MX_CORDIC_Init
 .text.HAL_CORDIC_MspInit
                0x0800435c       0x30 build/debug/cordic.o
                0x0800435c                HAL_CORDIC_MspInit
 .text.MX_DMA_Init
                0x0800438c       0x58 build/debug/dma.o
                0x0800438c                MX_DMA_Init
 .text.MX_FATFS_Init
                0x080043e4       0x1c build/debug/fatfs.o
                0x080043e4                MX_FATFS_Init
 .text.FATFS_LinkDriverEx
                0x08004400       0x54 build/debug/ff_gen_drv.o
                0x08004400                FATFS_LinkDriverEx
 .text.FATFS_LinkDriver
                0x08004454        0xa build/debug/ff_gen_drv.o
                0x08004454                FATFS_LinkDriver
 *fill*         0x0800445e        0x2 
 .text.MX_FMAC_Init
                0x08004460       0x20 build/debug/fmac.o
                0x08004460                MX_FMAC_Init
 .text.HAL_FMAC_MspInit
                0x08004480       0x34 build/debug/fmac.o
                0x08004480                HAL_FMAC_MspInit
 .text.MX_GPIO_Init
                0x080044b4      0x1a8 build/debug/gpio.o
                0x080044b4                MX_GPIO_Init
 .text.MX_I2C3_Init
                0x0800465c       0x58 build/debug/i2c.o
                0x0800465c                MX_I2C3_Init
 .text.HAL_I2C_MspInit
                0x080046b4       0xa8 build/debug/i2c.o
                0x080046b4                HAL_I2C_MspInit
 .text.Error_Handler
                0x0800475c        0x4 build/debug/main.o
                0x0800475c                Error_Handler
 .text.SystemClock_Config
                0x08004760       0xa8 build/debug/main.o
                0x08004760                SystemClock_Config
 .text.PeriphCommonClock_Config
                0x08004808       0x4c build/debug/main.o
                0x08004808                PeriphCommonClock_Config
 .text.main     0x08004854       0x44 build/debug/main.o
                0x08004854                main
 .text.assert_failed
                0x08004898        0x2 build/debug/main.o
                0x08004898                assert_failed
 *fill*         0x0800489a        0x2 
 .text.MX_SPI1_Init
                0x0800489c       0x5c build/debug/spi.o
                0x0800489c                MX_SPI1_Init
 .text.MX_SPI2_Init
                0x080048f8       0x58 build/debug/spi.o
                0x080048f8                MX_SPI2_Init
 .text.HAL_SPI_MspInit
                0x08004950      0x168 build/debug/spi.o
                0x08004950                HAL_SPI_MspInit
 .text.HAL_InitTick
                0x08004ab8       0x50 build/debug/stm32h7xx_hal.o
                0x08004ab8                HAL_InitTick
 .text.HAL_Init
                0x08004b08       0x5c build/debug/stm32h7xx_hal.o
                0x08004b08                HAL_Init
 .text.HAL_IncTick
                0x08004b64       0x18 build/debug/stm32h7xx_hal.o
                0x08004b64                HAL_IncTick
 .text.HAL_GetTick
                0x08004b7c        0xc build/debug/stm32h7xx_hal.o
                0x08004b7c                HAL_GetTick
 .text.HAL_Delay
                0x08004b88       0x28 build/debug/stm32h7xx_hal.o
                0x08004b88                HAL_Delay
 .text.HAL_SYSCFG_AnalogSwitchConfig
                0x08004bb0       0x30 build/debug/stm32h7xx_hal.o
                0x08004bb0                HAL_SYSCFG_AnalogSwitchConfig
 .text.LL_ADC_SetOffset
                0x08004be0       0x40 build/debug/stm32h7xx_hal_adc.o
 .text.LL_ADC_SetOffsetState
                0x08004c20       0x30 build/debug/stm32h7xx_hal_adc.o
 .text.LL_ADC_REG_SetSequencerRanks
                0x08004c50       0x30 build/debug/stm32h7xx_hal_adc.o
 .text.LL_ADC_SetChannelSamplingTime
                0x08004c80       0x2c build/debug/stm32h7xx_hal_adc.o
 .text.LL_ADC_SetChannelSingleDiff
                0x08004cac       0x58 build/debug/stm32h7xx_hal_adc.o
 .text.LL_ADC_SetChannelPreselection
                0x08004d04       0x38 build/debug/stm32h7xx_hal_adc.o
 .text.HAL_ADC_ConfigChannel
                0x08004d3c      0xac0 build/debug/stm32h7xx_hal_adc.o
                0x08004d3c                HAL_ADC_ConfigChannel
 .text.ADC_ConfigureBoostMode
                0x080057fc      0x130 build/debug/stm32h7xx_hal_adc.o
                0x080057fc                ADC_ConfigureBoostMode
 .text.HAL_ADC_Init
                0x0800592c      0x648 build/debug/stm32h7xx_hal_adc.o
                0x0800592c                HAL_ADC_Init
 .text.HAL_ADCEx_MultiModeConfigChannel
                0x08005f74      0x1e4 build/debug/stm32h7xx_hal_adc_ex.o
                0x08005f74                HAL_ADCEx_MultiModeConfigChannel
 .text.HAL_CORDIC_Init
                0x08006158       0x4c build/debug/stm32h7xx_hal_cordic.o
                0x08006158                HAL_CORDIC_Init
 .text.__NVIC_EnableIRQ
                0x080061a4       0x1c build/debug/stm32h7xx_hal_cortex.o
 .text.__NVIC_SetPriority
                0x080061c0       0x24 build/debug/stm32h7xx_hal_cortex.o
 .text.NVIC_EncodePriority
                0x080061e4       0x3e build/debug/stm32h7xx_hal_cortex.o
 *fill*         0x08006222        0x2 
 .text.HAL_NVIC_SetPriorityGrouping
                0x08006224       0x3c build/debug/stm32h7xx_hal_cortex.o
                0x08006224                HAL_NVIC_SetPriorityGrouping
 .text.HAL_NVIC_SetPriority
                0x08006260       0x48 build/debug/stm32h7xx_hal_cortex.o
                0x08006260                HAL_NVIC_SetPriority
 .text.HAL_NVIC_EnableIRQ
                0x080062a8       0x1c build/debug/stm32h7xx_hal_cortex.o
                0x080062a8                HAL_NVIC_EnableIRQ
 .text.HAL_SYSTICK_Config
                0x080062c4       0x28 build/debug/stm32h7xx_hal_cortex.o
                0x080062c4                HAL_SYSTICK_Config
 .text.DMA_CalcBaseAndBitshift
                0x080062ec       0xb0 build/debug/stm32h7xx_hal_dma.o
 .text.DMA_CheckFifoParam
                0x0800639c       0x92 build/debug/stm32h7xx_hal_dma.o
 *fill*         0x0800642e        0x2 
 .text.DMA_CalcDMAMUXChannelBaseAndMask
                0x08006430       0xac build/debug/stm32h7xx_hal_dma.o
 .text.DMA_CalcDMAMUXRequestGenBaseAndMask
                0x080064dc       0x7c build/debug/stm32h7xx_hal_dma.o
 .text.HAL_DMA_Init
                0x08006558      0x5dc build/debug/stm32h7xx_hal_dma.o
                0x08006558                HAL_DMA_Init
 .text.HAL_DMA_Abort_IT
                0x08006b34      0x270 build/debug/stm32h7xx_hal_dma.o
                0x08006b34                HAL_DMA_Abort_IT
 .text.HAL_DMA_IRQHandler
                0x08006da4      0x738 build/debug/stm32h7xx_hal_dma.o
                0x08006da4                HAL_DMA_IRQHandler
 .text.FMAC_ResetInputStateAndDataPointers
                0x080074dc       0x10 build/debug/stm32h7xx_hal_fmac.o
 .text.FMAC_ResetOutputStateAndDataPointers
                0x080074ec       0x10 build/debug/stm32h7xx_hal_fmac.o
 .text.FMAC_ResetDataPointers
                0x080074fc       0x10 build/debug/stm32h7xx_hal_fmac.o
 .text.FMAC_Reset
                0x0800750c       0x3c build/debug/stm32h7xx_hal_fmac.o
 .text.HAL_FMAC_Init
                0x08007548       0x6c build/debug/stm32h7xx_hal_fmac.o
                0x08007548                HAL_FMAC_Init
 .text.HAL_GPIO_Init
                0x080075b4      0x37c build/debug/stm32h7xx_hal_gpio.o
                0x080075b4                HAL_GPIO_Init
 .text.HAL_GPIO_WritePin
                0x08007930       0x38 build/debug/stm32h7xx_hal_gpio.o
                0x08007930                HAL_GPIO_WritePin
 .text.I2C_Flush_TXDR
                0x08007968       0x22 build/debug/stm32h7xx_hal_i2c.o
 *fill*         0x0800798a        0x2 
 .text.I2C_TransferConfig
                0x0800798c       0xd0 build/debug/stm32h7xx_hal_i2c.o
 .text.I2C_IsErrorOccurred
                0x08007a5c      0x118 build/debug/stm32h7xx_hal_i2c.o
 .text.I2C_WaitOnTXISFlagUntilTimeout
                0x08007b74       0x60 build/debug/stm32h7xx_hal_i2c.o
 .text.I2C_WaitOnFlagUntilTimeout
                0x08007bd4       0x7c build/debug/stm32h7xx_hal_i2c.o
 .text.I2C_RequestMemoryWrite
                0x08007c50       0x7c build/debug/stm32h7xx_hal_i2c.o
 .text.I2C_RequestMemoryRead
                0x08007ccc       0x78 build/debug/stm32h7xx_hal_i2c.o
 .text.I2C_WaitOnSTOPFlagUntilTimeout
                0x08007d44       0x5e build/debug/stm32h7xx_hal_i2c.o
 *fill*         0x08007da2        0x2 
 .text.HAL_I2C_Init
                0x08007da4      0x1a0 build/debug/stm32h7xx_hal_i2c.o
                0x08007da4                HAL_I2C_Init
 .text.HAL_I2C_Mem_Write
                0x08007f44      0x1c4 build/debug/stm32h7xx_hal_i2c.o
                0x08007f44                HAL_I2C_Mem_Write
 .text.HAL_I2C_Mem_Read
                0x08008108      0x1c8 build/debug/stm32h7xx_hal_i2c.o
                0x08008108                HAL_I2C_Mem_Read
 .text.HAL_I2CEx_ConfigAnalogFilter
                0x080082d0       0xb4 build/debug/stm32h7xx_hal_i2c_ex.o
                0x080082d0                HAL_I2CEx_ConfigAnalogFilter
 .text.HAL_I2CEx_ConfigDigitalFilter
                0x08008384       0xa8 build/debug/stm32h7xx_hal_i2c_ex.o
                0x08008384                HAL_I2CEx_ConfigDigitalFilter
 .text.HAL_MspInit
                0x0800842c       0x24 build/debug/stm32h7xx_hal_msp.o
                0x0800842c                HAL_MspInit
 .text.PCD_WriteEmptyTxFifo
                0x08008450       0xd0 build/debug/stm32h7xx_hal_pcd.o
 .text.HAL_PCD_Init
                0x08008520      0x120 build/debug/stm32h7xx_hal_pcd.o
                0x08008520                HAL_PCD_Init
 .text.HAL_PCD_Start
                0x08008640       0x44 build/debug/stm32h7xx_hal_pcd.o
                0x08008640                HAL_PCD_Start
 .text.PCD_EP_OutXfrComplete_int
                0x08008684      0x104 build/debug/stm32h7xx_hal_pcd.o
 .text.PCD_EP_OutSetupPacket_int
                0x08008788       0x50 build/debug/stm32h7xx_hal_pcd.o
 .text.HAL_PCD_SetAddress
                0x080087d8       0x26 build/debug/stm32h7xx_hal_pcd.o
                0x080087d8                HAL_PCD_SetAddress
 .text.HAL_PCD_EP_Open
                0x080087fe       0x8c build/debug/stm32h7xx_hal_pcd.o
                0x080087fe                HAL_PCD_EP_Open
 .text.HAL_PCD_EP_Close
                0x0800888a       0x70 build/debug/stm32h7xx_hal_pcd.o
                0x0800888a                HAL_PCD_EP_Close
 .text.HAL_PCD_EP_Receive
                0x080088fa       0x4a build/debug/stm32h7xx_hal_pcd.o
                0x080088fa                HAL_PCD_EP_Receive
 .text.HAL_PCD_EP_GetRxCount
                0x08008944       0x12 build/debug/stm32h7xx_hal_pcd.o
                0x08008944                HAL_PCD_EP_GetRxCount
 .text.HAL_PCD_EP_Transmit
                0x08008956       0x4a build/debug/stm32h7xx_hal_pcd.o
                0x08008956                HAL_PCD_EP_Transmit
 .text.HAL_PCD_EP_SetStall
                0x080089a0       0x86 build/debug/stm32h7xx_hal_pcd.o
                0x080089a0                HAL_PCD_EP_SetStall
 .text.HAL_PCD_EP_ClrStall
                0x08008a26       0x74 build/debug/stm32h7xx_hal_pcd.o
                0x08008a26                HAL_PCD_EP_ClrStall
 .text.HAL_PCD_EP_Abort
                0x08008a9a       0x34 build/debug/stm32h7xx_hal_pcd.o
                0x08008a9a                HAL_PCD_EP_Abort
 .text.HAL_PCD_IRQHandler
                0x08008ace      0x600 build/debug/stm32h7xx_hal_pcd.o
                0x08008ace                HAL_PCD_IRQHandler
 .text.HAL_PCDEx_SetTxFiFo
                0x080090ce       0x4c build/debug/stm32h7xx_hal_pcd_ex.o
                0x080090ce                HAL_PCDEx_SetTxFiFo
 .text.HAL_PCDEx_SetRxFiFo
                0x0800911a        0x8 build/debug/stm32h7xx_hal_pcd_ex.o
                0x0800911a                HAL_PCDEx_SetRxFiFo
 *fill*         0x08009122        0x2 
 .text.HAL_PCDEx_ActivateLPM
                0x08009124       0x28 build/debug/stm32h7xx_hal_pcd_ex.o
                0x08009124                HAL_PCDEx_ActivateLPM
 .text.HAL_PCDEx_LPM_Callback
                0x0800914c        0x2 build/debug/stm32h7xx_hal_pcd_ex.o
                0x0800914c                HAL_PCDEx_LPM_Callback
 *fill*         0x0800914e        0x2 
 .text.HAL_PWREx_ConfigSupply
                0x08009150       0xdc build/debug/stm32h7xx_hal_pwr_ex.o
                0x08009150                HAL_PWREx_ConfigSupply
 .text.HAL_PWREx_EnableUSBVoltageDetector
                0x0800922c       0x10 build/debug/stm32h7xx_hal_pwr_ex.o
                0x0800922c                HAL_PWREx_EnableUSBVoltageDetector
 .text.HAL_RCC_OscConfig
                0x0800923c      0x7a4 build/debug/stm32h7xx_hal_rcc.o
                0x0800923c                HAL_RCC_OscConfig
 .text.HAL_RCC_GetSysClockFreq
                0x080099e0      0x1f8 build/debug/stm32h7xx_hal_rcc.o
                0x080099e0                HAL_RCC_GetSysClockFreq
 .text.HAL_RCC_ClockConfig
                0x08009bd8      0x488 build/debug/stm32h7xx_hal_rcc.o
                0x08009bd8                HAL_RCC_ClockConfig
 .text.HAL_RCC_GetHCLKFreq
                0x0800a060       0x44 build/debug/stm32h7xx_hal_rcc.o
                0x0800a060                HAL_RCC_GetHCLKFreq
 .text.HAL_RCC_GetPCLK1Freq
                0x0800a0a4       0x24 build/debug/stm32h7xx_hal_rcc.o
                0x0800a0a4                HAL_RCC_GetPCLK1Freq
 .text.RCCEx_PLL2_Config
                0x0800a0c8      0x1bc build/debug/stm32h7xx_hal_rcc_ex.o
 .text.RCCEx_PLL3_Config
                0x0800a284      0x1c4 build/debug/stm32h7xx_hal_rcc_ex.o
 .text.HAL_RCCEx_PeriphCLKConfig
                0x0800a448      0xd10 build/debug/stm32h7xx_hal_rcc_ex.o
                0x0800a448                HAL_RCCEx_PeriphCLKConfig
 .text.HAL_RCCEx_GetD3PCLK1Freq
                0x0800b158       0x24 build/debug/stm32h7xx_hal_rcc_ex.o
                0x0800b158                HAL_RCCEx_GetD3PCLK1Freq
 .text.HAL_RCCEx_GetPLL2ClockFreq
                0x0800b17c      0x200 build/debug/stm32h7xx_hal_rcc_ex.o
                0x0800b17c                HAL_RCCEx_GetPLL2ClockFreq
 .text.HAL_RCCEx_GetPLL3ClockFreq
                0x0800b37c      0x200 build/debug/stm32h7xx_hal_rcc_ex.o
                0x0800b37c                HAL_RCCEx_GetPLL3ClockFreq
 .text.HAL_RCCEx_GetPLL1ClockFreq
                0x0800b57c      0x200 build/debug/stm32h7xx_hal_rcc_ex.o
                0x0800b57c                HAL_RCCEx_GetPLL1ClockFreq
 .text.HAL_RCCEx_GetPeriphCLKFreq
                0x0800b77c      0x608 build/debug/stm32h7xx_hal_rcc_ex.o
                0x0800b77c                HAL_RCCEx_GetPeriphCLKFreq
 .text.HAL_SPI_TxCpltCallback
                0x0800bd84        0x2 build/debug/stm32h7xx_hal_spi.o
                0x0800bd84                HAL_SPI_TxCpltCallback
 .text.HAL_SPI_RxCpltCallback
                0x0800bd86        0x2 build/debug/stm32h7xx_hal_spi.o
                0x0800bd86                HAL_SPI_RxCpltCallback
 .text.HAL_SPI_TxRxCpltCallback
                0x0800bd88        0x2 build/debug/stm32h7xx_hal_spi.o
                0x0800bd88                HAL_SPI_TxRxCpltCallback
 .text.HAL_SPI_TxHalfCpltCallback
                0x0800bd8a        0x2 build/debug/stm32h7xx_hal_spi.o
                0x0800bd8a                HAL_SPI_TxHalfCpltCallback
 .text.HAL_SPI_RxHalfCpltCallback
                0x0800bd8c        0x2 build/debug/stm32h7xx_hal_spi.o
                0x0800bd8c                HAL_SPI_RxHalfCpltCallback
 .text.HAL_SPI_TxRxHalfCpltCallback
                0x0800bd8e        0x2 build/debug/stm32h7xx_hal_spi.o
                0x0800bd8e                HAL_SPI_TxRxHalfCpltCallback
 .text.HAL_SPI_ErrorCallback
                0x0800bd90        0x2 build/debug/stm32h7xx_hal_spi.o
                0x0800bd90                HAL_SPI_ErrorCallback
 .text.HAL_SPI_AbortCpltCallback
                0x0800bd92        0x2 build/debug/stm32h7xx_hal_spi.o
                0x0800bd92                HAL_SPI_AbortCpltCallback
 .text.HAL_SPI_SuspendCallback
                0x0800bd94        0x2 build/debug/stm32h7xx_hal_spi.o
                0x0800bd94                HAL_SPI_SuspendCallback
 .text.SPI_DMAAbortOnError
                0x0800bd96       0x1c build/debug/stm32h7xx_hal_spi.o
 *fill*         0x0800bdb2        0x2 
 .text.SPI_CloseTransfer
                0x0800bdb4       0xd0 build/debug/stm32h7xx_hal_spi.o
 .text.SPI_GetPacketSize
                0x0800be84       0x10 build/debug/stm32h7xx_hal_spi.o
 .text.SPI_WaitOnFlagUntilTimeout
                0x0800be94       0x48 build/debug/stm32h7xx_hal_spi.o
 .text.HAL_SPI_Init
                0x0800bedc      0x3d8 build/debug/stm32h7xx_hal_spi.o
                0x0800bedc                HAL_SPI_Init
 .text.HAL_SPI_Transmit
                0x0800c2b4      0x2e4 build/debug/stm32h7xx_hal_spi.o
                0x0800c2b4                HAL_SPI_Transmit
 .text.HAL_SPI_TransmitReceive
                0x0800c598      0x4a8 build/debug/stm32h7xx_hal_spi.o
                0x0800c598                HAL_SPI_TransmitReceive
 .text.HAL_SPI_IRQHandler
                0x0800ca40      0x24c build/debug/stm32h7xx_hal_spi.o
                0x0800ca40                HAL_SPI_IRQHandler
 .text.TIM_OC5_SetConfig
                0x0800cc8c       0x74 build/debug/stm32h7xx_hal_tim.o
 .text.TIM_OC6_SetConfig
                0x0800cd00       0x74 build/debug/stm32h7xx_hal_tim.o
 .text.TIM_OC1_SetConfig
                0x0800cd74      0x104 build/debug/stm32h7xx_hal_tim.o
 .text.TIM_OC3_SetConfig
                0x0800ce78       0xf0 build/debug/stm32h7xx_hal_tim.o
 .text.TIM_OC4_SetConfig
                0x0800cf68       0x9c build/debug/stm32h7xx_hal_tim.o
 .text.TIM_Base_SetConfig
                0x0800d004      0x120 build/debug/stm32h7xx_hal_tim.o
                0x0800d004                TIM_Base_SetConfig
 .text.HAL_TIM_PWM_Init
                0x0800d124      0x198 build/debug/stm32h7xx_hal_tim.o
                0x0800d124                HAL_TIM_PWM_Init
 .text.TIM_OC2_SetConfig
                0x0800d2bc       0xf0 build/debug/stm32h7xx_hal_tim.o
                0x0800d2bc                TIM_OC2_SetConfig
 .text.HAL_TIM_PWM_ConfigChannel
                0x0800d3ac      0x39c build/debug/stm32h7xx_hal_tim.o
                0x0800d3ac                HAL_TIM_PWM_ConfigChannel
 .text.HAL_TIMEx_MasterConfigSynchronization
                0x0800d748      0x1d4 build/debug/stm32h7xx_hal_tim_ex.o
                0x0800d748                HAL_TIMEx_MasterConfigSynchronization
 .text.NMI_Handler
                0x0800d91c        0x2 build/debug/stm32h7xx_it.o
                0x0800d91c                NMI_Handler
 .text.HardFault_Handler
                0x0800d91e        0x2 build/debug/stm32h7xx_it.o
                0x0800d91e                HardFault_Handler
 .text.MemManage_Handler
                0x0800d920        0x2 build/debug/stm32h7xx_it.o
                0x0800d920                MemManage_Handler
 .text.BusFault_Handler
                0x0800d922        0x2 build/debug/stm32h7xx_it.o
                0x0800d922                BusFault_Handler
 .text.UsageFault_Handler
                0x0800d924        0x2 build/debug/stm32h7xx_it.o
                0x0800d924                UsageFault_Handler
 .text.SVC_Handler
                0x0800d926        0x2 build/debug/stm32h7xx_it.o
                0x0800d926                SVC_Handler
 .text.DebugMon_Handler
                0x0800d928        0x2 build/debug/stm32h7xx_it.o
                0x0800d928                DebugMon_Handler
 .text.PendSV_Handler
                0x0800d92a        0x2 build/debug/stm32h7xx_it.o
                0x0800d92a                PendSV_Handler
 .text.SysTick_Handler
                0x0800d92c        0x8 build/debug/stm32h7xx_it.o
                0x0800d92c                SysTick_Handler
 .text.DMA1_Stream0_IRQHandler
                0x0800d934       0x10 build/debug/stm32h7xx_it.o
                0x0800d934                DMA1_Stream0_IRQHandler
 .text.DMA1_Stream1_IRQHandler
                0x0800d944       0x10 build/debug/stm32h7xx_it.o
                0x0800d944                DMA1_Stream1_IRQHandler
 .text.SPI1_IRQHandler
                0x0800d954       0x10 build/debug/stm32h7xx_it.o
                0x0800d954                SPI1_IRQHandler
 .text.OTG_HS_EP1_OUT_IRQHandler
                0x0800d964       0x10 build/debug/stm32h7xx_it.o
                0x0800d964                OTG_HS_EP1_OUT_IRQHandler
 .text.OTG_HS_EP1_IN_IRQHandler
                0x0800d974       0x10 build/debug/stm32h7xx_it.o
                0x0800d974                OTG_HS_EP1_IN_IRQHandler
 .text.OTG_HS_IRQHandler
                0x0800d984       0x10 build/debug/stm32h7xx_it.o
                0x0800d984                OTG_HS_IRQHandler
 .text.DMAMUX1_OVR_IRQHandler
                0x0800d994        0x2 build/debug/stm32h7xx_it.o
                0x0800d994                DMAMUX1_OVR_IRQHandler
 .text.USB_CoreReset
                0x0800d996       0x4a build/debug/stm32h7xx_ll_usb.o
 .text.USB_CoreInit
                0x0800d9e0       0xa4 build/debug/stm32h7xx_ll_usb.o
                0x0800d9e0                USB_CoreInit
 .text.USB_SetTurnaroundTime
                0x0800da84       0xe4 build/debug/stm32h7xx_ll_usb.o
                0x0800da84                USB_SetTurnaroundTime
 .text.USB_EnableGlobalInt
                0x0800db68        0xc build/debug/stm32h7xx_ll_usb.o
                0x0800db68                USB_EnableGlobalInt
 .text.USB_DisableGlobalInt
                0x0800db74        0xc build/debug/stm32h7xx_ll_usb.o
                0x0800db74                USB_DisableGlobalInt
 .text.USB_FlushTxFifo
                0x0800db80       0x4a build/debug/stm32h7xx_ll_usb.o
                0x0800db80                USB_FlushTxFifo
 .text.USB_FlushRxFifo
                0x0800dbca       0x46 build/debug/stm32h7xx_ll_usb.o
                0x0800dbca                USB_FlushRxFifo
 .text.USB_SetDevSpeed
                0x0800dc10        0xe build/debug/stm32h7xx_ll_usb.o
                0x0800dc10                USB_SetDevSpeed
 *fill*         0x0800dc1e        0x2 
 .text.USB_DevInit
                0x0800dc20      0x18c build/debug/stm32h7xx_ll_usb.o
                0x0800dc20                USB_DevInit
 .text.USB_GetDevSpeed
                0x0800ddac       0x22 build/debug/stm32h7xx_ll_usb.o
                0x0800ddac                USB_GetDevSpeed
 *fill*         0x0800ddce        0x2 
 .text.USB_ActivateEndpoint
                0x0800ddd0       0x98 build/debug/stm32h7xx_ll_usb.o
                0x0800ddd0                USB_ActivateEndpoint
 .text.USB_DeactivateEndpoint
                0x0800de68       0xe0 build/debug/stm32h7xx_ll_usb.o
                0x0800de68                USB_DeactivateEndpoint
 .text.USB_EPStopXfer
                0x0800df48       0xbe build/debug/stm32h7xx_ll_usb.o
                0x0800df48                USB_EPStopXfer
 .text.USB_WritePacket
                0x0800e006       0x2e build/debug/stm32h7xx_ll_usb.o
                0x0800e006                USB_WritePacket
 .text.USB_EPStartXfer
                0x0800e034      0x244 build/debug/stm32h7xx_ll_usb.o
                0x0800e034                USB_EPStartXfer
 .text.USB_ReadPacket
                0x0800e278       0x46 build/debug/stm32h7xx_ll_usb.o
                0x0800e278                USB_ReadPacket
 .text.USB_EPSetStall
                0x0800e2be       0x5a build/debug/stm32h7xx_ll_usb.o
                0x0800e2be                USB_EPSetStall
 .text.USB_EPClearStall
                0x0800e318       0x5c build/debug/stm32h7xx_ll_usb.o
                0x0800e318                USB_EPClearStall
 .text.USB_SetDevAddress
                0x0800e374       0x20 build/debug/stm32h7xx_ll_usb.o
                0x0800e374                USB_SetDevAddress
 .text.USB_DevConnect
                0x0800e394       0x1c build/debug/stm32h7xx_ll_usb.o
                0x0800e394                USB_DevConnect
 .text.USB_DevDisconnect
                0x0800e3b0       0x1c build/debug/stm32h7xx_ll_usb.o
                0x0800e3b0                USB_DevDisconnect
 .text.USB_ReadInterrupts
                0x0800e3cc        0x8 build/debug/stm32h7xx_ll_usb.o
                0x0800e3cc                USB_ReadInterrupts
 .text.USB_ReadDevAllOutEpInterrupt
                0x0800e3d4       0x10 build/debug/stm32h7xx_ll_usb.o
                0x0800e3d4                USB_ReadDevAllOutEpInterrupt
 .text.USB_ReadDevAllInEpInterrupt
                0x0800e3e4       0x10 build/debug/stm32h7xx_ll_usb.o
                0x0800e3e4                USB_ReadDevAllInEpInterrupt
 .text.USB_ReadDevOutEPInterrupt
                0x0800e3f4       0x12 build/debug/stm32h7xx_ll_usb.o
                0x0800e3f4                USB_ReadDevOutEPInterrupt
 .text.USB_ReadDevInEPInterrupt
                0x0800e406       0x24 build/debug/stm32h7xx_ll_usb.o
                0x0800e406                USB_ReadDevInEPInterrupt
 .text.USB_GetMode
                0x0800e42a        0x8 build/debug/stm32h7xx_ll_usb.o
                0x0800e42a                USB_GetMode
 .text.USB_SetCurrentMode
                0x0800e432       0x62 build/debug/stm32h7xx_ll_usb.o
                0x0800e432                USB_SetCurrentMode
 .text.USB_ActivateSetup
                0x0800e494       0x1c build/debug/stm32h7xx_ll_usb.o
                0x0800e494                USB_ActivateSetup
 .text.USB_EP0_OutStart
                0x0800e4b0       0x60 build/debug/stm32h7xx_ll_usb.o
                0x0800e4b0                USB_EP0_OutStart
 .text._getpid  0x0800e510        0x4 build/debug/syscalls.o
                0x0800e510                _getpid
 .text._kill    0x0800e514       0x10 build/debug/syscalls.o
                0x0800e514                _kill
 .text._exit    0x0800e524        0xc build/debug/syscalls.o
                0x0800e524                _exit
 .text._read    0x0800e530       0x20 build/debug/syscalls.o
                0x0800e530                _read
 .text._write   0x0800e550       0x1c build/debug/syscalls.o
                0x0800e550                _write
 .text._close   0x0800e56c        0x6 build/debug/syscalls.o
                0x0800e56c                _close
 .text._fstat   0x0800e572        0xa build/debug/syscalls.o
                0x0800e572                _fstat
 .text._isatty  0x0800e57c        0x4 build/debug/syscalls.o
                0x0800e57c                _isatty
 .text._lseek   0x0800e580        0x4 build/debug/syscalls.o
                0x0800e580                _lseek
 .text._sbrk    0x0800e584       0x48 build/debug/sysmem.o
                0x0800e584                _sbrk
 .text.SystemInit
                0x0800e5cc       0xd0 build/debug/system_stm32h7xx.o
                0x0800e5cc                SystemInit
 .text.ExitRun0Mode
                0x0800e69c       0x1c build/debug/system_stm32h7xx.o
                0x0800e69c                ExitRun0Mode
 .text.HAL_TIM_PWM_MspInit
                0x0800e6b8       0x54 build/debug/tim.o
                0x0800e6b8                HAL_TIM_PWM_MspInit
 .text.HAL_TIM_MspPostInit
                0x0800e70c       0x98 build/debug/tim.o
                0x0800e70c                HAL_TIM_MspPostInit
 .text.MX_TIM2_Init
                0x0800e7a4       0x80 build/debug/tim.o
                0x0800e7a4                MX_TIM2_Init
 .text.MX_TIM4_Init
                0x0800e824       0xb8 build/debug/tim.o
                0x0800e824                MX_TIM4_Init
 .text.MX_USB_DEVICE_Init
                0x0800e8dc       0x58 build/debug/usb_device.o
                0x0800e8dc                MX_USB_DEVICE_Init
 .text.USBD_CDC_EP0_RxReady
                0x0800e934       0x40 build/debug/usbd_cdc.o
 .text.USBD_CDC_GetDeviceQualifierDescriptor
                0x0800e974        0xc build/debug/usbd_cdc.o
                0x0800e974                USBD_CDC_GetDeviceQualifierDescriptor
 .text.USBD_CDC_GetOtherSpeedCfgDesc
                0x0800e980       0x48 build/debug/usbd_cdc.o
 .text.USBD_CDC_GetFSCfgDesc
                0x0800e9c8       0x48 build/debug/usbd_cdc.o
 .text.USBD_CDC_GetHSCfgDesc
                0x0800ea10       0x48 build/debug/usbd_cdc.o
 .text.USBD_CDC_DataOut
                0x0800ea58       0x38 build/debug/usbd_cdc.o
 .text.USBD_CDC_DataIn
                0x0800ea90       0x7c build/debug/usbd_cdc.o
 .text.USBD_CDC_Setup
                0x0800eb0c      0x11a build/debug/usbd_cdc.o
 .text.USBD_CDC_DeInit
                0x0800ec26       0x64 build/debug/usbd_cdc.o
 .text.USBD_CDC_Init
                0x0800ec8a       0xee build/debug/usbd_cdc.o
 .text.USBD_CDC_RegisterInterface
                0x0800ed78       0x16 build/debug/usbd_cdc.o
                0x0800ed78                USBD_CDC_RegisterInterface
 .text.USBD_CDC_SetTxBuffer
                0x0800ed8e       0x1c build/debug/usbd_cdc.o
                0x0800ed8e                USBD_CDC_SetTxBuffer
 .text.USBD_CDC_SetRxBuffer
                0x0800edaa       0x18 build/debug/usbd_cdc.o
                0x0800edaa                USBD_CDC_SetRxBuffer
 .text.USBD_CDC_TransmitPacket
                0x0800edc2       0x36 build/debug/usbd_cdc.o
                0x0800edc2                USBD_CDC_TransmitPacket
 .text.USBD_CDC_ReceivePacket
                0x0800edf8       0x38 build/debug/usbd_cdc.o
                0x0800edf8                USBD_CDC_ReceivePacket
 .text.CDC_DeInit_HS
                0x0800ee30        0x4 build/debug/usbd_cdc_if.o
 .text.CDC_Control_HS
                0x0800ee34       0x54 build/debug/usbd_cdc_if.o
 .text.CDC_TransmitCplt_HS
                0x0800ee88        0x4 build/debug/usbd_cdc_if.o
 .text.CDC_Receive_HS
                0x0800ee8c       0x1c build/debug/usbd_cdc_if.o
 .text.CDC_Init_HS
                0x0800eea8       0x28 build/debug/usbd_cdc_if.o
 .text.CDC_Transmit_HS
                0x0800eed0       0x2c build/debug/usbd_cdc_if.o
                0x0800eed0                CDC_Transmit_HS
 .text.HAL_PCD_MspInit
                0x0800eefc       0x94 build/debug/usbd_conf.o
                0x0800eefc                HAL_PCD_MspInit
 .text.HAL_PCD_SetupStageCallback
                0x0800ef90       0x10 build/debug/usbd_conf.o
                0x0800ef90                HAL_PCD_SetupStageCallback
 .text.HAL_PCD_DataOutStageCallback
                0x0800efa0       0x18 build/debug/usbd_conf.o
                0x0800efa0                HAL_PCD_DataOutStageCallback
 .text.HAL_PCD_DataInStageCallback
                0x0800efb8       0x16 build/debug/usbd_conf.o
                0x0800efb8                HAL_PCD_DataInStageCallback
 .text.HAL_PCD_SOFCallback
                0x0800efce        0xc build/debug/usbd_conf.o
                0x0800efce                HAL_PCD_SOFCallback
 .text.HAL_PCD_ResetCallback
                0x0800efda       0x28 build/debug/usbd_conf.o
                0x0800efda                HAL_PCD_ResetCallback
 *fill*         0x0800f002        0x2 
 .text.HAL_PCD_SuspendCallback
                0x0800f004       0x30 build/debug/usbd_conf.o
                0x0800f004                HAL_PCD_SuspendCallback
 .text.HAL_PCD_ResumeCallback
                0x0800f034        0xc build/debug/usbd_conf.o
                0x0800f034                HAL_PCD_ResumeCallback
 .text.HAL_PCD_ISOOUTIncompleteCallback
                0x0800f040        0xc build/debug/usbd_conf.o
                0x0800f040                HAL_PCD_ISOOUTIncompleteCallback
 .text.HAL_PCD_ISOINIncompleteCallback
                0x0800f04c        0xc build/debug/usbd_conf.o
                0x0800f04c                HAL_PCD_ISOINIncompleteCallback
 .text.HAL_PCD_ConnectCallback
                0x0800f058        0xc build/debug/usbd_conf.o
                0x0800f058                HAL_PCD_ConnectCallback
 .text.HAL_PCD_DisconnectCallback
                0x0800f064        0xc build/debug/usbd_conf.o
                0x0800f064                HAL_PCD_DisconnectCallback
 .text.USBD_LL_Init
                0x0800f070       0x70 build/debug/usbd_conf.o
                0x0800f070                USBD_LL_Init
 .text.USBD_LL_IsStallEP
                0x0800f0e0       0x2c build/debug/usbd_conf.o
                0x0800f0e0                USBD_LL_IsStallEP
 .text.USBD_LL_GetRxDataSize
                0x0800f10c        0xc build/debug/usbd_conf.o
                0x0800f10c                USBD_LL_GetRxDataSize
 .text.USBD_static_malloc
                0x0800f118        0x8 build/debug/usbd_conf.o
                0x0800f118                USBD_static_malloc
 .text.USBD_static_free
                0x0800f120        0x2 build/debug/usbd_conf.o
                0x0800f120                USBD_static_free
 .text.USBD_Get_USB_Status
                0x0800f122       0x14 build/debug/usbd_conf.o
                0x0800f122                USBD_Get_USB_Status
 .text.USBD_LL_Start
                0x0800f136       0x10 build/debug/usbd_conf.o
                0x0800f136                USBD_LL_Start
 .text.USBD_LL_OpenEP
                0x0800f146       0x16 build/debug/usbd_conf.o
                0x0800f146                USBD_LL_OpenEP
 .text.USBD_LL_CloseEP
                0x0800f15c       0x10 build/debug/usbd_conf.o
                0x0800f15c                USBD_LL_CloseEP
 .text.USBD_LL_StallEP
                0x0800f16c       0x10 build/debug/usbd_conf.o
                0x0800f16c                USBD_LL_StallEP
 .text.USBD_LL_ClearStallEP
                0x0800f17c       0x10 build/debug/usbd_conf.o
                0x0800f17c                USBD_LL_ClearStallEP
 .text.USBD_LL_SetUSBAddress
                0x0800f18c       0x10 build/debug/usbd_conf.o
                0x0800f18c                USBD_LL_SetUSBAddress
 .text.USBD_LL_Transmit
                0x0800f19c       0x10 build/debug/usbd_conf.o
                0x0800f19c                USBD_LL_Transmit
 .text.USBD_LL_PrepareReceive
                0x0800f1ac       0x10 build/debug/usbd_conf.o
                0x0800f1ac                USBD_LL_PrepareReceive
 .text.USBD_Init
                0x0800f1bc       0x2e build/debug/usbd_core.o
                0x0800f1bc                USBD_Init
 .text.USBD_RegisterClass
                0x0800f1ea       0x34 build/debug/usbd_core.o
                0x0800f1ea                USBD_RegisterClass
 .text.USBD_Start
                0x0800f21e        0x8 build/debug/usbd_core.o
                0x0800f21e                USBD_Start
 .text.USBD_SetClassConfig
                0x0800f226       0x12 build/debug/usbd_core.o
                0x0800f226                USBD_SetClassConfig
 .text.USBD_ClrClassConfig
                0x0800f238       0x12 build/debug/usbd_core.o
                0x0800f238                USBD_ClrClassConfig
 .text.USBD_LL_SetupStage
                0x0800f24a       0x58 build/debug/usbd_core.o
                0x0800f24a                USBD_LL_SetupStage
 .text.USBD_LL_Reset
                0x0800f2a2       0x64 build/debug/usbd_core.o
                0x0800f2a2                USBD_LL_Reset
 .text.USBD_LL_SetSpeed
                0x0800f306        0x6 build/debug/usbd_core.o
                0x0800f306                USBD_LL_SetSpeed
 .text.USBD_LL_Suspend
                0x0800f30c       0x1e build/debug/usbd_core.o
                0x0800f30c                USBD_LL_Suspend
 .text.USBD_LL_Resume
                0x0800f32a       0x1a build/debug/usbd_core.o
                0x0800f32a                USBD_LL_Resume
 .text.USBD_LL_SOF
                0x0800f344       0x22 build/debug/usbd_core.o
                0x0800f344                USBD_LL_SOF
 .text.USBD_LL_IsoINIncomplete
                0x0800f366       0x2e build/debug/usbd_core.o
                0x0800f366                USBD_LL_IsoINIncomplete
 .text.USBD_LL_IsoOUTIncomplete
                0x0800f394       0x2e build/debug/usbd_core.o
                0x0800f394                USBD_LL_IsoOUTIncomplete
 .text.USBD_LL_DevConnected
                0x0800f3c2        0x4 build/debug/usbd_core.o
                0x0800f3c2                USBD_LL_DevConnected
 .text.USBD_LL_DevDisconnected
                0x0800f3c6       0x20 build/debug/usbd_core.o
                0x0800f3c6                USBD_LL_DevDisconnected
 .text.USBD_CoreFindIF
                0x0800f3e6        0x4 build/debug/usbd_core.o
                0x0800f3e6                USBD_CoreFindIF
 .text.USBD_CoreFindEP
                0x0800f3ea        0x4 build/debug/usbd_core.o
                0x0800f3ea                USBD_CoreFindEP
 .text.USBD_LL_DataOutStage
                0x0800f3ee       0xc4 build/debug/usbd_core.o
                0x0800f3ee                USBD_LL_DataOutStage
 .text.USBD_LL_DataInStage
                0x0800f4b2       0xd6 build/debug/usbd_core.o
                0x0800f4b2                USBD_LL_DataInStage
 .text.USBD_GetNextDesc
                0x0800f588        0xe build/debug/usbd_core.o
                0x0800f588                USBD_GetNextDesc
 .text.USBD_GetEpDesc
                0x0800f596       0x3e build/debug/usbd_core.o
                0x0800f596                USBD_GetEpDesc
 .text.USBD_GetLen
                0x0800f5d4       0x14 build/debug/usbd_ctlreq.o
 .text.USBD_ParseSetupRequest
                0x0800f5e8       0x28 build/debug/usbd_ctlreq.o
                0x0800f5e8                USBD_ParseSetupRequest
 .text.USBD_CtlError
                0x0800f610       0x14 build/debug/usbd_ctlreq.o
                0x0800f610                USBD_CtlError
 .text.USBD_GetDescriptor
                0x0800f624      0x18a build/debug/usbd_ctlreq.o
 .text.USBD_SetAddress
                0x0800f7ae       0x50 build/debug/usbd_ctlreq.o
 *fill*         0x0800f7fe        0x2 
 .text.USBD_SetConfig
                0x0800f800       0xcc build/debug/usbd_ctlreq.o
 .text.USBD_GetConfig
                0x0800f8cc       0x40 build/debug/usbd_ctlreq.o
 .text.USBD_GetStatus
                0x0800f90c       0x38 build/debug/usbd_ctlreq.o
 .text.USBD_SetFeature
                0x0800f944       0x2a build/debug/usbd_ctlreq.o
 .text.USBD_ClrFeature
                0x0800f96e       0x26 build/debug/usbd_ctlreq.o
 .text.USBD_StdDevReq
                0x0800f994       0x76 build/debug/usbd_ctlreq.o
                0x0800f994                USBD_StdDevReq
 .text.USBD_StdItfReq
                0x0800fa0a       0x84 build/debug/usbd_ctlreq.o
                0x0800fa0a                USBD_StdItfReq
 .text.USBD_StdEPReq
                0x0800fa8e      0x232 build/debug/usbd_ctlreq.o
                0x0800fa8e                USBD_StdEPReq
 .text.USBD_GetString
                0x0800fcc0       0x46 build/debug/usbd_ctlreq.o
                0x0800fcc0                USBD_GetString
 *fill*         0x0800fd06        0x2 
 .text.USBD_HS_DeviceDescriptor
                0x0800fd08        0xc build/debug/usbd_desc.o
                0x0800fd08                USBD_HS_DeviceDescriptor
 .text.USBD_HS_LangIDStrDescriptor
                0x0800fd14        0xc build/debug/usbd_desc.o
                0x0800fd14                USBD_HS_LangIDStrDescriptor
 .text.IntToUnicode
                0x0800fd20       0x46 build/debug/usbd_desc.o
 *fill*         0x0800fd66        0x2 
 .text.Get_SerialNum
                0x0800fd68       0x38 build/debug/usbd_desc.o
 .text.USBD_HS_SerialStrDescriptor
                0x0800fda0       0x14 build/debug/usbd_desc.o
                0x0800fda0                USBD_HS_SerialStrDescriptor
 .text.USBD_HS_ProductStrDescriptor
                0x0800fdb4       0x24 build/debug/usbd_desc.o
                0x0800fdb4                USBD_HS_ProductStrDescriptor
 .text.USBD_HS_ManufacturerStrDescriptor
                0x0800fdd8       0x1c build/debug/usbd_desc.o
                0x0800fdd8                USBD_HS_ManufacturerStrDescriptor
 .text.USBD_HS_ConfigStrDescriptor
                0x0800fdf4       0x24 build/debug/usbd_desc.o
                0x0800fdf4                USBD_HS_ConfigStrDescriptor
 .text.USBD_HS_InterfaceStrDescriptor
                0x0800fe18       0x24 build/debug/usbd_desc.o
                0x0800fe18                USBD_HS_InterfaceStrDescriptor
 .text.USBD_CtlSendData
                0x0800fe3c       0x1a build/debug/usbd_ioreq.o
                0x0800fe3c                USBD_CtlSendData
 .text.USBD_CtlContinueSendData
                0x0800fe56       0x10 build/debug/usbd_ioreq.o
                0x0800fe56                USBD_CtlContinueSendData
 .text.USBD_CtlPrepareRx
                0x0800fe66       0x1e build/debug/usbd_ioreq.o
                0x0800fe66                USBD_CtlPrepareRx
 .text.USBD_CtlContinueRx
                0x0800fe84       0x10 build/debug/usbd_ioreq.o
                0x0800fe84                USBD_CtlContinueRx
 .text.USBD_CtlSendStatus
                0x0800fe94       0x16 build/debug/usbd_ioreq.o
                0x0800fe94                USBD_CtlSendStatus
 .text.USBD_CtlReceiveStatus
                0x0800feaa       0x16 build/debug/usbd_ioreq.o
                0x0800feaa                USBD_CtlReceiveStatus
 .text.USER_initialize
                0x0800fec0        0x8 build/debug/user_diskio.o
                0x0800fec0                USER_initialize
 .text.USER_status
                0x0800fec8        0x8 build/debug/user_diskio.o
                0x0800fec8                USER_status
 .text.USER_read
                0x0800fed0        0x8 build/debug/user_diskio.o
                0x0800fed0                USER_read
 .text.USER_write
                0x0800fed8        0x8 build/debug/user_diskio.o
                0x0800fed8                USER_write
 .text.USER_ioctl
                0x0800fee0        0x8 build/debug/user_diskio.o
                0x0800fee0                USER_ioctl
 .text.xchg_spi
                0x0800fee8       0x2c build/debug/user_diskio_spi.o
 .text.wait_ready
                0x0800ff14       0x2a build/debug/user_diskio_spi.o
 .text.rcvr_spi_multi
                0x0800ff3e       0x1a build/debug/user_diskio_spi.o
 .text.despiselect
                0x0800ff58       0x18 build/debug/user_diskio_spi.o
 .text.spiselect
                0x0800ff70       0x30 build/debug/user_diskio_spi.o
 .text.send_cmd
                0x0800ffa0       0x8c build/debug/user_diskio_spi.o
 .text.xmit_spi_multi
                0x0801002c       0x18 build/debug/user_diskio_spi.o
 .text.xmit_datablock
                0x08010044       0x4c build/debug/user_diskio_spi.o
 .text.SPI_Timer_On
                0x08010090       0x1c build/debug/user_diskio_spi.o
                0x08010090                SPI_Timer_On
 .text.SPI_Timer_Status
                0x080100ac       0x24 build/debug/user_diskio_spi.o
                0x080100ac                SPI_Timer_Status
 .text.rcvr_datablock
                0x080100d0       0x40 build/debug/user_diskio_spi.o
 .text.USER_SPI_initialize
                0x08010110      0x170 build/debug/user_diskio_spi.o
                0x08010110                USER_SPI_initialize
 .text.USER_SPI_status
                0x08010280       0x14 build/debug/user_diskio_spi.o
                0x08010280                USER_SPI_status
 .text.USER_SPI_read
                0x08010294       0x90 build/debug/user_diskio_spi.o
                0x08010294                USER_SPI_read
 .text.USER_SPI_write
                0x08010324       0xb4 build/debug/user_diskio_spi.o
                0x08010324                USER_SPI_write
 .text.USER_SPI_ioctl
                0x080103d8      0x224 build/debug/user_diskio_spi.o
                0x080103d8                USER_SPI_ioctl
 .text.Reset_Handler
                0x080105fc       0x54 build/debug/startup_stm32h725xx.o
                0x080105fc                Reset_Handler
 .text.Default_Handler
                0x08010650        0x2 build/debug/startup_stm32h725xx.o
                0x08010650                RTC_Alarm_IRQHandler
                0x08010650                EXTI2_IRQHandler
                0x08010650                TIM8_CC_IRQHandler
                0x08010650                UART8_IRQHandler
                0x08010650                SPI4_IRQHandler
                0x08010650                FDCAN3_IT0_IRQHandler
                0x08010650                TIM1_CC_IRQHandler
                0x08010650                BDMA_Channel6_IRQHandler
                0x08010650                DMA2_Stream5_IRQHandler
                0x08010650                DMA1_Stream5_IRQHandler
                0x08010650                CORDIC_IRQHandler
                0x08010650                BDMA_Channel1_IRQHandler
                0x08010650                TAMP_STAMP_IRQHandler
                0x08010650                EXTI3_IRQHandler
                0x08010650                LPTIM4_IRQHandler
                0x08010650                TIM8_TRG_COM_TIM14_IRQHandler
                0x08010650                LPTIM2_IRQHandler
                0x08010650                DFSDM1_FLT1_IRQHandler
                0x08010650                DMAMUX2_OVR_IRQHandler
                0x08010650                TIM8_UP_TIM13_IRQHandler
                0x08010650                I2C3_ER_IRQHandler
                0x08010650                DFSDM1_FLT2_IRQHandler
                0x08010650                I2C5_EV_IRQHandler
                0x08010650                USART10_IRQHandler
                0x08010650                MDMA_IRQHandler
                0x08010650                LPTIM3_IRQHandler
                0x08010650                HSEM1_IRQHandler
                0x08010650                EXTI0_IRQHandler
                0x08010650                I2C2_EV_IRQHandler
                0x08010650                DMA1_Stream2_IRQHandler
                0x08010650                FPU_IRQHandler
                0x08010650                OTG_HS_WKUP_IRQHandler
                0x08010650                FDCAN1_IT1_IRQHandler
                0x08010650                LTDC_ER_IRQHandler
                0x08010650                DMA2_Stream2_IRQHandler
                0x08010650                OCTOSPI1_IRQHandler
                0x08010650                TIM6_DAC_IRQHandler
                0x08010650                DMA2_Stream3_IRQHandler
                0x08010650                OCTOSPI2_IRQHandler
                0x08010650                DFSDM1_FLT3_IRQHandler
                0x08010650                TIM23_IRQHandler
                0x08010650                USART6_IRQHandler
                0x08010650                TIM17_IRQHandler
                0x08010650                USART3_IRQHandler
                0x08010650                BDMA_Channel7_IRQHandler
                0x08010650                LPTIM5_IRQHandler
                0x08010650                UART5_IRQHandler
                0x08010650                ADC3_IRQHandler
                0x08010650                DMA2_Stream0_IRQHandler
                0x08010650                TIM4_IRQHandler
                0x08010650                BDMA_Channel2_IRQHandler
                0x08010650                I2C1_EV_IRQHandler
                0x08010650                DMA1_Stream6_IRQHandler
                0x08010650                TIM16_IRQHandler
                0x08010650                UART4_IRQHandler
                0x08010650                BDMA_Channel5_IRQHandler
                0x08010650                TIM3_IRQHandler
                0x08010650                RCC_IRQHandler
                0x08010650                UART9_IRQHandler
                0x08010650                TIM8_BRK_TIM12_IRQHandler
                0x08010650                TIM1_TRG_COM_IRQHandler
                0x08010650                Default_Handler
                0x08010650                ECC_IRQHandler
                0x08010650                FMAC_IRQHandler
                0x08010650                CEC_IRQHandler
                0x08010650                EXTI15_10_IRQHandler
                0x08010650                BDMA_Channel0_IRQHandler
                0x08010650                ADC_IRQHandler
                0x08010650                I2C5_ER_IRQHandler
                0x08010650                DMA1_Stream7_IRQHandler
                0x08010650                SPI5_IRQHandler
                0x08010650                TIM7_IRQHandler
                0x08010650                FDCAN3_IT1_IRQHandler
                0x08010650                SDMMC1_IRQHandler
                0x08010650                TIM5_IRQHandler
                0x08010650                DMA2_Stream7_IRQHandler
                0x08010650                TIM15_IRQHandler
                0x08010650                PVD_AVD_IRQHandler
                0x08010650                I2C3_EV_IRQHandler
                0x08010650                EXTI9_5_IRQHandler
                0x08010650                RTC_WKUP_IRQHandler
                0x08010650                LTDC_IRQHandler
                0x08010650                ETH_WKUP_IRQHandler
                0x08010650                SPDIF_RX_IRQHandler
                0x08010650                SPI2_IRQHandler
                0x08010650                TIM24_IRQHandler
                0x08010650                CRS_IRQHandler
                0x08010650                EXTI4_IRQHandler
                0x08010650                RNG_IRQHandler
                0x08010650                FDCAN2_IT1_IRQHandler
                0x08010650                ETH_IRQHandler
                0x08010650                TIM1_UP_IRQHandler
                0x08010650                BDMA_Channel4_IRQHandler
                0x08010650                WWDG_IRQHandler
                0x08010650                SPI6_IRQHandler
                0x08010650                MDIOS_IRQHandler
                0x08010650                I2C4_EV_IRQHandler
                0x08010650                FDCAN2_IT0_IRQHandler
                0x08010650                LPUART1_IRQHandler
                0x08010650                FDCAN1_IT0_IRQHandler
                0x08010650                TIM2_IRQHandler
                0x08010650                DMA2D_IRQHandler
                0x08010650                TIM1_BRK_IRQHandler
                0x08010650                EXTI1_IRQHandler
                0x08010650                SDMMC2_IRQHandler
                0x08010650                BDMA_Channel3_IRQHandler
                0x08010650                DTS_IRQHandler
                0x08010650                UART7_IRQHandler
                0x08010650                MDIOS_WKUP_IRQHandler
                0x08010650                USART2_IRQHandler
                0x08010650                DFSDM1_FLT0_IRQHandler
                0x08010650                SAI4_IRQHandler
                0x08010650                I2C2_ER_IRQHandler
                0x08010650                DMA2_Stream1_IRQHandler
                0x08010650                FLASH_IRQHandler
                0x08010650                DMA2_Stream4_IRQHandler
                0x08010650                USART1_IRQHandler
                0x08010650                SPI3_IRQHandler
                0x08010650                WAKEUP_PIN_IRQHandler
                0x08010650                DMA1_Stream4_IRQHandler
                0x08010650                I2C1_ER_IRQHandler
                0x08010650                FMC_IRQHandler
                0x08010650                FDCAN_CAL_IRQHandler
                0x08010650                SWPMI1_IRQHandler
                0x08010650                COMP1_IRQHandler
                0x08010650                LPTIM1_IRQHandler
                0x08010650                DCMI_PSSI_IRQHandler
                0x08010650                I2C4_ER_IRQHandler
                0x08010650                DMA2_Stream6_IRQHandler
                0x08010650                SAI1_IRQHandler
                0x08010650                DMA1_Stream3_IRQHandler
 *(.glue_7)
 .glue_7        0x08010652        0x0 linker stubs
 *(.glue_7t)
 .glue_7t       0x08010652        0x0 linker stubs
 *(.eh_frame)
 *fill*         0x08010652        0x2 
 .eh_frame      0x08010654        0x0 /usr/lib/gcc/arm-none-eabi/13.2.1/thumb/v7e-m+dp/hard/crtbegin.o
 *(.init)
 .init          0x08010654        0x4 /usr/lib/gcc/arm-none-eabi/13.2.1/thumb/v7e-m+dp/hard/crti.o
                0x08010654                _init
 .init          0x08010658        0x8 /usr/lib/gcc/arm-none-eabi/13.2.1/thumb/v7e-m+dp/hard/crtn.o
 *(.fini)
 .fini          0x08010660        0x4 /usr/lib/gcc/arm-none-eabi/13.2.1/thumb/v7e-m+dp/hard/crti.o
                0x08010660                _fini
 .fini          0x08010664        0x8 /usr/lib/gcc/arm-none-eabi/13.2.1/thumb/v7e-m+dp/hard/crtn.o
                0x0801066c                        . = ALIGN (0x4)
                0x0801066c                        _etext = .

.vfp11_veneer   0x0801066c        0x0
 .vfp11_veneer  0x0801066c        0x0 linker stubs

.v4_bx          0x0801066c        0x0
 .v4_bx         0x0801066c        0x0 linker stubs

.iplt           0x0801066c        0x0
 .iplt          0x0801066c        0x0 /usr/lib/gcc/arm-none-eabi/13.2.1/thumb/v7e-m+dp/hard/crtbegin.o

.rodata         0x08010670      0x78c
                0x08010670                        . = ALIGN (0x4)
 *(.rodata)
 .rodata        0x08010670      0x128 /usr/lib/gcc/arm-none-eabi/13.2.1/../../../arm-none-eabi/lib/thumb/v7e-m+dp/hard/libc_nano.a(libc_a-mprec.o)
                0x08010680                __mprec_tens
                0x08010748                __mprec_tinytens
                0x08010770                __mprec_bigtens
 .rodata        0x08010798      0x101 /usr/lib/gcc/arm-none-eabi/13.2.1/../../../arm-none-eabi/lib/thumb/v7e-m+dp/hard/libc_nano.a(libc_a-ctype_.o)
                0x08010798                _ctype_
 *(.rodata*)
 *fill*         0x08010899        0x3 
 .rodata.HAL_SetTickFreq.str1.4
                0x0801089c      0x547 build/debug/stm32h7xx_hal.o
                                 0x31 (size before relaxing)
 .rodata.HAL_ADC_PollForConversion.str1.4
                0x08010de3       0x35 build/debug/stm32h7xx_hal_adc.o
 .rodata.HAL_ADCEx_Calibration_Start.str1.4
                0x08010de3       0x38 build/debug/stm32h7xx_hal_adc_ex.o
 .rodata.HAL_CORDIC_Init.str1.4
                0x08010de3       0x38 build/debug/stm32h7xx_hal_cordic.o
 .rodata.HAL_NVIC_SetPriorityGrouping.str1.4
                0x08010de3       0x38 build/debug/stm32h7xx_hal_cortex.o
 .rodata.HAL_DMA_Init.str1.4
                0x08010de3       0x35 build/debug/stm32h7xx_hal_dma.o
 *fill*         0x08010de3        0x1 
 .rodata.flagBitshiftOffset.0
                0x08010de4        0x8 build/debug/stm32h7xx_hal_dma.o
 .rodata.FMAC_FilterConfig.str1.4
                0x08010dec       0x36 build/debug/stm32h7xx_hal_fmac.o
 .rodata.HAL_GPIO_Init.str1.4
                0x08010dec       0x36 build/debug/stm32h7xx_hal_gpio.o
 .rodata.I2C_TransferConfig.str1.4
                0x08010dec       0x35 build/debug/stm32h7xx_hal_i2c.o
 .rodata.HAL_I2CEx_ConfigAnalogFilter.str1.4
                0x08010dec       0x38 build/debug/stm32h7xx_hal_i2c_ex.o
 .rodata.HAL_PCD_Init.str1.4
                0x08010dec       0x35 build/debug/stm32h7xx_hal_pcd.o
 .rodata.HAL_PWREx_ConfigSupply.str1.4
                0x08010dec       0x38 build/debug/stm32h7xx_hal_pwr_ex.o
 .rodata.HAL_RCC_OscConfig.str1.4
                0x08010dec       0x35 build/debug/stm32h7xx_hal_rcc.o
 .rodata.RCCEx_PLL2_Config.str1.4
                0x08010dec       0x38 build/debug/stm32h7xx_hal_rcc_ex.o
 .rodata.HAL_SPI_Init.str1.4
                0x08010dec       0x35 build/debug/stm32h7xx_hal_spi.o
 .rodata.TIM_OC1_SetConfig.str1.4
                0x08010dec       0x35 build/debug/stm32h7xx_hal_tim.o
 .rodata.HAL_TIMEx_HallSensor_Init.str1.4
                0x08010dec       0x38 build/debug/stm32h7xx_hal_tim_ex.o
 .rodata.D1CorePrescTable
                0x08010dec       0x10 build/debug/system_stm32h7xx.o
                0x08010dec                D1CorePrescTable
 .rodata.USBD_HS_ProductStrDescriptor.str1.4
                0x08010dfc       0x16 build/debug/usbd_desc.o
 .rodata.USBD_HS_ManufacturerStrDescriptor.str1.4
                0x08010dfc       0x13 build/debug/usbd_desc.o
 .rodata.USBD_HS_ConfigStrDescriptor.str1.4
                0x08010dfc        0xb build/debug/usbd_desc.o
 .rodata.USBD_HS_InterfaceStrDescriptor.str1.4
                0x08010dfc        0xe build/debug/usbd_desc.o
 .rodata.str1.4
                0x08010dfc        0x3 build/debug/abstract.o
 .rodata.str1.4
                0x08010dfc        0xd build/debug/cpp_main.o
 .rodata.str1.4
                0x08010dfc       0x12 /usr/lib/gcc/arm-none-eabi/13.2.1/../../../arm-none-eabi/lib/thumb/v7e-m+dp/hard/libc_nano.a(libc_a-nano-vfprintf_float.o)
 .rodata.str1.4
                0x08010dfc       0x69 /usr/lib/gcc/arm-none-eabi/13.2.1/../../../arm-none-eabi/lib/thumb/v7e-m+dp/hard/libc_nano.a(libc_a-dtoa.o)
 .rodata.str1.4
                0x08010dfc       0x25 /usr/lib/gcc/arm-none-eabi/13.2.1/../../../arm-none-eabi/lib/thumb/v7e-m+dp/hard/libc_nano.a(libc_a-nano-vfprintf_i.o)
 .rodata.str1.4
                0x08010dfc       0x43 /usr/lib/gcc/arm-none-eabi/13.2.1/../../../arm-none-eabi/lib/thumb/v7e-m+dp/hard/libc_nano.a(libc_a-assert.o)
 .rodata.str1.4
                0x08010dfc       0x59 /usr/lib/gcc/arm-none-eabi/13.2.1/../../../arm-none-eabi/lib/thumb/v7e-m+dp/hard/libc_nano.a(libc_a-mprec.o)
 .rodata.str1.4
                0x08010dfc       0x12 /usr/lib/gcc/arm-none-eabi/13.2.1/../../../arm-none-eabi/lib/thumb/v7e-m+dp/hard/libc_nano.a(libc_a-locale.o)
 .rodata.str1.4
                0x08010dfc       0x13 /usr/lib/gcc/arm-none-eabi/13.2.1/../../../arm-none-eabi/lib/thumb/v7e-m+dp/hard/libc_nano.a(libc_a-nano-vfprintf.o)
                0x08010e68                        . = ALIGN (0x4)

.ARM.extab      0x08010dfc        0x0
                0x08010dfc                        . = ALIGN (0x4)
 *(.ARM.extab* .gnu.linkonce.armextab.*)
                0x08010dfc                        . = ALIGN (0x4)

.ARM            0x08010dfc        0x8
                0x08010dfc                        . = ALIGN (0x4)
                0x08010dfc                        __exidx_start = .
 *(.ARM.exidx*)
 .ARM.exidx     0x08010dfc        0x8 /usr/lib/gcc/arm-none-eabi/13.2.1/../../../arm-none-eabi/lib/thumb/v7e-m+dp/hard/libc_nano.a(libc_a-strlen.o)
 .ARM.exidx     0x08010e04        0x0 /usr/lib/gcc/arm-none-eabi/13.2.1/../../../arm-none-eabi/lib/thumb/v7e-m+dp/hard/libc_nano.a(libc_a-memcpy.o)
                                  0x8 (size before relaxing)
 .ARM.exidx     0x08010e04        0x0 /usr/lib/gcc/arm-none-eabi/13.2.1/../../../arm-none-eabi/lib/thumb/v7e-m+dp/hard/libc_nano.a(libc_a-memchr.o)
                                  0x8 (size before relaxing)
                0x08010e04                        __exidx_end = .
                0x08010e04                        . = ALIGN (0x4)

.preinit_array  0x08010e04        0x0
                0x08010e04                        . = ALIGN (0x4)
                0x08010e04                        PROVIDE (__preinit_array_start = .)
 *(.preinit_array*)
                0x08010e04                        PROVIDE (__preinit_array_end = .)
                0x08010e04                        . = ALIGN (0x4)

.init_array     0x08010e04        0x4
                0x08010e04                        . = ALIGN (0x4)
                0x08010e04                        PROVIDE (__init_array_start = .)
 *(SORT_BY_NAME(.init_array.*))
 *(.init_array*)
 .init_array    0x08010e04        0x4 /usr/lib/gcc/arm-none-eabi/13.2.1/thumb/v7e-m+dp/hard/crtbegin.o
                0x08010e08                        PROVIDE (__init_array_end = .)
                0x08010e08                        . = ALIGN (0x4)

.fini_array     0x08010e08        0x4
                0x08010e08                        . = ALIGN (0x4)
                0x08010e08                        PROVIDE (__fini_array_start = .)
 *(SORT_BY_NAME(.fini_array.*))
 *(.fini_array*)
 .fini_array    0x08010e08        0x4 /usr/lib/gcc/arm-none-eabi/13.2.1/thumb/v7e-m+dp/hard/crtbegin.o
                0x08010e0c                        PROVIDE (__fini_array_end = .)
                0x08010e0c                        . = ALIGN (0x4)
                0x08010e0c                        _sidata = LOADADDR (.data)

.rel.dyn        0x08010e0c        0x0
 .rel.iplt      0x08010e0c        0x0 /usr/lib/gcc/arm-none-eabi/13.2.1/thumb/v7e-m+dp/hard/crtbegin.o

.data           0x20000000      0x2e4 load address 0x08010e0c
                0x20000000                        . = ALIGN (0x4)
                0x20000000                        _sdata = .
 *(.data)
 .data          0x20000000       0x50 /usr/lib/gcc/arm-none-eabi/13.2.1/../../../arm-none-eabi/lib/thumb/v7e-m+dp/hard/libc_nano.a(libc_a-impure.o)
                0x20000000                _impure_ptr
                0x20000004                _impure_data
 .data          0x20000050        0xc /usr/lib/gcc/arm-none-eabi/13.2.1/../../../arm-none-eabi/lib/thumb/v7e-m+dp/hard/libc_nano.a(libc_a-findfp.o)
                0x20000050                __sglue
 .data          0x2000005c      0x16c /usr/lib/gcc/arm-none-eabi/13.2.1/../../../arm-none-eabi/lib/thumb/v7e-m+dp/hard/libc_nano.a(libc_a-locale.o)
                0x2000005c                __global_locale
 *(.data*)
 .data.uwTickFreq
                0x200001c8        0x1 build/debug/stm32h7xx_hal.o
                0x200001c8                uwTickFreq
 *fill*         0x200001c9        0x3 
 .data.uwTickPrio
                0x200001cc        0x4 build/debug/stm32h7xx_hal.o
                0x200001cc                uwTickPrio
 .data.SystemD2Clock
                0x200001d0        0x4 build/debug/system_stm32h7xx.o
                0x200001d0                SystemD2Clock
 .data.SystemCoreClock
                0x200001d4        0x4 build/debug/system_stm32h7xx.o
                0x200001d4                SystemCoreClock
 .data.USBD_CDC_CfgDesc
                0x200001d8       0x43 build/debug/usbd_cdc.o
 *fill*         0x2000021b        0x1 
 .data.USBD_CDC
                0x2000021c       0x38 build/debug/usbd_cdc.o
                0x2000021c                USBD_CDC
 .data.USBD_CDC_DeviceQualifierDesc
                0x20000254        0xa build/debug/usbd_cdc.o
 *fill*         0x2000025e        0x2 
 .data.USBD_Interface_fops_HS
                0x20000260       0x14 build/debug/usbd_cdc_if.o
                0x20000260                USBD_Interface_fops_HS
 .data.LineCoding
                0x20000274        0x8 build/debug/usbd_cdc_if.o
                0x20000274                LineCoding
 .data.USBD_StringSerial
                0x2000027c       0x1a build/debug/usbd_desc.o
                0x2000027c                USBD_StringSerial
 *fill*         0x20000296        0x2 
 .data.USBD_LangIDDesc
                0x20000298        0x4 build/debug/usbd_desc.o
                0x20000298                USBD_LangIDDesc
 .data.USBD_HS_DeviceDesc
                0x2000029c       0x12 build/debug/usbd_desc.o
                0x2000029c                USBD_HS_DeviceDesc
 *fill*         0x200002ae        0x2 
 .data.HS_Desc  0x200002b0       0x1c build/debug/usbd_desc.o
                0x200002b0                HS_Desc
 .data.USER_Driver
                0x200002cc       0x14 build/debug/user_diskio.o
                0x200002cc                USER_Driver
 .data.Stat     0x200002e0        0x1 build/debug/user_diskio_spi.o
 *(.RamFunc)
 *(.RamFunc*)
                0x200002e4                        . = ALIGN (0x4)
 *fill*         0x200002e1        0x3 
                0x200002e4                        _edata = .

.tm_clone_table
                0x200002e4        0x0 load address 0x080110f0
 .tm_clone_table
                0x200002e4        0x0 /usr/lib/gcc/arm-none-eabi/13.2.1/thumb/v7e-m+dp/hard/crtbegin.o
 .tm_clone_table
                0x200002e4        0x0 /usr/lib/gcc/arm-none-eabi/13.2.1/thumb/v7e-m+dp/hard/crtend.o

.igot.plt       0x200002e4        0x0 load address 0x080110f0
 .igot.plt      0x200002e4        0x0 /usr/lib/gcc/arm-none-eabi/13.2.1/thumb/v7e-m+dp/hard/crtbegin.o
                0x200002e4                        . = ALIGN (0x4)

.bss            0x200002e4     0x2184 load address 0x080110f0
                0x200002e4                        _sbss = .
                0x200002e4                        __bss_start__ = _sbss
 *(.bss)
 .bss           0x200002e4       0x1c /usr/lib/gcc/arm-none-eabi/13.2.1/thumb/v7e-m+dp/hard/crtbegin.o
 .bss           0x20000300      0x13c /usr/lib/gcc/arm-none-eabi/13.2.1/../../../arm-none-eabi/lib/thumb/v7e-m+dp/hard/libc_nano.a(libc_a-findfp.o)
                0x20000300                __sf
                0x20000438                __stdio_exit_handler
 .bss           0x2000043c        0x8 /usr/lib/gcc/arm-none-eabi/13.2.1/../../../arm-none-eabi/lib/thumb/v7e-m+dp/hard/libc_nano.a(libc_a-mallocr.o)
                0x2000043c                __malloc_sbrk_start
                0x20000440                __malloc_free_list
 .bss           0x20000444        0x4 /usr/lib/gcc/arm-none-eabi/13.2.1/../../../arm-none-eabi/lib/thumb/v7e-m+dp/hard/libc_nano.a(libc_a-reent.o)
                0x20000444                errno
 *(.bss*)
 .bss.hadc1     0x20000448       0x70 build/debug/adc.o
                0x20000448                hadc1
 .bss.hcordic   0x200004b8       0x28 build/debug/cordic.o
                0x200004b8                hcordic
 .bss.USERPath  0x200004e0        0x4 build/debug/fatfs.o
                0x200004e0                USERPath
 .bss.retUSER   0x200004e4        0x1 build/debug/fatfs.o
                0x200004e4                retUSER
 *fill*         0x200004e5        0x3 
 .bss.disk      0x200004e8        0xc build/debug/ff_gen_drv.o
                0x200004e8                disk
 .bss.hfmac     0x200004f4       0x38 build/debug/fmac.o
                0x200004f4                hfmac
 .bss.hi2c3     0x2000052c       0x54 build/debug/i2c.o
                0x2000052c                hi2c3
 .bss.hdma_spi1_rx
                0x20000580       0x78 build/debug/spi.o
                0x20000580                hdma_spi1_rx
 .bss.hdma_spi1_tx
                0x200005f8       0x78 build/debug/spi.o
                0x200005f8                hdma_spi1_tx
 .bss.hspi2     0x20000670       0xb4 build/debug/spi.o
                0x20000670                hspi2
 .bss.hspi1     0x20000724       0xb4 build/debug/spi.o
                0x20000724                hspi1
 .bss.uwTick    0x200007d8        0x4 build/debug/stm32h7xx_hal.o
                0x200007d8                uwTick
 .bss.__sbrk_heap_end
                0x200007dc        0x4 build/debug/sysmem.o
 .bss.htim4     0x200007e0       0x4c build/debug/tim.o
                0x200007e0                htim4
 .bss.htim2     0x2000082c       0x4c build/debug/tim.o
                0x2000082c                htim2
 .bss.hUsbDeviceHS
                0x20000878      0x2dc build/debug/usb_device.o
                0x20000878                hUsbDeviceHS
 .bss.UserTxBufferHS
                0x20000b54      0x800 build/debug/usbd_cdc_if.o
                0x20000b54                UserTxBufferHS
 .bss.UserRxBufferHS
                0x20001354      0x800 build/debug/usbd_cdc_if.o
                0x20001354                UserRxBufferHS
 .bss.mem.0     0x20001b54      0x220 build/debug/usbd_conf.o
 .bss.hpcd_USB_OTG_HS
                0x20001d74      0x4e4 build/debug/usbd_conf.o
                0x20001d74                hpcd_USB_OTG_HS
 .bss.cfgidx.0  0x20002258        0x1 build/debug/usbd_ctlreq.o
 *fill*         0x20002259        0x3 
 .bss.USBD_StrDesc
                0x2000225c      0x200 build/debug/usbd_desc.o
                0x2000225c                USBD_StrDesc
 .bss.spiTimerTickDelay
                0x2000245c        0x4 build/debug/user_diskio_spi.o
                0x2000245c                spiTimerTickDelay
 .bss.spiTimerTickStart
                0x20002460        0x4 build/debug/user_diskio_spi.o
                0x20002460                spiTimerTickStart
 .bss.CardType  0x20002464        0x1 build/debug/user_diskio_spi.o
 *(COMMON)
                0x20002468                        . = ALIGN (0x4)
 *fill*         0x20002465        0x3 
                0x20002468                        _ebss = .
                0x20002468                        __bss_end__ = _ebss

._user_heap_stack
                0x20002468      0x600 load address 0x080110f0
                0x20002468                        . = ALIGN (0x8)
                [!provide]                        PROVIDE (end = .)
                0x20002468                        PROVIDE (_end = .)
                0x20002668                        . = (. + _Min_Heap_Size)
 *fill*         0x20002468      0x200 
                0x20002a68                        . = (. + _Min_Stack_Size)
 *fill*         0x20002668      0x400 
                0x20002a68                        . = ALIGN (0x8)

/DISCARD/
 libc.a(*)
 libm.a(*)
 libgcc.a(*)
OUTPUT(build/debug/WINTER3-3.elf elf32-littlearm)
LOAD linker stubs
LOAD /usr/lib/gcc/arm-none-eabi/13.2.1/../../../arm-none-eabi/lib/thumb/v7e-m+dp/hard/libc.a
LOAD /usr/lib/gcc/arm-none-eabi/13.2.1/../../../arm-none-eabi/lib/thumb/v7e-m+dp/hard/libm.a
LOAD /usr/lib/gcc/arm-none-eabi/13.2.1/thumb/v7e-m+dp/hard/libgcc.a

.ARM.attributes
                0x00000000       0x2e
 .ARM.attributes
                0x00000000       0x20 /usr/lib/gcc/arm-none-eabi/13.2.1/thumb/v7e-m+dp/hard/crti.o
 .ARM.attributes
                0x00000020       0x32 /usr/lib/gcc/arm-none-eabi/13.2.1/thumb/v7e-m+dp/hard/crtbegin.o
 .ARM.attributes
                0x00000052       0x32 build/debug/adc.o
 .ARM.attributes
                0x00000084       0x32 build/debug/cordic.o
 .ARM.attributes
                0x000000b6       0x32 build/debug/dma.o
 .ARM.attributes
                0x000000e8       0x32 build/debug/fatfs.o
 .ARM.attributes
                0x0000011a       0x32 build/debug/ff_gen_drv.o
 .ARM.attributes
                0x0000014c       0x32 build/debug/fmac.o
 .ARM.attributes
                0x0000017e       0x32 build/debug/gpio.o
 .ARM.attributes
                0x000001b0       0x32 build/debug/i2c.o
 .ARM.attributes
                0x000001e2       0x32 build/debug/main.o
 .ARM.attributes
                0x00000214       0x32 build/debug/spi.o
 .ARM.attributes
                0x00000246       0x32 build/debug/stm32h7xx_hal.o
 .ARM.attributes
                0x00000278       0x32 build/debug/stm32h7xx_hal_adc.o
 .ARM.attributes
                0x000002aa       0x32 build/debug/stm32h7xx_hal_adc_ex.o
 .ARM.attributes
                0x000002dc       0x32 build/debug/stm32h7xx_hal_cordic.o
 .ARM.attributes
                0x0000030e       0x32 build/debug/stm32h7xx_hal_cortex.o
 .ARM.attributes
                0x00000340       0x32 build/debug/stm32h7xx_hal_dma.o
 .ARM.attributes
                0x00000372       0x32 build/debug/stm32h7xx_hal_fmac.o
 .ARM.attributes
                0x000003a4       0x32 build/debug/stm32h7xx_hal_gpio.o
 .ARM.attributes
                0x000003d6       0x32 build/debug/stm32h7xx_hal_i2c.o
 .ARM.attributes
                0x00000408       0x32 build/debug/stm32h7xx_hal_i2c_ex.o
 .ARM.attributes
                0x0000043a       0x32 build/debug/stm32h7xx_hal_msp.o
 .ARM.attributes
                0x0000046c       0x32 build/debug/stm32h7xx_hal_pcd.o
 .ARM.attributes
                0x0000049e       0x32 build/debug/stm32h7xx_hal_pcd_ex.o
 .ARM.attributes
                0x000004d0       0x32 build/debug/stm32h7xx_hal_pwr_ex.o
 .ARM.attributes
                0x00000502       0x32 build/debug/stm32h7xx_hal_rcc.o
 .ARM.attributes
                0x00000534       0x32 build/debug/stm32h7xx_hal_rcc_ex.o
 .ARM.attributes
                0x00000566       0x32 build/debug/stm32h7xx_hal_spi.o
 .ARM.attributes
                0x00000598       0x32 build/debug/stm32h7xx_hal_tim.o
 .ARM.attributes
                0x000005ca       0x32 build/debug/stm32h7xx_hal_tim_ex.o
 .ARM.attributes
                0x000005fc       0x32 build/debug/stm32h7xx_it.o
 .ARM.attributes
                0x0000062e       0x32 build/debug/stm32h7xx_ll_usb.o
 .ARM.attributes
                0x00000660       0x32 build/debug/syscalls.o
 .ARM.attributes
                0x00000692       0x32 build/debug/sysmem.o
 .ARM.attributes
                0x000006c4       0x32 build/debug/system_stm32h7xx.o
 .ARM.attributes
                0x000006f6       0x32 build/debug/tim.o
 .ARM.attributes
                0x00000728       0x32 build/debug/usb_device.o
 .ARM.attributes
                0x0000075a       0x32 build/debug/usbd_cdc.o
 .ARM.attributes
                0x0000078c       0x32 build/debug/usbd_cdc_if.o
 .ARM.attributes
                0x000007be       0x32 build/debug/usbd_conf.o
 .ARM.attributes
                0x000007f0       0x32 build/debug/usbd_core.o
 .ARM.attributes
                0x00000822       0x32 build/debug/usbd_ctlreq.o
 .ARM.attributes
                0x00000854       0x32 build/debug/usbd_desc.o
 .ARM.attributes
                0x00000886       0x32 build/debug/usbd_ioreq.o
 .ARM.attributes
                0x000008b8       0x32 build/debug/user_diskio.o
 .ARM.attributes
                0x000008ea       0x32 build/debug/user_diskio_spi.o
 .ARM.attributes
                0x0000091c       0x32 build/debug/abstract.o
 .ARM.attributes
                0x0000094e       0x32 build/debug/cpp_main.o
 .ARM.attributes
                0x00000980       0x21 build/debug/startup_stm32h725xx.o
 .ARM.attributes
                0x000009a1       0x32 /usr/lib/gcc/arm-none-eabi/13.2.1/../../../arm-none-eabi/lib/thumb/v7e-m+dp/hard/libc_nano.a(libc_a-strcpy.o)
 .ARM.attributes
                0x000009d3       0x32 /usr/lib/gcc/arm-none-eabi/13.2.1/../../../arm-none-eabi/lib/thumb/v7e-m+dp/hard/libc_nano.a(libc_a-init.o)
 .ARM.attributes
                0x00000a05       0x1c /usr/lib/gcc/arm-none-eabi/13.2.1/../../../arm-none-eabi/lib/thumb/v7e-m+dp/hard/libc_nano.a(libc_a-strlen.o)
 .ARM.attributes
                0x00000a21       0x32 /usr/lib/gcc/arm-none-eabi/13.2.1/../../../arm-none-eabi/lib/thumb/v7e-m+dp/hard/libc_nano.a(libc_a-memset.o)
 .ARM.attributes
                0x00000a53       0x32 /usr/lib/gcc/arm-none-eabi/13.2.1/../../../arm-none-eabi/lib/thumb/v7e-m+dp/hard/libc_nano.a(libc_a-errno.o)
 .ARM.attributes
                0x00000a85       0x32 /usr/lib/gcc/arm-none-eabi/13.2.1/../../../arm-none-eabi/lib/thumb/v7e-m+dp/hard/libc_nano.a(libc_a-nano-vfprintf_float.o)
 .ARM.attributes
                0x00000ab7       0x32 /usr/lib/gcc/arm-none-eabi/13.2.1/../../../arm-none-eabi/lib/thumb/v7e-m+dp/hard/libc_nano.a(libc_a-dtoa.o)
 .ARM.attributes
                0x00000ae9       0x1e /usr/lib/gcc/arm-none-eabi/13.2.1/../../../arm-none-eabi/lib/thumb/v7e-m+dp/hard/libc_nano.a(libc_a-memcpy.o)
 .ARM.attributes
                0x00000b07       0x32 /usr/lib/gcc/arm-none-eabi/13.2.1/../../../arm-none-eabi/lib/thumb/v7e-m+dp/hard/libc_nano.a(libc_a-malloc.o)
 .ARM.attributes
                0x00000b39       0x32 /usr/lib/gcc/arm-none-eabi/13.2.1/../../../arm-none-eabi/lib/thumb/v7e-m+dp/hard/libc_nano.a(libc_a-nano-vfprintf_i.o)
 .ARM.attributes
                0x00000b6b       0x32 /usr/lib/gcc/arm-none-eabi/13.2.1/../../../arm-none-eabi/lib/thumb/v7e-m+dp/hard/libc_nano.a(libc_a-assert.o)
 .ARM.attributes
                0x00000b9d       0x32 /usr/lib/gcc/arm-none-eabi/13.2.1/../../../arm-none-eabi/lib/thumb/v7e-m+dp/hard/libc_nano.a(libc_a-mprec.o)
 .ARM.attributes
                0x00000bcf       0x32 /usr/lib/gcc/arm-none-eabi/13.2.1/../../../arm-none-eabi/lib/thumb/v7e-m+dp/hard/libc_nano.a(libc_a-impure.o)
 .ARM.attributes
                0x00000c01       0x32 /usr/lib/gcc/arm-none-eabi/13.2.1/../../../arm-none-eabi/lib/thumb/v7e-m+dp/hard/libc_nano.a(libc_a-localeconv.o)
 .ARM.attributes
                0x00000c33       0x32 /usr/lib/gcc/arm-none-eabi/13.2.1/../../../arm-none-eabi/lib/thumb/v7e-m+dp/hard/libc_nano.a(libc_a-findfp.o)
 .ARM.attributes
                0x00000c65       0x32 /usr/lib/gcc/arm-none-eabi/13.2.1/../../../arm-none-eabi/lib/thumb/v7e-m+dp/hard/libc_nano.a(libc_a-abort.o)
 .ARM.attributes
                0x00000c97       0x32 /usr/lib/gcc/arm-none-eabi/13.2.1/../../../arm-none-eabi/lib/thumb/v7e-m+dp/hard/libc_nano.a(libc_a-fflush.o)
 .ARM.attributes
                0x00000cc9       0x32 /usr/lib/gcc/arm-none-eabi/13.2.1/../../../arm-none-eabi/lib/thumb/v7e-m+dp/hard/libc_nano.a(libc_a-callocr.o)
 .ARM.attributes
                0x00000cfb       0x32 /usr/lib/gcc/arm-none-eabi/13.2.1/../../../arm-none-eabi/lib/thumb/v7e-m+dp/hard/libc_nano.a(libc_a-locale.o)
 .ARM.attributes
                0x00000d2d       0x32 /usr/lib/gcc/arm-none-eabi/13.2.1/../../../arm-none-eabi/lib/thumb/v7e-m+dp/hard/libc_nano.a(libc_a-mallocr.o)
 .ARM.attributes
                0x00000d5f       0x32 /usr/lib/gcc/arm-none-eabi/13.2.1/../../../arm-none-eabi/lib/thumb/v7e-m+dp/hard/libc_nano.a(libc_a-freer.o)
 .ARM.attributes
                0x00000d91       0x32 /usr/lib/gcc/arm-none-eabi/13.2.1/../../../arm-none-eabi/lib/thumb/v7e-m+dp/hard/libc_nano.a(libc_a-fwalk.o)
 .ARM.attributes
                0x00000dc3       0x32 /usr/lib/gcc/arm-none-eabi/13.2.1/../../../arm-none-eabi/lib/thumb/v7e-m+dp/hard/libc_nano.a(libc_a-wctomb_r.o)
 .ARM.attributes
                0x00000df5       0x1c /usr/lib/gcc/arm-none-eabi/13.2.1/../../../arm-none-eabi/lib/thumb/v7e-m+dp/hard/libc_nano.a(libc_a-memchr.o)
 .ARM.attributes
                0x00000e11       0x32 /usr/lib/gcc/arm-none-eabi/13.2.1/../../../arm-none-eabi/lib/thumb/v7e-m+dp/hard/libc_nano.a(libc_a-fprintf.o)