Archive member included to satisfy reference by file (symbol)

/usr/lib/gcc/arm-none-eabi/13.2.1/../../../arm-none-eabi/lib/thumb/v7e-m+dp/hard/libm.a(libm_a-pow.o)
                              build/debug/MS5607.o (pow)
/usr/lib/gcc/arm-none-eabi/13.2.1/../../../arm-none-eabi/lib/thumb/v7e-m+dp/hard/libm.a(libm_a-exp_data.o)
                              /usr/lib/gcc/arm-none-eabi/13.2.1/../../../arm-none-eabi/lib/thumb/v7e-m+dp/hard/libm.a(libm_a-pow.o) (__exp_data)
/usr/lib/gcc/arm-none-eabi/13.2.1/../../../arm-none-eabi/lib/thumb/v7e-m+dp/hard/libm.a(libm_a-pow_log_data.o)
                              /usr/lib/gcc/arm-none-eabi/13.2.1/../../../arm-none-eabi/lib/thumb/v7e-m+dp/hard/libm.a(libm_a-pow.o) (__pow_log_data)
/usr/lib/gcc/arm-none-eabi/13.2.1/../../../arm-none-eabi/lib/thumb/v7e-m+dp/hard/libm.a(libm_a-math_err.o)
                              /usr/lib/gcc/arm-none-eabi/13.2.1/../../../arm-none-eabi/lib/thumb/v7e-m+dp/hard/libm.a(libm_a-pow.o) (__math_uflow)
/usr/lib/gcc/arm-none-eabi/13.2.1/../../../arm-none-eabi/lib/thumb/v7e-m+dp/hard/libc_nano.a(libc_a-sprintf.o)
                              build/debug/cpp_main.o (sprintf)
/usr/lib/gcc/arm-none-eabi/13.2.1/../../../arm-none-eabi/lib/thumb/v7e-m+dp/hard/libc_nano.a(libc_a-strcpy.o)
                              build/debug/abstract.o (strcpy)
/usr/lib/gcc/arm-none-eabi/13.2.1/../../../arm-none-eabi/lib/thumb/v7e-m+dp/hard/libc_nano.a(libc_a-impure.o)
                              /usr/lib/gcc/arm-none-eabi/13.2.1/../../../arm-none-eabi/lib/thumb/v7e-m+dp/hard/libc_nano.a(libc_a-sprintf.o) (_impure_ptr)
/usr/lib/gcc/arm-none-eabi/13.2.1/../../../arm-none-eabi/lib/thumb/v7e-m+dp/hard/libc_nano.a(libc_a-nano-svfprintf.o)
                              /usr/lib/gcc/arm-none-eabi/13.2.1/../../../arm-none-eabi/lib/thumb/v7e-m+dp/hard/libc_nano.a(libc_a-sprintf.o) (_svfprintf_r)
/usr/lib/gcc/arm-none-eabi/13.2.1/../../../arm-none-eabi/lib/thumb/v7e-m+dp/hard/libc_nano.a(libc_a-init.o)
                              /usr/lib/gcc/arm-none-eabi/13.2.1/../../../arm-none-eabi/lib/thumb/v7e-m+dp/hard/crt0.o (__libc_init_array)
/usr/lib/gcc/arm-none-eabi/13.2.1/../../../arm-none-eabi/lib/thumb/v7e-m+dp/hard/libc_nano.a(libc_a-strlen.o)
                              build/debug/abstract.o (strlen)
/usr/lib/gcc/arm-none-eabi/13.2.1/../../../arm-none-eabi/lib/thumb/v7e-m+dp/hard/libc_nano.a(libc_a-memset.o)
                              /usr/lib/gcc/arm-none-eabi/13.2.1/../../../arm-none-eabi/lib/thumb/v7e-m+dp/hard/crt0.o (memset)
/usr/lib/gcc/arm-none-eabi/13.2.1/../../../arm-none-eabi/lib/thumb/v7e-m+dp/hard/libc_nano.a(libc_a-errno.o)
                              build/debug/syscalls.o (__errno)
/usr/lib/gcc/arm-none-eabi/13.2.1/../../../arm-none-eabi/lib/thumb/v7e-m+dp/hard/libc_nano.a(libc_a-nano-vfprintf_float.o)
                              /usr/lib/gcc/arm-none-eabi/13.2.1/../../../arm-none-eabi/lib/thumb/v7e-m+dp/hard/libc_nano.a(libc_a-nano-svfprintf.o) (_printf_float)
/usr/lib/gcc/arm-none-eabi/13.2.1/../../../arm-none-eabi/lib/thumb/v7e-m+dp/hard/libc_nano.a(libc_a-mallocr.o)
                              /usr/lib/gcc/arm-none-eabi/13.2.1/../../../arm-none-eabi/lib/thumb/v7e-m+dp/hard/libc_nano.a(libc_a-nano-svfprintf.o) (_malloc_r)
/usr/lib/gcc/arm-none-eabi/13.2.1/../../../arm-none-eabi/lib/thumb/v7e-m+dp/hard/libc_nano.a(libc_a-dtoa.o)
                              /usr/lib/gcc/arm-none-eabi/13.2.1/../../../arm-none-eabi/lib/thumb/v7e-m+dp/hard/libc_nano.a(libc_a-nano-vfprintf_float.o) (_dtoa_r)
/usr/lib/gcc/arm-none-eabi/13.2.1/../../../arm-none-eabi/lib/thumb/v7e-m+dp/hard/libc_nano.a(libc_a-freer.o)
                              /usr/lib/gcc/arm-none-eabi/13.2.1/../../../arm-none-eabi/lib/thumb/v7e-m+dp/hard/libc_nano.a(libc_a-nano-svfprintf.o) (_free_r)
/usr/lib/gcc/arm-none-eabi/13.2.1/../../../arm-none-eabi/lib/thumb/v7e-m+dp/hard/libc_nano.a(libc_a-memmove.o)
                              /usr/lib/gcc/arm-none-eabi/13.2.1/../../../arm-none-eabi/lib/thumb/v7e-m+dp/hard/libc_nano.a(libc_a-nano-svfprintf.o) (memmove)
/usr/lib/gcc/arm-none-eabi/13.2.1/../../../arm-none-eabi/lib/thumb/v7e-m+dp/hard/libc_nano.a(libc_a-memchr.o)
                              /usr/lib/gcc/arm-none-eabi/13.2.1/../../../arm-none-eabi/lib/thumb/v7e-m+dp/hard/libc_nano.a(libc_a-nano-svfprintf.o) (memchr)
/usr/lib/gcc/arm-none-eabi/13.2.1/../../../arm-none-eabi/lib/thumb/v7e-m+dp/hard/libc_nano.a(libc_a-memcpy.o)
                              /usr/lib/gcc/arm-none-eabi/13.2.1/../../../arm-none-eabi/lib/thumb/v7e-m+dp/hard/libc_nano.a(libc_a-nano-svfprintf.o) (memcpy)
/usr/lib/gcc/arm-none-eabi/13.2.1/../../../arm-none-eabi/lib/thumb/v7e-m+dp/hard/libc_nano.a(libc_a-malloc.o)
                              /usr/lib/gcc/arm-none-eabi/13.2.1/../../../arm-none-eabi/lib/thumb/v7e-m+dp/hard/libc_nano.a(libc_a-dtoa.o) (malloc)
/usr/lib/gcc/arm-none-eabi/13.2.1/../../../arm-none-eabi/lib/thumb/v7e-m+dp/hard/libc_nano.a(libc_a-reallocr.o)
[...]
Memory Configuration

Name             Origin             Length             Attributes
DTCMRAM          0x20000000         0x00020000         xrw
RAM              0x24000000         0x00020000         xrw
RAM_D2           0x30000000         0x00008000         xrw
RAM_D3           0x38000000         0x00004000         xrw
ITCMRAM          0x00000000         0x00010000         xrw
FLASH            0x08000000         0x00100000         xr
*default*        0x00000000         0xffffffff

Linker script and memory map

LOAD /usr/lib/gcc/arm-none-eabi/13.2.1/thumb/v7e-m+dp/hard/crti.o
LOAD /usr/lib/gcc/arm-none-eabi/13.2.1/thumb/v7e-m+dp/hard/crtbegin.o
LOAD /usr/lib/gcc/arm-none-eabi/13.2.1/../../../arm-none-eabi/lib/thumb/v7e-m+dp/hard/crt0.o
LOAD build/debug/adc.o
LOAD build/debug/cordic.o
LOAD build/debug/fmac.o
LOAD build/debug/gpio.o
LOAD build/debug/i2c.o
LOAD build/debug/main.o
LOAD build/debug/memorymap.o
LOAD build/debug/spi.o
LOAD build/debug/stm32h7xx_hal.o
LOAD build/debug/stm32h7xx_hal_adc.o
LOAD build/debug/stm32h7xx_hal_adc_ex.o
LOAD build/debug/stm32h7xx_hal_cordic.o
LOAD build/debug/stm32h7xx_hal_cortex.o
LOAD build/debug/stm32h7xx_hal_dma.o
LOAD build/debug/stm32h7xx_hal_dma_ex.o
LOAD build/debug/stm32h7xx_hal_exti.o
LOAD build/debug/stm32h7xx_hal_flash.o
LOAD build/debug/stm32h7xx_hal_flash_ex.o
LOAD build/debug/stm32h7xx_hal_fmac.o
LOAD build/debug/stm32h7xx_hal_gpio.o
LOAD build/debug/stm32h7xx_hal_hsem.o
LOAD build/debug/stm32h7xx_hal_i2c.o
LOAD build/debug/stm32h7xx_hal_i2c_ex.o
LOAD build/debug/stm32h7xx_hal_mdma.o
LOAD build/debug/stm32h7xx_hal_msp.o
LOAD build/debug/stm32h7xx_hal_pcd.o
LOAD build/debug/stm32h7xx_hal_pcd_ex.o
LOAD build/debug/stm32h7xx_hal_pwr.o
LOAD build/debug/stm32h7xx_hal_pwr_ex.o
LOAD build/debug/stm32h7xx_hal_rcc.o
LOAD build/debug/stm32h7xx_hal_rcc_ex.o
LOAD build/debug/stm32h7xx_hal_spi.o
LOAD build/debug/stm32h7xx_hal_spi_ex.o
LOAD build/debug/stm32h7xx_hal_tim.o
LOAD build/debug/stm32h7xx_hal_tim_ex.o
LOAD build/debug/stm32h7xx_it.o
LOAD build/debug/stm32h7xx_ll_usb.o
LOAD build/debug/syscalls.o
LOAD build/debug/sysmem.o
LOAD build/debug/system_stm32h7xx.o
LOAD build/debug/tim.o
LOAD build/debug/usb_device.o
LOAD build/debug/usbd_cdc.o
LOAD build/debug/usbd_cdc_if.o
LOAD build/debug/usbd_conf.o
LOAD build/debug/usbd_core.o
LOAD build/debug/usbd_ctlreq.o
LOAD build/debug/usbd_desc.o
LOAD build/debug/usbd_ioreq.o
LOAD build/debug/ADXL375.o
LOAD build/debug/ICM42688.o
LOAD build/debug/MS5607.o
LOAD build/debug/abstract.o
LOAD build/debug/cpp_main.o
LOAD build/debug/startup_stm32h725xx.o
LOAD /usr/lib/gcc/arm-none-eabi/13.2.1/../../../arm-none-eabi/lib/thumb/v7e-m+dp/hard/libnosys.a
LOAD /usr/lib/gcc/arm-none-eabi/13.2.1/../../../arm-none-eabi/lib/thumb/v7e-m+dp/hard/libstdc++_nano.a
LOAD /usr/lib/gcc/arm-none-eabi/13.2.1/../../../arm-none-eabi/lib/thumb/v7e-m+dp/hard/libm.a
LOAD /usr/lib/gcc/arm-none-eabi/13.2.1/../../../arm-none-eabi/lib/thumb/v7e-m+dp/hard/libc_nano.a
START GROUP
LOAD /usr/lib/gcc/arm-none-eabi/13.2.1/thumb/v7e-m+dp/hard/libgcc.a
LOAD /usr/lib/gcc/arm-none-eabi/13.2.1/../../../arm-none-eabi/lib/thumb/v7e-m+dp/hard/libc_nano.a
END GROUP
START GROUP
LOAD /usr/lib/gcc/arm-none-eabi/13.2.1/thumb/v7e-m+dp/hard/libgcc.a
LOAD /usr/lib/gcc/arm-none-eabi/13.2.1/../../../arm-none-eabi/lib/thumb/v7e-m+dp/hard/libc_nano.a
END GROUP
LOAD /usr/lib/gcc/arm-none-eabi/13.2.1/thumb/v7e-m+dp/hard/crtend.o
LOAD /usr/lib/gcc/arm-none-eabi/13.2.1/thumb/v7e-m+dp/hard/crtn.o
                0x20020000                        _estack = (ORIGIN (DTCMRAM) + LENGTH (DTCMRAM))
                0x00000200                        _Min_Heap_Size = 0x200
                0x00000400                        _Min_Stack_Size = 0x400

.isr_vector     0x08000000      0x2cc
                0x08000000                        . = ALIGN (0x4)
 *(.isr_vector)
 .isr_vector    0x08000000      0x2cc build/debug/startup_stm32h725xx.o
                0x08000000                g_pfnVectors
                0x080002cc                        . = ALIGN (0x4)

.text           0x08000300     0xf3a4
                0x08000300                        . = ALIGN (0x4)
 *(.text)
 .text          0x08000300       0x88 /usr/lib/gcc/arm-none-eabi/13.2.1/thumb/v7e-m+dp/hard/crtbegin.o
 .text          0x08000388      0x198 build/debug/ADXL375.o
                0x08000388                ADXL375::ADXL375(__I2C_HandleTypeDef*, unsigned char, signed char*)
                0x08000388                ADXL375::ADXL375(__I2C_HandleTypeDef*, unsigned char, signed char*)
                0x080003b4                ADXL375::ReadReg(unsigned char, unsigned char*, unsigned char)
                0x080003d2                ADXL375::ReadAccel()
                0x08000464                ADXL375::WriteReg(unsigned char, unsigned char*)
                0x08000484                ADXL375::Init()
 .text          0x08000520      0x46c build/debug/ICM42688.o
                0x08000520                ICM42688::ICM42688(__I2C_HandleTypeDef*, float*, float*, unsigned char, unsigned char, unsigned char, unsigned char)
                0x08000520                ICM42688::ICM42688(__I2C_HandleTypeDef*, float*, float*, unsigned char, unsigned char, unsigned char, unsigned char)
                0x08000614                ICM42688::ReadRegs(unsigned char, unsigned char*, unsigned char)
                0x08000632                ICM42688::WriteReg(unsigned char, unsigned char*)
                0x08000652                ICM42688::selectBank(unsigned char)
                0x0800066a                ICM42688::ReadIMU()
                0x08000730                ICM42688::setFS_ODR()
                0x08000778                ICM42688::setAAF()
                0x0800080e                ICM42688::WriteRegs(unsigned char, unsigned char*, unsigned char)
                0x0800082c                ICM42688::setOfst()
                0x080008fc                ICM42688::Init()
 *fill*         0x0800098c        0x4 
 .text          0x08000990      0x274 build/debug/MS5607.o
                0x08000990                MS5607::MS5607(__I2C_HandleTypeDef*, unsigned char)
                0x08000990                MS5607::MS5607(__I2C_HandleTypeDef*, unsigned char)
                0x080009a2                MS5607::ReadRegs(unsigned char, unsigned char*, unsigned short)
                0x080009c0                MS5607::Init()
                0x08000a2a                MS5607::Convert()
                0x08000b14                MS5607::GetData()
 .text          0x08000c04       0xa8 build/debug/abstract.o
                0x08000c04                SerialPrint(unsigned char*)
                0x08000c16                SerialPrintln(unsigned char*)
                0x08000c64                i2cRead(unsigned char, unsigned char, unsigned char*, unsigned char)
                0x08000c88                i2cWrite(unsigned char, unsigned char, unsigned char*, unsigned char)
 .text          0x08000cac      0x150 build/debug/cpp_main.o
                0x08000cac                cpp_main
 *fill*         0x08000dfc        0x4 
 .text          0x08000e00      0x5d8 /usr/lib/gcc/arm-none-eabi/13.2.1/../../../arm-none-eabi/lib/thumb/v7e-m+dp/hard/libm.a(libm_a-pow.o)
                0x08000e00                pow
 .text          0x080013d8       0xf0 /usr/lib/gcc/arm-none-eabi/13.2.1/../../../arm-none-eabi/lib/thumb/v7e-m+dp/hard/libm.a(libm_a-math_err.o)
                0x08001414                __math_uflow
                0x08001428                __math_may_uflow
                0x08001438                __math_oflow
                0x08001448                __math_divzero
                0x08001478                __math_invalid
                0x08001494                __math_check_uflow
                0x080014a4                __math_check_oflow
 .text          0x080014c8       0x80 /usr/lib/gcc/arm-none-eabi/13.2.1/../../../arm-none-eabi/lib/thumb/v7e-m+dp/hard/libc_nano.a(libc_a-sprintf.o)
                0x080014c8                _siprintf_r
                0x080014c8                _sprintf_r
                0x08001504                sprintf
                0x08001504                siprintf
 .text          0x08001548       0xbc /usr/lib/gcc/arm-none-eabi/13.2.1/../../../arm-none-eabi/lib/thumb/v7e-m+dp/hard/libc_nano.a(libc_a-strcpy.o)
                0x08001548                strcpy
 .text          0x08001604      0x400 /usr/lib/gcc/arm-none-eabi/13.2.1/../../../arm-none-eabi/lib/thumb/v7e-m+dp/hard/libc_nano.a(libc_a-nano-svfprintf.o)
                0x08001604                __ssputs_r
                0x080016c4                __ssprint_r
                0x080017cc                _svfprintf_r
                0x080017cc                _svfiprintf_r
 .text          0x08001a04       0x50 /usr/lib/gcc/arm-none-eabi/13.2.1/../../../arm-none-eabi/lib/thumb/v7e-m+dp/hard/libc_nano.a(libc_a-init.o)
                0x08001a04                __libc_init_array
 *fill*         0x08001a54       0x2c 
 .text          0x08001a80       0xd8 /usr/lib/gcc/arm-none-eabi/13.2.1/../../../arm-none-eabi/lib/thumb/v7e-m+dp/hard/libc_nano.a(libc_a-strlen.o)
                0x08001a80                strlen
 .text          0x08001b58       0xa4 /usr/lib/gcc/arm-none-eabi/13.2.1/../../../arm-none-eabi/lib/thumb/v7e-m+dp/hard/libc_nano.a(libc_a-memset.o)
                0x08001b58                memset
 .text          0x08001bfc        0xc /usr/lib/gcc/arm-none-eabi/13.2.1/../../../arm-none-eabi/lib/thumb/v7e-m+dp/hard/libc_nano.a(libc_a-errno.o)
                0x08001bfc                __errno
 .text          0x08001c08      0x650 /usr/lib/gcc/arm-none-eabi/13.2.1/../../../arm-none-eabi/lib/thumb/v7e-m+dp/hard/libc_nano.a(libc_a-nano-vfprintf_float.o)
                0x08001c08                __cvt
                0x08001d00                __exponent
                0x08001d84                _printf_float
 .text          0x08002258      0x148 /usr/lib/gcc/arm-none-eabi/13.2.1/../../../arm-none-eabi/lib/thumb/v7e-m+dp/hard/libc_nano.a(libc_a-mallocr.o)
                0x080022a0                _malloc_r
 .text          0x080023a0      0xe00 /usr/lib/gcc/arm-none-eabi/13.2.1/../../../arm-none-eabi/lib/thumb/v7e-m+dp/hard/libc_nano.a(libc_a-dtoa.o)
                0x080024cc                _dtoa_r
 .text          0x080031a0       0xbc /usr/lib/gcc/arm-none-eabi/13.2.1/../../../arm-none-eabi/lib/thumb/v7e-m+dp/hard/libc_nano.a(libc_a-freer.o)
                0x080031a0                _free_r
 .text          0x0800325c      0x100 /usr/lib/gcc/arm-none-eabi/13.2.1/../../../arm-none-eabi/lib/thumb/v7e-m+dp/hard/libc_nano.a(libc_a-memmove.o)
                0x0800325c                memmove
 *fill*         0x0800335c        0x4 
 .text          0x08003360       0xa0 /usr/lib/gcc/arm-none-eabi/13.2.1/../../../arm-none-eabi/lib/thumb/v7e-m+dp/hard/libc_nano.a(libc_a-memchr.o)
                0x08003360                memchr
 .text          0x08003400      0x134 /usr/lib/gcc/arm-none-eabi/13.2.1/../../../arm-none-eabi/lib/thumb/v7e-m+dp/hard/libc_nano.a(libc_a-memcpy.o)
                0x08003400                memcpy
 .text          0x08003534       0x20 /usr/lib/gcc/arm-none-eabi/13.2.1/../../../arm-none-eabi/lib/thumb/v7e-m+dp/hard/libc_nano.a(libc_a-malloc.o)
                0x08003534                malloc
                0x08003544                free
 .text          0x08003554       0x64 /usr/lib/gcc/arm-none-eabi/13.2.1/../../../arm-none-eabi/lib/thumb/v7e-m+dp/hard/libc_nano.a(libc_a-reallocr.o)
                0x08003554                _realloc_r
 .text          0x080035b8      0x3a8 /usr/lib/gcc/arm-none-eabi/13.2.1/../../../arm-none-eabi/lib/thumb/v7e-m+dp/hard/libc_nano.a(libc_a-nano-vfprintf_i.o)
                0x080035b8                _printf_common
                0x080036dc                _printf_i
 .text          0x08003960        0x8 /usr/lib/gcc/arm-none-eabi/13.2.1/../../../arm-none-eabi/lib/thumb/v7e-m+dp/hard/libc_nano.a(libc_a-mlock.o)
                0x08003960                __malloc_lock
                0x08003964                __malloc_unlock
 .text          0x08003968       0x4c /usr/lib/gcc/arm-none-eabi/13.2.1/../../../arm-none-eabi/lib/thumb/v7e-m+dp/hard/libc_nano.a(libc_a-assert.o)
                0x08003968                __assert_func
                0x080039a8                __assert
 .text          0x080039b4      0xafc /usr/lib/gcc/arm-none-eabi/13.2.1/../../../arm-none-eabi/lib/thumb/v7e-m+dp/hard/libc_nano.a(libc_a-mprec.o)
                0x080039b4                _Balloc
                0x08003a34                _Bfree
                0x08003a7c                __multadd
                0x08003b18                __s2b
                0x08003bcc                __hi0bits
                0x08003c10                __lo0bits
                0x08003c70                __i2b
                0x08003c9c                __multiply
                0x08003e08                __pow5mult
                0x08003ee8                __lshift
                0x08003fd0                __mcmp
                0x08004014                __mdiff
                0x0800418c                __ulp
                0x080041f0                __b2d
                0x080042ac                __d2b
                0x0800436c                __ratio
                0x080043d0                _mprec_log10
                0x080043f8                __copybits
                0x08004454                __any_on
 .text          0x080044b0       0x24 /usr/lib/gcc/arm-none-eabi/13.2.1/../../../arm-none-eabi/lib/thumb/v7e-m+dp/hard/libc_nano.a(libc_a-sbrkr.o)
                0x080044b0                _sbrk_r
 .text          0x080044d4       0x10 /usr/lib/gcc/arm-none-eabi/13.2.1/../../../arm-none-eabi/lib/thumb/v7e-m+dp/hard/libc_nano.a(libc_a-msizer.o)
                0x080044d4                _malloc_usable_size_r
 .text          0x080044e4       0x14 /usr/lib/gcc/arm-none-eabi/13.2.1/../../../arm-none-eabi/lib/thumb/v7e-m+dp/hard/libc_nano.a(libc_a-localeconv.o)
                0x080044e4                __localeconv_l
                0x080044e8                _localeconv_r
                0x080044f0                localeconv
 .text          0x080044f8      0x224 /usr/lib/gcc/arm-none-eabi/13.2.1/../../../arm-none-eabi/lib/thumb/v7e-m+dp/hard/libc_nano.a(libc_a-findfp.o)
                0x08004628                __sfp
                0x080046cc                __sinit
                0x080046ec                __sfp_lock_acquire
                0x080046f0                __sfp_lock_release
                0x080046f4                __fp_lock_all
                0x08004708                __fp_unlock_all
 .text          0x0800471c       0x10 /usr/lib/gcc/arm-none-eabi/13.2.1/../../../arm-none-eabi/lib/thumb/v7e-m+dp/hard/libc_nano.a(libc_a-abort.o)
                0x0800471c                abort
 .text          0x0800472c      0x1a8 /usr/lib/gcc/arm-none-eabi/13.2.1/../../../arm-none-eabi/lib/thumb/v7e-m+dp/hard/libc_nano.a(libc_a-fflush.o)
                0x0800472c                __sflush_r
                0x08004850                _fflush_r
                0x08004888                fflush
 .text          0x080048d4       0x28 /usr/lib/gcc/arm-none-eabi/13.2.1/../../../arm-none-eabi/lib/thumb/v7e-m+dp/hard/libc_nano.a(libc_a-callocr.o)
                0x080048d4                _calloc_r
 .text          0x080048fc       0x44 /usr/lib/gcc/arm-none-eabi/13.2.1/../../../arm-none-eabi/lib/thumb/v7e-m+dp/hard/libc_nano.a(libc_a-fwalk.o)
                0x080048fc                _fwalk_sglue
 .text          0x08004940       0x30 /usr/lib/gcc/arm-none-eabi/13.2.1/../../../arm-none-eabi/lib/thumb/v7e-m+dp/hard/libc_nano.a(libc_a-wctomb_r.o)
                0x08004940                _wctomb_r
                0x08004954                __ascii_wctomb
 .text          0x08004970       0x44 /usr/lib/gcc/arm-none-eabi/13.2.1/../../../arm-none-eabi/lib/thumb/v7e-m+dp/hard/libc_nano.a(libc_a-fprintf.o)
                0x08004970                _fprintf_r
                0x08004970                _fiprintf_r
                0x0800498c                fprintf
                0x0800498c                fiprintf
 .text          0x080049b4      0x314 /usr/lib/gcc/arm-none-eabi/13.2.1/../../../arm-none-eabi/lib/thumb/v7e-m+dp/hard/libc_nano.a(libc_a-nano-vfprintf.o)
                0x080049f0                __sfputs_r
                0x08004a20                __sprint_r
                0x08004a40                _vfiprintf_r
                0x08004a40                _vfprintf_r
                0x08004cac                vfiprintf
                0x08004cac                vfprintf
 .text          0x08004cc8       0xa0 /usr/lib/gcc/arm-none-eabi/13.2.1/../../../arm-none-eabi/lib/thumb/v7e-m+dp/hard/libc_nano.a(libc_a-wbuf.o)
                0x08004cc8                __swbuf_r
                0x08004d50                __swbuf
 .text          0x08004d68       0x94 /usr/lib/gcc/arm-none-eabi/13.2.1/../../../arm-none-eabi/lib/thumb/v7e-m+dp/hard/libc_nano.a(libc_a-stdio.o)
                0x08004d68                __sread
                0x08004d8c                __seofread
                0x08004d90                __swrite
                0x08004dd0                __sseek
                0x08004df4                __sclose
 .text          0x08004dfc      0x300 /usr/lib/gcc/arm-none-eabi/13.2.1/../../../arm-none-eabi/lib/thumb/v7e-m+dp/hard/libc_nano.a(libc_a-fvwrite.o)
                0x08004dfc                __sfvwrite_r
 .text          0x080050fc       0x40 /usr/lib/gcc/arm-none-eabi/13.2.1/../../../arm-none-eabi/lib/thumb/v7e-m+dp/hard/libc_nano.a(libc_a-mbtowc_r.o)
                0x080050fc                _mbtowc_r
                0x08005110                __ascii_mbtowc
 .text          0x0800513c      0x260 /usr/lib/gcc/arm-none-eabi/13.2.1/../../../arm-none-eabi/lib/thumb/v7e-m+dp/hard/libc_nano.a(libc_a-signal.o)
                0x0800513c                _init_signal_r
                0x08005168                _signal_r
                0x080051b4                _raise_r
                0x08005204                __sigtramp_r
                0x08005264                raise
                0x080052b8                signal
                0x08005304                _init_signal
                0x08005338                __sigtramp
 .text          0x0800539c       0x24 /usr/lib/gcc/arm-none-eabi/13.2.1/../../../arm-none-eabi/lib/thumb/v7e-m+dp/hard/libc_nano.a(libc_a-closer.o)
                0x0800539c                _close_r
 .text          0x080053c0       0xc4 /usr/lib/gcc/arm-none-eabi/13.2.1/../../../arm-none-eabi/lib/thumb/v7e-m+dp/hard/libc_nano.a(libc_a-wsetup.o)
                0x080053c0                __swsetup_r
 .text          0x08005484       0x2c /usr/lib/gcc/arm-none-eabi/13.2.1/../../../arm-none-eabi/lib/thumb/v7e-m+dp/hard/libc_nano.a(libc_a-readr.o)
                0x08005484                _read_r
 .text          0x080054b0      0x114 /usr/lib/gcc/arm-none-eabi/13.2.1/../../../arm-none-eabi/lib/thumb/v7e-m+dp/hard/libc_nano.a(libc_a-makebuf.o)
                0x080054b0                __smakebuf_r
                0x08005574                __swhatbuf_r
 .text          0x080055c4       0x2c /usr/lib/gcc/arm-none-eabi/13.2.1/../../../arm-none-eabi/lib/thumb/v7e-m+dp/hard/libc_nano.a(libc_a-lseekr.o)
                0x080055c4                _lseek_r
 .text          0x080055f0       0x2c /usr/lib/gcc/arm-none-eabi/13.2.1/../../../arm-none-eabi/lib/thumb/v7e-m+dp/hard/libc_nano.a(libc_a-writer.o)
                0x080055f0                _write_r
 .text          0x0800561c       0x24 /usr/lib/gcc/arm-none-eabi/13.2.1/../../../arm-none-eabi/lib/thumb/v7e-m+dp/hard/libc_nano.a(libc_a-isattyr.o)
                0x0800561c                _isatty_r
 .text          0x08005640       0x30 /usr/lib/gcc/arm-none-eabi/13.2.1/../../../arm-none-eabi/lib/thumb/v7e-m+dp/hard/libc_nano.a(libc_a-signalr.o)
                0x08005640                _kill_r
                0x0800566c                _getpid_r
 .text          0x08005670       0x2c /usr/lib/gcc/arm-none-eabi/13.2.1/../../../arm-none-eabi/lib/thumb/v7e-m+dp/hard/libc_nano.a(libc_a-fstatr.o)
                0x08005670                _fstat_r
 *(.text*)
 .text.MX_ADC1_Init
                0x0800569c       0xa0 build/debug/adc.o
                0x0800569c                MX_ADC1_Init
 .text.HAL_ADC_MspInit
                0x0800573c      0x100 build/debug/adc.o
                0x0800573c                HAL_ADC_MspInit
 .text.MX_CORDIC_Init
                0x0800583c       0x20 build/debug/cordic.o
                0x0800583c                MX_CORDIC_Init
 .text.HAL_CORDIC_MspInit
                0x0800585c       0x30 build/debug/cordic.o
                0x0800585c                HAL_CORDIC_MspInit
 .text.MX_FMAC_Init
                0x0800588c       0x20 build/debug/fmac.o
                0x0800588c                MX_FMAC_Init
 .text.HAL_FMAC_MspInit
                0x080058ac       0x34 build/debug/fmac.o
                0x080058ac                HAL_FMAC_MspInit
 .text.MX_GPIO_Init
                0x080058e0      0x1a8 build/debug/gpio.o
                0x080058e0                MX_GPIO_Init
 .text.MX_I2C3_Init
                0x08005a88       0x58 build/debug/i2c.o
                0x08005a88                MX_I2C3_Init
 .text.HAL_I2C_MspInit
                0x08005ae0       0xa8 build/debug/i2c.o
                0x08005ae0                HAL_I2C_MspInit
 .text.Error_Handler
                0x08005b88        0x4 build/debug/main.o
                0x08005b88                Error_Handler
 .text.SystemClock_Config
                0x08005b8c       0xa8 build/debug/main.o
                0x08005b8c                SystemClock_Config
 .text.PeriphCommonClock_Config
                0x08005c34       0x4c build/debug/main.o
                0x08005c34                PeriphCommonClock_Config
 .text.main     0x08005c80       0x3c build/debug/main.o
                0x08005c80                main
 .text.assert_failed
                0x08005cbc        0x2 build/debug/main.o
                0x08005cbc                assert_failed
 *fill*         0x08005cbe        0x2 
 .text.MX_SPI1_Init
                0x08005cc0       0x58 build/debug/spi.o
                0x08005cc0                MX_SPI1_Init
 .text.MX_SPI2_Init
                0x08005d18       0x58 build/debug/spi.o
                0x08005d18                MX_SPI2_Init
 .text.HAL_SPI_MspInit
                0x08005d70       0xc8 build/debug/spi.o
                0x08005d70                HAL_SPI_MspInit
 .text.HAL_InitTick
                0x08005e38       0x50 build/debug/stm32h7xx_hal.o
                0x08005e38                HAL_InitTick
 .text.HAL_Init
                0x08005e88       0x5c build/debug/stm32h7xx_hal.o
                0x08005e88                HAL_Init
 .text.HAL_IncTick
                0x08005ee4       0x18 build/debug/stm32h7xx_hal.o
                0x08005ee4                HAL_IncTick
 .text.HAL_GetTick
                0x08005efc        0xc build/debug/stm32h7xx_hal.o
                0x08005efc                HAL_GetTick
 .text.HAL_Delay
                0x08005f08       0x28 build/debug/stm32h7xx_hal.o
                0x08005f08                HAL_Delay
 .text.HAL_SYSCFG_AnalogSwitchConfig
                0x08005f30       0x30 build/debug/stm32h7xx_hal.o
                0x08005f30                HAL_SYSCFG_AnalogSwitchConfig
 .text.LL_ADC_SetOffset
                0x08005f60       0x40 build/debug/stm32h7xx_hal_adc.o
 .text.LL_ADC_SetOffsetState
                0x08005fa0       0x30 build/debug/stm32h7xx_hal_adc.o
 .text.LL_ADC_REG_SetSequencerRanks
                0x08005fd0       0x30 build/debug/stm32h7xx_hal_adc.o
 .text.LL_ADC_SetChannelSamplingTime
                0x08006000       0x2c build/debug/stm32h7xx_hal_adc.o
 .text.LL_ADC_SetChannelSingleDiff
                0x0800602c       0x58 build/debug/stm32h7xx_hal_adc.o
 .text.LL_ADC_SetChannelPreselection
                0x08006084       0x38 build/debug/stm32h7xx_hal_adc.o
 .text.HAL_ADC_ConfigChannel
                0x080060bc      0xac0 build/debug/stm32h7xx_hal_adc.o
                0x080060bc                HAL_ADC_ConfigChannel
 .text.ADC_ConfigureBoostMode
                0x08006b7c      0x130 build/debug/stm32h7xx_hal_adc.o
                0x08006b7c                ADC_ConfigureBoostMode
 .text.HAL_ADC_Init
                0x08006cac      0x648 build/debug/stm32h7xx_hal_adc.o
                0x08006cac                HAL_ADC_Init
 .text.HAL_ADCEx_MultiModeConfigChannel
                0x080072f4      0x1e4 build/debug/stm32h7xx_hal_adc_ex.o
                0x080072f4                HAL_ADCEx_MultiModeConfigChannel
 .text.HAL_CORDIC_Init
                0x080074d8       0x4c build/debug/stm32h7xx_hal_cordic.o
                0x080074d8                HAL_CORDIC_Init
 .text.__NVIC_EnableIRQ
                0x08007524       0x1c build/debug/stm32h7xx_hal_cortex.o
 .text.__NVIC_SetPriority
                0x08007540       0x24 build/debug/stm32h7xx_hal_cortex.o
 .text.NVIC_EncodePriority
                0x08007564       0x3e build/debug/stm32h7xx_hal_cortex.o
 *fill*         0x080075a2        0x2 
 .text.HAL_NVIC_SetPriorityGrouping
                0x080075a4       0x3c build/debug/stm32h7xx_hal_cortex.o
                0x080075a4                HAL_NVIC_SetPriorityGrouping
 .text.HAL_NVIC_SetPriority
                0x080075e0       0x48 build/debug/stm32h7xx_hal_cortex.o
                0x080075e0                HAL_NVIC_SetPriority
 .text.HAL_NVIC_EnableIRQ
                0x08007628       0x1c build/debug/stm32h7xx_hal_cortex.o
                0x08007628                HAL_NVIC_EnableIRQ
 .text.HAL_SYSTICK_Config
                0x08007644       0x28 build/debug/stm32h7xx_hal_cortex.o
                0x08007644                HAL_SYSTICK_Config
 .text.FMAC_ResetInputStateAndDataPointers
                0x0800766c       0x10 build/debug/stm32h7xx_hal_fmac.o
 .text.FMAC_ResetOutputStateAndDataPointers
                0x0800767c       0x10 build/debug/stm32h7xx_hal_fmac.o
 .text.FMAC_ResetDataPointers
                0x0800768c       0x10 build/debug/stm32h7xx_hal_fmac.o
 .text.FMAC_Reset
                0x0800769c       0x3c build/debug/stm32h7xx_hal_fmac.o
 .text.HAL_FMAC_Init
                0x080076d8       0x6c build/debug/stm32h7xx_hal_fmac.o
                0x080076d8                HAL_FMAC_Init
 .text.HAL_GPIO_Init
                0x08007744      0x37c build/debug/stm32h7xx_hal_gpio.o
                0x08007744                HAL_GPIO_Init
 .text.HAL_GPIO_WritePin
                0x08007ac0       0x38 build/debug/stm32h7xx_hal_gpio.o
                0x08007ac0                HAL_GPIO_WritePin
 .text.I2C_Flush_TXDR
                0x08007af8       0x22 build/debug/stm32h7xx_hal_i2c.o
 *fill*         0x08007b1a        0x2 
 .text.I2C_TransferConfig
                0x08007b1c       0xd0 build/debug/stm32h7xx_hal_i2c.o
 .text.I2C_IsErrorOccurred
                0x08007bec      0x118 build/debug/stm32h7xx_hal_i2c.o
 .text.I2C_WaitOnTXISFlagUntilTimeout
                0x08007d04       0x60 build/debug/stm32h7xx_hal_i2c.o
 .text.I2C_WaitOnFlagUntilTimeout
                0x08007d64       0x7c build/debug/stm32h7xx_hal_i2c.o
 .text.I2C_RequestMemoryWrite
                0x08007de0       0x7c build/debug/stm32h7xx_hal_i2c.o
 .text.I2C_RequestMemoryRead
                0x08007e5c       0x78 build/debug/stm32h7xx_hal_i2c.o
 .text.I2C_WaitOnSTOPFlagUntilTimeout
                0x08007ed4       0x5e build/debug/stm32h7xx_hal_i2c.o
 *fill*         0x08007f32        0x2 
 .text.HAL_I2C_Init
                0x08007f34      0x1a0 build/debug/stm32h7xx_hal_i2c.o
                0x08007f34                HAL_I2C_Init
 .text.HAL_I2C_Master_Transmit
                0x080080d4      0x1a4 build/debug/stm32h7xx_hal_i2c.o
                0x080080d4                HAL_I2C_Master_Transmit
 .text.HAL_I2C_Mem_Write
                0x08008278      0x1c4 build/debug/stm32h7xx_hal_i2c.o
                0x08008278                HAL_I2C_Mem_Write
 .text.HAL_I2C_Mem_Read
                0x0800843c      0x1c8 build/debug/stm32h7xx_hal_i2c.o
                0x0800843c                HAL_I2C_Mem_Read
 .text.HAL_I2CEx_ConfigAnalogFilter
                0x08008604       0xb4 build/debug/stm32h7xx_hal_i2c_ex.o
                0x08008604                HAL_I2CEx_ConfigAnalogFilter
 .text.HAL_I2CEx_ConfigDigitalFilter
                0x080086b8       0xa8 build/debug/stm32h7xx_hal_i2c_ex.o
                0x080086b8                HAL_I2CEx_ConfigDigitalFilter
 .text.HAL_MspInit
                0x08008760       0x24 build/debug/stm32h7xx_hal_msp.o
                0x08008760                HAL_MspInit
 .text.PCD_WriteEmptyTxFifo
                0x08008784       0xd0 build/debug/stm32h7xx_hal_pcd.o
 .text.HAL_PCD_Init
                0x08008854      0x120 build/debug/stm32h7xx_hal_pcd.o
                0x08008854                HAL_PCD_Init
 .text.HAL_PCD_Start
                0x08008974       0x44 build/debug/stm32h7xx_hal_pcd.o
                0x08008974                HAL_PCD_Start
 .text.PCD_EP_OutXfrComplete_int
                0x080089b8      0x104 build/debug/stm32h7xx_hal_pcd.o
 .text.PCD_EP_OutSetupPacket_int
                0x08008abc       0x50 build/debug/stm32h7xx_hal_pcd.o
 .text.HAL_PCD_SetAddress
                0x08008b0c       0x26 build/debug/stm32h7xx_hal_pcd.o
                0x08008b0c                HAL_PCD_SetAddress
 .text.HAL_PCD_EP_Open
                0x08008b32       0x8c build/debug/stm32h7xx_hal_pcd.o
                0x08008b32                HAL_PCD_EP_Open
 .text.HAL_PCD_EP_Close
                0x08008bbe       0x70 build/debug/stm32h7xx_hal_pcd.o
                0x08008bbe                HAL_PCD_EP_Close
 .text.HAL_PCD_EP_Receive
                0x08008c2e       0x4a build/debug/stm32h7xx_hal_pcd.o
                0x08008c2e                HAL_PCD_EP_Receive
 .text.HAL_PCD_EP_GetRxCount
                0x08008c78       0x12 build/debug/stm32h7xx_hal_pcd.o
                0x08008c78                HAL_PCD_EP_GetRxCount
 .text.HAL_PCD_EP_Transmit
                0x08008c8a       0x4a build/debug/stm32h7xx_hal_pcd.o
                0x08008c8a                HAL_PCD_EP_Transmit
 .text.HAL_PCD_EP_SetStall
                0x08008cd4       0x86 build/debug/stm32h7xx_hal_pcd.o
                0x08008cd4                HAL_PCD_EP_SetStall
 .text.HAL_PCD_EP_ClrStall
                0x08008d5a       0x74 build/debug/stm32h7xx_hal_pcd.o
                0x08008d5a                HAL_PCD_EP_ClrStall
 .text.HAL_PCD_EP_Abort
                0x08008dce       0x34 build/debug/stm32h7xx_hal_pcd.o
                0x08008dce                HAL_PCD_EP_Abort
 .text.HAL_PCD_IRQHandler
                0x08008e02      0x600 build/debug/stm32h7xx_hal_pcd.o
                0x08008e02                HAL_PCD_IRQHandler
 .text.HAL_PCDEx_SetTxFiFo
                0x08009402       0x4c build/debug/stm32h7xx_hal_pcd_ex.o
                0x08009402                HAL_PCDEx_SetTxFiFo
 .text.HAL_PCDEx_SetRxFiFo
                0x0800944e        0x8 build/debug/stm32h7xx_hal_pcd_ex.o
                0x0800944e                HAL_PCDEx_SetRxFiFo
 *fill*         0x08009456        0x2 
 .text.HAL_PCDEx_ActivateLPM
                0x08009458       0x28 build/debug/stm32h7xx_hal_pcd_ex.o
                0x08009458                HAL_PCDEx_ActivateLPM
 .text.HAL_PCDEx_LPM_Callback
                0x08009480        0x2 build/debug/stm32h7xx_hal_pcd_ex.o
                0x08009480                HAL_PCDEx_LPM_Callback
 *fill*         0x08009482        0x2 
 .text.HAL_PWREx_ConfigSupply
                0x08009484       0xdc build/debug/stm32h7xx_hal_pwr_ex.o
                0x08009484                HAL_PWREx_ConfigSupply
 .text.HAL_PWREx_EnableUSBVoltageDetector
                0x08009560       0x10 build/debug/stm32h7xx_hal_pwr_ex.o
                0x08009560                HAL_PWREx_EnableUSBVoltageDetector
 .text.HAL_RCC_OscConfig
                0x08009570      0x7a4 build/debug/stm32h7xx_hal_rcc.o
                0x08009570                HAL_RCC_OscConfig
 .text.HAL_RCC_GetSysClockFreq
                0x08009d14      0x1f8 build/debug/stm32h7xx_hal_rcc.o
                0x08009d14                HAL_RCC_GetSysClockFreq
 .text.HAL_RCC_ClockConfig
                0x08009f0c      0x488 build/debug/stm32h7xx_hal_rcc.o
                0x08009f0c                HAL_RCC_ClockConfig
 .text.HAL_RCC_GetHCLKFreq
                0x0800a394       0x44 build/debug/stm32h7xx_hal_rcc.o
                0x0800a394                HAL_RCC_GetHCLKFreq
 .text.HAL_RCC_GetPCLK1Freq
                0x0800a3d8       0x24 build/debug/stm32h7xx_hal_rcc.o
                0x0800a3d8                HAL_RCC_GetPCLK1Freq
 .text.RCCEx_PLL2_Config
                0x0800a3fc      0x1bc build/debug/stm32h7xx_hal_rcc_ex.o
 .text.RCCEx_PLL3_Config
                0x0800a5b8      0x1c4 build/debug/stm32h7xx_hal_rcc_ex.o
 .text.HAL_RCCEx_PeriphCLKConfig
                0x0800a77c      0xd10 build/debug/stm32h7xx_hal_rcc_ex.o
                0x0800a77c                HAL_RCCEx_PeriphCLKConfig
 .text.HAL_RCCEx_GetD3PCLK1Freq
                0x0800b48c       0x24 build/debug/stm32h7xx_hal_rcc_ex.o
                0x0800b48c                HAL_RCCEx_GetD3PCLK1Freq
 .text.HAL_RCCEx_GetPLL2ClockFreq
                0x0800b4b0      0x200 build/debug/stm32h7xx_hal_rcc_ex.o
                0x0800b4b0                HAL_RCCEx_GetPLL2ClockFreq
 .text.HAL_RCCEx_GetPLL3ClockFreq
                0x0800b6b0      0x200 build/debug/stm32h7xx_hal_rcc_ex.o
                0x0800b6b0                HAL_RCCEx_GetPLL3ClockFreq
 .text.HAL_RCCEx_GetPLL1ClockFreq
                0x0800b8b0      0x200 build/debug/stm32h7xx_hal_rcc_ex.o
                0x0800b8b0                HAL_RCCEx_GetPLL1ClockFreq
 .text.HAL_RCCEx_GetPeriphCLKFreq
                0x0800bab0      0x608 build/debug/stm32h7xx_hal_rcc_ex.o
                0x0800bab0                HAL_RCCEx_GetPeriphCLKFreq
 .text.SPI_GetPacketSize
                0x0800c0b8       0x10 build/debug/stm32h7xx_hal_spi.o
 .text.HAL_SPI_Init
                0x0800c0c8      0x368 build/debug/stm32h7xx_hal_spi.o
                0x0800c0c8                HAL_SPI_Init
 .text.TIM_OC5_SetConfig
                0x0800c430       0x74 build/debug/stm32h7xx_hal_tim.o
 .text.TIM_OC6_SetConfig
                0x0800c4a4       0x74 build/debug/stm32h7xx_hal_tim.o
 .text.TIM_OC1_SetConfig
                0x0800c518      0x104 build/debug/stm32h7xx_hal_tim.o
 .text.TIM_OC3_SetConfig
                0x0800c61c       0xf0 build/debug/stm32h7xx_hal_tim.o
 .text.TIM_OC4_SetConfig
                0x0800c70c       0x9c build/debug/stm32h7xx_hal_tim.o
 .text.TIM_Base_SetConfig
                0x0800c7a8      0x120 build/debug/stm32h7xx_hal_tim.o
                0x0800c7a8                TIM_Base_SetConfig
 .text.HAL_TIM_PWM_Init
                0x0800c8c8      0x198 build/debug/stm32h7xx_hal_tim.o
                0x0800c8c8                HAL_TIM_PWM_Init
 .text.TIM_OC2_SetConfig
                0x0800ca60       0xf0 build/debug/stm32h7xx_hal_tim.o
                0x0800ca60                TIM_OC2_SetConfig
 .text.HAL_TIM_PWM_ConfigChannel
                0x0800cb50      0x39c build/debug/stm32h7xx_hal_tim.o
                0x0800cb50                HAL_TIM_PWM_ConfigChannel
 .text.HAL_TIMEx_MasterConfigSynchronization
                0x0800ceec      0x1d4 build/debug/stm32h7xx_hal_tim_ex.o
                0x0800ceec                HAL_TIMEx_MasterConfigSynchronization
 .text.NMI_Handler
                0x0800d0c0        0x2 build/debug/stm32h7xx_it.o
                0x0800d0c0                NMI_Handler
 .text.HardFault_Handler
                0x0800d0c2        0x2 build/debug/stm32h7xx_it.o
                0x0800d0c2                HardFault_Handler
 .text.MemManage_Handler
                0x0800d0c4        0x2 build/debug/stm32h7xx_it.o
                0x0800d0c4                MemManage_Handler
 .text.BusFault_Handler
                0x0800d0c6        0x2 build/debug/stm32h7xx_it.o
                0x0800d0c6                BusFault_Handler
 .text.UsageFault_Handler
                0x0800d0c8        0x2 build/debug/stm32h7xx_it.o
                0x0800d0c8                UsageFault_Handler
 .text.SVC_Handler
                0x0800d0ca        0x2 build/debug/stm32h7xx_it.o
                0x0800d0ca                SVC_Handler
 .text.DebugMon_Handler
                0x0800d0cc        0x2 build/debug/stm32h7xx_it.o
                0x0800d0cc                DebugMon_Handler
 .text.PendSV_Handler
                0x0800d0ce        0x2 build/debug/stm32h7xx_it.o
                0x0800d0ce                PendSV_Handler
 .text.SysTick_Handler
                0x0800d0d0        0x8 build/debug/stm32h7xx_it.o
                0x0800d0d0                SysTick_Handler
 .text.OTG_HS_EP1_OUT_IRQHandler
                0x0800d0d8       0x10 build/debug/stm32h7xx_it.o
                0x0800d0d8                OTG_HS_EP1_OUT_IRQHandler
 .text.OTG_HS_EP1_IN_IRQHandler
                0x0800d0e8       0x10 build/debug/stm32h7xx_it.o
                0x0800d0e8                OTG_HS_EP1_IN_IRQHandler
 .text.OTG_HS_IRQHandler
                0x0800d0f8       0x10 build/debug/stm32h7xx_it.o
                0x0800d0f8                OTG_HS_IRQHandler
 .text.USB_CoreReset
                0x0800d108       0x4a build/debug/stm32h7xx_ll_usb.o
 *fill*         0x0800d152        0x2 
 .text.USB_CoreInit
                0x0800d154       0xa4 build/debug/stm32h7xx_ll_usb.o
                0x0800d154                USB_CoreInit
 .text.USB_SetTurnaroundTime
                0x0800d1f8       0xe4 build/debug/stm32h7xx_ll_usb.o
                0x0800d1f8                USB_SetTurnaroundTime
 .text.USB_EnableGlobalInt
                0x0800d2dc        0xc build/debug/stm32h7xx_ll_usb.o
                0x0800d2dc                USB_EnableGlobalInt
 .text.USB_DisableGlobalInt
                0x0800d2e8        0xc build/debug/stm32h7xx_ll_usb.o
                0x0800d2e8                USB_DisableGlobalInt
 .text.USB_FlushTxFifo
                0x0800d2f4       0x4a build/debug/stm32h7xx_ll_usb.o
                0x0800d2f4                USB_FlushTxFifo
 .text.USB_FlushRxFifo
                0x0800d33e       0x46 build/debug/stm32h7xx_ll_usb.o
                0x0800d33e                USB_FlushRxFifo
 .text.USB_SetDevSpeed
                0x0800d384        0xe build/debug/stm32h7xx_ll_usb.o
                0x0800d384                USB_SetDevSpeed
 *fill*         0x0800d392        0x2 
 .text.USB_DevInit
                0x0800d394      0x18c build/debug/stm32h7xx_ll_usb.o
                0x0800d394                USB_DevInit
 .text.USB_GetDevSpeed
                0x0800d520       0x22 build/debug/stm32h7xx_ll_usb.o
                0x0800d520                USB_GetDevSpeed
 *fill*         0x0800d542        0x2 
 .text.USB_ActivateEndpoint
                0x0800d544       0x98 build/debug/stm32h7xx_ll_usb.o
                0x0800d544                USB_ActivateEndpoint
 .text.USB_DeactivateEndpoint
                0x0800d5dc       0xe0 build/debug/stm32h7xx_ll_usb.o
                0x0800d5dc                USB_DeactivateEndpoint
 .text.USB_EPStopXfer
                0x0800d6bc       0xbe build/debug/stm32h7xx_ll_usb.o
                0x0800d6bc                USB_EPStopXfer
 .text.USB_WritePacket
                0x0800d77a       0x2e build/debug/stm32h7xx_ll_usb.o
                0x0800d77a                USB_WritePacket
 .text.USB_EPStartXfer
                0x0800d7a8      0x244 build/debug/stm32h7xx_ll_usb.o
                0x0800d7a8                USB_EPStartXfer
 .text.USB_ReadPacket
                0x0800d9ec       0x46 build/debug/stm32h7xx_ll_usb.o
                0x0800d9ec                USB_ReadPacket
 .text.USB_EPSetStall
                0x0800da32       0x5a build/debug/stm32h7xx_ll_usb.o
                0x0800da32                USB_EPSetStall
 .text.USB_EPClearStall
                0x0800da8c       0x5c build/debug/stm32h7xx_ll_usb.o
                0x0800da8c                USB_EPClearStall
 .text.USB_SetDevAddress
                0x0800dae8       0x20 build/debug/stm32h7xx_ll_usb.o
                0x0800dae8                USB_SetDevAddress
 .text.USB_DevConnect
                0x0800db08       0x1c build/debug/stm32h7xx_ll_usb.o
                0x0800db08                USB_DevConnect
 .text.USB_DevDisconnect
                0x0800db24       0x1c build/debug/stm32h7xx_ll_usb.o
                0x0800db24                USB_DevDisconnect
 .text.USB_ReadInterrupts
                0x0800db40        0x8 build/debug/stm32h7xx_ll_usb.o
                0x0800db40                USB_ReadInterrupts
 .text.USB_ReadDevAllOutEpInterrupt
                0x0800db48       0x10 build/debug/stm32h7xx_ll_usb.o
                0x0800db48                USB_ReadDevAllOutEpInterrupt
 .text.USB_ReadDevAllInEpInterrupt
                0x0800db58       0x10 build/debug/stm32h7xx_ll_usb.o
                0x0800db58                USB_ReadDevAllInEpInterrupt
 .text.USB_ReadDevOutEPInterrupt
                0x0800db68       0x12 build/debug/stm32h7xx_ll_usb.o
                0x0800db68                USB_ReadDevOutEPInterrupt
 .text.USB_ReadDevInEPInterrupt
                0x0800db7a       0x24 build/debug/stm32h7xx_ll_usb.o
                0x0800db7a                USB_ReadDevInEPInterrupt
 .text.USB_GetMode
                0x0800db9e        0x8 build/debug/stm32h7xx_ll_usb.o
                0x0800db9e                USB_GetMode
 .text.USB_SetCurrentMode
                0x0800dba6       0x62 build/debug/stm32h7xx_ll_usb.o
                0x0800dba6                USB_SetCurrentMode
 .text.USB_ActivateSetup
                0x0800dc08       0x1c build/debug/stm32h7xx_ll_usb.o
                0x0800dc08                USB_ActivateSetup
 .text.USB_EP0_OutStart
                0x0800dc24       0x60 build/debug/stm32h7xx_ll_usb.o
                0x0800dc24                USB_EP0_OutStart
 .text._getpid  0x0800dc84        0x4 build/debug/syscalls.o
                0x0800dc84                _getpid
 .text._kill    0x0800dc88       0x10 build/debug/syscalls.o
                0x0800dc88                _kill
 .text._exit    0x0800dc98        0xc build/debug/syscalls.o
                0x0800dc98                _exit
 .text._read    0x0800dca4       0x20 build/debug/syscalls.o
                0x0800dca4                _read
 .text._write   0x0800dcc4       0x1c build/debug/syscalls.o
                0x0800dcc4                _write
 .text._close   0x0800dce0        0x6 build/debug/syscalls.o
                0x0800dce0                _close
 .text._fstat   0x0800dce6        0xa build/debug/syscalls.o
                0x0800dce6                _fstat
 .text._isatty  0x0800dcf0        0x4 build/debug/syscalls.o
                0x0800dcf0                _isatty
 .text._lseek   0x0800dcf4        0x4 build/debug/syscalls.o
                0x0800dcf4                _lseek
 .text._sbrk    0x0800dcf8       0x48 build/debug/sysmem.o
                0x0800dcf8                _sbrk
 .text.SystemInit
                0x0800dd40       0xd0 build/debug/system_stm32h7xx.o
                0x0800dd40                SystemInit
 .text.ExitRun0Mode
                0x0800de10       0x1c build/debug/system_stm32h7xx.o
                0x0800de10                ExitRun0Mode
 .text.HAL_TIM_PWM_MspInit
                0x0800de2c       0x54 build/debug/tim.o
                0x0800de2c                HAL_TIM_PWM_MspInit
 .text.HAL_TIM_MspPostInit
                0x0800de80       0x98 build/debug/tim.o
                0x0800de80                HAL_TIM_MspPostInit
 .text.MX_TIM2_Init
                0x0800df18       0x80 build/debug/tim.o
                0x0800df18                MX_TIM2_Init
 .text.MX_TIM4_Init
                0x0800df98       0xb8 build/debug/tim.o
                0x0800df98                MX_TIM4_Init
 .text.MX_USB_DEVICE_Init
                0x0800e050       0x58 build/debug/usb_device.o
                0x0800e050                MX_USB_DEVICE_Init
 .text.USBD_CDC_EP0_RxReady
                0x0800e0a8       0x40 build/debug/usbd_cdc.o
 .text.USBD_CDC_GetDeviceQualifierDescriptor
                0x0800e0e8        0xc build/debug/usbd_cdc.o
                0x0800e0e8                USBD_CDC_GetDeviceQualifierDescriptor
 .text.USBD_CDC_GetOtherSpeedCfgDesc
                0x0800e0f4       0x48 build/debug/usbd_cdc.o
 .text.USBD_CDC_GetFSCfgDesc
                0x0800e13c       0x48 build/debug/usbd_cdc.o
 .text.USBD_CDC_GetHSCfgDesc
                0x0800e184       0x48 build/debug/usbd_cdc.o
 .text.USBD_CDC_DataOut
                0x0800e1cc       0x38 build/debug/usbd_cdc.o
 .text.USBD_CDC_DataIn
                0x0800e204       0x7c build/debug/usbd_cdc.o
 .text.USBD_CDC_Setup
                0x0800e280      0x11a build/debug/usbd_cdc.o
 .text.USBD_CDC_DeInit
                0x0800e39a       0x64 build/debug/usbd_cdc.o
 .text.USBD_CDC_Init
                0x0800e3fe       0xee build/debug/usbd_cdc.o
 .text.USBD_CDC_RegisterInterface
                0x0800e4ec       0x16 build/debug/usbd_cdc.o
                0x0800e4ec                USBD_CDC_RegisterInterface
 .text.USBD_CDC_SetTxBuffer
                0x0800e502       0x1c build/debug/usbd_cdc.o
                0x0800e502                USBD_CDC_SetTxBuffer
 .text.USBD_CDC_SetRxBuffer
                0x0800e51e       0x18 build/debug/usbd_cdc.o
                0x0800e51e                USBD_CDC_SetRxBuffer
 .text.USBD_CDC_TransmitPacket
                0x0800e536       0x36 build/debug/usbd_cdc.o
                0x0800e536                USBD_CDC_TransmitPacket
 .text.USBD_CDC_ReceivePacket
                0x0800e56c       0x38 build/debug/usbd_cdc.o
                0x0800e56c                USBD_CDC_ReceivePacket
 .text.CDC_DeInit_HS
                0x0800e5a4        0x4 build/debug/usbd_cdc_if.o
 .text.CDC_Control_HS
                0x0800e5a8       0x54 build/debug/usbd_cdc_if.o
 .text.CDC_TransmitCplt_HS
                0x0800e5fc        0x4 build/debug/usbd_cdc_if.o
 .text.CDC_Receive_HS
                0x0800e600       0x1c build/debug/usbd_cdc_if.o
 .text.CDC_Init_HS
                0x0800e61c       0x28 build/debug/usbd_cdc_if.o
 .text.CDC_Transmit_HS
                0x0800e644       0x2c build/debug/usbd_cdc_if.o
                0x0800e644                CDC_Transmit_HS
 .text.HAL_PCD_MspInit
                0x0800e670       0x94 build/debug/usbd_conf.o
                0x0800e670                HAL_PCD_MspInit
 .text.HAL_PCD_SetupStageCallback
                0x0800e704       0x10 build/debug/usbd_conf.o
                0x0800e704                HAL_PCD_SetupStageCallback
 .text.HAL_PCD_DataOutStageCallback
                0x0800e714       0x18 build/debug/usbd_conf.o
                0x0800e714                HAL_PCD_DataOutStageCallback
 .text.HAL_PCD_DataInStageCallback
                0x0800e72c       0x16 build/debug/usbd_conf.o
                0x0800e72c                HAL_PCD_DataInStageCallback
 .text.HAL_PCD_SOFCallback
                0x0800e742        0xc build/debug/usbd_conf.o
                0x0800e742                HAL_PCD_SOFCallback
 .text.HAL_PCD_ResetCallback
                0x0800e74e       0x28 build/debug/usbd_conf.o
                0x0800e74e                HAL_PCD_ResetCallback
 *fill*         0x0800e776        0x2 
 .text.HAL_PCD_SuspendCallback
                0x0800e778       0x30 build/debug/usbd_conf.o
                0x0800e778                HAL_PCD_SuspendCallback
 .text.HAL_PCD_ResumeCallback
                0x0800e7a8        0xc build/debug/usbd_conf.o
                0x0800e7a8                HAL_PCD_ResumeCallback
 .text.HAL_PCD_ISOOUTIncompleteCallback
                0x0800e7b4        0xc build/debug/usbd_conf.o
                0x0800e7b4                HAL_PCD_ISOOUTIncompleteCallback
 .text.HAL_PCD_ISOINIncompleteCallback
                0x0800e7c0        0xc build/debug/usbd_conf.o
                0x0800e7c0                HAL_PCD_ISOINIncompleteCallback
 .text.HAL_PCD_ConnectCallback
                0x0800e7cc        0xc build/debug/usbd_conf.o
                0x0800e7cc                HAL_PCD_ConnectCallback
 .text.HAL_PCD_DisconnectCallback
                0x0800e7d8        0xc build/debug/usbd_conf.o
                0x0800e7d8                HAL_PCD_DisconnectCallback
 .text.USBD_LL_Init
                0x0800e7e4       0x70 build/debug/usbd_conf.o
                0x0800e7e4                USBD_LL_Init
 .text.USBD_LL_IsStallEP
                0x0800e854       0x2c build/debug/usbd_conf.o
                0x0800e854                USBD_LL_IsStallEP
 .text.USBD_LL_GetRxDataSize
                0x0800e880        0xc build/debug/usbd_conf.o
                0x0800e880                USBD_LL_GetRxDataSize
 .text.USBD_static_malloc
                0x0800e88c        0x8 build/debug/usbd_conf.o
                0x0800e88c                USBD_static_malloc
 .text.USBD_static_free
                0x0800e894        0x2 build/debug/usbd_conf.o
                0x0800e894                USBD_static_free
 .text.USBD_Get_USB_Status
                0x0800e896       0x14 build/debug/usbd_conf.o
                0x0800e896                USBD_Get_USB_Status
 .text.USBD_LL_Start
                0x0800e8aa       0x10 build/debug/usbd_conf.o
                0x0800e8aa                USBD_LL_Start
 .text.USBD_LL_OpenEP
                0x0800e8ba       0x16 build/debug/usbd_conf.o
                0x0800e8ba                USBD_LL_OpenEP
 .text.USBD_LL_CloseEP
                0x0800e8d0       0x10 build/debug/usbd_conf.o
                0x0800e8d0                USBD_LL_CloseEP
 .text.USBD_LL_StallEP
                0x0800e8e0       0x10 build/debug/usbd_conf.o
                0x0800e8e0                USBD_LL_StallEP
 .text.USBD_LL_ClearStallEP
                0x0800e8f0       0x10 build/debug/usbd_conf.o
                0x0800e8f0                USBD_LL_ClearStallEP
 .text.USBD_LL_SetUSBAddress
                0x0800e900       0x10 build/debug/usbd_conf.o
                0x0800e900                USBD_LL_SetUSBAddress
 .text.USBD_LL_Transmit
                0x0800e910       0x10 build/debug/usbd_conf.o
                0x0800e910                USBD_LL_Transmit
 .text.USBD_LL_PrepareReceive
                0x0800e920       0x10 build/debug/usbd_conf.o
                0x0800e920                USBD_LL_PrepareReceive
 .text.USBD_Init
                0x0800e930       0x2e build/debug/usbd_core.o
                0x0800e930                USBD_Init
 .text.USBD_RegisterClass
                0x0800e95e       0x34 build/debug/usbd_core.o
                0x0800e95e                USBD_RegisterClass
 .text.USBD_Start
                0x0800e992        0x8 build/debug/usbd_core.o
                0x0800e992                USBD_Start
 .text.USBD_SetClassConfig
                0x0800e99a       0x12 build/debug/usbd_core.o
                0x0800e99a                USBD_SetClassConfig
 .text.USBD_ClrClassConfig
                0x0800e9ac       0x12 build/debug/usbd_core.o
                0x0800e9ac                USBD_ClrClassConfig
 .text.USBD_LL_SetupStage
                0x0800e9be       0x58 build/debug/usbd_core.o
                0x0800e9be                USBD_LL_SetupStage
 .text.USBD_LL_Reset
                0x0800ea16       0x64 build/debug/usbd_core.o
                0x0800ea16                USBD_LL_Reset
 .text.USBD_LL_SetSpeed
                0x0800ea7a        0x6 build/debug/usbd_core.o
                0x0800ea7a                USBD_LL_SetSpeed
 .text.USBD_LL_Suspend
                0x0800ea80       0x1e build/debug/usbd_core.o
                0x0800ea80                USBD_LL_Suspend
 .text.USBD_LL_Resume
                0x0800ea9e       0x1a build/debug/usbd_core.o
                0x0800ea9e                USBD_LL_Resume
 .text.USBD_LL_SOF
                0x0800eab8       0x22 build/debug/usbd_core.o
                0x0800eab8                USBD_LL_SOF
 .text.USBD_LL_IsoINIncomplete
                0x0800eada       0x2e build/debug/usbd_core.o
                0x0800eada                USBD_LL_IsoINIncomplete
 .text.USBD_LL_IsoOUTIncomplete
                0x0800eb08       0x2e build/debug/usbd_core.o
                0x0800eb08                USBD_LL_IsoOUTIncomplete
 .text.USBD_LL_DevConnected
                0x0800eb36        0x4 build/debug/usbd_core.o
                0x0800eb36                USBD_LL_DevConnected
 .text.USBD_LL_DevDisconnected
                0x0800eb3a       0x20 build/debug/usbd_core.o
                0x0800eb3a                USBD_LL_DevDisconnected
 .text.USBD_CoreFindIF
                0x0800eb5a        0x4 build/debug/usbd_core.o
                0x0800eb5a                USBD_CoreFindIF
 .text.USBD_CoreFindEP
                0x0800eb5e        0x4 build/debug/usbd_core.o
                0x0800eb5e                USBD_CoreFindEP
 .text.USBD_LL_DataOutStage
                0x0800eb62       0xc4 build/debug/usbd_core.o
                0x0800eb62                USBD_LL_DataOutStage
 .text.USBD_LL_DataInStage
                0x0800ec26       0xd6 build/debug/usbd_core.o
                0x0800ec26                USBD_LL_DataInStage
 .text.USBD_GetNextDesc
                0x0800ecfc        0xe build/debug/usbd_core.o
                0x0800ecfc                USBD_GetNextDesc
 .text.USBD_GetEpDesc
                0x0800ed0a       0x3e build/debug/usbd_core.o
                0x0800ed0a                USBD_GetEpDesc
 .text.USBD_GetLen
                0x0800ed48       0x14 build/debug/usbd_ctlreq.o
 .text.USBD_ParseSetupRequest
                0x0800ed5c       0x28 build/debug/usbd_ctlreq.o
                0x0800ed5c                USBD_ParseSetupRequest
 .text.USBD_CtlError
                0x0800ed84       0x14 build/debug/usbd_ctlreq.o
                0x0800ed84                USBD_CtlError
 .text.USBD_GetDescriptor
                0x0800ed98      0x18a build/debug/usbd_ctlreq.o
 .text.USBD_SetAddress
                0x0800ef22       0x50 build/debug/usbd_ctlreq.o
 *fill*         0x0800ef72        0x2 
 .text.USBD_SetConfig
                0x0800ef74       0xcc build/debug/usbd_ctlreq.o
 .text.USBD_GetConfig
                0x0800f040       0x40 build/debug/usbd_ctlreq.o
 .text.USBD_GetStatus
                0x0800f080       0x38 build/debug/usbd_ctlreq.o
 .text.USBD_SetFeature
                0x0800f0b8       0x2a build/debug/usbd_ctlreq.o
 .text.USBD_ClrFeature
                0x0800f0e2       0x26 build/debug/usbd_ctlreq.o
 .text.USBD_StdDevReq
                0x0800f108       0x76 build/debug/usbd_ctlreq.o
                0x0800f108                USBD_StdDevReq
 .text.USBD_StdItfReq
                0x0800f17e       0x84 build/debug/usbd_ctlreq.o
                0x0800f17e                USBD_StdItfReq
 .text.USBD_StdEPReq
                0x0800f202      0x232 build/debug/usbd_ctlreq.o
                0x0800f202                USBD_StdEPReq
 .text.USBD_GetString
                0x0800f434       0x46 build/debug/usbd_ctlreq.o
                0x0800f434                USBD_GetString
 *fill*         0x0800f47a        0x2 
 .text.USBD_HS_DeviceDescriptor
                0x0800f47c        0xc build/debug/usbd_desc.o
                0x0800f47c                USBD_HS_DeviceDescriptor
 .text.USBD_HS_LangIDStrDescriptor
                0x0800f488        0xc build/debug/usbd_desc.o
                0x0800f488                USBD_HS_LangIDStrDescriptor
 .text.IntToUnicode
                0x0800f494       0x46 build/debug/usbd_desc.o
 *fill*         0x0800f4da        0x2 
 .text.Get_SerialNum
                0x0800f4dc       0x38 build/debug/usbd_desc.o
 .text.USBD_HS_SerialStrDescriptor
                0x0800f514       0x14 build/debug/usbd_desc.o
                0x0800f514                USBD_HS_SerialStrDescriptor
 .text.USBD_HS_ProductStrDescriptor
                0x0800f528       0x24 build/debug/usbd_desc.o
                0x0800f528                USBD_HS_ProductStrDescriptor
 .text.USBD_HS_ManufacturerStrDescriptor
                0x0800f54c       0x1c build/debug/usbd_desc.o
                0x0800f54c                USBD_HS_ManufacturerStrDescriptor
 .text.USBD_HS_ConfigStrDescriptor
                0x0800f568       0x24 build/debug/usbd_desc.o
                0x0800f568                USBD_HS_ConfigStrDescriptor
 .text.USBD_HS_InterfaceStrDescriptor
                0x0800f58c       0x24 build/debug/usbd_desc.o
                0x0800f58c                USBD_HS_InterfaceStrDescriptor
 .text.USBD_CtlSendData
                0x0800f5b0       0x1a build/debug/usbd_ioreq.o
                0x0800f5b0                USBD_CtlSendData
 .text.USBD_CtlContinueSendData
                0x0800f5ca       0x10 build/debug/usbd_ioreq.o
                0x0800f5ca                USBD_CtlContinueSendData
 .text.USBD_CtlPrepareRx
                0x0800f5da       0x1e build/debug/usbd_ioreq.o
                0x0800f5da                USBD_CtlPrepareRx
 .text.USBD_CtlContinueRx
                0x0800f5f8       0x10 build/debug/usbd_ioreq.o
                0x0800f5f8                USBD_CtlContinueRx
 .text.USBD_CtlSendStatus
                0x0800f608       0x16 build/debug/usbd_ioreq.o
                0x0800f608                USBD_CtlSendStatus
 .text.USBD_CtlReceiveStatus
                0x0800f61e       0x16 build/debug/usbd_ioreq.o
                0x0800f61e                USBD_CtlReceiveStatus
 .text.Reset_Handler
                0x0800f634       0x54 build/debug/startup_stm32h725xx.o
                0x0800f634                Reset_Handler
 .text.Default_Handler
                0x0800f688        0x2 build/debug/startup_stm32h725xx.o
                0x0800f688                RTC_Alarm_IRQHandler
                0x0800f688                EXTI2_IRQHandler
                0x0800f688                TIM8_CC_IRQHandler
                0x0800f688                UART8_IRQHandler
                0x0800f688                SPI4_IRQHandler
                0x0800f688                FDCAN3_IT0_IRQHandler
                0x0800f688                TIM1_CC_IRQHandler
                0x0800f688                BDMA_Channel6_IRQHandler
                0x0800f688                DMA2_Stream5_IRQHandler
                0x0800f688                DMA1_Stream5_IRQHandler
                0x0800f688                CORDIC_IRQHandler
                0x0800f688                BDMA_Channel1_IRQHandler
                0x0800f688                TAMP_STAMP_IRQHandler
                0x0800f688                EXTI3_IRQHandler
                0x0800f688                LPTIM4_IRQHandler
                0x0800f688                TIM8_TRG_COM_TIM14_IRQHandler
                0x0800f688                LPTIM2_IRQHandler
                0x0800f688                DFSDM1_FLT1_IRQHandler
                0x0800f688                DMAMUX2_OVR_IRQHandler
                0x0800f688                TIM8_UP_TIM13_IRQHandler
                0x0800f688                I2C3_ER_IRQHandler
                0x0800f688                DFSDM1_FLT2_IRQHandler
                0x0800f688                I2C5_EV_IRQHandler
                0x0800f688                USART10_IRQHandler
                0x0800f688                MDMA_IRQHandler
                0x0800f688                LPTIM3_IRQHandler
                0x0800f688                HSEM1_IRQHandler
                0x0800f688                EXTI0_IRQHandler
                0x0800f688                I2C2_EV_IRQHandler
                0x0800f688                DMA1_Stream2_IRQHandler
                0x0800f688                FPU_IRQHandler
                0x0800f688                OTG_HS_WKUP_IRQHandler
                0x0800f688                FDCAN1_IT1_IRQHandler
                0x0800f688                LTDC_ER_IRQHandler
                0x0800f688                DMA2_Stream2_IRQHandler
                0x0800f688                SPI1_IRQHandler
                0x0800f688                OCTOSPI1_IRQHandler
                0x0800f688                TIM6_DAC_IRQHandler
                0x0800f688                DMA2_Stream3_IRQHandler
                0x0800f688                OCTOSPI2_IRQHandler
                0x0800f688                DFSDM1_FLT3_IRQHandler
                0x0800f688                TIM23_IRQHandler
                0x0800f688                USART6_IRQHandler
                0x0800f688                TIM17_IRQHandler
                0x0800f688                USART3_IRQHandler
                0x0800f688                BDMA_Channel7_IRQHandler
                0x0800f688                LPTIM5_IRQHandler
                0x0800f688                UART5_IRQHandler
                0x0800f688                ADC3_IRQHandler
                0x0800f688                DMA2_Stream0_IRQHandler
                0x0800f688                TIM4_IRQHandler
                0x0800f688                BDMA_Channel2_IRQHandler
                0x0800f688                I2C1_EV_IRQHandler
                0x0800f688                DMA1_Stream6_IRQHandler
                0x0800f688                DMAMUX1_OVR_IRQHandler
                0x0800f688                DMA1_Stream1_IRQHandler
                0x0800f688                TIM16_IRQHandler
                0x0800f688                UART4_IRQHandler
                0x0800f688                BDMA_Channel5_IRQHandler
                0x0800f688                TIM3_IRQHandler
                0x0800f688                RCC_IRQHandler
                0x0800f688                UART9_IRQHandler
                0x0800f688                TIM8_BRK_TIM12_IRQHandler
                0x0800f688                TIM1_TRG_COM_IRQHandler
                0x0800f688                Default_Handler
                0x0800f688                ECC_IRQHandler
                0x0800f688                FMAC_IRQHandler
                0x0800f688                CEC_IRQHandler
                0x0800f688                EXTI15_10_IRQHandler
                0x0800f688                BDMA_Channel0_IRQHandler
                0x0800f688                ADC_IRQHandler
                0x0800f688                I2C5_ER_IRQHandler
                0x0800f688                DMA1_Stream7_IRQHandler
                0x0800f688                SPI5_IRQHandler
                0x0800f688                TIM7_IRQHandler
                0x0800f688                FDCAN3_IT1_IRQHandler
                0x0800f688                SDMMC1_IRQHandler
                0x0800f688                TIM5_IRQHandler
                0x0800f688                DMA2_Stream7_IRQHandler
                0x0800f688                TIM15_IRQHandler
                0x0800f688                PVD_AVD_IRQHandler
                0x0800f688                I2C3_EV_IRQHandler
                0x0800f688                EXTI9_5_IRQHandler
                0x0800f688                RTC_WKUP_IRQHandler
                0x0800f688                LTDC_IRQHandler
                0x0800f688                ETH_WKUP_IRQHandler
                0x0800f688                SPDIF_RX_IRQHandler
                0x0800f688                SPI2_IRQHandler
                0x0800f688                DMA1_Stream0_IRQHandler
                0x0800f688                TIM24_IRQHandler
                0x0800f688                CRS_IRQHandler
                0x0800f688                EXTI4_IRQHandler
                0x0800f688                RNG_IRQHandler
                0x0800f688                FDCAN2_IT1_IRQHandler
                0x0800f688                ETH_IRQHandler
                0x0800f688                TIM1_UP_IRQHandler
                0x0800f688                BDMA_Channel4_IRQHandler
                0x0800f688                WWDG_IRQHandler
                0x0800f688                SPI6_IRQHandler
                0x0800f688                MDIOS_IRQHandler
                0x0800f688                I2C4_EV_IRQHandler
                0x0800f688                FDCAN2_IT0_IRQHandler
                0x0800f688                LPUART1_IRQHandler
                0x0800f688                FDCAN1_IT0_IRQHandler
                0x0800f688                TIM2_IRQHandler
                0x0800f688                DMA2D_IRQHandler
                0x0800f688                TIM1_BRK_IRQHandler
                0x0800f688                EXTI1_IRQHandler
                0x0800f688                SDMMC2_IRQHandler
                0x0800f688                BDMA_Channel3_IRQHandler
                0x0800f688                DTS_IRQHandler
                0x0800f688                UART7_IRQHandler
                0x0800f688                MDIOS_WKUP_IRQHandler
                0x0800f688                USART2_IRQHandler
                0x0800f688                DFSDM1_FLT0_IRQHandler
                0x0800f688                SAI4_IRQHandler
                0x0800f688                I2C2_ER_IRQHandler
                0x0800f688                DMA2_Stream1_IRQHandler
                0x0800f688                FLASH_IRQHandler
                0x0800f688                DMA2_Stream4_IRQHandler
                0x0800f688                USART1_IRQHandler
                0x0800f688                SPI3_IRQHandler
                0x0800f688                WAKEUP_PIN_IRQHandler
                0x0800f688                DMA1_Stream4_IRQHandler
                0x0800f688                I2C1_ER_IRQHandler
                0x0800f688                FMC_IRQHandler
                0x0800f688                FDCAN_CAL_IRQHandler
                0x0800f688                SWPMI1_IRQHandler
                0x0800f688                COMP1_IRQHandler
                0x0800f688                LPTIM1_IRQHandler
                0x0800f688                DCMI_PSSI_IRQHandler
                0x0800f688                I2C4_ER_IRQHandler
                0x0800f688                DMA2_Stream6_IRQHandler
                0x0800f688                SAI1_IRQHandler
                0x0800f688                DMA1_Stream3_IRQHandler
 *(.glue_7)
 .glue_7        0x0800f68a        0x0 linker stubs
 *(.glue_7t)
 .glue_7t       0x0800f68a        0x0 linker stubs
 *(.eh_frame)
 *fill*         0x0800f68a        0x2 
 .eh_frame      0x0800f68c        0x0 /usr/lib/gcc/arm-none-eabi/13.2.1/thumb/v7e-m+dp/hard/crtbegin.o
 *(.init)
 .init          0x0800f68c        0x4 /usr/lib/gcc/arm-none-eabi/13.2.1/thumb/v7e-m+dp/hard/crti.o
                0x0800f68c                _init
 .init          0x0800f690        0x8 /usr/lib/gcc/arm-none-eabi/13.2.1/thumb/v7e-m+dp/hard/crtn.o
 *(.fini)
 .fini          0x0800f698        0x4 /usr/lib/gcc/arm-none-eabi/13.2.1/thumb/v7e-m+dp/hard/crti.o
                0x0800f698                _fini
 .fini          0x0800f69c        0x8 /usr/lib/gcc/arm-none-eabi/13.2.1/thumb/v7e-m+dp/hard/crtn.o
                0x0800f6a4                        . = ALIGN (0x4)
                0x0800f6a4                        _etext = .

.vfp11_veneer   0x0800f6a4        0x0
 .vfp11_veneer  0x0800f6a4        0x0 linker stubs

.v4_bx          0x0800f6a4        0x0
 .v4_bx         0x0800f6a4        0x0 linker stubs

.iplt           0x0800f6a4        0x0
 .iplt          0x0800f6a4        0x0 /usr/lib/gcc/arm-none-eabi/13.2.1/thumb/v7e-m+dp/hard/crtbegin.o

.rodata         0x0800f6a8     0x20d0
                0x0800f6a8                        . = ALIGN (0x4)
 *(.rodata)
 .rodata        0x0800f6a8      0x870 /usr/lib/gcc/arm-none-eabi/13.2.1/../../../arm-none-eabi/lib/thumb/v7e-m+dp/hard/libm.a(libm_a-exp_data.o)
                0x0800f6a8                __exp_data
 .rodata        0x0800ff18     0x1048 /usr/lib/gcc/arm-none-eabi/13.2.1/../../../arm-none-eabi/lib/thumb/v7e-m+dp/hard/libm.a(libm_a-pow_log_data.o)
                0x0800ff18                __pow_log_data
 .rodata        0x08010f60      0x128 /usr/lib/gcc/arm-none-eabi/13.2.1/../../../arm-none-eabi/lib/thumb/v7e-m+dp/hard/libc_nano.a(libc_a-mprec.o)
                0x08010f70                __mprec_tens
                0x08011038                __mprec_tinytens
                0x08011060                __mprec_bigtens
 .rodata        0x08011088      0x101 /usr/lib/gcc/arm-none-eabi/13.2.1/../../../arm-none-eabi/lib/thumb/v7e-m+dp/hard/libc_nano.a(libc_a-ctype_.o)
                0x08011088                _ctype_
 *(.rodata*)
 *fill*         0x08011189        0x3 
 .rodata.HAL_SetTickFreq.str1.4
                0x0801118c      0x5da build/debug/stm32h7xx_hal.o
                                 0x31 (size before relaxing)
 .rodata.HAL_ADC_PollForConversion.str1.4
                0x08011766       0x35 build/debug/stm32h7xx_hal_adc.o
 .rodata.HAL_ADCEx_Calibration_Start.str1.4
                0x08011766       0x38 build/debug/stm32h7xx_hal_adc_ex.o
 .rodata.HAL_CORDIC_Init.str1.4
                0x08011766       0x38 build/debug/stm32h7xx_hal_cordic.o
 .rodata.HAL_NVIC_SetPriorityGrouping.str1.4
                0x08011766       0x38 build/debug/stm32h7xx_hal_cortex.o
 .rodata.FMAC_FilterConfig.str1.4
                0x08011766       0x36 build/debug/stm32h7xx_hal_fmac.o
 .rodata.HAL_GPIO_Init.str1.4
                0x08011766       0x36 build/debug/stm32h7xx_hal_gpio.o
 .rodata.I2C_TransferConfig.str1.4
                0x08011766       0x35 build/debug/stm32h7xx_hal_i2c.o
 .rodata.HAL_I2CEx_ConfigAnalogFilter.str1.4
                0x08011766       0x38 build/debug/stm32h7xx_hal_i2c_ex.o
 .rodata.HAL_PCD_Init.str1.4
                0x08011766       0x35 build/debug/stm32h7xx_hal_pcd.o
 .rodata.HAL_PWREx_ConfigSupply.str1.4
                0x08011766       0x38 build/debug/stm32h7xx_hal_pwr_ex.o
 .rodata.HAL_RCC_OscConfig.str1.4
                0x08011766       0x35 build/debug/stm32h7xx_hal_rcc.o
 .rodata.RCCEx_PLL2_Config.str1.4
                0x08011766       0x38 build/debug/stm32h7xx_hal_rcc_ex.o
 .rodata.HAL_SPI_Init.str1.4
                0x08011766       0x35 build/debug/stm32h7xx_hal_spi.o
 .rodata.TIM_OC1_SetConfig.str1.4
                0x08011766       0x35 build/debug/stm32h7xx_hal_tim.o
 .rodata.HAL_TIMEx_HallSensor_Init.str1.4
                0x08011766       0x38 build/debug/stm32h7xx_hal_tim_ex.o
 *fill*         0x08011766        0x2 
 .rodata.D1CorePrescTable
                0x08011768       0x10 build/debug/system_stm32h7xx.o
                0x08011768                D1CorePrescTable
 .rodata.USBD_HS_ProductStrDescriptor.str1.4
                0x08011778       0x16 build/debug/usbd_desc.o
 .rodata.USBD_HS_ManufacturerStrDescriptor.str1.4
                0x08011778       0x13 build/debug/usbd_desc.o
 .rodata.USBD_HS_ConfigStrDescriptor.str1.4
                0x08011778        0xb build/debug/usbd_desc.o
 .rodata.USBD_HS_InterfaceStrDescriptor.str1.4
                0x08011778        0xe build/debug/usbd_desc.o
 .rodata.str1.4
                0x08011778        0x3 build/debug/abstract.o
 .rodata.str1.4
                0x08011778       0xda build/debug/cpp_main.o
 .rodata.str1.4
                0x08011778       0x13 /usr/lib/gcc/arm-none-eabi/13.2.1/../../../arm-none-eabi/lib/thumb/v7e-m+dp/hard/libc_nano.a(libc_a-nano-svfprintf.o)
 .rodata.str1.4
                0x08011778       0x12 /usr/lib/gcc/arm-none-eabi/13.2.1/../../../arm-none-eabi/lib/thumb/v7e-m+dp/hard/libc_nano.a(libc_a-nano-vfprintf_float.o)
 .rodata.str1.4
                0x08011778       0x69 /usr/lib/gcc/arm-none-eabi/13.2.1/../../../arm-none-eabi/lib/thumb/v7e-m+dp/hard/libc_nano.a(libc_a-dtoa.o)
 .rodata.str1.4
                0x08011778       0x25 /usr/lib/gcc/arm-none-eabi/13.2.1/../../../arm-none-eabi/lib/thumb/v7e-m+dp/hard/libc_nano.a(libc_a-nano-vfprintf_i.o)
 .rodata.str1.4
                0x08011778       0x43 /usr/lib/gcc/arm-none-eabi/13.2.1/../../../arm-none-eabi/lib/thumb/v7e-m+dp/hard/libc_nano.a(libc_a-assert.o)
 .rodata.str1.4
                0x08011778       0x59 /usr/lib/gcc/arm-none-eabi/13.2.1/../../../arm-none-eabi/lib/thumb/v7e-m+dp/hard/libc_nano.a(libc_a-mprec.o)
 .rodata.str1.4
                0x08011778       0x12 /usr/lib/gcc/arm-none-eabi/13.2.1/../../../arm-none-eabi/lib/thumb/v7e-m+dp/hard/libc_nano.a(libc_a-locale.o)
 .rodata.str1.4
                0x08011778       0x13 /usr/lib/gcc/arm-none-eabi/13.2.1/../../../arm-none-eabi/lib/thumb/v7e-m+dp/hard/libc_nano.a(libc_a-nano-vfprintf.o)
                0x08011854                        . = ALIGN (0x4)

.ARM.extab      0x08011778        0x0
                0x08011778                        . = ALIGN (0x4)
 *(.ARM.extab* .gnu.linkonce.armextab.*)
                0x08011778                        . = ALIGN (0x4)

.ARM            0x08011778        0x8
                0x08011778                        . = ALIGN (0x4)
                0x08011778                        __exidx_start = .
 *(.ARM.exidx*)
 .ARM.exidx     0x08011778        0x8 /usr/lib/gcc/arm-none-eabi/13.2.1/../../../arm-none-eabi/lib/thumb/v7e-m+dp/hard/libc_nano.a(libc_a-strlen.o)
 .ARM.exidx     0x08011780        0x0 /usr/lib/gcc/arm-none-eabi/13.2.1/../../../arm-none-eabi/lib/thumb/v7e-m+dp/hard/libc_nano.a(libc_a-memchr.o)
                                  0x8 (size before relaxing)
 .ARM.exidx     0x08011780        0x0 /usr/lib/gcc/arm-none-eabi/13.2.1/../../../arm-none-eabi/lib/thumb/v7e-m+dp/hard/libc_nano.a(libc_a-memcpy.o)
                                  0x8 (size before relaxing)
                0x08011780                        __exidx_end = .
                0x08011780                        . = ALIGN (0x4)

.preinit_array  0x08011780        0x0
                0x08011780                        . = ALIGN (0x4)
                0x08011780                        PROVIDE (__preinit_array_start = .)
 *(.preinit_array*)
                0x08011780                        PROVIDE (__preinit_array_end = .)
                0x08011780                        . = ALIGN (0x4)

.init_array     0x08011780        0x4
                0x08011780                        . = ALIGN (0x4)
                0x08011780                        PROVIDE (__init_array_start = .)
 *(SORT_BY_NAME(.init_array.*))
 *(.init_array*)
 .init_array    0x08011780        0x4 /usr/lib/gcc/arm-none-eabi/13.2.1/thumb/v7e-m+dp/hard/crtbegin.o
                0x08011784                        PROVIDE (__init_array_end = .)
                0x08011784                        . = ALIGN (0x4)

.fini_array     0x08011784        0x4
                0x08011784                        . = ALIGN (0x4)
                0x08011784                        PROVIDE (__fini_array_start = .)
 *(SORT_BY_NAME(.fini_array.*))
 *(.fini_array*)
 .fini_array    0x08011784        0x4 /usr/lib/gcc/arm-none-eabi/13.2.1/thumb/v7e-m+dp/hard/crtbegin.o
                0x08011788                        PROVIDE (__fini_array_end = .)
                0x08011788                        . = ALIGN (0x4)
                0x08011788                        _sidata = LOADADDR (.data)

.rel.dyn        0x08011788        0x0
 .rel.iplt      0x08011788        0x0 /usr/lib/gcc/arm-none-eabi/13.2.1/thumb/v7e-m+dp/hard/crtbegin.o

.data           0x20000000      0x2cc load address 0x08011788
                0x20000000                        . = ALIGN (0x4)
                0x20000000                        _sdata = .
 *(.data)
 .data          0x20000000       0x50 /usr/lib/gcc/arm-none-eabi/13.2.1/../../../arm-none-eabi/lib/thumb/v7e-m+dp/hard/libc_nano.a(libc_a-impure.o)
                0x20000000                _impure_ptr
                0x20000004                _impure_data
 .data          0x20000050        0xc /usr/lib/gcc/arm-none-eabi/13.2.1/../../../arm-none-eabi/lib/thumb/v7e-m+dp/hard/libc_nano.a(libc_a-findfp.o)
                0x20000050                __sglue
 .data          0x2000005c      0x16c /usr/lib/gcc/arm-none-eabi/13.2.1/../../../arm-none-eabi/lib/thumb/v7e-m+dp/hard/libc_nano.a(libc_a-locale.o)
                0x2000005c                __global_locale
 *(.data*)
 .data.uwTickFreq
                0x200001c8        0x1 build/debug/stm32h7xx_hal.o
                0x200001c8                uwTickFreq
 *fill*         0x200001c9        0x3 
 .data.uwTickPrio
                0x200001cc        0x4 build/debug/stm32h7xx_hal.o
                0x200001cc                uwTickPrio
 .data.SystemD2Clock
                0x200001d0        0x4 build/debug/system_stm32h7xx.o
                0x200001d0                SystemD2Clock
 .data.SystemCoreClock
                0x200001d4        0x4 build/debug/system_stm32h7xx.o
                0x200001d4                SystemCoreClock
 .data.USBD_CDC_CfgDesc
                0x200001d8       0x43 build/debug/usbd_cdc.o
 *fill*         0x2000021b        0x1 
 .data.USBD_CDC
                0x2000021c       0x38 build/debug/usbd_cdc.o
                0x2000021c                USBD_CDC
 .data.USBD_CDC_DeviceQualifierDesc
                0x20000254        0xa build/debug/usbd_cdc.o
 *fill*         0x2000025e        0x2 
 .data.USBD_Interface_fops_HS
                0x20000260       0x14 build/debug/usbd_cdc_if.o
                0x20000260                USBD_Interface_fops_HS
 .data.LineCoding
                0x20000274        0x8 build/debug/usbd_cdc_if.o
                0x20000274                LineCoding
 .data.USBD_StringSerial
                0x2000027c       0x1a build/debug/usbd_desc.o
                0x2000027c                USBD_StringSerial
 *fill*         0x20000296        0x2 
 .data.USBD_LangIDDesc
                0x20000298        0x4 build/debug/usbd_desc.o
                0x20000298                USBD_LangIDDesc
 .data.USBD_HS_DeviceDesc
                0x2000029c       0x12 build/debug/usbd_desc.o
                0x2000029c                USBD_HS_DeviceDesc
 *fill*         0x200002ae        0x2 
 .data.HS_Desc  0x200002b0       0x1c build/debug/usbd_desc.o
                0x200002b0                HS_Desc
 *(.RamFunc)
 *(.RamFunc*)
                0x200002cc                        . = ALIGN (0x4)
                0x200002cc                        _edata = .

.tm_clone_table
                0x200002cc        0x0 load address 0x08011a54
 .tm_clone_table
                0x200002cc        0x0 /usr/lib/gcc/arm-none-eabi/13.2.1/thumb/v7e-m+dp/hard/crtbegin.o
 .tm_clone_table
                0x200002cc        0x0 /usr/lib/gcc/arm-none-eabi/13.2.1/thumb/v7e-m+dp/hard/crtend.o

.igot.plt       0x200002cc        0x0 load address 0x08011a54
 .igot.plt      0x200002cc        0x0 /usr/lib/gcc/arm-none-eabi/13.2.1/thumb/v7e-m+dp/hard/crtbegin.o
                0x200002cc                        . = ALIGN (0x4)

.bss            0x200002cc     0x2130 load address 0x08011a54
                0x200002cc                        _sbss = .
                0x200002cc                        __bss_start__ = _sbss
 *(.bss)
 .bss           0x200002cc       0x1c /usr/lib/gcc/arm-none-eabi/13.2.1/thumb/v7e-m+dp/hard/crtbegin.o
 .bss           0x200002e8      0x113 build/debug/cpp_main.o
                0x200002e8                highGOfst
                0x200002ec                imuOfst
                0x200002f8                usbTxBuf
                0x200003f8                usbTxBufLen
                0x200003fa                i2cBuf
 *fill*         0x200003fb        0x1 
 .bss           0x200003fc        0x8 /usr/lib/gcc/arm-none-eabi/13.2.1/../../../arm-none-eabi/lib/thumb/v7e-m+dp/hard/libc_nano.a(libc_a-mallocr.o)
                0x200003fc                __malloc_sbrk_start
                0x20000400                __malloc_free_list
 .bss           0x20000404      0x13c /usr/lib/gcc/arm-none-eabi/13.2.1/../../../arm-none-eabi/lib/thumb/v7e-m+dp/hard/libc_nano.a(libc_a-findfp.o)
                0x20000404                __sf
                0x2000053c                __stdio_exit_handler
 .bss           0x20000540        0x4 /usr/lib/gcc/arm-none-eabi/13.2.1/../../../arm-none-eabi/lib/thumb/v7e-m+dp/hard/libc_nano.a(libc_a-reent.o)
                0x20000540                errno
 *(.bss*)
 .bss.hadc1     0x20000544       0x70 build/debug/adc.o
                0x20000544                hadc1
 .bss.hcordic   0x200005b4       0x28 build/debug/cordic.o
                0x200005b4                hcordic
 .bss.hfmac     0x200005dc       0x38 build/debug/fmac.o
                0x200005dc                hfmac
 .bss.hi2c3     0x20000614       0x54 build/debug/i2c.o
                0x20000614                hi2c3
 .bss.hspi2     0x20000668       0x88 build/debug/spi.o
                0x20000668                hspi2
 .bss.hspi1     0x200006f0       0x88 build/debug/spi.o
                0x200006f0                hspi1
 .bss.uwTick    0x20000778        0x4 build/debug/stm32h7xx_hal.o
                0x20000778                uwTick
 .bss.__sbrk_heap_end
                0x2000077c        0x4 build/debug/sysmem.o
 .bss.htim4     0x20000780       0x4c build/debug/tim.o
                0x20000780                htim4
 .bss.htim2     0x200007cc       0x4c build/debug/tim.o
                0x200007cc                htim2
 .bss.hUsbDeviceHS
                0x20000818      0x2dc build/debug/usb_device.o
                0x20000818                hUsbDeviceHS
 .bss.UserTxBufferHS
                0x20000af4      0x800 build/debug/usbd_cdc_if.o
                0x20000af4                UserTxBufferHS
 .bss.UserRxBufferHS
                0x200012f4      0x800 build/debug/usbd_cdc_if.o
                0x200012f4                UserRxBufferHS
 .bss.mem.0     0x20001af4      0x220 build/debug/usbd_conf.o
 .bss.hpcd_USB_OTG_HS
                0x20001d14      0x4e4 build/debug/usbd_conf.o
                0x20001d14                hpcd_USB_OTG_HS
 .bss.cfgidx.0  0x200021f8        0x1 build/debug/usbd_ctlreq.o
 *fill*         0x200021f9        0x3 
 .bss.USBD_StrDesc
                0x200021fc      0x200 build/debug/usbd_desc.o
                0x200021fc                USBD_StrDesc
 *(COMMON)
                0x200023fc                        . = ALIGN (0x4)
                0x200023fc                        _ebss = .
                0x200023fc                        __bss_end__ = _ebss

._user_heap_stack
                0x200023fc      0x604 load address 0x08011a54
                0x20002400                        . = ALIGN (0x8)
 *fill*         0x200023fc        0x4 
                [!provide]                        PROVIDE (end = .)
                0x20002400                        PROVIDE (_end = .)
                0x20002600                        . = (. + _Min_Heap_Size)
 *fill*         0x20002400      0x200 
                0x20002a00                        . = (. + _Min_Stack_Size)
 *fill*         0x20002600      0x400 
                0x20002a00                        . = ALIGN (0x8)

/DISCARD/
 libc.a(*)
 libm.a(*)
 libgcc.a(*)
OUTPUT(build/debug/WINTER3-3.elf elf32-littlearm)
LOAD linker stubs
LOAD /usr/lib/gcc/arm-none-eabi/13.2.1/../../../arm-none-eabi/lib/thumb/v7e-m+dp/hard/libc.a
LOAD /usr/lib/gcc/arm-none-eabi/13.2.1/../../../arm-none-eabi/lib/thumb/v7e-m+dp/hard/libm.a
LOAD /usr/lib/gcc/arm-none-eabi/13.2.1/thumb/v7e-m+dp/hard/libgcc.a

.ARM.attributes
                0x00000000       0x2e
 .ARM.attributes
                0x00000000       0x20 /usr/lib/gcc/arm-none-eabi/13.2.1/thumb/v7e-m+dp/hard/crti.o
 .ARM.attributes
                0x00000020       0x32 /usr/lib/gcc/arm-none-eabi/13.2.1/thumb/v7e-m+dp/hard/crtbegin.o
 .ARM.attributes
                0x00000052       0x32 build/debug/adc.o
 .ARM.attributes
                0x00000084       0x32 build/debug/cordic.o
 .ARM.attributes
                0x000000b6       0x32 build/debug/fmac.o
 .ARM.attributes
                0x000000e8       0x32 build/debug/gpio.o
 .ARM.attributes
                0x0000011a       0x32 build/debug/i2c.o
 .ARM.attributes
                0x0000014c       0x32 build/debug/main.o
 .ARM.attributes
                0x0000017e       0x32 build/debug/spi.o
 .ARM.attributes
                0x000001b0       0x32 build/debug/stm32h7xx_hal.o
 .ARM.attributes
                0x000001e2       0x32 build/debug/stm32h7xx_hal_adc.o
 .ARM.attributes
                0x00000214       0x32 build/debug/stm32h7xx_hal_adc_ex.o
 .ARM.attributes
                0x00000246       0x32 build/debug/stm32h7xx_hal_cordic.o
 .ARM.attributes
                0x00000278       0x32 build/debug/stm32h7xx_hal_cortex.o
 .ARM.attributes
                0x000002aa       0x32 build/debug/stm32h7xx_hal_fmac.o
 .ARM.attributes
                0x000002dc       0x32 build/debug/stm32h7xx_hal_gpio.o
 .ARM.attributes
                0x0000030e       0x32 build/debug/stm32h7xx_hal_i2c.o
 .ARM.attributes
                0x00000340       0x32 build/debug/stm32h7xx_hal_i2c_ex.o
 .ARM.attributes
                0x00000372       0x32 build/debug/stm32h7xx_hal_msp.o
 .ARM.attributes
                0x000003a4       0x32 build/debug/stm32h7xx_hal_pcd.o
 .ARM.attributes
                0x000003d6       0x32 build/debug/stm32h7xx_hal_pcd_ex.o
 .ARM.attributes
                0x00000408       0x32 build/debug/stm32h7xx_hal_pwr_ex.o
 .ARM.attributes
                0x0000043a       0x32 build/debug/stm32h7xx_hal_rcc.o
 .ARM.attributes
                0x0000046c       0x32 build/debug/stm32h7xx_hal_rcc_ex.o
 .ARM.attributes
                0x0000049e       0x32 build/debug/stm32h7xx_hal_spi.o
 .ARM.attributes
                0x000004d0       0x32 build/debug/stm32h7xx_hal_tim.o
 .ARM.attributes
                0x00000502       0x32 build/debug/stm32h7xx_hal_tim_ex.o
 .ARM.attributes
                0x00000534       0x32 build/debug/stm32h7xx_it.o
 .ARM.attributes
                0x00000566       0x32 build/debug/stm32h7xx_ll_usb.o
 .ARM.attributes
                0x00000598       0x32 build/debug/syscalls.o
 .ARM.attributes
                0x000005ca       0x32 build/debug/sysmem.o
 .ARM.attributes
                0x000005fc       0x32 build/debug/system_stm32h7xx.o
 .ARM.attributes
                0x0000062e       0x32 build/debug/tim.o
 .ARM.attributes
                0x00000660       0x32 build/debug/usb_device.o
 .ARM.attributes
                0x00000692       0x32 build/debug/usbd_cdc.o
 .ARM.attributes
                0x000006c4       0x32 build/debug/usbd_cdc_if.o
 .ARM.attributes
                0x000006f6       0x32 build/debug/usbd_conf.o
 .ARM.attributes
                0x00000728       0x32 build/debug/usbd_core.o
 .ARM.attributes
                0x0000075a       0x32 build/debug/usbd_ctlreq.o
 .ARM.attributes
                0x0000078c       0x32 build/debug/usbd_desc.o
 .ARM.attributes
                0x000007be       0x32 build/debug/usbd_ioreq.o
 .ARM.attributes
                0x000007f0       0x32 build/debug/ADXL375.o
 .ARM.attributes
                0x00000822       0x32 build/debug/ICM42688.o
 .ARM.attributes
                0x00000854       0x32 build/debug/MS5607.o
 .ARM.attributes
                0x00000886       0x32 build/debug/abstract.o
 .ARM.attributes
                0x000008b8       0x32 build/debug/cpp_main.o
 .ARM.attributes
                0x000008ea       0x21 build/debug/startup_stm32h725xx.o
 .ARM.attributes
                0x0000090b       0x32 /usr/lib/gcc/arm-none-eabi/13.2.1/../../../arm-none-eabi/lib/thumb/v7e-m+dp/hard/libm.a(libm_a-pow.o)
 .ARM.attributes
                0x0000093d       0x32 /usr/lib/gcc/arm-none-eabi/13.2.1/../../../arm-none-eabi/lib/thumb/v7e-m+dp/hard/libm.a(libm_a-exp_data.o)
 .ARM.attributes
                0x0000096f       0x32 /usr/lib/gcc/arm-none-eabi/13.2.1/../../../arm-none-eabi/lib/thumb/v7e-m+dp/hard/libm.a(libm_a-pow_log_data.o)
 .ARM.attributes
                0x000009a1       0x32 /usr/lib/gcc/arm-none-eabi/13.2.1/../../../arm-none-eabi/lib/thumb/v7e-m+dp/hard/libm.a(libm_a-math_err.o)
 .ARM.attributes
                0x000009d3       0x32 /usr/lib/gcc/arm-none-eabi/13.2.1/../../../arm-none-eabi/lib/thumb/v7e-m+dp/hard/libc_nano.a(libc_a-sprintf.o)
 .ARM.attributes
                0x00000a05       0x32 /usr/lib/gcc/arm-none-eabi/13.2.1/../../../arm-none-eabi/lib/thumb/v7e-m+dp/hard/libc_nano.a(libc_a-strcpy.o)
 .ARM.attributes
                0x00000a37       0x32 /usr/lib/gcc/arm-none-eabi/13.2.1/../../../arm-none-eabi/lib/thumb/v7e-m+dp/hard/libc_nano.a(libc_a-impure.o)
 .ARM.attributes
                0x00000a69       0x32 /usr/lib/gcc/arm-none-eabi/13.2.1/../../../arm-none-eabi/lib/thumb/v7e-m+dp/hard/libc_nano.a(libc_a-nano-svfprintf.o)
 .ARM.attributes
                0x00000a9b       0x32 /usr/lib/gcc/arm-none-eabi/13.2.1/../../../arm-none-eabi/lib/thumb/v7e-m+dp/hard/libc_nano.a(libc_a-init.o)
 .ARM.attributes
                0x00000acd       0x1c /usr/lib/gcc/arm-none-eabi/13.2.1/../../../arm-none-eabi/lib/thumb/v7e-m+dp/hard/libc_nano.a(libc_a-strlen.o)
 .ARM.attributes
                0x00000ae9       0x32 /usr/lib/gcc/arm-none-eabi/13.2.1/../../../arm-none-eabi/lib/thumb/v7e-m+dp/hard/libc_nano.a(libc_a-memset.o)
 .ARM.attributes
                0x00000b1b       0x32 /usr/lib/gcc/arm-none-eabi/13.2.1/../../../arm-none-eabi/lib/thumb/v7e-m+dp/hard/libc_nano.a(libc_a-errno.o)
 .ARM.attributes
                0x00000b4d       0x32 /usr/lib/gcc/arm-none-eabi/13.2.1/../../../arm-none-eabi/lib/thumb/v7e-m+dp/hard/libc_nano.a(libc_a-nano-vfprintf_float.o)
 .ARM.attributes
                0x00000b7f       0x32 /usr/lib/gcc/arm-none-eabi/13.2.1/../../../arm-none-eabi/lib/thumb/v7e-m+dp/hard/libc_nano.a(libc_a-mallocr.o)
 .ARM.attributes
                0x00000bb1       0x32 /usr/lib/gcc/arm-none-eabi/13.2.1/../../../arm-none-eabi/lib/thumb/v7e-m+dp/hard/libc_nano.a(libc_a-dtoa.o)
 .ARM.attributes
                0x00000be3       0x32 /usr/lib/gcc/arm-none-eabi/13.2.1/../../../arm-none-eabi/lib/thumb/v7e-m+dp/hard/libc_nano.a(libc_a-freer.o)
 .ARM.attributes
                0x00000c15       0x32 /usr/lib/gcc/arm-none-eabi/13.2.1/../../../arm-none-eabi/lib/thumb/v7e-m+dp/hard/libc_nano.a(libc_a-memmove.o)
 .ARM.attributes
                0x00000c47       0x1c /usr/lib/gcc/arm-none-eabi/13.2.1/../../../arm-none-eabi/lib/thumb/v7e-m+dp/hard/libc_nano.a(libc_a-memchr.o)
 .ARM.attributes
                0x00000c63       0x1e /usr/lib/gcc/arm-none-eabi/13.2.1/../../../arm-none-eabi/lib/thumb/v7e-m+dp/hard/libc_nano.a(libc_a-memcpy.o)
 .ARM.attributes
                0x00000c81       0x32 /usr/lib/gcc/arm-none-eabi/13.2.1/../../../arm-none-eabi/lib/thumb/v7e-m+dp/hard/libc_nano.a(libc_a-malloc.o)
 .ARM.attributes
                0x00000cb3       0x32 /usr/lib/gcc/arm-none-eabi/13.2.1/../../../arm-none-eabi/lib/thumb/v7e-m+dp/hard/libc_nano.a(libc_a-reallocr.o)
 .ARM.attributes
                0x00000ce5       0x32 /usr/lib/gcc/arm-none-eabi/13.2.1/../../../arm-none-eabi/lib/thumb/v7e-m+dp/hard/libc_nano.a(libc_a-nano-vfprintf_i.o)
 .ARM.attributes
                0x00000d17       0x32 /usr/lib/gcc/arm-none-eabi/13.2.1/../../../arm-none-eabi/lib/thumb/v7e-m+dp/hard/libc_nano.a(libc_a-mlock.o)
 .ARM.attributes
                0x00000d49       0x32 /usr/lib/gcc/arm-none-eabi/13.2.1/../../../arm-none-eabi/lib/thumb/v7e-m+dp/hard/libc_nano.a(libc_a-assert.o)
 .ARM.attributes
                0x00000d7b       0x32 /usr/lib/gcc/arm-none-eabi/13.2.1/../../../arm-none-eabi/lib/thumb/v7e-m+dp/hard/libc_nano.a(libc_a-mprec.o)
 .ARM.attributes
                0x00000dad       0x32 /usr/lib/gcc/arm-none-eabi/13.2.1/../../../arm-none-eabi/lib/thumb/v7e-m+dp/hard/libc_nano.a(libc_a-sbrkr.o)
 .ARM.attributes
                0x00000ddf       0x32 /usr/lib/gcc/arm-none-eabi/13.2.1/../../../arm-none-eabi/lib/thumb/v7e-m+dp/hard/libc_nano.a(libc_a-msizer.o)
 .ARM.attributes
                0x00000e11       0x32 /usr/lib/gcc/arm-none-eabi/13.2.1/../../../arm-none-eabi/lib/thumb/v7e-m+dp/hard/libc_nano.a(libc_a-localeconv.o)
 .ARM.attributes
                0x00000e43       0x32 /usr/lib/gcc/arm-none-eabi/13.2.1/../../../arm-none-eabi/lib/thumb/v7e-m+dp/hard/libc_nano.a(libc_a-findfp.o)
 .ARM.attributes
                0x00000e75       0x32 /usr/lib/gcc/arm-none-eabi/13.2.1/../../../arm-none-eabi/lib/thumb/v7e-m+dp/hard/libc_nano.a(libc_a-abort.o)
 .ARM.attributes
                0x00000ea7       0x32 /usr/lib/gcc/arm-none-eabi/13.2.1/../../../arm-none-eabi/lib/thumb/v7e-m+dp/hard/libc_nano.a(libc_a-fflush.o)
 .ARM.attributes
                0x00000ed9       0x32 /usr/lib/gcc/arm-none-eabi/13.2.1/../../../arm-none-eabi/lib/thumb/v7e-m+dp/hard/libc_nano.a(libc_a-callocr.o)
 .ARM.attributes
                0x00000f0b       0x32 /usr/lib/gcc/arm-none-eabi/13.2.1/../../../arm-none-eabi/lib/thumb/v7e-m+dp/hard/libc_nano.a(libc_a-locale.o)
 .ARM.attributes
                0x00000f3d       0x32 /usr/lib/gcc/arm-none-eabi/13.2.1/../../../arm-none-eabi/lib/thumb/v7e-m+dp/hard/libc_nano.a(libc_a-fwalk.o)
 .ARM.attributes
                0x00000f6f       0x32 /usr/lib/gcc/arm-none-eabi/13.2.1/../../../arm-none-eabi/lib/thumb/v7e-m+dp/hard/libc_nano.a(libc_a-wctomb_r.o)
 .ARM.attributes
                0x00000fa1       0x32 /usr/lib/gcc/arm-none-eabi/13.2.1/../../../arm-none-eabi/lib/thumb/v7e-m+dp/hard/libc_nano.a(libc_a-fprintf.o)
 .ARM.attributes
                0x00000fd3       0x32 /usr/lib/gcc/arm-none-eabi/13.2.1/../../../arm-none-eabi/lib/thumb/v7e-m+dp/hard/libc_nano.a(libc_a-reent.o)
 .ARM.attributes
                0x00001005       0x32 /usr/lib/gcc/arm-none-eabi/13.2.1/../../../arm-none-eabi/lib/thumb/v7e-m+dp/hard/libc_nano.a(libc_a-ctype_.o)
 .ARM.attributes
                0x00001037       0x32 /usr/lib/gcc/arm-none-eabi/13.2.1/../../../arm-none-eabi/lib/thumb/v7e-m+dp/hard/libc_nano.a(libc_a-nano-vfprintf.o)
 .ARM.attributes
                0x00001069       0x32 /usr/lib/gcc/arm-none-eabi/13.2.1/../../../arm-none-eabi/lib/thumb/v7e-m+dp/hard/libc_nano.a(libc_a-wbuf.o)
 .ARM.attributes
                0x0000109b       0x32 /usr/lib/gcc/arm-none-eabi/13.2.1/../../../arm-none-eabi/lib/thumb/v7e-m+dp/hard/libc_nano.a(libc_a-stdio.o)
 .ARM.attributes
                0x000010cd       0x32 /usr/lib/gcc/arm-none-eabi/13.2.1/../../../arm-none-eabi/lib/thumb/v7e-m+dp/hard/libc_nano.a(libc_a-fvwrite.o)
 .ARM.attributes
                0x000010ff       0x32 /usr/lib/gcc/arm-none-eabi/13.2.1/../../../arm-none-eabi/lib/thumb/v7e-m+dp/hard/libc_nano.a(libc_a-mbtowc_r.o)
 .ARM.attributes
                0x00001131       0x32 /usr/lib/gcc/arm-none-eabi/13.2.1/../../../arm-none-eabi/lib/thumb/v7e-m+dp/hard/libc_nano.a(libc_a-signal.o)
 .ARM.attributes
                0x00001163       0x32 /usr/lib/gcc/arm-none-eabi/13.2.1/../../../arm-none-eabi/lib/thumb/v7e-m+dp/hard/libc_nano.a(libc_a-closer.o)
 .ARM.attributes
                0x00001195       0x32 /usr/lib/gcc/arm-none-eabi/13.2.1/../../../arm-none-eabi/lib/thumb/v7e-m+dp/hard/libc_nano.a(libc_a-wsetup.o)
 .ARM.attributes
                0x000011c7       0x32 /usr/lib/gcc/arm-none-eabi/13.2.1/../../../arm-none-eabi/lib/thumb/v7e-m+dp/hard/libc_nano.a(libc_a-readr.o)
 .ARM.attributes
                0x000011f9       0x32 /usr/lib/gcc/arm-none-eabi/13.2.1/../../../arm-none-eabi/lib/thumb/v7e-m+dp/hard/libc_nano.a(libc_a-makebuf.o)