Archive member included to satisfy reference by file (symbol)

/usr/lib/gcc/arm-none-eabi/13.2.1/../../../arm-none-eabi/lib/thumb/v7e-m+dp/hard/libstdc++_nano.a(atexit_arm.o)
                              build/debug/cpp_main.o (__aeabi_atexit)
/usr/lib/gcc/arm-none-eabi/13.2.1/../../../arm-none-eabi/lib/thumb/v7e-m+dp/hard/libstdc++_nano.a(del_ops.o)
                              build/debug/u-blox_GNSS.o (operator delete(void*, unsigned int))
/usr/lib/gcc/arm-none-eabi/13.2.1/../../../arm-none-eabi/lib/thumb/v7e-m+dp/hard/libstdc++_nano.a(del_opv.o)
                              build/debug/u-blox_GNSS.o (operator delete[](void*))
/usr/lib/gcc/arm-none-eabi/13.2.1/../../../arm-none-eabi/lib/thumb/v7e-m+dp/hard/libstdc++_nano.a(new_op.o)
                              build/debug/u-blox_GNSS.o (operator new(unsigned int))
/usr/lib/gcc/arm-none-eabi/13.2.1/../../../arm-none-eabi/lib/thumb/v7e-m+dp/hard/libstdc++_nano.a(new_opv.o)
                              build/debug/u-blox_GNSS.o (operator new[](unsigned int))
/usr/lib/gcc/arm-none-eabi/13.2.1/../../../arm-none-eabi/lib/thumb/v7e-m+dp/hard/libstdc++_nano.a(del_op.o)
                              /usr/lib/gcc/arm-none-eabi/13.2.1/../../../arm-none-eabi/lib/thumb/v7e-m+dp/hard/libstdc++_nano.a(del_ops.o) (operator delete(void*))
/usr/lib/gcc/arm-none-eabi/13.2.1/../../../arm-none-eabi/lib/thumb/v7e-m+dp/hard/libstdc++_nano.a(new_handler.o)
                              /usr/lib/gcc/arm-none-eabi/13.2.1/../../../arm-none-eabi/lib/thumb/v7e-m+dp/hard/libstdc++_nano.a(new_op.o) (std::get_new_handler())
/usr/lib/gcc/arm-none-eabi/13.2.1/../../../arm-none-eabi/lib/thumb/v7e-m+dp/hard/libm.a(libm_a-pow.o)
                              build/debug/MS5607.o (pow)
/usr/lib/gcc/arm-none-eabi/13.2.1/../../../arm-none-eabi/lib/thumb/v7e-m+dp/hard/libm.a(libm_a-exp_data.o)
                              /usr/lib/gcc/arm-none-eabi/13.2.1/../../../arm-none-eabi/lib/thumb/v7e-m+dp/hard/libm.a(libm_a-pow.o) (__exp_data)
/usr/lib/gcc/arm-none-eabi/13.2.1/../../../arm-none-eabi/lib/thumb/v7e-m+dp/hard/libm.a(libm_a-pow_log_data.o)
                              /usr/lib/gcc/arm-none-eabi/13.2.1/../../../arm-none-eabi/lib/thumb/v7e-m+dp/hard/libm.a(libm_a-pow.o) (__pow_log_data)
/usr/lib/gcc/arm-none-eabi/13.2.1/../../../arm-none-eabi/lib/thumb/v7e-m+dp/hard/libm.a(libm_a-math_err.o)
                              /usr/lib/gcc/arm-none-eabi/13.2.1/../../../arm-none-eabi/lib/thumb/v7e-m+dp/hard/libm.a(libm_a-pow.o) (__math_uflow)
/usr/lib/gcc/arm-none-eabi/13.2.1/../../../arm-none-eabi/lib/thumb/v7e-m+dp/hard/libc_nano.a(libc_a-sprintf.o)
                              build/debug/u-blox_GNSS.o (sprintf)
/usr/lib/gcc/arm-none-eabi/13.2.1/../../../arm-none-eabi/lib/thumb/v7e-m+dp/hard/libc_nano.a(libc_a-strstr.o)
                              build/debug/u-blox_GNSS.o (strstr)
/usr/lib/gcc/arm-none-eabi/13.2.1/../../../arm-none-eabi/lib/thumb/v7e-m+dp/hard/libc_nano.a(libc_a-strchr.o)
                              /usr/lib/gcc/arm-none-eabi/13.2.1/../../../arm-none-eabi/lib/thumb/v7e-m+dp/hard/libc_nano.a(libc_a-strstr.o) (strchr)
/usr/lib/gcc/arm-none-eabi/13.2.1/../../../arm-none-eabi/lib/thumb/v7e-m+dp/hard/libc_nano.a(libc_a-strcpy.o)
                              build/debug/abstract.o (strcpy)
/usr/lib/gcc/arm-none-eabi/13.2.1/../../../arm-none-eabi/lib/thumb/v7e-m+dp/hard/libc_nano.a(libc_a-impure.o)
                              /usr/lib/gcc/arm-none-eabi/13.2.1/../../../arm-none-eabi/lib/thumb/v7e-m+dp/hard/libc_nano.a(libc_a-sprintf.o) (_impure_ptr)
/usr/lib/gcc/arm-none-eabi/13.2.1/../../../arm-none-eabi/lib/thumb/v7e-m+dp/hard/libc_nano.a(libc_a-nano-svfprintf.o)
                              /usr/lib/gcc/arm-none-eabi/13.2.1/../../../arm-none-eabi/lib/thumb/v7e-m+dp/hard/libc_nano.a(libc_a-sprintf.o) (_svfprintf_r)
/usr/lib/gcc/arm-none-eabi/13.2.1/../../../arm-none-eabi/lib/thumb/v7e-m+dp/hard/libc_nano.a(libc_a-init.o)
                              /usr/lib/gcc/arm-none-eabi/13.2.1/../../../arm-none-eabi/lib/thumb/v7e-m+dp/hard/crt0.o (__libc_init_array)
/usr/lib/gcc/arm-none-eabi/13.2.1/../../../arm-none-eabi/lib/thumb/v7e-m+dp/hard/libc_nano.a(libc_a-sscanf.o)
                              build/debug/u-blox_GNSS.o (sscanf)
/usr/lib/gcc/arm-none-eabi/13.2.1/../../../arm-none-eabi/lib/thumb/v7e-m+dp/hard/libc_nano.a(libc_a-abort.o)
                              /usr/lib/gcc/arm-none-eabi/13.2.1/../../../arm-none-eabi/lib/thumb/v7e-m+dp/hard/libstdc++_nano.a(new_op.o) (abort)
/usr/lib/gcc/arm-none-eabi/13.2.1/../../../arm-none-eabi/lib/thumb/v7e-m+dp/hard/libc_nano.a(libc_a-strlen.o)
                              build/debug/abstract.o (strlen)
/usr/lib/gcc/arm-none-eabi/13.2.1/../../../arm-none-eabi/lib/thumb/v7e-m+dp/hard/libc_nano.a(libc_a-memset.o)
                              /usr/lib/gcc/arm-none-eabi/13.2.1/../../../arm-none-eabi/lib/thumb/v7e-m+dp/hard/crt0.o (memset)
[...]
Memory Configuration

Name             Origin             Length             Attributes
DTCMRAM          0x20000000         0x00020000         xrw
RAM              0x24000000         0x00020000         xrw
RAM_D2           0x30000000         0x00008000         xrw
RAM_D3           0x38000000         0x00004000         xrw
ITCMRAM          0x00000000         0x00010000         xrw
FLASH            0x08000000         0x00100000         xr
*default*        0x00000000         0xffffffff

Linker script and memory map

LOAD /usr/lib/gcc/arm-none-eabi/13.2.1/thumb/v7e-m+dp/hard/crti.o
LOAD /usr/lib/gcc/arm-none-eabi/13.2.1/thumb/v7e-m+dp/hard/crtbegin.o
LOAD /usr/lib/gcc/arm-none-eabi/13.2.1/../../../arm-none-eabi/lib/thumb/v7e-m+dp/hard/crt0.o
LOAD build/debug/SX1262.o
LOAD build/debug/adc.o
LOAD build/debug/ccsbcs.o
LOAD build/debug/cordic.o
LOAD build/debug/diskio.o
LOAD build/debug/dma.o
LOAD build/debug/fatfs.o
LOAD build/debug/ff.o
LOAD build/debug/ff_gen_drv.o
LOAD build/debug/fmac.o
LOAD build/debug/gpio.o
LOAD build/debug/i2c.o
LOAD build/debug/main.o
LOAD build/debug/memorymap.o
LOAD build/debug/spi.o
LOAD build/debug/stm32h7xx_hal.o
LOAD build/debug/stm32h7xx_hal_adc.o
LOAD build/debug/stm32h7xx_hal_adc_ex.o
LOAD build/debug/stm32h7xx_hal_cordic.o
LOAD build/debug/stm32h7xx_hal_cortex.o
LOAD build/debug/stm32h7xx_hal_dma.o
LOAD build/debug/stm32h7xx_hal_dma_ex.o
LOAD build/debug/stm32h7xx_hal_exti.o
LOAD build/debug/stm32h7xx_hal_flash.o
LOAD build/debug/stm32h7xx_hal_flash_ex.o
LOAD build/debug/stm32h7xx_hal_fmac.o
LOAD build/debug/stm32h7xx_hal_gpio.o
LOAD build/debug/stm32h7xx_hal_hsem.o
LOAD build/debug/stm32h7xx_hal_i2c.o
LOAD build/debug/stm32h7xx_hal_i2c_ex.o
LOAD build/debug/stm32h7xx_hal_mdma.o
LOAD build/debug/stm32h7xx_hal_msp.o
LOAD build/debug/stm32h7xx_hal_pcd.o
LOAD build/debug/stm32h7xx_hal_pcd_ex.o
LOAD build/debug/stm32h7xx_hal_pwr.o
LOAD build/debug/stm32h7xx_hal_pwr_ex.o
LOAD build/debug/stm32h7xx_hal_rcc.o
LOAD build/debug/stm32h7xx_hal_rcc_ex.o
LOAD build/debug/stm32h7xx_hal_spi.o
LOAD build/debug/stm32h7xx_hal_spi_ex.o
LOAD build/debug/stm32h7xx_hal_tim.o
LOAD build/debug/stm32h7xx_hal_tim_ex.o
LOAD build/debug/stm32h7xx_it.o
LOAD build/debug/stm32h7xx_ll_usb.o
LOAD build/debug/syscall.o
LOAD build/debug/syscalls.o
LOAD build/debug/sysmem.o
LOAD build/debug/system_stm32h7xx.o
LOAD build/debug/tim.o
LOAD build/debug/usb_device.o
LOAD build/debug/usbd_cdc.o
LOAD build/debug/usbd_cdc_if.o
LOAD build/debug/usbd_conf.o
LOAD build/debug/usbd_core.o
LOAD build/debug/usbd_ctlreq.o
LOAD build/debug/usbd_desc.o
LOAD build/debug/usbd_ioreq.o
LOAD build/debug/user_diskio.o
LOAD build/debug/user_diskio_spi.o
LOAD build/debug/ADXL375.o
LOAD build/debug/ICM42688.o
LOAD build/debug/MS5607.o
LOAD build/debug/SX1262-new.o
LOAD build/debug/abstract.o
LOAD build/debug/cpp_main.o
LOAD build/debug/sfe_bus.o
LOAD build/debug/u-blox_GNSS.o
LOAD build/debug/startup_stm32h725xx.o
LOAD /usr/lib/gcc/arm-none-eabi/13.2.1/../../../arm-none-eabi/lib/thumb/v7e-m+dp/hard/libnosys.a
LOAD /usr/lib/gcc/arm-none-eabi/13.2.1/../../../arm-none-eabi/lib/thumb/v7e-m+dp/hard/libstdc++_nano.a
LOAD /usr/lib/gcc/arm-none-eabi/13.2.1/../../../arm-none-eabi/lib/thumb/v7e-m+dp/hard/libm.a
LOAD /usr/lib/gcc/arm-none-eabi/13.2.1/../../../arm-none-eabi/lib/thumb/v7e-m+dp/hard/libc_nano.a
START GROUP
LOAD /usr/lib/gcc/arm-none-eabi/13.2.1/thumb/v7e-m+dp/hard/libgcc.a
LOAD /usr/lib/gcc/arm-none-eabi/13.2.1/../../../arm-none-eabi/lib/thumb/v7e-m+dp/hard/libc_nano.a
END GROUP
START GROUP
LOAD /usr/lib/gcc/arm-none-eabi/13.2.1/thumb/v7e-m+dp/hard/libgcc.a
LOAD /usr/lib/gcc/arm-none-eabi/13.2.1/../../../arm-none-eabi/lib/thumb/v7e-m+dp/hard/libc_nano.a
END GROUP
LOAD /usr/lib/gcc/arm-none-eabi/13.2.1/thumb/v7e-m+dp/hard/crtend.o
LOAD /usr/lib/gcc/arm-none-eabi/13.2.1/thumb/v7e-m+dp/hard/crtn.o
                0x20020000                        _estack = (ORIGIN (DTCMRAM) + LENGTH (DTCMRAM))
                0x00000200                        _Min_Heap_Size = 0x200
                0x00000400                        _Min_Stack_Size = 0x400

.isr_vector     0x08000000      0x2cc
                0x08000000                        . = ALIGN (0x4)
 *(.isr_vector)
 .isr_vector    0x08000000      0x2cc build/debug/startup_stm32h725xx.o
                0x08000000                g_pfnVectors
                0x080002cc                        . = ALIGN (0x4)

.text           0x08000300    0x2942c
                0x08000300                        . = ALIGN (0x4)
 *(.text)
 .text          0x08000300       0x88 /usr/lib/gcc/arm-none-eabi/13.2.1/thumb/v7e-m+dp/hard/crtbegin.o
 .text          0x08000388       0xd4 build/debug/abstract.o
                0x08000388                SerialPrint
                0x0800039a                SerialPrintln
                0x080003e8                i2cRead
                0x0800040c                i2cWrite(unsigned char, unsigned char, unsigned char*, unsigned char)
                0x08000430                delay_us
 .text          0x0800045c       0x60 build/debug/cpp_main.o
                0x08000480                cpp_main
 .text          0x080004bc       0xd8 build/debug/sfe_bus.o
                0x080004bc                SparkFun_UBLOX_GNSS::SfeI2C::ping()
                0x080004dc                SparkFun_UBLOX_GNSS::SfeI2C::available()
                0x0800051a                SparkFun_UBLOX_GNSS::SfeI2C::writeBytes(unsigned char*, unsigned char)
                0x08000542                SparkFun_UBLOX_GNSS::SfeI2C::readBytes(unsigned char*, unsigned char)
                0x0800056a                SparkFun_UBLOX_GNSS::SfeI2C::SfeI2C()
                0x0800056a                SparkFun_UBLOX_GNSS::SfeI2C::SfeI2C()
                0x08000584                SparkFun_UBLOX_GNSS::SfeI2C::init(__I2C_HandleTypeDef&, unsigned char)
 *fill*         0x08000594        0x4 
 .text          0x08000598    0x157c0 build/debug/u-blox_GNSS.o
                0x08000598                DevUBLOXGNSS::DevUBLOXGNSS()
                0x08000598                DevUBLOXGNSS::DevUBLOXGNSS()
                0x0800080c                DevUBLOXGNSS::end()
                0x08001024                DevUBLOXGNSS::~DevUBLOXGNSS()
                0x08001024                DevUBLOXGNSS::~DevUBLOXGNSS()
                0x08001068                DevUBLOXGNSS::setPacketCfgPayloadSize(unsigned int)
                0x08001188                DevUBLOXGNSS::getPacketCfgSpaceRemaining()
                0x08001194                DevUBLOXGNSS::setCommunicationBus(SparkFun_UBLOX_GNSS::GNSSDeviceBus&)
                0x0800119a                DevUBLOXGNSS::available()
                0x080011a8                DevUBLOXGNSS::ping()
                0x080011ce                DevUBLOXGNSS::writeBytes(unsigned char*, unsigned char)
                0x080011dc                DevUBLOXGNSS::writeReadBytes(unsigned char const*, unsigned char*, unsigned char)
                0x080011ea                DevUBLOXGNSS::startWriteReadByte()
                0x080011f8                DevUBLOXGNSS::writeReadByte(unsigned char const*, unsigned char*)
                0x08001206                DevUBLOXGNSS::writeReadByte(unsigned char, unsigned char*)
                0x08001214                DevUBLOXGNSS::endWriteReadByte()
                0x08001222                DevUBLOXGNSS::readBytes(unsigned char*, unsigned char)
                0x08001230                DevUBLOXGNSS::setI2CpollingWait(unsigned char)
                0x08001236                DevUBLOXGNSS::setSPIpollingWait(unsigned char)
                0x0800123c                DevUBLOXGNSS::setI2CTransactionSize(unsigned char)
                0x08001248                DevUBLOXGNSS::getI2CTransactionSize()
                0x0800124e                DevUBLOXGNSS::setSpiTransactionSize(unsigned char)
                0x08001288                DevUBLOXGNSS::getSpiTransactionSize()
                0x0800128e                DevUBLOXGNSS::setSpiBufferSize(unsigned int)
                0x080012bc                DevUBLOXGNSS::getSpiBufferSize()
                0x080012c2                DevUBLOXGNSS::setMaxNMEAByteCount(signed char)
                0x080012c8                DevUBLOXGNSS::getMaxNMEAByteCount()
                0x080012ce                DevUBLOXGNSS::enableDebugging()
                0x080012d6                DevUBLOXGNSS::disableDebugging()
                0x080012e2                DevUBLOXGNSS::debugPrint(char*)
                0x080012f4                DevUBLOXGNSS::debugPrintln(char*)
                0x08001306                DevUBLOXGNSS::statusString(sfe_ublox_status_e)
                0x08001398                DevUBLOXGNSS::autoLookup(unsigned char, unsigned char, unsigned short*)
                0x08001856                DevUBLOXGNSS::isNMEAHeaderValid()
                0x0800198c                DevUBLOXGNSS::processThisNMEA()
                0x08001ba8                DevUBLOXGNSS::processNMEA(char)
                0x08001baa                DevUBLOXGNSS::isThisNMEAauto()
                0x08001d3c                DevUBLOXGNSS::doesThisNMEAHaveCallback()
                0x08001f40                DevUBLOXGNSS::getNMEAWorkingLengthPtr()
                0x080020c8                DevUBLOXGNSS::getNMEAWorkingNMEAPtr()
                0x08002250                DevUBLOXGNSS::getNMEACompleteLengthPtr()
                0x080023d8                DevUBLOXGNSS::getNMEACompleteNMEAPtr()
                0x08002560                DevUBLOXGNSS::getNMEACallbackLengthPtr()
                0x080026f8                DevUBLOXGNSS::getNMEACallbackNMEAPtr()
                0x080028a8                DevUBLOXGNSS::getNMEAMaxLength()
                0x08002a04                DevUBLOXGNSS::getNMEAFlagsPtr()
                0x08002b78                DevUBLOXGNSS::processRTCM(unsigned char)
                0x08002b7a                DevUBLOXGNSS::processRTCMframe(unsigned char, unsigned short*)
                0x08002bcc                DevUBLOXGNSS::enableUBXlogging(unsigned char, unsigned char, bool, bool)
                0x08002c30                DevUBLOXGNSS::logOrProcessThisUBX(unsigned char, unsigned char, bool)
                0x08002c5e                DevUBLOXGNSS::logThisUBX(unsigned char, unsigned char)
                0x08002c68                DevUBLOXGNSS::processThisUBX(unsigned char, unsigned char)
                0x08002c72                DevUBLOXGNSS::calcChecksum(ubxPacket*)
                0x08002cc6                DevUBLOXGNSS::addToChecksum(unsigned char)
                0x08002cde                DevUBLOXGNSS::sendI2cCommand(ubxPacket*)
                0x08002e1c                DevUBLOXGNSS::sendSerialCommand(ubxPacket*)
                0x08002e74                DevUBLOXGNSS::spiTransfer(unsigned char)
                0x08002f0c                DevUBLOXGNSS::sendSpiCommand(ubxPacket*)
                0x08003004                DevUBLOXGNSS::printPacket(ubxPacket*, bool)
                0x0800312c                DevUBLOXGNSS::checkCallbacks()
                0x080039a0                DevUBLOXGNSS::initPacketUBXMGAACK()
                0x080039d8                DevUBLOXGNSS::findMGAANOForDateInternal(unsigned char const*, unsigned int, unsigned short, unsigned char, unsigned char, unsigned char)
                0x08003bd0                DevUBLOXGNSS::findMGAANOForDate(unsigned char const*, unsigned int, unsigned short, unsigned char, unsigned char, unsigned char)
                0x08003bee                DevUBLOXGNSS::initPacketUBXMGADBD()
                0x08003c28                DevUBLOXGNSS::setFileBufferSize(unsigned short)
                0x08003c2e                DevUBLOXGNSS::getFileBufferSize()
                0x08003c34                DevUBLOXGNSS::getMaxFileBufferAvail()
                0x08003c3a                DevUBLOXGNSS::clearFileBuffer()
                0x08003c4a                DevUBLOXGNSS::clearMaxFileBufferAvail()
                0x08003c52                DevUBLOXGNSS::createFileBuffer()
                0x08003ce4                DevUBLOXGNSS::fileBufferSpaceUsed()
                0x08003d04                DevUBLOXGNSS::extractFileBufferData(unsigned char*, unsigned short)
                0x08003d64                DevUBLOXGNSS::fileBufferAvailable()
                0x08003d6c                DevUBLOXGNSS::fileBufferSpaceAvailable()
                0x08003d7c                DevUBLOXGNSS::writeToFileBuffer(unsigned char*, unsigned short)
                0x08003de0                DevUBLOXGNSS::storePacket(ubxPacket*)
                0x08003e98                DevUBLOXGNSS::storeFileBytes(unsigned char*, unsigned short)
                0x08003ef4                DevUBLOXGNSS::setRTCMBufferSize(unsigned short)
                0x08003efa                DevUBLOXGNSS::getRTCMBufferSize()
                0x08003f00                DevUBLOXGNSS::clearRTCMBuffer()
                0x08003f10                DevUBLOXGNSS::createRTCMBuffer()
                0x08003f60                DevUBLOXGNSS::rtcmBufferSpaceUsed()
                0x08003f80                DevUBLOXGNSS::extractRTCMBufferData(unsigned char*, unsigned short)
                0x08003fe0                DevUBLOXGNSS::rtcmBufferAvailable()
                0x08003fe8                DevUBLOXGNSS::rtcmBufferSpaceAvailable()
                0x08003ff8                DevUBLOXGNSS::writeToRTCMBuffer(unsigned char*, unsigned short)
                0x0800404a                DevUBLOXGNSS::storeRTCMBytes(unsigned char*, unsigned short)
                0x08004080                DevUBLOXGNSS::initModuleSWVersion()
                0x080040d8                DevUBLOXGNSS::initGeofenceParams()
                0x0800410c                DevUBLOXGNSS::getEnableGNSSConfigKey(sfe_ublox_gnss_ids_e)
                0x08004144                DevUBLOXGNSS::uSpartnCrc4(unsigned char const*, unsigned int)
                0x08004164                DevUBLOXGNSS::uSpartnCrc8(unsigned char const*, unsigned int)
                0x08004188                DevUBLOXGNSS::uSpartnCrc16(unsigned char const*, unsigned int)
                0x080041bc                DevUBLOXGNSS::uSpartnCrc24(unsigned char const*, unsigned int)
                0x080041f4                DevUBLOXGNSS::uSpartnCrc32(unsigned char const*, unsigned int)
                0x0800422c                DevUBLOXGNSS::parseSPARTN(unsigned char, bool&, unsigned short&, sfe_ublox_spartn_header_t*)
                0x080046ac                DevUBLOXGNSS::newCfgValset(unsigned char)
                0x080046ec                DevUBLOXGNSS::getCfgValsetLen()
                0x080046f2                DevUBLOXGNSS::getCfgValsetSpaceRemaining()
                0x080046fa                DevUBLOXGNSS::newCfgValget(ubxPacket*, unsigned short, unsigned char)
                0x08004784                DevUBLOXGNSS::newCfgValget(unsigned char)
                0x08004796                DevUBLOXGNSS::getCfgValueSizeBytes(unsigned long)
                0x080048ac                DevUBLOXGNSS::addCfgValget(ubxPacket*, unsigned long)
                0x08004954                DevUBLOXGNSS::addCfgValget(unsigned long)
                0x08004962                DevUBLOXGNSS::initPacketUBXNAVPOSECEF()
                0x080049a8                DevUBLOXGNSS::assumeAutoNAVPOSECEF(bool, bool)
                0x080049f6                DevUBLOXGNSS::flushNAVPOSECEF()
                0x08004a02                DevUBLOXGNSS::logNAVPOSECEF(bool)
                0x08004a12                DevUBLOXGNSS::initPacketUBXNAVSTATUS()
                0x08004a58                DevUBLOXGNSS::assumeAutoNAVSTATUS(bool, bool)
                0x08004aa6                DevUBLOXGNSS::flushNAVSTATUS()
                0x08004ab2                DevUBLOXGNSS::logNAVSTATUS(bool)
                0x08004ac2                DevUBLOXGNSS::initPacketUBXNAVDOP()
                0x08004b08                DevUBLOXGNSS::assumeAutoDOP(bool, bool)
                0x08004b56                DevUBLOXGNSS::flushDOP()
                0x08004b62                DevUBLOXGNSS::logNAVDOP(bool)
                0x08004b72                DevUBLOXGNSS::initPacketUBXNAVEOE()
                0x08004bb8                DevUBLOXGNSS::assumeAutoNAVEOE(bool, bool)
                0x08004c06                DevUBLOXGNSS::flushNAVEOE()
                0x08004c12                DevUBLOXGNSS::logNAVEOE(bool)
                0x08004c22                DevUBLOXGNSS::initPacketUBXNAVATT()
                0x08004c68                DevUBLOXGNSS::assumeAutoNAVATT(bool, bool)
                0x08004cb6                DevUBLOXGNSS::flushNAVATT()
                0x08004cc2                DevUBLOXGNSS::logNAVATT(bool)
                0x08004cd2                DevUBLOXGNSS::initPacketUBXNAVPVT()
                0x08004d1c                DevUBLOXGNSS::assumeAutoPVT(bool, bool)
                0x08004d6a                DevUBLOXGNSS::flushPVT()
                0x08004d7c                DevUBLOXGNSS::logNAVPVT(bool)
                0x08004d8c                DevUBLOXGNSS::initPacketUBXNAVODO()
                0x08004dd0                DevUBLOXGNSS::assumeAutoNAVODO(bool, bool)
                0x08004e1e                DevUBLOXGNSS::flushNAVODO()
                0x08004e2a                DevUBLOXGNSS::logNAVODO(bool)
                0x08004e3a                DevUBLOXGNSS::initPacketUBXNAVVELECEF()
                0x08004e80                DevUBLOXGNSS::assumeAutoNAVVELECEF(bool, bool)
                0x08004ece                DevUBLOXGNSS::flushNAVVELECEF()
                0x08004eda                DevUBLOXGNSS::logNAVVELECEF(bool)
                0x08004eea                DevUBLOXGNSS::initPacketUBXNAVVELNED()
                0x08004f30                DevUBLOXGNSS::assumeAutoNAVVELNED(bool, bool)
                0x08004f7e                DevUBLOXGNSS::flushNAVVELNED()
                0x08004f8a                DevUBLOXGNSS::logNAVVELNED(bool)
                0x08004f9a                DevUBLOXGNSS::initPacketUBXNAVHPPOSECEF()
                0x08004fe0                DevUBLOXGNSS::assumeAutoNAVHPPOSECEF(bool, bool)
                0x0800502e                DevUBLOXGNSS::flushNAVHPPOSECEF()
                0x0800503a                DevUBLOXGNSS::logNAVHPPOSECEF(bool)
                0x0800504a                DevUBLOXGNSS::initPacketUBXNAVHPPOSLLH()
                0x08005090                DevUBLOXGNSS::assumeAutoHPPOSLLH(bool, bool)
                0x080050de                DevUBLOXGNSS::flushHPPOSLLH()
                0x080050ea                DevUBLOXGNSS::logNAVHPPOSLLH(bool)
                0x080050fa                DevUBLOXGNSS::initPacketUBXNAVPVAT()
                0x08005148                DevUBLOXGNSS::assumeAutoNAVPVAT(bool, bool)
                0x08005196                DevUBLOXGNSS::flushNAVPVAT()
                0x080051a8                DevUBLOXGNSS::logNAVPVAT(bool)
                0x080051b8                DevUBLOXGNSS::initPacketUBXNAVTIMEUTC()
                0x080051fc                DevUBLOXGNSS::assumeAutoNAVTIMEUTC(bool, bool)
                0x0800524a                DevUBLOXGNSS::flushNAVTIMEUTC()
                0x08005256                DevUBLOXGNSS::logNAVTIMEUTC(bool)
                0x08005266                DevUBLOXGNSS::initPacketUBXNAVCLOCK()
                0x080052ac                DevUBLOXGNSS::assumeAutoNAVCLOCK(bool, bool)
                0x080052fa                DevUBLOXGNSS::flushNAVCLOCK()
                0x08005306                DevUBLOXGNSS::logNAVCLOCK(bool)
                0x08005316                DevUBLOXGNSS::initPacketUBXNAVTIMELS()
                0x0800535c                DevUBLOXGNSS::initPacketUBXNAVSVIN()
                0x080053a0                DevUBLOXGNSS::assumeAutoNAVSVIN(bool, bool)
                0x080053ee                DevUBLOXGNSS::flushNAVSVIN()
                0x080053fa                DevUBLOXGNSS::logNAVSVIN(bool)
                0x0800540a                DevUBLOXGNSS::initPacketUBXNAVSAT()
                0x08005458                DevUBLOXGNSS::assumeAutoNAVSAT(bool, bool)
                0x080054a6                DevUBLOXGNSS::flushNAVSAT()
                0x080054b4                DevUBLOXGNSS::logNAVSAT(bool)
                0x080054c4                DevUBLOXGNSS::initPacketUBXNAVSIG()
                0x08005510                DevUBLOXGNSS::assumeAutoNAVSIG(bool, bool)
                0x0800555e                DevUBLOXGNSS::flushNAVSIG()
                0x0800556c                DevUBLOXGNSS::logNAVSIG(bool)
                0x0800557c                DevUBLOXGNSS::initPacketUBXNAVRELPOSNED()
                0x080055c0                DevUBLOXGNSS::assumeAutoRELPOSNED(bool, bool)
                0x0800560e                DevUBLOXGNSS::flushNAVRELPOSNED()
                0x0800561a                DevUBLOXGNSS::logNAVRELPOSNED(bool)
                0x0800562a                DevUBLOXGNSS::initPacketUBXNAVAOPSTATUS()
                0x08005670                DevUBLOXGNSS::assumeAutoAOPSTATUS(bool, bool)
                0x080056be                DevUBLOXGNSS::flushAOPSTATUS()
                0x080056ca                DevUBLOXGNSS::logAOPSTATUS(bool)
                0x080056da                DevUBLOXGNSS::initPacketUBXRXMPMP()
                0x08005718                DevUBLOXGNSS::setRXMPMPcallbackPtr(void (*)(UBX_RXM_PMP_data_t*))
                0x0800576c                DevUBLOXGNSS::initPacketUBXRXMPMPmessage()
                0x080057ac                DevUBLOXGNSS::setRXMPMPmessageCallbackPtr(void (*)(UBX_RXM_PMP_message_data_t*))
                0x08005800                DevUBLOXGNSS::initPacketUBXRXMQZSSL6message()
                0x08005840                DevUBLOXGNSS::setRXMQZSSL6messageCallbackPtr(void (*)(UBX_RXM_QZSSL6_message_data_t*))
                0x08005894                DevUBLOXGNSS::initPacketUBXRXMCOR()
                0x080058d4                DevUBLOXGNSS::setRXMCORcallbackPtr(void (*)(UBX_RXM_COR_data_t*))
                0x08005928                DevUBLOXGNSS::initPacketUBXRXMSFRBX()
                0x0800597c                DevUBLOXGNSS::assumeAutoRXMSFRBX(bool, bool)
                0x080059ca                DevUBLOXGNSS::flushRXMSFRBX()
                0x080059d8                DevUBLOXGNSS::logRXMSFRBX(bool)
                0x080059e8                DevUBLOXGNSS::initPacketUBXRXMRAWX()
                0x08005a34                DevUBLOXGNSS::assumeAutoRXMRAWX(bool, bool)
                0x08005a82                DevUBLOXGNSS::flushRXMRAWX()
                0x08005a90                DevUBLOXGNSS::logRXMRAWX(bool)
                0x08005aa0                DevUBLOXGNSS::initPacketUBXRXMMEASX()
                0x08005aec                DevUBLOXGNSS::assumeAutoRXMMEASX(bool, bool)
                0x08005b3a                DevUBLOXGNSS::flushRXMMEASX()
                0x08005b48                DevUBLOXGNSS::logRXMMEASX(bool)
                0x08005b58                DevUBLOXGNSS::initPacketUBXTIMTM2()
                0x08005b9c                DevUBLOXGNSS::assumeAutoTIMTM2(bool, bool)
                0x08005bea                DevUBLOXGNSS::flushTIMTM2()
                0x08005bf6                DevUBLOXGNSS::logTIMTM2(bool)
                0x08005c06                DevUBLOXGNSS::initPacketUBXTIMTP()
                0x08005c4c                DevUBLOXGNSS::assumeAutoTIMTP(bool, bool)
                0x08005c9a                DevUBLOXGNSS::flushTIMTP()
                0x08005ca6                DevUBLOXGNSS::logTIMTP(bool)
                0x08005cb6                DevUBLOXGNSS::initPacketUBXMONCOMMS()
                0x08005d04                DevUBLOXGNSS::assumeAutoMONCOMMS(bool, bool)
                0x08005d52                DevUBLOXGNSS::flushMONCOMMS()
                0x08005d60                DevUBLOXGNSS::logMONCOMMS(bool)
                0x08005d70                DevUBLOXGNSS::initPacketUBXMONHW()
                0x08005db4                DevUBLOXGNSS::assumeAutoMONHW(bool, bool)
                0x08005e02                DevUBLOXGNSS::flushMONHW()
                0x08005e0e                DevUBLOXGNSS::logMONHW(bool)
                0x08005e1e                DevUBLOXGNSS::initPacketUBXESFALG()
                0x08005e64                DevUBLOXGNSS::assumeAutoESFALG(bool, bool)
                0x08005eb2                DevUBLOXGNSS::flushESFALG()
                0x08005ebe                DevUBLOXGNSS::logESFALG(bool)
                0x08005ece                DevUBLOXGNSS::initPacketUBXESFSTATUS()
                0x08005f14                DevUBLOXGNSS::assumeAutoESFSTATUS(bool, bool)
                0x08005f62                DevUBLOXGNSS::flushESFSTATUS()
                0x08005f6e                DevUBLOXGNSS::logESFSTATUS(bool)
                0x08005f7e                DevUBLOXGNSS::initPacketUBXESFINS()
                0x08005fc4                DevUBLOXGNSS::assumeAutoESFINS(bool, bool)
                0x08006012                DevUBLOXGNSS::flushESFINS()
                0x0800601e                DevUBLOXGNSS::logESFINS(bool)
                0x0800602e                DevUBLOXGNSS::initPacketUBXESFMEAS()
                0x08006070                DevUBLOXGNSS::assumeAutoESFMEAS(bool, bool)
                0x080060be                DevUBLOXGNSS::logESFMEAS(bool)
                0x080060ce                DevUBLOXGNSS::initPacketUBXESFRAW()
                0x08006114                DevUBLOXGNSS::assumeAutoESFRAW(bool, bool)
                0x08006162                DevUBLOXGNSS::logESFRAW(bool)
                0x08006172                DevUBLOXGNSS::initPacketUBXHNRATT()
                0x080061b8                DevUBLOXGNSS::assumeAutoHNRATT(bool, bool)
                0x08006206                DevUBLOXGNSS::flushHNRATT()
                0x08006212                DevUBLOXGNSS::logHNRATT(bool)
                0x08006222                DevUBLOXGNSS::initPacketUBXHNRINS()
                0x08006268                DevUBLOXGNSS::assumeAutoHNRINS(bool, bool)
                0x080062b6                DevUBLOXGNSS::flushHNRINS()
                0x080062c2                DevUBLOXGNSS::logHNRINS(bool)
                0x080062d2                DevUBLOXGNSS::initPacketUBXHNRPVT()
                0x08006318                DevUBLOXGNSS::assumeAutoHNRPVT(bool, bool)
                0x08006366                DevUBLOXGNSS::flushHNRPVT()
                0x08006372                DevUBLOXGNSS::logHNRPVT(bool)
                0x08006382                DevUBLOXGNSS::initPacketUBXSECSIG()
                0x080063c8                DevUBLOXGNSS::assumeAutoSECSIG(bool, bool)
                0x08006416                DevUBLOXGNSS::flushSECSIG()
                0x08006424                DevUBLOXGNSS::logSECSIG(bool)
                0x08006434                DevUBLOXGNSS::setNMEALoggingMask(unsigned long)
                0x0800643a                DevUBLOXGNSS::getNMEALoggingMask()
                0x08006440                DevUBLOXGNSS::setProcessNMEAMask(unsigned long)
                0x08006446                DevUBLOXGNSS::getProcessNMEAMask()
                0x0800644c                DevUBLOXGNSS::initStorageNMEAGPGGA()
                0x080064bc                DevUBLOXGNSS::setNMEAGPGGAcallbackPtr(void (*)(NMEA_GGA_data_t*))
                0x08006518                DevUBLOXGNSS::initStorageNMEAGNGGA()
                0x08006588                DevUBLOXGNSS::setNMEAGNGGAcallbackPtr(void (*)(NMEA_GGA_data_t*))
                0x080065e4                DevUBLOXGNSS::initStorageNMEAGPVTG()
                0x08006654                DevUBLOXGNSS::setNMEAGPVTGcallbackPtr(void (*)(NMEA_VTG_data_t*))
                0x080066b0                DevUBLOXGNSS::initStorageNMEAGNVTG()
                0x08006720                DevUBLOXGNSS::setNMEAGNVTGcallbackPtr(void (*)(NMEA_VTG_data_t*))
                0x0800677c                DevUBLOXGNSS::initStorageNMEAGPRMC()
                0x080067ec                DevUBLOXGNSS::setNMEAGPRMCcallbackPtr(void (*)(NMEA_RMC_data_t*))
                0x08006848                DevUBLOXGNSS::initStorageNMEAGNRMC()
                0x080068b8                DevUBLOXGNSS::setNMEAGNRMCcallbackPtr(void (*)(NMEA_RMC_data_t*))
                0x08006914                DevUBLOXGNSS::initStorageNMEAGPZDA()
                0x08006980                DevUBLOXGNSS::setNMEAGPZDAcallbackPtr(void (*)(NMEA_ZDA_data_t*))
                0x080069d4                DevUBLOXGNSS::initStorageNMEAGNZDA()
                0x08006a40                DevUBLOXGNSS::setNMEAGNZDAcallbackPtr(void (*)(NMEA_ZDA_data_t*))
                0x08006a94                DevUBLOXGNSS::initStorageNMEAGPGST()
                0x08006b04                DevUBLOXGNSS::setNMEAGPGSTcallbackPtr(void (*)(NMEA_GST_data_t*))
                0x08006b60                DevUBLOXGNSS::initStorageNMEAGNGST()
                0x08006bd0                DevUBLOXGNSS::setNMEAGNGSTcallbackPtr(void (*)(NMEA_GST_data_t*))
                0x08006c2c                DevUBLOXGNSS::initStorageNMEA()
                0x08006c94                DevUBLOXGNSS::logThisNMEA()
                0x08006eb8                DevUBLOXGNSS::getRTCMLoggingMask()
                0x08006ebe                DevUBLOXGNSS::initStorageRTCM()
                0x08006ef8                DevUBLOXGNSS::setRTCMLoggingMask(unsigned long)
                0x08006f04                DevUBLOXGNSS::crc24q(unsigned char, unsigned long*)
                0x08006f34                DevUBLOXGNSS::initStorageRTCM1005()
                0x08006f7c                DevUBLOXGNSS::setRTCM1005callbackPtr(void (*)(RTCM_1005_data_t*))
                0x08006fd4                DevUBLOXGNSS::getLatestRTCM1005Input(RTCM_1005_data_t*)
                0x08007028                DevUBLOXGNSS::getLatestRTCM1006Input(RTCM_1006_data_t*)
                0x08007074                DevUBLOXGNSS::setRTCM1005InputcallbackPtr(void (*)(RTCM_1005_data_t*))
                0x0800707a                DevUBLOXGNSS::setRTCM1006InputcallbackPtr(void (*)(RTCM_1006_data_t*))
                0x08007080                DevUBLOXGNSS::getGeoidSeparation(unsigned short)
                0x08007084                DevUBLOXGNSS::getSensorFusionMeasurement(UBX_ESF_MEAS_sensorData_t*, UBX_ESF_MEAS_data_t, unsigned char)
                0x0800709c                DevUBLOXGNSS::getRawSensorMeasurement(UBX_ESF_RAW_sensorData_t*, UBX_ESF_RAW_data_t, unsigned char)
                0x080070b8                DevUBLOXGNSS::getSensorFusionStatus(UBX_ESF_STATUS_sensorStatus_t*, UBX_ESF_STATUS_data_t, unsigned char)
                0x080070e0                DevUBLOXGNSS::extractLongLong(ubxPacket*, unsigned short)
                0x08007120                DevUBLOXGNSS::extractSignedLongLong(ubxPacket*, unsigned short)
                0x08007128                DevUBLOXGNSS::extractLong(ubxPacket*, unsigned short)
                0x08007154                DevUBLOXGNSS::extractSignedLong(ubxPacket*, unsigned short)
                0x0800715c                DevUBLOXGNSS::extractInt(ubxPacket*, unsigned short)
                0x0800716a                DevUBLOXGNSS::extractSignedInt(ubxPacket*, unsigned short)
                0x08007174                DevUBLOXGNSS::extractByte(ubxPacket*, unsigned short)
                0x0800717a                DevUBLOXGNSS::extractSignedChar(ubxPacket*, unsigned short)
                0x08007184                DevUBLOXGNSS::processUBXpacket(ubxPacket*)
                0x0800a5b4                DevUBLOXGNSS::processUBX(unsigned char, ubxPacket*, unsigned char, unsigned char)
                0x0800a910                DevUBLOXGNSS::extractFloat(ubxPacket*, unsigned short)
                0x0800a91c                DevUBLOXGNSS::extractDouble(ubxPacket*, unsigned short)
                0x0800a928                DevUBLOXGNSS::extractUnsignedBits(unsigned char*, unsigned short, unsigned short)
                0x0800a98a                DevUBLOXGNSS::extractSignedBits(unsigned char*, unsigned short, unsigned short)
                0x0800aa0a                DevUBLOXGNSS::extractRTCM1005(RTCM_1005_data_t*, unsigned char*)
                0x0800ab00                DevUBLOXGNSS::process(unsigned char, ubxPacket*, unsigned char, unsigned char)
                0x0800b780                DevUBLOXGNSS::checkUbloxI2C(ubxPacket*, unsigned char, unsigned char)
                0x0800b87c                DevUBLOXGNSS::checkUbloxSerial(ubxPacket*, unsigned char, unsigned char)
                0x0800b8bc                DevUBLOXGNSS::processSpiBuffer(ubxPacket*, unsigned char, unsigned char)
                0x0800b90e                DevUBLOXGNSS::checkUbloxSpi(ubxPacket*, unsigned char, unsigned char)
                0x0800b990                DevUBLOXGNSS::checkUbloxInternal(ubxPacket*, unsigned char, unsigned char)
                0x0800b9f4                DevUBLOXGNSS::checkUblox(unsigned char, unsigned char)
                0x0800ba04                DevUBLOXGNSS::waitForACKResponse(ubxPacket*, unsigned char, unsigned char, unsigned short)
                0x0800bc74                DevUBLOXGNSS::waitForNoACKResponse(ubxPacket*, unsigned char, unsigned char, unsigned short)
                0x0800bda8                DevUBLOXGNSS::sendCommand(ubxPacket*, unsigned short, bool)
                0x0800beb0                DevUBLOXGNSS::cfgRst(unsigned char*, unsigned char)
                0x0800beec                DevUBLOXGNSS::hardReset()
                0x0800bf06                DevUBLOXGNSS::softwareResetGNSSOnly()
                0x0800bf20                DevUBLOXGNSS::softwareEnableGNSS(bool)
                0x0800bf44                DevUBLOXGNSS::cfgCfg(unsigned char*, unsigned char, unsigned short)
                0x0800bf90                DevUBLOXGNSS::factoryReset()
                0x0800bfc0                DevUBLOXGNSS::factoryDefault(unsigned short)
                0x0800bfee                DevUBLOXGNSS::saveConfiguration(unsigned short)
                0x0800c014                DevUBLOXGNSS::saveConfigSelective(unsigned long, unsigned short)
                0x0800c044                DevUBLOXGNSS::getModuleInfo(unsigned short)
                0x0800c21c                DevUBLOXGNSS::prepareModuleInfo(unsigned short)
                0x0800c24e                DevUBLOXGNSS::getProtocolVersionHigh(unsigned short)
                0x0800c264                DevUBLOXGNSS::getProtocolVersionLow(unsigned short)
                0x0800c27a                DevUBLOXGNSS::getFirmwareVersionHigh(unsigned short)
                0x0800c290                DevUBLOXGNSS::getFirmwareVersionLow(unsigned short)
                0x0800c2a6                DevUBLOXGNSS::getFirmwareType(unsigned short)
                0x0800c2c0                DevUBLOXGNSS::getModuleName(unsigned short)
                0x0800c2dc                DevUBLOXGNSS::getProtocolVersion(unsigned short)
                0x0800c2e4                DevUBLOXGNSS::getGeofenceState(geofenceState&, unsigned short)
                0x0800c35e                DevUBLOXGNSS::powerOff(unsigned long, unsigned short)
                0x0800c3f8                DevUBLOXGNSS::powerOffWithInterrupt(unsigned long, unsigned long, bool, unsigned short)
                0x0800c4f8                DevUBLOXGNSS::resetOdometer(unsigned short)
                0x0800c526                DevUBLOXGNSS::resetIMUalignment(unsigned short)
                0x0800c554                DevUBLOXGNSS::getRFinformation(UBX_MON_RF_data_t*, unsigned short)
                0x0800c69a                DevUBLOXGNSS::getHW2status(UBX_MON_HW2_data_t*, unsigned short)
                0x0800c728                DevUBLOXGNSS::setDynamicSPARTNKey(unsigned char, unsigned short, unsigned long, unsigned char const*)
                0x0800c7da                DevUBLOXGNSS::setDynamicSPARTNKey(unsigned char, unsigned short, unsigned long, char const*)
                0x0800c8e4                DevUBLOXGNSS::setDynamicSPARTNKeys(unsigned char, unsigned short, unsigned long, unsigned char const*, unsigned char, unsigned short, unsigned long, unsigned char const*)
                0x0800ca00                DevUBLOXGNSS::setDynamicSPARTNKeys(unsigned char, unsigned short, unsigned long, char const*, unsigned char, unsigned short, unsigned long, char const*)
                0x0800cbe0                DevUBLOXGNSS::getUniqueChipId(UBX_SEC_UNIQID_data_t*, unsigned short)
                0x0800cc66                DevUBLOXGNSS::getUniqueChipIdStr(UBX_SEC_UNIQID_data_t*, unsigned short)
                0x0800cd04                DevUBLOXGNSS::getVal(unsigned long, unsigned char, unsigned short)
                0x0800cdc8                DevUBLOXGNSS::getVal8(unsigned long, unsigned char*, unsigned char, unsigned short)
                0x0800cdf6                DevUBLOXGNSS::isConnected(unsigned short)
                0x0800ce8c                DevUBLOXGNSS::init(unsigned short, bool)
                0x0800cfc8                DevUBLOXGNSS::getDynamicModel(unsigned char, unsigned short)
                0x0800cff0                DevUBLOXGNSS::isGNSSenabled(sfe_ublox_gnss_ids_e, bool*, unsigned char, unsigned short)
                0x0800d014                DevUBLOXGNSS::isGNSSenabled(sfe_ublox_gnss_ids_e, unsigned char, unsigned short)
                0x0800d040                DevUBLOXGNSS::getESFAutoAlignment(bool*, unsigned char, unsigned short)
                0x0800d05c                DevUBLOXGNSS::getESFAutoAlignment(unsigned char, unsigned short)
                0x0800d088                DevUBLOXGNSS::getAckAiding(unsigned char, unsigned short)
                0x0800d0b0                DevUBLOXGNSS::getAopCfg(unsigned char, unsigned short)
                0x0800d0d8                DevUBLOXGNSS::getVal8(unsigned long, unsigned char, unsigned short)
                0x0800d0fa                DevUBLOXGNSS::getLNAMode(sfe_ublox_lna_mode_e*, unsigned char, unsigned short)
                0x0800d114                DevUBLOXGNSS::getGPSL5HealthOverride(bool*, unsigned char, unsigned short)
                0x0800d130                DevUBLOXGNSS::getValSigned8(unsigned long, signed char*, unsigned char, unsigned short)
                0x0800d15e                DevUBLOXGNSS::getVal16(unsigned long, unsigned short*, unsigned char, unsigned short)
                0x0800d18c                DevUBLOXGNSS::getVal16(unsigned long, unsigned char, unsigned short)
                0x0800d1ae                DevUBLOXGNSS::getNavigationFrequency(unsigned char*, unsigned char, unsigned short)
                0x0800d1e4                DevUBLOXGNSS::getNavigationFrequency(unsigned char, unsigned short)
                0x0800d204                DevUBLOXGNSS::getMeasurementRate(unsigned short*, unsigned char, unsigned short)
                0x0800d228                DevUBLOXGNSS::getMeasurementRate(unsigned char, unsigned short)
                0x0800d248                DevUBLOXGNSS::getNavigationRate(unsigned short*, unsigned char, unsigned short)
                0x0800d26c                DevUBLOXGNSS::getNavigationRate(unsigned char, unsigned short)
                0x0800d28c                DevUBLOXGNSS::getValSigned16(unsigned long, short*, unsigned char, unsigned short)
                0x0800d2ba                DevUBLOXGNSS::getVal32(unsigned long, unsigned long*, unsigned char, unsigned short)
                0x0800d2e8                DevUBLOXGNSS::getVal32(unsigned long, unsigned char, unsigned short)
                0x0800d300                DevUBLOXGNSS::getValSigned32(unsigned long, long*, unsigned char, unsigned short)
                0x0800d32e                DevUBLOXGNSS::getVal64(unsigned long, unsigned long long*, unsigned char, unsigned short)
                0x0800d35c                DevUBLOXGNSS::getVal64(unsigned long, unsigned char, unsigned short)
                0x0800d388                DevUBLOXGNSS::getValSigned64(unsigned long, long long*, unsigned char, unsigned short)
                0x0800d3b6                DevUBLOXGNSS::getValFloat(unsigned long, float*, unsigned char, unsigned short)
                0x0800d3e4                DevUBLOXGNSS::getValDouble(unsigned long, double*, unsigned char, unsigned short)
                0x0800d412                DevUBLOXGNSS::setValN(unsigned long, unsigned char*, unsigned char, unsigned char, unsigned short)
                0x0800d4b0                DevUBLOXGNSS::setVal8(unsigned long, unsigned char, unsigned char, unsigned short)
                0x0800d4ce                DevUBLOXGNSS::setI2CAddress(unsigned char, unsigned char, unsigned short)
                0x0800d4ec                DevUBLOXGNSS::setDGNSSConfiguration(sfe_ublox_dgnss_mode_e, unsigned char, unsigned short)
                0x0800d508                DevUBLOXGNSS::setDynamicModel(dynModel, unsigned char, unsigned short)
                0x0800d524                DevUBLOXGNSS::enableOdometer(bool, unsigned char, unsigned short)
                0x0800d540                DevUBLOXGNSS::enableGNSS(bool, sfe_ublox_gnss_ids_e, unsigned char, unsigned short)
                0x0800d56c                DevUBLOXGNSS::setESFAutoAlignment(bool, unsigned char, unsigned short)
                0x0800d588                DevUBLOXGNSS::setAckAiding(unsigned char, unsigned char, unsigned short)
                0x0800d5a4                DevUBLOXGNSS::setValSigned8(unsigned long, signed char, unsigned char, unsigned short)
                0x0800d5b8                DevUBLOXGNSS::setAutoNAVPOSECEFrate(unsigned char, bool, unsigned char, unsigned short)
                0x0800d658                DevUBLOXGNSS::setAutoNAVPOSECEF(bool, unsigned char, unsigned short)
                0x0800d674                DevUBLOXGNSS::setAutoNAVPOSECEF(bool, bool, unsigned char, unsigned short)
                0x0800d68e                DevUBLOXGNSS::setAutoNAVPOSECEFcallbackPtr(void (*)(UBX_NAV_POSECEF_data_t*), unsigned char, unsigned short)
                0x0800d6e4                DevUBLOXGNSS::setAutoNAVSTATUSrate(unsigned char, bool, unsigned char, unsigned short)
                0x0800d784                DevUBLOXGNSS::setAutoNAVSTATUS(bool, unsigned char, unsigned short)
                0x0800d7a0                DevUBLOXGNSS::setAutoNAVSTATUS(bool, bool, unsigned char, unsigned short)
                0x0800d7ba                DevUBLOXGNSS::setAutoNAVSTATUScallbackPtr(void (*)(UBX_NAV_STATUS_data_t*), unsigned char, unsigned short)
                0x0800d810                DevUBLOXGNSS::setAutoDOPrate(unsigned char, bool, unsigned char, unsigned short)
                0x0800d8a4                DevUBLOXGNSS::setAutoDOP(bool, unsigned char, unsigned short)
                0x0800d8c0                DevUBLOXGNSS::setAutoDOP(bool, bool, unsigned char, unsigned short)
                0x0800d8da                DevUBLOXGNSS::setAutoDOPcallbackPtr(void (*)(UBX_NAV_DOP_data_t*), unsigned char, unsigned short)
                0x0800d930                DevUBLOXGNSS::setAutoNAVEOErate(unsigned char, bool, unsigned char, unsigned short)
                0x0800d9c4                DevUBLOXGNSS::setAutoNAVEOE(bool, unsigned char, unsigned short)
                0x0800d9e0                DevUBLOXGNSS::setAutoNAVEOE(bool, bool, unsigned char, unsigned short)
                0x0800d9fa                DevUBLOXGNSS::setAutoNAVEOEcallbackPtr(void (*)(UBX_NAV_EOE_data_t*), unsigned char, unsigned short)
                0x0800da50                DevUBLOXGNSS::setAutoNAVATTrate(unsigned char, bool, unsigned char, unsigned short)
                0x0800daf4                DevUBLOXGNSS::setAutoNAVATT(bool, unsigned char, unsigned short)
                0x0800db10                DevUBLOXGNSS::setAutoNAVATT(bool, bool, unsigned char, unsigned short)
                0x0800db2a                DevUBLOXGNSS::setAutoNAVATTcallbackPtr(void (*)(UBX_NAV_ATT_data_t*), unsigned char, unsigned short)
                0x0800db80                DevUBLOXGNSS::setAutoPVTrate(unsigned char, bool, unsigned char, unsigned short)
                0x0800dc24                DevUBLOXGNSS::setAutoPVT(bool, unsigned char, unsigned short)
                0x0800dc40                DevUBLOXGNSS::setAutoPVT(bool, bool, unsigned char, unsigned short)
                0x0800dc5a                DevUBLOXGNSS::setAutoPVTcallbackPtr(void (*)(UBX_NAV_PVT_data_t*), unsigned char, unsigned short)
                0x0800dcb0                DevUBLOXGNSS::setAutoNAVODOrate(unsigned char, bool, unsigned char, unsigned short)
                0x0800dd50                DevUBLOXGNSS::setAutoNAVODO(bool, unsigned char, unsigned short)
                0x0800dd6c                DevUBLOXGNSS::setAutoNAVODO(bool, bool, unsigned char, unsigned short)
                0x0800dd86                DevUBLOXGNSS::setAutoNAVODOcallbackPtr(void (*)(UBX_NAV_ODO_data_t*), unsigned char, unsigned short)
                0x0800dddc                DevUBLOXGNSS::setAutoNAVVELECEFrate(unsigned char, bool, unsigned char, unsigned short)
                0x0800de7c                DevUBLOXGNSS::setAutoNAVVELECEF(bool, unsigned char, unsigned short)
                0x0800de98                DevUBLOXGNSS::setAutoNAVVELECEF(bool, bool, unsigned char, unsigned short)
                0x0800deb2                DevUBLOXGNSS::setAutoNAVVELECEFcallbackPtr(void (*)(UBX_NAV_VELECEF_data_t*), unsigned char, unsigned short)
                0x0800df08                DevUBLOXGNSS::setAutoNAVVELNEDrate(unsigned char, bool, unsigned char, unsigned short)
                0x0800dfa0                DevUBLOXGNSS::setAutoNAVVELNED(bool, unsigned char, unsigned short)
                0x0800dfbc                DevUBLOXGNSS::setAutoNAVVELNED(bool, bool, unsigned char, unsigned short)
                0x0800dfd6                DevUBLOXGNSS::setAutoNAVVELNEDcallbackPtr(void (*)(UBX_NAV_VELNED_data_t*), unsigned char, unsigned short)
                0x0800e02c                DevUBLOXGNSS::setAutoNAVHPPOSECEFrate(unsigned char, bool, unsigned char, unsigned short)
                0x0800e0d0                DevUBLOXGNSS::setAutoNAVHPPOSECEF(bool, unsigned char, unsigned short)
                0x0800e0ec                DevUBLOXGNSS::setAutoNAVHPPOSECEF(bool, bool, unsigned char, unsigned short)
                0x0800e106                DevUBLOXGNSS::setAutoNAVHPPOSECEFcallbackPtr(void (*)(UBX_NAV_HPPOSECEF_data_t*), unsigned char, unsigned short)
                0x0800e15c                DevUBLOXGNSS::setAutoHPPOSLLHrate(unsigned char, bool, unsigned char, unsigned short)
                0x0800e200                DevUBLOXGNSS::setAutoHPPOSLLH(bool, unsigned char, unsigned short)
                0x0800e21c                DevUBLOXGNSS::setAutoHPPOSLLH(bool, bool, unsigned char, unsigned short)
                0x0800e236                DevUBLOXGNSS::setAutoHPPOSLLHcallbackPtr(void (*)(UBX_NAV_HPPOSLLH_data_t*), unsigned char, unsigned short)
                0x0800e28c                DevUBLOXGNSS::setAutoNAVPVATrate(unsigned char, bool, unsigned char, unsigned short)
                0x0800e330                DevUBLOXGNSS::setAutoNAVPVAT(bool, unsigned char, unsigned short)
                0x0800e34c                DevUBLOXGNSS::setAutoNAVPVAT(bool, bool, unsigned char, unsigned short)
                0x0800e366                DevUBLOXGNSS::setAutoNAVPVATcallbackPtr(void (*)(UBX_NAV_PVAT_data_t*), unsigned char, unsigned short)
                0x0800e3c4                DevUBLOXGNSS::setAutoNAVTIMEUTCrate(unsigned char, bool, unsigned char, unsigned short)
                0x0800e458                DevUBLOXGNSS::setAutoNAVTIMEUTC(bool, unsigned char, unsigned short)
                0x0800e474                DevUBLOXGNSS::setAutoNAVTIMEUTC(bool, bool, unsigned char, unsigned short)
                0x0800e48e                DevUBLOXGNSS::setAutoNAVTIMEUTCcallbackPtr(void (*)(UBX_NAV_TIMEUTC_data_t*), unsigned char, unsigned short)
                0x0800e4e4                DevUBLOXGNSS::setAutoNAVCLOCKrate(unsigned char, bool, unsigned char, unsigned short)
                0x0800e584                DevUBLOXGNSS::setAutoNAVCLOCK(bool, unsigned char, unsigned short)
                0x0800e5a0                DevUBLOXGNSS::setAutoNAVCLOCK(bool, bool, unsigned char, unsigned short)
                0x0800e5ba                DevUBLOXGNSS::setAutoNAVCLOCKcallbackPtr(void (*)(UBX_NAV_CLOCK_data_t*), unsigned char, unsigned short)
                0x0800e610                DevUBLOXGNSS::setAutoNAVSVINrate(unsigned char, bool, unsigned char, unsigned short)
                0x0800e6b4                DevUBLOXGNSS::setAutoNAVSVIN(bool, unsigned char, unsigned short)
                0x0800e6d0                DevUBLOXGNSS::setAutoNAVSVIN(bool, bool, unsigned char, unsigned short)
                0x0800e6ea                DevUBLOXGNSS::setAutoNAVSVINcallbackPtr(void (*)(UBX_NAV_SVIN_data_t*), unsigned char, unsigned short)
                0x0800e740                DevUBLOXGNSS::setAutoNAVSATrate(unsigned char, bool, unsigned char, unsigned short)
                0x0800e7dc                DevUBLOXGNSS::setAutoNAVSAT(bool, unsigned char, unsigned short)
                0x0800e7f8                DevUBLOXGNSS::setAutoNAVSAT(bool, bool, unsigned char, unsigned short)
                0x0800e812                DevUBLOXGNSS::setAutoNAVSATcallbackPtr(void (*)(UBX_NAV_SAT_data_t*), unsigned char, unsigned short)
                0x0800e870                DevUBLOXGNSS::setAutoNAVSIGrate(unsigned char, bool, unsigned char, unsigned short)
                0x0800e90c                DevUBLOXGNSS::setAutoNAVSIG(bool, unsigned char, unsigned short)
                0x0800e928                DevUBLOXGNSS::setAutoNAVSIG(bool, bool, unsigned char, unsigned short)
                0x0800e942                DevUBLOXGNSS::setAutoNAVSIGcallbackPtr(void (*)(UBX_NAV_SIG_data_t*), unsigned char, unsigned short)
                0x0800e9a0                DevUBLOXGNSS::setAutoRELPOSNEDrate(unsigned char, bool, unsigned char, unsigned short)
                0x0800ea44                DevUBLOXGNSS::setAutoRELPOSNED(bool, unsigned char, unsigned short)
                0x0800ea60                DevUBLOXGNSS::setAutoRELPOSNED(bool, bool, unsigned char, unsigned short)
                0x0800ea7a                DevUBLOXGNSS::setAutoRELPOSNEDcallbackPtr(void (*)(UBX_NAV_RELPOSNED_data_t*), unsigned char, unsigned short)
                0x0800ead0                DevUBLOXGNSS::setAutoAOPSTATUSrate(unsigned char, bool, unsigned char, unsigned short)
                0x0800eb54                DevUBLOXGNSS::setAutoAOPSTATUS(bool, unsigned char, unsigned short)
                0x0800eb70                DevUBLOXGNSS::setAutoAOPSTATUS(bool, bool, unsigned char, unsigned short)
                0x0800eb8a                DevUBLOXGNSS::setAutoAOPSTATUScallbackPtr(void (*)(UBX_NAV_AOPSTATUS_data_t*), unsigned char, unsigned short)
                0x0800ebe0                DevUBLOXGNSS::setAutoRXMSFRBXrate(unsigned char, bool, unsigned char, unsigned short)
                0x0800ec7c                DevUBLOXGNSS::setAutoRXMSFRBX(bool, unsigned char, unsigned short)
                0x0800ec98                DevUBLOXGNSS::setAutoRXMSFRBX(bool, bool, unsigned char, unsigned short)
                0x0800ecb2                DevUBLOXGNSS::setAutoRXMSFRBXcallbackPtr(void (*)(UBX_RXM_SFRBX_data_t*), unsigned char, unsigned short)
                0x0800ed08                DevUBLOXGNSS::setAutoRXMSFRBXmessageCallbackPtr(void (*)(UBX_RXM_SFRBX_message_data_t*), unsigned char, unsigned short)
                0x0800ed60                DevUBLOXGNSS::setAutoRXMRAWXrate(unsigned char, bool, unsigned char, unsigned short)
                0x0800edfc                DevUBLOXGNSS::setAutoRXMRAWX(bool, unsigned char, unsigned short)
                0x0800ee18                DevUBLOXGNSS::setAutoRXMRAWX(bool, bool, unsigned char, unsigned short)
                0x0800ee32                DevUBLOXGNSS::setAutoRXMRAWXcallbackPtr(void (*)(UBX_RXM_RAWX_data_t*), unsigned char, unsigned short)
                0x0800ee90                DevUBLOXGNSS::setAutoRXMMEASXrate(unsigned char, bool, unsigned char, unsigned short)
                0x0800ef2c                DevUBLOXGNSS::setAutoRXMMEASX(bool, unsigned char, unsigned short)
                0x0800ef48                DevUBLOXGNSS::setAutoRXMMEASX(bool, bool, unsigned char, unsigned short)
                0x0800ef62                DevUBLOXGNSS::setAutoRXMMEASXcallbackPtr(void (*)(UBX_RXM_MEASX_data_t*), unsigned char, unsigned short)
                0x0800efc0                DevUBLOXGNSS::setAutoTIMTM2rate(unsigned char, bool, unsigned char, unsigned short)
                0x0800f064                DevUBLOXGNSS::setAutoTIMTM2(bool, unsigned char, unsigned short)
                0x0800f080                DevUBLOXGNSS::setAutoTIMTM2(bool, bool, unsigned char, unsigned short)
                0x0800f09a                DevUBLOXGNSS::setAutoTIMTM2callbackPtr(void (*)(UBX_TIM_TM2_data_t*), unsigned char, unsigned short)
                0x0800f0f0                DevUBLOXGNSS::setAutoTIMTPrate(unsigned char, bool, unsigned char, unsigned short)
                0x0800f190                DevUBLOXGNSS::setAutoTIMTP(bool, unsigned char, unsigned short)
                0x0800f1ac                DevUBLOXGNSS::setAutoTIMTP(bool, bool, unsigned char, unsigned short)
                0x0800f1c6                DevUBLOXGNSS::setAutoTIMTPcallbackPtr(void (*)(UBX_TIM_TP_data_t*), unsigned char, unsigned short)
                0x0800f21c                DevUBLOXGNSS::setAutoMONCOMMSrate(unsigned char, bool, unsigned char, unsigned short)
                0x0800f2b8                DevUBLOXGNSS::setAutoMONCOMMS(bool, unsigned char, unsigned short)
                0x0800f2d4                DevUBLOXGNSS::setAutoMONCOMMS(bool, bool, unsigned char, unsigned short)
                0x0800f2ee                DevUBLOXGNSS::setAutoMONCOMMScallbackPtr(void (*)(UBX_MON_COMMS_data_t*), unsigned char, unsigned short)
                0x0800f34c                DevUBLOXGNSS::setAutoMONHWrate(unsigned char, bool, unsigned char, unsigned short)
                0x0800f3f0                DevUBLOXGNSS::setAutoMONHW(bool, unsigned char, unsigned short)
                0x0800f40c                DevUBLOXGNSS::setAutoMONHW(bool, bool, unsigned char, unsigned short)
                0x0800f426                DevUBLOXGNSS::setAutoMONHWcallbackPtr(void (*)(UBX_MON_HW_data_t*), unsigned char, unsigned short)
                0x0800f47c                DevUBLOXGNSS::setAutoESFALGrate(unsigned char, bool, unsigned char, unsigned short)
                0x0800f51c                DevUBLOXGNSS::setAutoESFALG(bool, unsigned char, unsigned short)
                0x0800f538                DevUBLOXGNSS::setAutoESFALG(bool, bool, unsigned char, unsigned short)
                0x0800f552                DevUBLOXGNSS::setAutoESFALGcallbackPtr(void (*)(UBX_ESF_ALG_data_t*), unsigned char, unsigned short)
                0x0800f5a8                DevUBLOXGNSS::setAutoESFSTATUSrate(unsigned char, bool, unsigned char, unsigned short)
                0x0800f64c                DevUBLOXGNSS::setAutoESFSTATUS(bool, unsigned char, unsigned short)
                0x0800f668                DevUBLOXGNSS::setAutoESFSTATUS(bool, bool, unsigned char, unsigned short)
                0x0800f682                DevUBLOXGNSS::setAutoESFSTATUScallbackPtr(void (*)(UBX_ESF_STATUS_data_t*), unsigned char, unsigned short)
                0x0800f6d8                DevUBLOXGNSS::setAutoESFINSrate(unsigned char, bool, unsigned char, unsigned short)
                0x0800f77c                DevUBLOXGNSS::setAutoESFINS(bool, unsigned char, unsigned short)
                0x0800f798                DevUBLOXGNSS::setAutoESFINS(bool, bool, unsigned char, unsigned short)
                0x0800f7b2                DevUBLOXGNSS::setAutoESFINScallbackPtr(void (*)(UBX_ESF_INS_data_t*), unsigned char, unsigned short)
                0x0800f808                DevUBLOXGNSS::setAutoESFMEASrate(unsigned char, bool, unsigned char, unsigned short)
                0x0800f898                DevUBLOXGNSS::setAutoESFMEAS(bool, unsigned char, unsigned short)
                0x0800f8b4                DevUBLOXGNSS::setAutoESFMEAS(bool, bool, unsigned char, unsigned short)
                0x0800f8ce                DevUBLOXGNSS::setAutoESFMEAScallbackPtr(void (*)(UBX_ESF_MEAS_data_t*), unsigned char, unsigned short)
                0x0800f92c                DevUBLOXGNSS::setAutoESFRAWrate(unsigned char, bool, unsigned char, unsigned short)
                0x0800f9bc                DevUBLOXGNSS::setAutoESFRAW(bool, unsigned char, unsigned short)
                0x0800f9d8                DevUBLOXGNSS::setAutoESFRAW(bool, bool, unsigned char, unsigned short)
                0x0800f9f2                DevUBLOXGNSS::setAutoESFRAWcallbackPtr(void (*)(UBX_ESF_RAW_data_t*), unsigned char, unsigned short)
                0x0800fa50                DevUBLOXGNSS::setAutoSECSIGrate(unsigned char, bool, unsigned char, unsigned short)
                0x0800faec                DevUBLOXGNSS::setAutoSECSIG(bool, unsigned char, unsigned short)
                0x0800fb08                DevUBLOXGNSS::setAutoSECSIG(bool, bool, unsigned char, unsigned short)
                0x0800fb22                DevUBLOXGNSS::setAutoSECSIGcallbackPtr(void (*)(UBX_SEC_SIG_data_t*), unsigned char, unsigned short)
                0x0800fb78                DevUBLOXGNSS::setMainTalkerID(sfe_ublox_talker_ids_e, unsigned char, unsigned short)
                0x0800fb94                DevUBLOXGNSS::setHighPrecisionMode(bool, unsigned char, unsigned short)
                0x0800fbb0                DevUBLOXGNSS::setLNAMode(sfe_ublox_lna_mode_e, unsigned char, unsigned short)
                0x0800fbcc                DevUBLOXGNSS::setGPSL5HealthOverride(bool, unsigned char, unsigned short)
                0x0800fbe8                DevUBLOXGNSS::setVal16(unsigned long, unsigned short, unsigned char, unsigned short)
                0x0800fc0c                DevUBLOXGNSS::setValSigned16(unsigned long, short, unsigned char, unsigned short)
                0x0800fc20                DevUBLOXGNSS::setNavigationFrequency(unsigned char, unsigned char, unsigned short)
                0x0800fc74                DevUBLOXGNSS::setMeasurementRate(unsigned short, unsigned char, unsigned short)
                0x0800fcc0                DevUBLOXGNSS::setNavigationRate(unsigned short, unsigned char, unsigned short)
                0x0800fcdc                DevUBLOXGNSS::setVal32(unsigned long, unsigned long, unsigned char, unsigned short)
                0x0800fd10                DevUBLOXGNSS::setSerialRate(unsigned long, unsigned char, unsigned char, unsigned short)
                0x0800fd48                DevUBLOXGNSS::setValSigned32(unsigned long, long, unsigned char, unsigned short)
                0x0800fd5a                DevUBLOXGNSS::setValFloat(unsigned long, float, unsigned char, unsigned short)
                0x0800fd70                DevUBLOXGNSS::setVal64(unsigned long, unsigned long long, unsigned char, unsigned short)
                0x0800fdcc                DevUBLOXGNSS::setValSigned64(unsigned long, long long, unsigned char, unsigned short)
                0x0800fde4                DevUBLOXGNSS::setValDouble(unsigned long, double, unsigned char, unsigned short)
                0x0800fdfa                DevUBLOXGNSS::addCfgValsetN(unsigned long, unsigned char*, unsigned char)
                0x0800ff18                DevUBLOXGNSS::addCfgValset64(unsigned long, unsigned long long)
                0x0800ff66                DevUBLOXGNSS::addCfgValsetDouble(unsigned long, double)
                0x0800ff72                DevUBLOXGNSS::newCfgValset64(unsigned long, unsigned long long, unsigned char)
                0x0800ff9c                DevUBLOXGNSS::addCfgValset32(unsigned long, unsigned long)
                0x0800ffc6                DevUBLOXGNSS::addCfgValsetFloat(unsigned long, float)
                0x0800ffd2                DevUBLOXGNSS::newCfgValset32(unsigned long, unsigned long, unsigned char)
                0x0800fff2                DevUBLOXGNSS::addCfgValset16(unsigned long, unsigned short)
                0x0801000e                DevUBLOXGNSS::newCfgValset16(unsigned long, unsigned short, unsigned char)
                0x0801002e                DevUBLOXGNSS::addCfgValset8(unsigned long, unsigned char)
                0x08010044                DevUBLOXGNSS::newCfgValset8(unsigned long, unsigned char, unsigned char)
                0x08010064                DevUBLOXGNSS::sendCfgValset(unsigned short)
                0x08010092                DevUBLOXGNSS::setI2COutput(unsigned char, unsigned char, unsigned short)
                0x080100f8                DevUBLOXGNSS::setUART1Output(unsigned char, unsigned char, unsigned short)
                0x08010160                DevUBLOXGNSS::setUART2Output(unsigned char, unsigned char, unsigned short)
                0x080101c8                DevUBLOXGNSS::setUSBOutput(unsigned char, unsigned char, unsigned short)
                0x08010230                DevUBLOXGNSS::setSPIOutput(unsigned char, unsigned char, unsigned short)
                0x08010298                DevUBLOXGNSS::setI2CInput(unsigned char, unsigned char, unsigned short)
                0x08010318                DevUBLOXGNSS::setUART1Input(unsigned char, unsigned char, unsigned short)
                0x08010398                DevUBLOXGNSS::setUART2Input(unsigned char, unsigned char, unsigned short)
                0x08010418                DevUBLOXGNSS::setUSBInput(unsigned char, unsigned char, unsigned short)
                0x08010498                DevUBLOXGNSS::setSPIInput(unsigned char, unsigned char, unsigned short)
                0x08010518                DevUBLOXGNSS::setSurveyModeFull(unsigned char, unsigned long, float, unsigned char, unsigned short)
                0x0801058c                DevUBLOXGNSS::setSurveyMode(unsigned char, unsigned short, float, unsigned char, unsigned short)
                0x0801059e                DevUBLOXGNSS::disableSurveyMode(unsigned char, unsigned short)
                0x080105bc                DevUBLOXGNSS::enableSurveyMode(unsigned short, float, unsigned char, unsigned short)
                0x080105d2                DevUBLOXGNSS::enableSurveyModeFull(unsigned long, float, unsigned char, unsigned short)
                0x080105e8                DevUBLOXGNSS::setStaticPosition(long, signed char, long, signed char, long, signed char, bool, unsigned char, unsigned short)
                0x080106d4                DevUBLOXGNSS::setStaticPosition(long, long, long, bool, unsigned char, unsigned short)
                0x08010700                DevUBLOXGNSS::addGeofence(long, long, unsigned long, unsigned char, bool, unsigned char, unsigned char, unsigned short)
                0x0801094c                DevUBLOXGNSS::clearGeofences(unsigned char, unsigned short)
                0x080109c8                DevUBLOXGNSS::setOdometerConfig(unsigned char, unsigned char, unsigned char, unsigned char, unsigned char, unsigned char, unsigned char, unsigned short)
                0x08010a90                DevUBLOXGNSS::setAopCfg(unsigned char, unsigned short, unsigned char, unsigned short)
                0x08010adc                DevUBLOXGNSS::sendCfgValset8(unsigned long, unsigned char, unsigned short)
                0x08010af6                DevUBLOXGNSS::sendCfgValset16(unsigned long, unsigned short, unsigned short)
                0x08010b10                DevUBLOXGNSS::sendCfgValset32(unsigned long, unsigned long, unsigned short)
                0x08010b2a                DevUBLOXGNSS::sendCfgValset64(unsigned long, unsigned long long, unsigned short)
                0x08010b44                DevUBLOXGNSS::sendCfgValget(ubxPacket*, unsigned short)
                0x08010b6c                DevUBLOXGNSS::sendCfgValget(unsigned short)
                0x08010b7a                DevUBLOXGNSS::getLeapSecondEvent(unsigned short)
                0x08010bcc                DevUBLOXGNSS::getLeapIndicator(long&, unsigned short)
                0x08010c56                DevUBLOXGNSS::getCurrentLeapSeconds(sfe_ublox_ls_src_e&, unsigned short)
                0x08010cc8                DevUBLOXGNSS::setAutoHNRATTrate(unsigned char, bool, unsigned char, unsigned short)
                0x08010d68                DevUBLOXGNSS::setAutoHNRATT(bool, unsigned char, unsigned short)
                0x08010d84                DevUBLOXGNSS::setAutoHNRATT(bool, bool, unsigned char, unsigned short)
                0x08010d9e                DevUBLOXGNSS::setAutoHNRATTcallbackPtr(void (*)(UBX_HNR_ATT_data_t*), unsigned char, unsigned short)
                0x08010df4                DevUBLOXGNSS::setAutoHNRINSrate(unsigned char, bool, unsigned char, unsigned short)
                0x08010e96                DevUBLOXGNSS::setAutoHNRINS(bool, unsigned char, unsigned short)
                0x08010eb2                DevUBLOXGNSS::setAutoHNRINS(bool, bool, unsigned char, unsigned short)
                0x08010ecc                DevUBLOXGNSS::setAutoHNRINScallbackPtr(void (*)(UBX_HNR_INS_data_t*), unsigned char, unsigned short)
                0x08010f20                DevUBLOXGNSS::setAutoHNRPVTrate(unsigned char, bool, unsigned char, unsigned short)
                0x08010fc0                DevUBLOXGNSS::setAutoHNRPVT(bool, unsigned char, unsigned short)
                0x08010fdc                DevUBLOXGNSS::setAutoHNRPVT(bool, bool, unsigned char, unsigned short)
                0x08010ff6                DevUBLOXGNSS::setAutoHNRPVTcallbackPtr(void (*)(UBX_HNR_PVT_data_t*), unsigned char, unsigned short)
                0x0801104c                DevUBLOXGNSS::setHNRNavigationRate(unsigned char, unsigned char, unsigned short)
                0x080110c6                DevUBLOXGNSS::getHNRNavigationRate(unsigned char, unsigned short)
                0x080110f8                DevUBLOXGNSS::getNAVPOSECEF(unsigned short)
                0x08011174                DevUBLOXGNSS::getNAVSTATUS(unsigned short)
                0x080111f2                DevUBLOXGNSS::getDOP(unsigned short)
                0x08011270                DevUBLOXGNSS::getGeometricDOP(unsigned short)
                0x080112be                DevUBLOXGNSS::getPositionDOP(unsigned short)
                0x0801130c                DevUBLOXGNSS::getTimeDOP(unsigned short)
                0x0801135a                DevUBLOXGNSS::getVerticalDOP(unsigned short)
                0x080113a8                DevUBLOXGNSS::getHorizontalDOP(unsigned short)
                0x080113f6                DevUBLOXGNSS::getNorthingDOP(unsigned short)
                0x08011444                DevUBLOXGNSS::getEastingDOP(unsigned short)
                0x08011492                DevUBLOXGNSS::getNAVEOE(unsigned short)
                0x08011510                DevUBLOXGNSS::getNAVATT(unsigned short)
                0x08011590                DevUBLOXGNSS::getVehAtt(unsigned short)
                0x08011598                DevUBLOXGNSS::getATTroll(unsigned short)
                0x08011608                DevUBLOXGNSS::getATTpitch(unsigned short)
                0x08011678                DevUBLOXGNSS::getATTheading(unsigned short)
                0x080116e8                DevUBLOXGNSS::getPVT(unsigned short)
                0x08011768                DevUBLOXGNSS::getTimeOfWeek(unsigned short)
                0x080117c0                DevUBLOXGNSS::getYear(unsigned short)
                0x08011818                DevUBLOXGNSS::getMonth(unsigned short)
                0x08011870                DevUBLOXGNSS::getDay(unsigned short)
                0x080118c8                DevUBLOXGNSS::getHour(unsigned short)
                0x08011920                DevUBLOXGNSS::getMinute(unsigned short)
                0x08011978                DevUBLOXGNSS::getSecond(unsigned short)
                0x080119ce                DevUBLOXGNSS::getMillisecond(unsigned short)
                0x08011a3c                DevUBLOXGNSS::getNanosecond(unsigned short)
                0x08011a94                DevUBLOXGNSS::getUnixEpoch(unsigned short)
                0x08011b98                DevUBLOXGNSS::getUnixEpoch(unsigned long&, unsigned short)
                0x08011cdc                DevUBLOXGNSS::getDateValid(unsigned short)
                0x08011d38                DevUBLOXGNSS::getTimeValid(unsigned short)
                0x08011d94                DevUBLOXGNSS::getTimeFullyResolved(unsigned short)
                0x08011df0                DevUBLOXGNSS::getConfirmedDate(unsigned short)
                0x08011e4c                DevUBLOXGNSS::getConfirmedTime(unsigned short)
                0x08011ea6                DevUBLOXGNSS::getFixType(unsigned short)
                0x08011efe                DevUBLOXGNSS::getGnssFixOk(unsigned short)
                0x08011f58                DevUBLOXGNSS::getDiffSoln(unsigned short)
                0x08011fb4                DevUBLOXGNSS::getHeadVehValid(unsigned short)
                0x08012010                DevUBLOXGNSS::getCarrierSolutionType(unsigned short)
                0x0801206a                DevUBLOXGNSS::getSIV(unsigned short)
                0x080120c0                DevUBLOXGNSS::getLongitude(unsigned short)
                0x08012118                DevUBLOXGNSS::getLatitude(unsigned short)
                0x08012170                DevUBLOXGNSS::getAltitude(unsigned short)
                0x080121c8                DevUBLOXGNSS::getAltitudeMSL(unsigned short)
                0x08012220                DevUBLOXGNSS::getHorizontalAccEst(unsigned short)
                0x08012278                DevUBLOXGNSS::getVerticalAccEst(unsigned short)
                0x080122d0                DevUBLOXGNSS::getNedNorthVel(unsigned short)
                0x08012328                DevUBLOXGNSS::getNedEastVel(unsigned short)
                0x0801237e                DevUBLOXGNSS::getNedDownVel(unsigned short)
                0x080123d6                DevUBLOXGNSS::getGroundSpeed(unsigned short)
                0x0801242e                DevUBLOXGNSS::getHeading(unsigned short)
                0x08012486                DevUBLOXGNSS::getSpeedAccEst(unsigned short)
                0x080124de                DevUBLOXGNSS::getHeadingAccEst(unsigned short)
                0x08012536                DevUBLOXGNSS::getPDOP(unsigned short)
                0x08012590                DevUBLOXGNSS::getInvalidLlh(unsigned short)
                0x080125ee                DevUBLOXGNSS::getHeadVeh(unsigned short)
                0x08012646                DevUBLOXGNSS::getMagDec(unsigned short)
                0x080126a0                DevUBLOXGNSS::getMagAcc(unsigned short)
                0x080126fa                DevUBLOXGNSS::getNAVODO(unsigned short)
                0x08012778                DevUBLOXGNSS::getNAVVELECEF(unsigned short)
                0x080127f6                DevUBLOXGNSS::getNAVVELNED(unsigned short)
                0x08012876                DevUBLOXGNSS::getNAVHPPOSECEF(unsigned short)
                0x080128f6                DevUBLOXGNSS::getPositionAccuracy(unsigned short)
                0x08012970                DevUBLOXGNSS::getHighResECEFX(unsigned short)
                0x080129c8                DevUBLOXGNSS::getHighResECEFY(unsigned short)
                0x08012a20                DevUBLOXGNSS::getHighResECEFZ(unsigned short)
                0x08012a78                DevUBLOXGNSS::getHighResECEFXHp(unsigned short)
                0x08012ad2                DevUBLOXGNSS::getHighResECEFYHp(unsigned short)
                0x08012b2a                DevUBLOXGNSS::getHighResECEFZHp(unsigned short)
                0x08012b84                DevUBLOXGNSS::getHPPOSLLH(unsigned short)
                0x08012c04                DevUBLOXGNSS::getTimeOfWeekFromHPPOSLLH(unsigned short)
                0x08012c5c                DevUBLOXGNSS::getHighResLongitude(unsigned short)
                0x08012cb4                DevUBLOXGNSS::getHighResLatitude(unsigned short)
                0x08012d0c                DevUBLOXGNSS::getElipsoid(unsigned short)
                0x08012d64                DevUBLOXGNSS::getMeanSeaLevel(unsigned short)
                0x08012dba                DevUBLOXGNSS::getHighResLongitudeHp(unsigned short)
                0x08012e14                DevUBLOXGNSS::getHighResLatitudeHp(unsigned short)
                0x08012e6e                DevUBLOXGNSS::getElipsoidHp(unsigned short)
                0x08012ec8                DevUBLOXGNSS::getMeanSeaLevelHp(unsigned short)
                0x08012f22                DevUBLOXGNSS::getHorizontalAccuracy(unsigned short)
                0x08012f7a                DevUBLOXGNSS::getVerticalAccuracy(unsigned short)
                0x08012fd2                DevUBLOXGNSS::getNAVPVAT(unsigned short)
                0x08013052                DevUBLOXGNSS::getVehicleRoll(unsigned short)
                0x080130aa                DevUBLOXGNSS::getVehiclePitch(unsigned short)
                0x08013102                DevUBLOXGNSS::getVehicleHeading(unsigned short)
                0x08013158                DevUBLOXGNSS::getMotionHeading(unsigned short)
                0x080131b0                DevUBLOXGNSS::getNAVTIMEUTC(unsigned short)
                0x0801322e                DevUBLOXGNSS::getNAVCLOCK(unsigned short)
                0x080132ac                DevUBLOXGNSS::getSurveyStatus(unsigned short)
                0x0801332c                DevUBLOXGNSS::getSurveyInActive(unsigned short)
                0x0801338c                DevUBLOXGNSS::getSurveyInValid(unsigned short)
                0x080133ec                DevUBLOXGNSS::getSurveyInObservationTimeFull(unsigned short)
                0x08013444                DevUBLOXGNSS::getSurveyInObservationTime(unsigned short)
                0x0801345a                DevUBLOXGNSS::getSurveyInMeanAccuracy(unsigned short)
                0x080134cc                DevUBLOXGNSS::getNAVSAT(unsigned short)
                0x08013548                DevUBLOXGNSS::getNAVSIG(unsigned short)
                0x080135c4                DevUBLOXGNSS::getRELPOSNED(unsigned short)
                0x08013644                DevUBLOXGNSS::getRelPosN(unsigned short)
                0x080136b4                DevUBLOXGNSS::getRelPosE(unsigned short)
                0x08013724                DevUBLOXGNSS::getRelPosD(unsigned short)
                0x08013794                DevUBLOXGNSS::getRelPosAccN(unsigned short)
                0x08013804                DevUBLOXGNSS::getRelPosAccE(unsigned short)
                0x08013874                DevUBLOXGNSS::getRelPosAccD(unsigned short)
                0x080138e4                DevUBLOXGNSS::getAOPSTATUS(unsigned short)
                0x08013962                DevUBLOXGNSS::getAOPSTATUSuseAOP(unsigned short)
                0x080139b4                DevUBLOXGNSS::getAOPSTATUSstatus(unsigned short)
                0x08013a02                DevUBLOXGNSS::getRXMSFRBX(unsigned short)
                0x08013a42                DevUBLOXGNSS::getRXMRAWX(unsigned short)
                0x08013abe                DevUBLOXGNSS::getRXMMEASX(unsigned short)
                0x08013b3a                DevUBLOXGNSS::getTIMTM2(unsigned short)
                0x08013bba                DevUBLOXGNSS::getTIMTP(unsigned short)
                0x08013c38                DevUBLOXGNSS::getTIMTPtowMS(unsigned short)
                0x08013c86                DevUBLOXGNSS::getTIMTPtowSubMS(unsigned short)
                0x08013cd4                DevUBLOXGNSS::getTIMTPweek(unsigned short)
                0x08013d22                DevUBLOXGNSS::getTIMTPAsEpoch(unsigned long&, unsigned short)
                0x08013df4                DevUBLOXGNSS::getMONCOMMS(unsigned short)
                0x08013e70                DevUBLOXGNSS::getCommsPortInfo(UBX_MON_COMMS_data_t*, unsigned short)
                0x08013ea6                DevUBLOXGNSS::getMONHW(unsigned short)
                0x08013f26                DevUBLOXGNSS::getHWstatus(UBX_MON_HW_data_t*, unsigned short)
                0x08013f7c                DevUBLOXGNSS::getAntennaStatus(unsigned short)
                0x08013fd2                DevUBLOXGNSS::getESFALG(unsigned short)
                0x08014050                DevUBLOXGNSS::getEsfAlignment(unsigned short)
                0x08014058                DevUBLOXGNSS::getESFroll(unsigned short)
                0x080140c4                DevUBLOXGNSS::getESFpitch(unsigned short)
                0x08014130                DevUBLOXGNSS::getESFyaw(unsigned short)
                0x08014198                DevUBLOXGNSS::getESFSTATUS(unsigned short)
                0x08014216                DevUBLOXGNSS::getEsfInfo(unsigned short)
                0x0801421e                DevUBLOXGNSS::getSensorFusionStatus(UBX_ESF_STATUS_sensorStatus_t*, unsigned char, unsigned short)
                0x080142b8                DevUBLOXGNSS::getESFINS(unsigned short)
                0x08014338                DevUBLOXGNSS::getEsfIns(unsigned short)
                0x08014340                DevUBLOXGNSS::getHNRATT(unsigned short)
                0x080143c0                DevUBLOXGNSS::getHNRAtt(unsigned short)
                0x080143c8                DevUBLOXGNSS::getHNRroll(unsigned short)
                0x08014438                DevUBLOXGNSS::getHNRpitch(unsigned short)
                0x080144a8                DevUBLOXGNSS::getHNRheading(unsigned short)
                0x08014518                DevUBLOXGNSS::getHNRINS(unsigned short)
                0x08014598                DevUBLOXGNSS::getHNRDyn(unsigned short)
                0x080145a0                DevUBLOXGNSS::getHNRPVT(unsigned short)
                0x0801461e                DevUBLOXGNSS::getSECSIG(unsigned short)
                0x0801469a                DevUBLOXGNSS::getSECSIG(UBX_SEC_SIG_data_t*, unsigned short)
                0x080146f4                DevUBLOXGNSS::getLatestNMEAGPGGA(NMEA_GGA_data_t*)
                0x0801474c                DevUBLOXGNSS::getLatestNMEAGNGGA(NMEA_GGA_data_t*)
                0x080147a4                DevUBLOXGNSS::getLatestNMEAGPVTG(NMEA_VTG_data_t*)
                0x080147fc                DevUBLOXGNSS::getLatestNMEAGNVTG(NMEA_VTG_data_t*)
                0x08014854                DevUBLOXGNSS::getLatestNMEAGPRMC(NMEA_RMC_data_t*)
                0x080148ac                DevUBLOXGNSS::getLatestNMEAGNRMC(NMEA_RMC_data_t*)
                0x08014904                DevUBLOXGNSS::getLatestNMEAGPZDA(NMEA_ZDA_data_t*)
                0x08014982                DevUBLOXGNSS::getLatestNMEAGNZDA(NMEA_ZDA_data_t*)
                0x08014a00                DevUBLOXGNSS::getLatestNMEAGPGST(NMEA_GST_data_t*)
                0x08014a58                DevUBLOXGNSS::getLatestNMEAGNGST(NMEA_GST_data_t*)
                0x08014ab0                DevUBLOXGNSS::getLatestRTCM1005(RTCM_1005_data_t*)
                0x08014b2e                DevUBLOXGNSS::parseRTCM1005(unsigned char*, unsigned int)
                0x08014c9c                DevUBLOXGNSS::extractRTCM1006(RTCM_1006_data_t*, unsigned char*)
                0x08014da0                DevUBLOXGNSS::parseRTCM1006(unsigned char*, unsigned int)
                0x08014f10                DevUBLOXGNSS::pushRawData(unsigned char*, unsigned int, bool)
                0x080150c8                DevUBLOXGNSS::pushAssistNowDataInternal(unsigned int, bool, unsigned char const*, unsigned int, sfe_ublox_mga_assist_ack_e, unsigned short)
                0x08015464                DevUBLOXGNSS::pushAssistNowData(unsigned char const*, unsigned int, sfe_ublox_mga_assist_ack_e, unsigned short)
                0x08015480                DevUBLOXGNSS::pushAssistNowData(bool, unsigned char const*, unsigned int, sfe_ublox_mga_assist_ack_e, unsigned short)
                0x080154a0                DevUBLOXGNSS::pushAssistNowData(unsigned int, bool, unsigned char const*, unsigned int, sfe_ublox_mga_assist_ack_e, unsigned short)
                0x080154bc                DevUBLOXGNSS::setUTCTimeAssistance(unsigned short, unsigned char, unsigned char, unsigned char, unsigned char, unsigned char, unsigned long, unsigned short, unsigned long, unsigned char, sfe_ublox_mga_assist_ack_e, unsigned short)
                0x080155c6                DevUBLOXGNSS::setPositionAssistanceXYZ(long, long, long, unsigned long, sfe_ublox_mga_assist_ack_e, unsigned short)
                0x080156a4                DevUBLOXGNSS::setPositionAssistanceLLH(long, long, long, unsigned long, sfe_ublox_mga_assist_ack_e, unsigned short)
                0x08015788                DevUBLOXGNSS::readNavigationDatabase(unsigned char*, unsigned int, unsigned short)
                0x08015bc4                DevUBLOXGNSS::getOdometerConfig(unsigned char*, unsigned char*, unsigned char*, unsigned char*, unsigned char*, unsigned char*, unsigned char, unsigned short)
 .text          0x08015d58       0x80 /usr/lib/gcc/arm-none-eabi/13.2.1/../../../arm-none-eabi/lib/thumb/v7e-m+dp/hard/libc_nano.a(libc_a-sprintf.o)
                0x08015d58                _siprintf_r
                0x08015d58                _sprintf_r
                0x08015d94                sprintf
                0x08015d94                siprintf
 .text          0x08015dd8      0x5bc /usr/lib/gcc/arm-none-eabi/13.2.1/../../../arm-none-eabi/lib/thumb/v7e-m+dp/hard/libc_nano.a(libc_a-strstr.o)
                0x08016228                strstr
 .text          0x08016394       0xd0 /usr/lib/gcc/arm-none-eabi/13.2.1/../../../arm-none-eabi/lib/thumb/v7e-m+dp/hard/libc_nano.a(libc_a-strchr.o)
                0x08016394                strchr
 .text          0x08016464       0xbc /usr/lib/gcc/arm-none-eabi/13.2.1/../../../arm-none-eabi/lib/thumb/v7e-m+dp/hard/libc_nano.a(libc_a-strcpy.o)
                0x08016464                strcpy
 .text          0x08016520      0x400 /usr/lib/gcc/arm-none-eabi/13.2.1/../../../arm-none-eabi/lib/thumb/v7e-m+dp/hard/libc_nano.a(libc_a-nano-svfprintf.o)
                0x08016520                __ssputs_r
                0x080165e0                __ssprint_r
                0x080166e8                _svfprintf_r
                0x080166e8                _svfiprintf_r
 .text          0x08016920       0x50 /usr/lib/gcc/arm-none-eabi/13.2.1/../../../arm-none-eabi/lib/thumb/v7e-m+dp/hard/libc_nano.a(libc_a-init.o)
                0x08016920                __libc_init_array
 .text          0x08016970       0xb0 /usr/lib/gcc/arm-none-eabi/13.2.1/../../../arm-none-eabi/lib/thumb/v7e-m+dp/hard/libc_nano.a(libc_a-sscanf.o)
                0x08016970                sscanf
                0x08016970                siscanf
                0x080169c8                _siscanf_r
                0x080169c8                _sscanf_r
 .text          0x08016a20       0x10 /usr/lib/gcc/arm-none-eabi/13.2.1/../../../arm-none-eabi/lib/thumb/v7e-m+dp/hard/libc_nano.a(libc_a-abort.o)
                0x08016a20                abort
 *fill*         0x08016a30       0x10 
 .text          0x08016a40       0xd8 /usr/lib/gcc/arm-none-eabi/13.2.1/../../../arm-none-eabi/lib/thumb/v7e-m+dp/hard/libc_nano.a(libc_a-strlen.o)
                0x08016a40                strlen
 .text          0x08016b18       0xa4 /usr/lib/gcc/arm-none-eabi/13.2.1/../../../arm-none-eabi/lib/thumb/v7e-m+dp/hard/libc_nano.a(libc_a-memset.o)
                0x08016b18                memset
 .text          0x08016bbc        0xc /usr/lib/gcc/arm-none-eabi/13.2.1/../../../arm-none-eabi/lib/thumb/v7e-m+dp/hard/libc_nano.a(libc_a-errno.o)
                0x08016bbc                __errno
 .text          0x08016bc8      0x650 /usr/lib/gcc/arm-none-eabi/13.2.1/../../../arm-none-eabi/lib/thumb/v7e-m+dp/hard/libc_nano.a(libc_a-nano-vfprintf_float.o)
                0x08016bc8                __cvt
                0x08016cc0                __exponent
                0x08016d44                _printf_float
 .text          0x08017218      0x148 /usr/lib/gcc/arm-none-eabi/13.2.1/../../../arm-none-eabi/lib/thumb/v7e-m+dp/hard/libc_nano.a(libc_a-mallocr.o)
                0x08017260                _malloc_r
 .text          0x08017360      0xe00 /usr/lib/gcc/arm-none-eabi/13.2.1/../../../arm-none-eabi/lib/thumb/v7e-m+dp/hard/libc_nano.a(libc_a-dtoa.o)
                0x0801748c                _dtoa_r
 .text          0x08018160       0xbc /usr/lib/gcc/arm-none-eabi/13.2.1/../../../arm-none-eabi/lib/thumb/v7e-m+dp/hard/libc_nano.a(libc_a-freer.o)
                0x08018160                _free_r
 .text          0x0801821c      0x100 /usr/lib/gcc/arm-none-eabi/13.2.1/../../../arm-none-eabi/lib/thumb/v7e-m+dp/hard/libc_nano.a(libc_a-memmove.o)
                0x0801821c                memmove
 .text          0x0801831c       0x1c /usr/lib/gcc/arm-none-eabi/13.2.1/../../../arm-none-eabi/lib/thumb/v7e-m+dp/hard/libc_nano.a(libc_a-cxa_atexit.o)
                0x0801831c                __cxa_atexit
 *fill*         0x08018338        0x8 
 .text          0x08018340       0xa0 /usr/lib/gcc/arm-none-eabi/13.2.1/../../../arm-none-eabi/lib/thumb/v7e-m+dp/hard/libc_nano.a(libc_a-memchr.o)
                0x08018340                memchr
 .text          0x080183e0      0x134 /usr/lib/gcc/arm-none-eabi/13.2.1/../../../arm-none-eabi/lib/thumb/v7e-m+dp/hard/libc_nano.a(libc_a-memcpy.o)
                0x080183e0                memcpy
 .text          0x08018514       0x20 /usr/lib/gcc/arm-none-eabi/13.2.1/../../../arm-none-eabi/lib/thumb/v7e-m+dp/hard/libc_nano.a(libc_a-malloc.o)
                0x08018514                malloc
                0x08018524                free
 .text          0x08018534       0x68 /usr/lib/gcc/arm-none-eabi/13.2.1/../../../arm-none-eabi/lib/thumb/v7e-m+dp/hard/libc_nano.a(libc_a-strncpy.o)
                0x08018534                strncpy
 .text          0x0801859c       0x64 /usr/lib/gcc/arm-none-eabi/13.2.1/../../../arm-none-eabi/lib/thumb/v7e-m+dp/hard/libc_nano.a(libc_a-reallocr.o)
                0x0801859c                _realloc_r
 .text          0x08018600      0x3a8 /usr/lib/gcc/arm-none-eabi/13.2.1/../../../arm-none-eabi/lib/thumb/v7e-m+dp/hard/libc_nano.a(libc_a-nano-vfprintf_i.o)
                0x08018600                _printf_common
                0x08018724                _printf_i
 .text          0x080189a8        0x8 /usr/lib/gcc/arm-none-eabi/13.2.1/../../../arm-none-eabi/lib/thumb/v7e-m+dp/hard/libc_nano.a(libc_a-mlock.o)
                0x080189a8                __malloc_lock
                0x080189ac                __malloc_unlock
 .text          0x080189b0       0x5c /usr/lib/gcc/arm-none-eabi/13.2.1/../../../arm-none-eabi/lib/thumb/v7e-m+dp/hard/libc_nano.a(libc_a-memcmp.o)
                0x080189b0                memcmp
 .text          0x08018a0c       0x24 /usr/lib/gcc/arm-none-eabi/13.2.1/../../../arm-none-eabi/lib/thumb/v7e-m+dp/hard/libc_nano.a(libc_a-strnlen.o)
                0x08018a0c                strnlen
 .text          0x08018a30       0x4c /usr/lib/gcc/arm-none-eabi/13.2.1/../../../arm-none-eabi/lib/thumb/v7e-m+dp/hard/libc_nano.a(libc_a-assert.o)
                0x08018a30                __assert_func
                0x08018a70                __assert
 .text          0x08018a7c      0xafc /usr/lib/gcc/arm-none-eabi/13.2.1/../../../arm-none-eabi/lib/thumb/v7e-m+dp/hard/libc_nano.a(libc_a-mprec.o)
                0x08018a7c                _Balloc
                0x08018afc                _Bfree
                0x08018b44                __multadd
                0x08018be0                __s2b
                0x08018c94                __hi0bits
                0x08018cd8                __lo0bits
                0x08018d38                __i2b
                0x08018d64                __multiply
                0x08018ed0                __pow5mult
                0x08018fb0                __lshift
                0x08019098                __mcmp
                0x080190dc                __mdiff
                0x08019254                __ulp
                0x080192b8                __b2d
                0x08019374                __d2b
                0x08019434                __ratio
                0x08019498                _mprec_log10
                0x080194c0                __copybits
                0x0801951c                __any_on
 .text          0x08019578       0x24 /usr/lib/gcc/arm-none-eabi/13.2.1/../../../arm-none-eabi/lib/thumb/v7e-m+dp/hard/libc_nano.a(libc_a-sbrkr.o)
                0x08019578                _sbrk_r
 .text          0x0801959c       0x94 /usr/lib/gcc/arm-none-eabi/13.2.1/../../../arm-none-eabi/lib/thumb/v7e-m+dp/hard/libc_nano.a(libc_a-stdio.o)
                0x0801959c                __sread
                0x080195c0                __seofread
                0x080195c4                __swrite
                0x08019604                __sseek
                0x08019628                __sclose
 .text          0x08019630       0x10 /usr/lib/gcc/arm-none-eabi/13.2.1/../../../arm-none-eabi/lib/thumb/v7e-m+dp/hard/libc_nano.a(libc_a-msizer.o)
                0x08019630                _malloc_usable_size_r
 .text          0x08019640       0x14 /usr/lib/gcc/arm-none-eabi/13.2.1/../../../arm-none-eabi/lib/thumb/v7e-m+dp/hard/libc_nano.a(libc_a-localeconv.o)
                0x08019640                __localeconv_l
                0x08019644                _localeconv_r
                0x0801964c                localeconv
 .text          0x08019654      0x438 /usr/lib/gcc/arm-none-eabi/13.2.1/../../../arm-none-eabi/lib/thumb/v7e-m+dp/hard/libc_nano.a(libc_a-nano-svfscanf.o)
                0x08019654                _sungetc_r
                0x080196d0                __ssrefill_r
                0x08019708                __ssvfscanf_r
                0x08019708                __ssvfiscanf_r
 .text          0x08019a8c      0x260 /usr/lib/gcc/arm-none-eabi/13.2.1/../../../arm-none-eabi/lib/thumb/v7e-m+dp/hard/libc_nano.a(libc_a-signal.o)
                0x08019a8c                _init_signal_r
                0x08019ab8                _signal_r
                0x08019b04                _raise_r
                0x08019b54                __sigtramp_r
                0x08019bb4                raise
                0x08019c08                signal
                0x08019c54                _init_signal
                0x08019c88                __sigtramp
 .text          0x08019cec      0x308 /usr/lib/gcc/arm-none-eabi/13.2.1/../../../arm-none-eabi/lib/thumb/v7e-m+dp/hard/libc_nano.a(libc_a-nano-vfscanf_i.o)
                0x08019cec                _scanf_chars
                0x08019dbc                _scanf_i
 .text          0x08019ff4      0x224 /usr/lib/gcc/arm-none-eabi/13.2.1/../../../arm-none-eabi/lib/thumb/v7e-m+dp/hard/libc_nano.a(libc_a-findfp.o)
                0x0801a124                __sfp
                0x0801a1c8                __sinit
                0x0801a1e8                __sfp_lock_acquire
                0x0801a1ec                __sfp_lock_release
                0x0801a1f0                __fp_lock_all
                0x0801a204                __fp_unlock_all
 .text          0x0801a218       0x24 /usr/lib/gcc/arm-none-eabi/13.2.1/../../../arm-none-eabi/lib/thumb/v7e-m+dp/hard/libc_nano.a(libc_a-closer.o)
                0x0801a218                _close_r
 .text          0x0801a23c      0x1a8 /usr/lib/gcc/arm-none-eabi/13.2.1/../../../arm-none-eabi/lib/thumb/v7e-m+dp/hard/libc_nano.a(libc_a-fflush.o)
                0x0801a23c                __sflush_r
                0x0801a360                _fflush_r
                0x0801a398                fflush
 .text          0x0801a3e4       0x28 /usr/lib/gcc/arm-none-eabi/13.2.1/../../../arm-none-eabi/lib/thumb/v7e-m+dp/hard/libc_nano.a(libc_a-callocr.o)
                0x0801a3e4                _calloc_r
 .text          0x0801a40c      0x16c /usr/lib/gcc/arm-none-eabi/13.2.1/../../../arm-none-eabi/lib/thumb/v7e-m+dp/hard/libc_nano.a(libc_a-strtol.o)
                0x0801a544                _strtol_r
                0x0801a548                strtol_l
                0x0801a560                strtol
 .text          0x0801a578       0x44 /usr/lib/gcc/arm-none-eabi/13.2.1/../../../arm-none-eabi/lib/thumb/v7e-m+dp/hard/libc_nano.a(libc_a-fwalk.o)
                0x0801a578                _fwalk_sglue
 .text          0x0801a5bc       0x30 /usr/lib/gcc/arm-none-eabi/13.2.1/../../../arm-none-eabi/lib/thumb/v7e-m+dp/hard/libc_nano.a(libc_a-wctomb_r.o)
                0x0801a5bc                _wctomb_r
                0x0801a5d0                __ascii_wctomb
 .text          0x0801a5ec       0x2c /usr/lib/gcc/arm-none-eabi/13.2.1/../../../arm-none-eabi/lib/thumb/v7e-m+dp/hard/libc_nano.a(libc_a-readr.o)
                0x0801a5ec                _read_r
 .text          0x0801a618       0x44 /usr/lib/gcc/arm-none-eabi/13.2.1/../../../arm-none-eabi/lib/thumb/v7e-m+dp/hard/libc_nano.a(libc_a-fprintf.o)
                0x0801a618                _fprintf_r
                0x0801a618                _fiprintf_r
                0x0801a634                fprintf
                0x0801a634                fiprintf
 .text          0x0801a65c       0xac /usr/lib/gcc/arm-none-eabi/13.2.1/../../../arm-none-eabi/lib/thumb/v7e-m+dp/hard/libc_nano.a(libc_a-__atexit.o)
                0x0801a65c                __register_exitproc
 .text          0x0801a708       0x98 /usr/lib/gcc/arm-none-eabi/13.2.1/../../../arm-none-eabi/lib/thumb/v7e-m+dp/hard/libc_nano.a(libc_a-sccl.o)
                0x0801a708                __sccl
 .text          0x0801a7a0       0x2c /usr/lib/gcc/arm-none-eabi/13.2.1/../../../arm-none-eabi/lib/thumb/v7e-m+dp/hard/libc_nano.a(libc_a-lseekr.o)
                0x0801a7a0                _lseek_r
 .text          0x0801a7cc      0x14c /usr/lib/gcc/arm-none-eabi/13.2.1/../../../arm-none-eabi/lib/thumb/v7e-m+dp/hard/libc_nano.a(libc_a-ungetc.o)
                0x0801a7cc                __submore
                0x0801a840                _ungetc_r
                0x0801a900                ungetc
 .text          0x0801a918       0x2c /usr/lib/gcc/arm-none-eabi/13.2.1/../../../arm-none-eabi/lib/thumb/v7e-m+dp/hard/libc_nano.a(libc_a-writer.o)
                0x0801a918                _write_r
 .text          0x0801a944      0x314 /usr/lib/gcc/arm-none-eabi/13.2.1/../../../arm-none-eabi/lib/thumb/v7e-m+dp/hard/libc_nano.a(libc_a-nano-vfprintf.o)
                0x0801a980                __sfputs_r
                0x0801a9b0                __sprint_r
                0x0801a9d0                _vfiprintf_r
                0x0801a9d0                _vfprintf_r
                0x0801ac3c                vfiprintf
                0x0801ac3c                vfprintf